Archive member included because of file (symbol)

/opt/altera/13.1/nios2eds/bin/gnu/H-i686-pc-linux-gnu/bin/../lib/gcc/nios2-elf/4.7.3/mno-hw-mul/libgcc.a(_mul_sf.o)
                              obj/default/hello_world.o (__mulsf3)
/opt/altera/13.1/nios2eds/bin/gnu/H-i686-pc-linux-gnu/bin/../lib/gcc/nios2-elf/4.7.3/mno-hw-mul/libgcc.a(_div_sf.o)
                              obj/default/hello_world.o (__divsf3)
/opt/altera/13.1/nios2eds/bin/gnu/H-i686-pc-linux-gnu/bin/../lib/gcc/nios2-elf/4.7.3/mno-hw-mul/libgcc.a(_si_to_sf.o)
                              obj/default/hello_world.o (__floatsisf)
/opt/altera/13.1/nios2eds/bin/gnu/H-i686-pc-linux-gnu/bin/../lib/gcc/nios2-elf/4.7.3/mno-hw-mul/libgcc.a(_thenan_sf.o)
                              /opt/altera/13.1/nios2eds/bin/gnu/H-i686-pc-linux-gnu/bin/../lib/gcc/nios2-elf/4.7.3/mno-hw-mul/libgcc.a(_mul_sf.o) (__thenan_sf)
/opt/altera/13.1/nios2eds/bin/gnu/H-i686-pc-linux-gnu/bin/../lib/gcc/nios2-elf/4.7.3/mno-hw-mul/libgcc.a(_addsub_df.o)
                              obj/default/Paninteg.o (__adddf3)
/opt/altera/13.1/nios2eds/bin/gnu/H-i686-pc-linux-gnu/bin/../lib/gcc/nios2-elf/4.7.3/mno-hw-mul/libgcc.a(_mul_df.o)
                              obj/default/Panmodel.o (__muldf3)
/opt/altera/13.1/nios2eds/bin/gnu/H-i686-pc-linux-gnu/bin/../lib/gcc/nios2-elf/4.7.3/mno-hw-mul/libgcc.a(_div_df.o)
                              obj/default/Panmodel.o (__divdf3)
/opt/altera/13.1/nios2eds/bin/gnu/H-i686-pc-linux-gnu/bin/../lib/gcc/nios2-elf/4.7.3/mno-hw-mul/libgcc.a(_gt_df.o)
                              obj/default/Panmodel.o (__gtdf2)
/opt/altera/13.1/nios2eds/bin/gnu/H-i686-pc-linux-gnu/bin/../lib/gcc/nios2-elf/4.7.3/mno-hw-mul/libgcc.a(_ge_df.o)
                              obj/default/hello_world.o (__gedf2)
/opt/altera/13.1/nios2eds/bin/gnu/H-i686-pc-linux-gnu/bin/../lib/gcc/nios2-elf/4.7.3/mno-hw-mul/libgcc.a(_lt_df.o)
                              obj/default/Panmodel.o (__ltdf2)
/opt/altera/13.1/nios2eds/bin/gnu/H-i686-pc-linux-gnu/bin/../lib/gcc/nios2-elf/4.7.3/mno-hw-mul/libgcc.a(_si_to_df.o)
                              obj/default/hello_world.o (__floatsidf)
/opt/altera/13.1/nios2eds/bin/gnu/H-i686-pc-linux-gnu/bin/../lib/gcc/nios2-elf/4.7.3/mno-hw-mul/libgcc.a(_df_to_si.o)
                              obj/default/hello_world.o (__fixdfsi)
/opt/altera/13.1/nios2eds/bin/gnu/H-i686-pc-linux-gnu/bin/../lib/gcc/nios2-elf/4.7.3/mno-hw-mul/libgcc.a(_thenan_df.o)
                              /opt/altera/13.1/nios2eds/bin/gnu/H-i686-pc-linux-gnu/bin/../lib/gcc/nios2-elf/4.7.3/mno-hw-mul/libgcc.a(_addsub_df.o) (__thenan_df)
/opt/altera/13.1/nios2eds/bin/gnu/H-i686-pc-linux-gnu/bin/../lib/gcc/nios2-elf/4.7.3/mno-hw-mul/libgcc.a(_muldi3.o)
                              /opt/altera/13.1/nios2eds/bin/gnu/H-i686-pc-linux-gnu/bin/../lib/gcc/nios2-elf/4.7.3/mno-hw-mul/libgcc.a(_mul_sf.o) (__muldi3)
/opt/altera/13.1/nios2eds/bin/gnu/H-i686-pc-linux-gnu/bin/../lib/gcc/nios2-elf/4.7.3/mno-hw-mul/libgcc.a(_clzsi2.o)
                              /opt/altera/13.1/nios2eds/bin/gnu/H-i686-pc-linux-gnu/bin/../lib/gcc/nios2-elf/4.7.3/mno-hw-mul/libgcc.a(_si_to_sf.o) (__clzsi2)
/opt/altera/13.1/nios2eds/bin/gnu/H-i686-pc-linux-gnu/bin/../lib/gcc/nios2-elf/4.7.3/mno-hw-mul/libgcc.a(_pack_sf.o)
                              /opt/altera/13.1/nios2eds/bin/gnu/H-i686-pc-linux-gnu/bin/../lib/gcc/nios2-elf/4.7.3/mno-hw-mul/libgcc.a(_mul_sf.o) (__pack_f)
/opt/altera/13.1/nios2eds/bin/gnu/H-i686-pc-linux-gnu/bin/../lib/gcc/nios2-elf/4.7.3/mno-hw-mul/libgcc.a(_unpack_sf.o)
                              /opt/altera/13.1/nios2eds/bin/gnu/H-i686-pc-linux-gnu/bin/../lib/gcc/nios2-elf/4.7.3/mno-hw-mul/libgcc.a(_mul_sf.o) (__unpack_f)
/opt/altera/13.1/nios2eds/bin/gnu/H-i686-pc-linux-gnu/bin/../lib/gcc/nios2-elf/4.7.3/mno-hw-mul/libgcc.a(_pack_df.o)
                              /opt/altera/13.1/nios2eds/bin/gnu/H-i686-pc-linux-gnu/bin/../lib/gcc/nios2-elf/4.7.3/mno-hw-mul/libgcc.a(_addsub_df.o) (__pack_d)
/opt/altera/13.1/nios2eds/bin/gnu/H-i686-pc-linux-gnu/bin/../lib/gcc/nios2-elf/4.7.3/mno-hw-mul/libgcc.a(_unpack_df.o)
                              /opt/altera/13.1/nios2eds/bin/gnu/H-i686-pc-linux-gnu/bin/../lib/gcc/nios2-elf/4.7.3/mno-hw-mul/libgcc.a(_addsub_df.o) (__unpack_d)
/opt/altera/13.1/nios2eds/bin/gnu/H-i686-pc-linux-gnu/bin/../lib/gcc/nios2-elf/4.7.3/mno-hw-mul/libgcc.a(_fpcmp_parts_df.o)
                              /opt/altera/13.1/nios2eds/bin/gnu/H-i686-pc-linux-gnu/bin/../lib/gcc/nios2-elf/4.7.3/mno-hw-mul/libgcc.a(_gt_df.o) (__fpcmp_parts_d)
/opt/altera/13.1/nios2eds/bin/gnu/H-i686-pc-linux-gnu/bin/../lib/gcc/nios2-elf/4.7.3/mno-hw-mul/libgcc.a(lib2-mul.o)
                              /opt/altera/13.1/nios2eds/bin/gnu/H-i686-pc-linux-gnu/bin/../lib/gcc/nios2-elf/4.7.3/mno-hw-mul/libgcc.a(_muldi3.o) (__mulsi3)
/opt/altera/13.1/nios2eds/bin/gnu/H-i686-pc-linux-gnu/bin/../lib/gcc/nios2-elf/4.7.3/mno-hw-mul/libgcc.a(_lshrdi3.o)
[...]
Memory Configuration

Name             Origin             Length             Attributes
reset            0x00008000         0x00000020
onchip_mem       0x00008020         0x00004fe0
*default*        0x00000000         0xffffffff

Linker script and memory map

LOAD /home/esl1-5/Desktop/ESL201000168/Assignment_11/assignment_11_bsp//obj/HAL/src/crt0.o
LOAD obj/default/Paninteg.o
LOAD obj/default/Panmodel.o
LOAD obj/default/Pansubmod.o
LOAD obj/default/Tiltinteg.o
LOAD obj/default/Tiltmodel.o
LOAD obj/default/Tiltsubmod.o
LOAD obj/default/hello_world.o
LOAD obj/default/xxfuncs.o
LOAD obj/default/xxinverse.o
LOAD obj/default/xxmatrix.o
LOAD /opt/altera/13.1/nios2eds/bin/gnu/H-i686-pc-linux-gnu/bin/../lib/gcc/nios2-elf/4.7.3/../../../../../H-i686-pc-linux-gnu/nios2-elf/lib/mno-hw-mul/libstdc++.a
LOAD /opt/altera/13.1/nios2eds/bin/gnu/H-i686-pc-linux-gnu/bin/../lib/gcc/nios2-elf/4.7.3/../../../../../H-i686-pc-linux-gnu/nios2-elf/lib/mno-hw-mul/libm.a
LOAD /opt/altera/13.1/nios2eds/bin/gnu/H-i686-pc-linux-gnu/bin/../lib/gcc/nios2-elf/4.7.3/mno-hw-mul/libgcc.a
START GROUP
LOAD /opt/altera/13.1/nios2eds/bin/gnu/H-i686-pc-linux-gnu/bin/../lib/gcc/nios2-elf/4.7.3/../../../../../H-i686-pc-linux-gnu/nios2-elf/lib/mno-hw-mul/libsmallc.a
LOAD /opt/altera/13.1/nios2eds/bin/gnu/H-i686-pc-linux-gnu/bin/../lib/gcc/nios2-elf/4.7.3/mno-hw-mul/libgcc.a
LOAD /home/esl1-5/Desktop/ESL201000168/Assignment_11/assignment_11_bsp//libhal_bsp.a
END GROUP
LOAD /opt/altera/13.1/nios2eds/bin/gnu/H-i686-pc-linux-gnu/bin/../lib/gcc/nios2-elf/4.7.3/mno-hw-mul/libgcc.a
                0x00008000                __alt_mem_onchip_mem = 0x8000

.entry          0x00008000       0x20
 *(.entry)
 .entry         0x00008000       0x20 /home/esl1-5/Desktop/ESL201000168/Assignment_11/assignment_11_bsp//obj/HAL/src/crt0.o
                0x00008000                __reset

.exceptions     0x00008020      0x198
                0x00008020                PROVIDE (__ram_exceptions_start, ABSOLUTE (.))
                0x00008020                . = ALIGN (0x20)
 *(.irq)
 *(.exceptions.entry.label)
 .exceptions.entry.label
                0x00008020        0x0 /home/esl1-5/Desktop/ESL201000168/Assignment_11/assignment_11_bsp//libhal_bsp.a(alt_irq_entry.o)
                0x00008020                alt_irq_entry
 .exceptions.entry.label
                0x00008020        0x0 /home/esl1-5/Desktop/ESL201000168/Assignment_11/assignment_11_bsp//libhal_bsp.a(alt_exception_entry.o)
                0x00008020                alt_exception
 *(.exceptions.entry.user)
 *(.exceptions.entry.ecc_fatal)
 *(.exceptions.entry)
 .exceptions.entry
                0x00008020       0x54 /home/esl1-5/Desktop/ESL201000168/Assignment_11/assignment_11_bsp//libhal_bsp.a(alt_exception_entry.o)
 *(.exceptions.irqtest.user)
 *(.exceptions.irqtest)
 .exceptions.irqtest
                0x00008074       0x10 /home/esl1-5/Desktop/ESL201000168/Assignment_11/assignment_11_bsp//libhal_bsp.a(alt_irq_entry.o)
 *(.exceptions.irqhandler.user)
 *(.exceptions.irqhandler)
 .exceptions.irqhandler
                0x00008084        0x4 /home/esl1-5/Desktop/ESL201000168/Assignment_11/assignment_11_bsp//libhal_bsp.a(alt_irq_entry.o)
 *(.exceptions.irqreturn.user)
 *(.exceptions.irqreturn)
 .exceptions.irqreturn
                0x00008088        0x4 /home/esl1-5/Desktop/ESL201000168/Assignment_11/assignment_11_bsp//libhal_bsp.a(alt_irq_entry.o)
 *(.exceptions.notirq.label)
 .exceptions.notirq.label
                0x0000808c        0x0 /home/esl1-5/Desktop/ESL201000168/Assignment_11/assignment_11_bsp//libhal_bsp.a(alt_irq_entry.o)
 *(.exceptions.notirq.user)
 *(.exceptions.notirq)
 .exceptions.notirq
                0x0000808c        0x8 /home/esl1-5/Desktop/ESL201000168/Assignment_11/assignment_11_bsp//libhal_bsp.a(alt_exception_entry.o)
 *(.exceptions.soft.user)
 *(.exceptions.soft)
 *(.exceptions.unknown.user)
 *(.exceptions.unknown)
 .exceptions.unknown
                0x00008094        0x4 /home/esl1-5/Desktop/ESL201000168/Assignment_11/assignment_11_bsp//libhal_bsp.a(alt_exception_entry.o)
 *(.exceptions.exit.label)
 .exceptions.exit.label
                0x00008098        0x0 /home/esl1-5/Desktop/ESL201000168/Assignment_11/assignment_11_bsp//libhal_bsp.a(alt_irq_entry.o)
 .exceptions.exit.label
                0x00008098        0x0 /home/esl1-5/Desktop/ESL201000168/Assignment_11/assignment_11_bsp//libhal_bsp.a(alt_exception_entry.o)
 *(.exceptions.exit.user)
 *(.exceptions.exit)
 .exceptions.exit
                0x00008098       0x54 /home/esl1-5/Desktop/ESL201000168/Assignment_11/assignment_11_bsp//libhal_bsp.a(alt_exception_entry.o)
 *(.exceptions)
 .exceptions    0x000080ec       0xcc /home/esl1-5/Desktop/ESL201000168/Assignment_11/assignment_11_bsp//libhal_bsp.a(alt_irq_handler.o)
                0x000080ec                alt_irq_handler
                0x000081b8                PROVIDE (__ram_exceptions_end, ABSOLUTE (.))
                0x00008020                PROVIDE (__flash_exceptions_start, LOADADDR (.exceptions))

.text           0x000081b8     0x5c4c
                0x000081b8                PROVIDE (stext, ABSOLUTE (.))
 *(.interp)
 *(.hash)
 *(.dynsym)
 *(.dynstr)
 *(.gnu.version)
 *(.gnu.version_d)
 *(.gnu.version_r)
 *(.rel.init)
 *(.rela.init)
 *(.rel.text .rel.text.* .rel.gnu.linkonce.t.*)
 *(.rela.text .rela.text.* .rela.gnu.linkonce.t.*)
 *(.rel.fini)
 *(.rela.fini)
 *(.rel.rodata .rel.rodata.* .rel.gnu.linkonce.r.*)
 *(.rela.rodata .rela.rodata.* .rela.gnu.linkonce.r.*)
 *(.rel.data .rel.data.* .rel.gnu.linkonce.d.*)
 *(.rela.data .rela.data.* .rela.gnu.linkonce.d.*)
 *(.rel.tdata .rel.tdata.* .rel.gnu.linkonce.td.*)
 *(.rela.tdata .rela.tdata.* .rela.gnu.linkonce.td.*)
 *(.rel.tbss .rel.tbss.* .rel.gnu.linkonce.tb.*)
 *(.rela.tbss .rela.tbss.* .rela.gnu.linkonce.tb.*)
 *(.rel.ctors)
 *(.rela.ctors)
 *(.rel.dtors)
 *(.rela.dtors)
 *(.rel.got)
 *(.rela.got)
 *(.rel.sdata .rel.sdata.* .rel.gnu.linkonce.s.*)
 *(.rela.sdata .rela.sdata.* .rela.gnu.linkonce.s.*)
 *(.rel.sbss .rel.sbss.* .rel.gnu.linkonce.sb.*)
 *(.rela.sbss .rela.sbss.* .rela.gnu.linkonce.sb.*)
 *(.rel.sdata2 .rel.sdata2.* .rel.gnu.linkonce.s2.*)
 *(.rela.sdata2 .rela.sdata2.* .rela.gnu.linkonce.s2.*)
 *(.rel.sbss2 .rel.sbss2.* .rel.gnu.linkonce.sb2.*)
 *(.rela.sbss2 .rela.sbss2.* .rela.gnu.linkonce.sb2.*)
 *(.rel.bss .rel.bss.* .rel.gnu.linkonce.b.*)
 *(.rela.bss .rela.bss.* .rela.gnu.linkonce.b.*)
 *(.rel.plt)
 *(.rela.plt)
 *(.rel.dyn)
 *(.init)
 *(.plt)
 *(.text .stub .text.* .gnu.linkonce.t.*)
 .text          0x000081b8       0x3c /home/esl1-5/Desktop/ESL201000168/Assignment_11/assignment_11_bsp//obj/HAL/src/crt0.o
                0x000081b8                _start
 .text          0x000081f4      0x12c obj/default/Paninteg.o
                0x000081f4                PanDiscreteInitialize
                0x00008220                PanDiscreteTerminate
                0x0000823c                PanDiscreteStep
 .text          0x00008320      0x8e8 obj/default/Panmodel.o
                0x00008320                PanModelInitialize_parameters
                0x00008400                PanModelInitialize_initialvalues
                0x0000844c                PanModelInitialize_states
                0x000084c8                PanModelInitialize_variables
                0x00008500                PanModelInitialize
                0x00008534                PanCalculateInitial
                0x00008550                PanCalculateStatic
                0x0000856c                PanCalculateInput
                0x00008588                PanCalculateDynamic
                0x00008b74                PanCalculateOutput
                0x00008bd0                PanCalculateFinal
                0x00008bec                PanModelTerminate
 .text          0x00008c08      0x224 obj/default/Pansubmod.o
                0x00008c08                PanCopyInputsToVariables
                0x00008c60                PanCopyVariablesToOutputs
                0x00008cbc                PanInitializeSubmodel
                0x00008d5c                PanCalculateSubmodel
                0x00008dc4                PanTerminateSubmodel
 .text          0x00008e2c      0x12c obj/default/Tiltinteg.o
                0x00008e2c                TiltDiscreteInitialize
                0x00008e58                TiltDiscreteTerminate
                0x00008e74                TiltDiscreteStep
 .text          0x00008f58      0x93c obj/default/Tiltmodel.o
                0x00008f58                TiltModelInitialize_parameters
                0x00009038                TiltModelInitialize_initialvalues
                0x00009084                TiltModelInitialize_states
                0x00009100                TiltModelInitialize_variables
                0x00009138                TiltModelInitialize
                0x0000916c                TiltCalculateInitial
                0x00009188                TiltCalculateStatic
                0x000091a4                TiltCalculateInput
                0x000091c0                TiltCalculateDynamic
                0x00009820                TiltCalculateOutput
                0x0000985c                TiltCalculateFinal
                0x00009878                TiltModelTerminate
 .text          0x00009894      0x220 obj/default/Tiltsubmod.o
                0x00009894                TiltCopyInputsToVariables
                0x00009908                TiltCopyVariablesToOutputs
                0x00009944                TiltInitializeSubmodel
                0x000099e4                TiltCalculateSubmodel
                0x00009a4c                TiltTerminateSubmodel
 .text          0x00009ab4      0x454 obj/default/hello_world.o
                0x00009ab4                convertToPwm
                0x00009b3c                convertPanToRadian
                0x00009bf8                convertTiltToRadian
                0x00009cb4                main
 .text          0x00009f08       0x78 obj/default/xxfuncs.o
                0x00009f08                XXString2Double
                0x00009f48                XXDouble2String
 .text          0x00009f80        0x0 obj/default/xxinverse.o
 .text          0x00009f80        0x0 obj/default/xxmatrix.o
 .text          0x00009f80      0x190 /opt/altera/13.1/nios2eds/bin/gnu/H-i686-pc-linux-gnu/bin/../lib/gcc/nios2-elf/4.7.3/mno-hw-mul/libgcc.a(_mul_sf.o)
                0x00009f80                __mulsf3
 .text          0x0000a110      0x13c /opt/altera/13.1/nios2eds/bin/gnu/H-i686-pc-linux-gnu/bin/../lib/gcc/nios2-elf/4.7.3/mno-hw-mul/libgcc.a(_div_sf.o)
                0x0000a110                __divsf3
 .text          0x0000a24c       0xa4 /opt/altera/13.1/nios2eds/bin/gnu/H-i686-pc-linux-gnu/bin/../lib/gcc/nios2-elf/4.7.3/mno-hw-mul/libgcc.a(_si_to_sf.o)
                0x0000a24c                __floatsisf
 .text          0x0000a2f0        0x0 /opt/altera/13.1/nios2eds/bin/gnu/H-i686-pc-linux-gnu/bin/../lib/gcc/nios2-elf/4.7.3/mno-hw-mul/libgcc.a(_thenan_sf.o)
 .text          0x0000a2f0      0x408 /opt/altera/13.1/nios2eds/bin/gnu/H-i686-pc-linux-gnu/bin/../lib/gcc/nios2-elf/4.7.3/mno-hw-mul/libgcc.a(_addsub_df.o)
                0x0000a644                __adddf3
                0x0000a698                __subdf3
 .text          0x0000a6f8      0x2e4 /opt/altera/13.1/nios2eds/bin/gnu/H-i686-pc-linux-gnu/bin/../lib/gcc/nios2-elf/4.7.3/mno-hw-mul/libgcc.a(_mul_df.o)
                0x0000a6f8                __muldf3
 .text          0x0000a9dc      0x1b4 /opt/altera/13.1/nios2eds/bin/gnu/H-i686-pc-linux-gnu/bin/../lib/gcc/nios2-elf/4.7.3/mno-hw-mul/libgcc.a(_div_df.o)
                0x0000a9dc                __divdf3
 .text          0x0000ab90       0x64 /opt/altera/13.1/nios2eds/bin/gnu/H-i686-pc-linux-gnu/bin/../lib/gcc/nios2-elf/4.7.3/mno-hw-mul/libgcc.a(_gt_df.o)
                0x0000ab90                __gtdf2
 .text          0x0000abf4       0x64 /opt/altera/13.1/nios2eds/bin/gnu/H-i686-pc-linux-gnu/bin/../lib/gcc/nios2-elf/4.7.3/mno-hw-mul/libgcc.a(_ge_df.o)
                0x0000abf4                __gedf2
 .text          0x0000ac58       0x5c /opt/altera/13.1/nios2eds/bin/gnu/H-i686-pc-linux-gnu/bin/../lib/gcc/nios2-elf/4.7.3/mno-hw-mul/libgcc.a(_lt_df.o)
                0x0000ac58                __ltdf2
 .text          0x0000acb4       0xd4 /opt/altera/13.1/nios2eds/bin/gnu/H-i686-pc-linux-gnu/bin/../lib/gcc/nios2-elf/4.7.3/mno-hw-mul/libgcc.a(_si_to_df.o)
                0x0000acb4                __floatsidf
 .text          0x0000ad88       0xd4 /opt/altera/13.1/nios2eds/bin/gnu/H-i686-pc-linux-gnu/bin/../lib/gcc/nios2-elf/4.7.3/mno-hw-mul/libgcc.a(_df_to_si.o)
                0x0000ad88                __fixdfsi
 .text          0x0000ae5c        0x0 /opt/altera/13.1/nios2eds/bin/gnu/H-i686-pc-linux-gnu/bin/../lib/gcc/nios2-elf/4.7.3/mno-hw-mul/libgcc.a(_thenan_df.o)
 .text          0x0000ae5c      0x110 /opt/altera/13.1/nios2eds/bin/gnu/H-i686-pc-linux-gnu/bin/../lib/gcc/nios2-elf/4.7.3/mno-hw-mul/libgcc.a(_muldi3.o)
                0x0000ae5c                __muldi3
 .text          0x0000af6c       0xac /opt/altera/13.1/nios2eds/bin/gnu/H-i686-pc-linux-gnu/bin/../lib/gcc/nios2-elf/4.7.3/mno-hw-mul/libgcc.a(_clzsi2.o)
                0x0000af6c                __clzsi2
 .text          0x0000b018      0x12c /opt/altera/13.1/nios2eds/bin/gnu/H-i686-pc-linux-gnu/bin/../lib/gcc/nios2-elf/4.7.3/mno-hw-mul/libgcc.a(_pack_sf.o)
                0x0000b018                __pack_f
 .text          0x0000b144       0xc8 /opt/altera/13.1/nios2eds/bin/gnu/H-i686-pc-linux-gnu/bin/../lib/gcc/nios2-elf/4.7.3/mno-hw-mul/libgcc.a(_unpack_sf.o)
                0x0000b144                __unpack_f
 .text          0x0000b20c      0x224 /opt/altera/13.1/nios2eds/bin/gnu/H-i686-pc-linux-gnu/bin/../lib/gcc/nios2-elf/4.7.3/mno-hw-mul/libgcc.a(_pack_df.o)
                0x0000b20c                __pack_d
 .text          0x0000b430      0x104 /opt/altera/13.1/nios2eds/bin/gnu/H-i686-pc-linux-gnu/bin/../lib/gcc/nios2-elf/4.7.3/mno-hw-mul/libgcc.a(_unpack_df.o)
                0x0000b430                __unpack_d
 .text          0x0000b534       0xd0 /opt/altera/13.1/nios2eds/bin/gnu/H-i686-pc-linux-gnu/bin/../lib/gcc/nios2-elf/4.7.3/mno-hw-mul/libgcc.a(_fpcmp_parts_df.o)
                0x0000b534                __fpcmp_parts_d
 .text          0x0000b604       0x28 /opt/altera/13.1/nios2eds/bin/gnu/H-i686-pc-linux-gnu/bin/../lib/gcc/nios2-elf/4.7.3/mno-hw-mul/libgcc.a(lib2-mul.o)
                0x0000b604                __mulsi3
 .text          0x0000b62c       0x44 /opt/altera/13.1/nios2eds/bin/gnu/H-i686-pc-linux-gnu/bin/../lib/gcc/nios2-elf/4.7.3/mno-hw-mul/libgcc.a(_lshrdi3.o)
                0x0000b62c                __lshrdi3
 .text          0x0000b670       0x44 /opt/altera/13.1/nios2eds/bin/gnu/H-i686-pc-linux-gnu/bin/../lib/gcc/nios2-elf/4.7.3/mno-hw-mul/libgcc.a(_ashldi3.o)
                0x0000b670                __ashldi3
 .text          0x0000b6b4        0x0 /opt/altera/13.1/nios2eds/bin/gnu/H-i686-pc-linux-gnu/bin/../lib/gcc/nios2-elf/4.7.3/mno-hw-mul/libgcc.a(_clz.o)
 .text          0x0000b6b4       0x20 /opt/altera/13.1/nios2eds/bin/gnu/H-i686-pc-linux-gnu/bin/../lib/gcc/nios2-elf/4.7.3/../../../../../H-i686-pc-linux-gnu/nios2-elf/lib/mno-hw-mul/libsmallc.a(lib_a-memset.o)
                0x0000b6b4                memset
 .text          0x0000b6d4       0x88 /opt/altera/13.1/nios2eds/bin/gnu/H-i686-pc-linux-gnu/bin/../lib/gcc/nios2-elf/4.7.3/../../../../../H-i686-pc-linux-gnu/nios2-elf/lib/mno-hw-mul/libsmallc.a(lib_a-printf.o)
                0x0000b6d4                _printf_r
                0x0000b710                printf
 .text          0x0000b75c       0x94 /opt/altera/13.1/nios2eds/bin/gnu/H-i686-pc-linux-gnu/bin/../lib/gcc/nios2-elf/4.7.3/../../../../../H-i686-pc-linux-gnu/nios2-elf/lib/mno-hw-mul/libsmallc.a(lib_a-puts.o)
                0x0000b75c                _puts_r
                0x0000b7dc                puts
 .text          0x0000b7f0       0x28 /opt/altera/13.1/nios2eds/bin/gnu/H-i686-pc-linux-gnu/bin/../lib/gcc/nios2-elf/4.7.3/../../../../../H-i686-pc-linux-gnu/nios2-elf/lib/mno-hw-mul/libsmallc.a(lib_a-strlen.o)
                0x0000b7f0                strlen
 .text          0x0000b818      0x758 /opt/altera/13.1/nios2eds/bin/gnu/H-i686-pc-linux-gnu/bin/../lib/gcc/nios2-elf/4.7.3/../../../../../H-i686-pc-linux-gnu/nios2-elf/lib/mno-hw-mul/libsmallc.a(lib_a-vfprintf.o)
                0x0000b818                ___vfprintf_internal_r
                0x0000bf4c                __vfprintf_internal
 .text          0x0000bf70       0xe0 /opt/altera/13.1/nios2eds/bin/gnu/H-i686-pc-linux-gnu/bin/../lib/gcc/nios2-elf/4.7.3/../../../../../H-i686-pc-linux-gnu/nios2-elf/lib/mno-hw-mul/libsmallc.a(lib_a-fvwrite_small_dev.o)
                0x0000bf70                __sfvwrite_small_dev
 .text          0x0000c050        0x0 /opt/altera/13.1/nios2eds/bin/gnu/H-i686-pc-linux-gnu/bin/../lib/gcc/nios2-elf/4.7.3/../../../../../H-i686-pc-linux-gnu/nios2-elf/lib/mno-hw-mul/libsmallc.a(lib_a-impure.o)
 .text          0x0000c050       0x6c /opt/altera/13.1/nios2eds/bin/gnu/H-i686-pc-linux-gnu/bin/../lib/gcc/nios2-elf/4.7.3/../../../../../H-i686-pc-linux-gnu/nios2-elf/lib/mno-hw-mul/libsmallc.a(lib_a-writer.o)
                0x0000c050                _write_r
 .text          0x0000c0bc        0x0 /opt/altera/13.1/nios2eds/bin/gnu/H-i686-pc-linux-gnu/bin/../lib/gcc/nios2-elf/4.7.3/../../../../../H-i686-pc-linux-gnu/nios2-elf/lib/mno-hw-mul/libsmallc.a(lib_a-int_errno.o)
 .text          0x0000c0bc      0x130 /opt/altera/13.1/nios2eds/bin/gnu/H-i686-pc-linux-gnu/bin/../lib/gcc/nios2-elf/4.7.3/mno-hw-mul/libgcc.a(lib2-divmod.o)
                0x0000c130                __divsi3
                0x0000c180                __modsi3
                0x0000c1dc                __udivsi3
                0x0000c1e4                __umodsi3
 .text          0x0000c1ec       0xec /home/esl1-5/Desktop/ESL201000168/Assignment_11/assignment_11_bsp//libhal_bsp.a(alt_load.o)
                0x0000c258                alt_load
 .text          0x0000c2d8       0x68 /home/esl1-5/Desktop/ESL201000168/Assignment_11/assignment_11_bsp//libhal_bsp.a(alt_main.o)
                0x0000c2d8                alt_main
 .text          0x0000c340       0x30 /home/esl1-5/Desktop/ESL201000168/Assignment_11/assignment_11_bsp//libhal_bsp.a(alt_usleep.o)
                0x0000c340                usleep
 .text          0x0000c370      0x140 /home/esl1-5/Desktop/ESL201000168/Assignment_11/assignment_11_bsp//libhal_bsp.a(alt_write.o)
                0x0000c3c0                write
 .text          0x0000c4b0       0xc4 /home/esl1-5/Desktop/ESL201000168/Assignment_11/assignment_11_bsp//libhal_bsp.a(alt_sys_init.o)
                0x0000c4e8                alt_irq_init
                0x0000c51c                alt_sys_init
 .text          0x0000c574       0xc0 /home/esl1-5/Desktop/ESL201000168/Assignment_11/assignment_11_bsp//libhal_bsp.a(altera_avalon_jtag_uart_fd.o)
                0x0000c574                altera_avalon_jtag_uart_read_fd
                0x0000c5d4                altera_avalon_jtag_uart_write_fd
 .text          0x0000c634       0xf4 /home/esl1-5/Desktop/ESL201000168/Assignment_11/assignment_11_bsp//libhal_bsp.a(altera_avalon_jtag_uart_read.o)
                0x0000c634                altera_avalon_jtag_uart_read
 .text          0x0000c728       0x98 /home/esl1-5/Desktop/ESL201000168/Assignment_11/assignment_11_bsp//libhal_bsp.a(altera_avalon_jtag_uart_write.o)
                0x0000c728                altera_avalon_jtag_uart_write
 .text          0x0000c7c0       0xfc /home/esl1-5/Desktop/ESL201000168/Assignment_11/assignment_11_bsp//libhal_bsp.a(altera_avalon_timer_sc.o)
                0x0000c834                alt_avalon_timer_sc_init
 .text          0x0000c8bc       0xc0 /home/esl1-5/Desktop/ESL201000168/Assignment_11/assignment_11_bsp//libhal_bsp.a(altera_avalon_uart_fd.o)
                0x0000c8bc                altera_avalon_uart_read_fd
                0x0000c91c                altera_avalon_uart_write_fd
 .text          0x0000c97c      0x110 /home/esl1-5/Desktop/ESL201000168/Assignment_11/assignment_11_bsp//libhal_bsp.a(altera_avalon_uart_read.o)
                0x0000c9cc                altera_avalon_uart_read
 .text          0x0000ca8c      0x12c /home/esl1-5/Desktop/ESL201000168/Assignment_11/assignment_11_bsp//libhal_bsp.a(altera_avalon_uart_write.o)
                0x0000cadc                altera_avalon_uart_write
 .text          0x0000cbb8      0x154 /home/esl1-5/Desktop/ESL201000168/Assignment_11/assignment_11_bsp//libhal_bsp.a(alt_busy_sleep.o)
                0x0000cbb8                alt_busy_sleep
 .text          0x0000cd0c      0x11c /home/esl1-5/Desktop/ESL201000168/Assignment_11/assignment_11_bsp//libhal_bsp.a(alt_close.o)
                0x0000cd5c                close
 .text          0x0000ce28       0x1c /home/esl1-5/Desktop/ESL201000168/Assignment_11/assignment_11_bsp//libhal_bsp.a(alt_dcache_flush_all.o)
                0x0000ce28                alt_dcache_flush_all
 .text          0x0000ce44       0x2c /home/esl1-5/Desktop/ESL201000168/Assignment_11/assignment_11_bsp//libhal_bsp.a(alt_dev.o)
 .text          0x0000ce70       0xf0 /home/esl1-5/Desktop/ESL201000168/Assignment_11/assignment_11_bsp//libhal_bsp.a(alt_dev_llist_insert.o)
                0x0000cec0                alt_dev_llist_insert
 .text          0x0000cf60        0x0 /home/esl1-5/Desktop/ESL201000168/Assignment_11/assignment_11_bsp//libhal_bsp.a(alt_errno.o)
 .text          0x0000cf60       0x30 /home/esl1-5/Desktop/ESL201000168/Assignment_11/assignment_11_bsp//libhal_bsp.a(alt_icache_flush_all.o)
                0x0000cf60                alt_icache_flush_all
 .text          0x0000cf90      0x1d8 /home/esl1-5/Desktop/ESL201000168/Assignment_11/assignment_11_bsp//libhal_bsp.a(alt_iic.o)
                0x0000cf90                alt_ic_isr_register
                0x0000cfe0                alt_ic_irq_enable
                0x0000d07c                alt_ic_irq_disable
                0x0000d11c                alt_ic_irq_enabled
 .text          0x0000d168       0xf0 /home/esl1-5/Desktop/ESL201000168/Assignment_11/assignment_11_bsp//libhal_bsp.a(alt_iic_isr_register.o)
                0x0000d168                alt_iic_isr_register
 .text          0x0000d258      0x158 /home/esl1-5/Desktop/ESL201000168/Assignment_11/assignment_11_bsp//libhal_bsp.a(alt_io_redirect.o)
                0x0000d338                alt_io_redirect
 .text          0x0000d3b0        0x0 /home/esl1-5/Desktop/ESL201000168/Assignment_11/assignment_11_bsp//libhal_bsp.a(alt_irq_entry.o)
 .text          0x0000d3b0        0x0 /home/esl1-5/Desktop/ESL201000168/Assignment_11/assignment_11_bsp//libhal_bsp.a(alt_irq_handler.o)
 .text          0x0000d3b0        0x0 /home/esl1-5/Desktop/ESL201000168/Assignment_11/assignment_11_bsp//libhal_bsp.a(alt_irq_vars.o)
 .text          0x0000d3b0      0x298 /home/esl1-5/Desktop/ESL201000168/Assignment_11/assignment_11_bsp//libhal_bsp.a(alt_open.o)
                0x0000d4f0                open
 .text          0x0000d648       0x80 /home/esl1-5/Desktop/ESL201000168/Assignment_11/assignment_11_bsp//libhal_bsp.a(alt_release_fd.o)
                0x0000d648                alt_release_fd
 .text          0x0000d6c8      0x19c /home/esl1-5/Desktop/ESL201000168/Assignment_11/assignment_11_bsp//libhal_bsp.a(alt_tick.o)
                0x0000d6c8                alt_alarm_stop
                0x0000d760                alt_tick
 .text          0x0000d864       0x20 /home/esl1-5/Desktop/ESL201000168/Assignment_11/assignment_11_bsp//libhal_bsp.a(altera_nios2_qsys_irq.o)
                0x0000d864                altera_nios2_qsys_irq_init
 .text          0x0000d884        0x0 /home/esl1-5/Desktop/ESL201000168/Assignment_11/assignment_11_bsp//libhal_bsp.a(alt_exception_entry.o)
 .text          0x0000d884       0x90 /home/esl1-5/Desktop/ESL201000168/Assignment_11/assignment_11_bsp//libhal_bsp.a(alt_find_dev.o)
                0x0000d884                alt_find_dev
 .text          0x0000d914      0x114 /home/esl1-5/Desktop/ESL201000168/Assignment_11/assignment_11_bsp//libhal_bsp.a(alt_find_file.o)
                0x0000d914                alt_find_file
 .text          0x0000da28       0xd4 /home/esl1-5/Desktop/ESL201000168/Assignment_11/assignment_11_bsp//libhal_bsp.a(alt_get_fd.o)
                0x0000da28                alt_get_fd
 .text          0x0000dafc       0x8c /home/esl1-5/Desktop/ESL201000168/Assignment_11/assignment_11_bsp//libhal_bsp.a(alt_icache_flush.o)
                0x0000dafc                alt_icache_flush
 .text          0x0000db88       0x20 /opt/altera/13.1/nios2eds/bin/gnu/H-i686-pc-linux-gnu/bin/../lib/gcc/nios2-elf/4.7.3/../../../../../H-i686-pc-linux-gnu/nios2-elf/lib/mno-hw-mul/libsmallc.a(lib_a-exit.o)
                0x0000db88                exit
 .text          0x0000dba8       0x48 /opt/altera/13.1/nios2eds/bin/gnu/H-i686-pc-linux-gnu/bin/../lib/gcc/nios2-elf/4.7.3/../../../../../H-i686-pc-linux-gnu/nios2-elf/lib/mno-hw-mul/libsmallc.a(lib_a-memcmp.o)
                0x0000dba8                memcmp
 .text          0x0000dbf0      0x1d8 /opt/altera/13.1/nios2eds/bin/gnu/H-i686-pc-linux-gnu/bin/../lib/gcc/nios2-elf/4.7.3/../../../../../H-i686-pc-linux-gnu/nios2-elf/lib/mno-hw-mul/libsmallc.a(lib_a-__call_atexit.o)
                0x0000dbf0                __call_exitprocs
 .text          0x0000ddc8       0x3c /home/esl1-5/Desktop/ESL201000168/Assignment_11/assignment_11_bsp//libhal_bsp.a(alt_exit.o)
                0x0000ddc8                _exit
 *(.gnu.warning.*)
 *(.fini)
                0x0000de04                PROVIDE (__etext, ABSOLUTE (.))
                0x0000de04                PROVIDE (_etext, ABSOLUTE (.))
                0x0000de04                PROVIDE (etext, ABSOLUTE (.))
 *(.eh_frame_hdr)
                0x0000de04                . = ALIGN (0x4)
                0x0000de04                PROVIDE (__preinit_array_start, ABSOLUTE (.))
 *(.preinit_array)
                0x0000de04                PROVIDE (__preinit_array_end, ABSOLUTE (.))
                0x0000de04                PROVIDE (__init_array_start, ABSOLUTE (.))
 *(.init_array)
                0x0000de04                PROVIDE (__init_array_end, ABSOLUTE (.))
                0x0000de04                PROVIDE (__fini_array_start, ABSOLUTE (.))
 *(.fini_array)
                0x0000de04                PROVIDE (__fini_array_end, ABSOLUTE (.))
 *(.eh_frame)
 *(.gcc_except_table .gcc_except_table.*)
 *(.dynamic)
                0x0000de04                PROVIDE (__CTOR_LIST__, ABSOLUTE (.))
 *(.ctors)
 *(SORT(.ctors.*))
                0x0000de04                PROVIDE (__CTOR_END__, ABSOLUTE (.))
                0x0000de04                PROVIDE (__DTOR_LIST__, ABSOLUTE (.))
 *(.dtors)
 *(SORT(.dtors.*))
                0x0000de04                PROVIDE (__DTOR_END__, ABSOLUTE (.))
 *(.jcr)
                0x0000de04                . = ALIGN (0x4)

.rodata         0x0000de04      0x1a4
                0x0000de04                PROVIDE (__ram_rodata_start, ABSOLUTE (.))
                0x0000de04                . = ALIGN (0x4)
 *(.rodata .rodata.* .gnu.linkonce.r.*)
 .rodata        0x0000de04       0x44 obj/default/hello_world.o
 .rodata        0x0000de48       0x10 /opt/altera/13.1/nios2eds/bin/gnu/H-i686-pc-linux-gnu/bin/../lib/gcc/nios2-elf/4.7.3/mno-hw-mul/libgcc.a(_thenan_sf.o)
                0x0000de48                __thenan_sf
 .rodata        0x0000de58       0x14 /opt/altera/13.1/nios2eds/bin/gnu/H-i686-pc-linux-gnu/bin/../lib/gcc/nios2-elf/4.7.3/mno-hw-mul/libgcc.a(_thenan_df.o)
                0x0000de58                __thenan_df
 .rodata        0x0000de6c      0x100 /opt/altera/13.1/nios2eds/bin/gnu/H-i686-pc-linux-gnu/bin/../lib/gcc/nios2-elf/4.7.3/mno-hw-mul/libgcc.a(_clz.o)
                0x0000de6c                __clz_tab
 .rodata.str1.4
                0x0000df6c        0x4 /opt/altera/13.1/nios2eds/bin/gnu/H-i686-pc-linux-gnu/bin/../lib/gcc/nios2-elf/4.7.3/../../../../../H-i686-pc-linux-gnu/nios2-elf/lib/mno-hw-mul/libsmallc.a(lib_a-puts.o)
 .rodata        0x0000df70       0x10 /home/esl1-5/Desktop/ESL201000168/Assignment_11/assignment_11_bsp//libhal_bsp.a(alt_main.o)
 .rodata        0x0000df80       0x1c /home/esl1-5/Desktop/ESL201000168/Assignment_11/assignment_11_bsp//libhal_bsp.a(alt_sys_init.o)
 .rodata        0x0000df9c        0xc /home/esl1-5/Desktop/ESL201000168/Assignment_11/assignment_11_bsp//libhal_bsp.a(alt_dev.o)
 *(.rodata1)
                0x0000dfa8                . = ALIGN (0x4)
                0x0000dfa8                PROVIDE (__ram_rodata_end, ABSOLUTE (.))
                0x0000de04                PROVIDE (__flash_rodata_start, LOADADDR (.rodata))

.rwdata         0x0000dfa8      0x344 load address 0x0000e2ec
                0x0000dfa8                PROVIDE (__ram_rwdata_start, ABSOLUTE (.))
                0x0000dfa8                . = ALIGN (0x4)
 *(.got.plt)
 *(.got)
 *(.data1)
 *(.data .data.* .gnu.linkonce.d.*)
 .data          0x0000dfa8        0x0 /home/esl1-5/Desktop/ESL201000168/Assignment_11/assignment_11_bsp//obj/HAL/src/crt0.o
 .data          0x0000dfa8        0x0 obj/default/Paninteg.o
 .data          0x0000dfa8        0x0 obj/default/Panmodel.o
 .data          0x0000dfa8        0x0 obj/default/Pansubmod.o
 .data          0x0000dfa8        0x0 obj/default/Tiltinteg.o
 .data          0x0000dfa8        0x0 obj/default/Tiltmodel.o
 .data          0x0000dfa8        0x0 obj/default/Tiltsubmod.o
 .data          0x0000dfa8        0x0 obj/default/hello_world.o
 .data          0x0000dfa8        0x0 obj/default/xxfuncs.o
 .data          0x0000dfa8        0x0 obj/default/xxinverse.o
 .data          0x0000dfa8        0x0 obj/default/xxmatrix.o
 .data          0x0000dfa8        0x0 /opt/altera/13.1/nios2eds/bin/gnu/H-i686-pc-linux-gnu/bin/../lib/gcc/nios2-elf/4.7.3/mno-hw-mul/libgcc.a(_mul_sf.o)
 .data          0x0000dfa8        0x0 /opt/altera/13.1/nios2eds/bin/gnu/H-i686-pc-linux-gnu/bin/../lib/gcc/nios2-elf/4.7.3/mno-hw-mul/libgcc.a(_div_sf.o)
 .data          0x0000dfa8        0x0 /opt/altera/13.1/nios2eds/bin/gnu/H-i686-pc-linux-gnu/bin/../lib/gcc/nios2-elf/4.7.3/mno-hw-mul/libgcc.a(_si_to_sf.o)
 .data          0x0000dfa8        0x0 /opt/altera/13.1/nios2eds/bin/gnu/H-i686-pc-linux-gnu/bin/../lib/gcc/nios2-elf/4.7.3/mno-hw-mul/libgcc.a(_thenan_sf.o)
 .data          0x0000dfa8        0x0 /opt/altera/13.1/nios2eds/bin/gnu/H-i686-pc-linux-gnu/bin/../lib/gcc/nios2-elf/4.7.3/mno-hw-mul/libgcc.a(_addsub_df.o)
 .data          0x0000dfa8        0x0 /opt/altera/13.1/nios2eds/bin/gnu/H-i686-pc-linux-gnu/bin/../lib/gcc/nios2-elf/4.7.3/mno-hw-mul/libgcc.a(_mul_df.o)
 .data          0x0000dfa8        0x0 /opt/altera/13.1/nios2eds/bin/gnu/H-i686-pc-linux-gnu/bin/../lib/gcc/nios2-elf/4.7.3/mno-hw-mul/libgcc.a(_div_df.o)
 .data          0x0000dfa8        0x0 /opt/altera/13.1/nios2eds/bin/gnu/H-i686-pc-linux-gnu/bin/../lib/gcc/nios2-elf/4.7.3/mno-hw-mul/libgcc.a(_gt_df.o)
 .data          0x0000dfa8        0x0 /opt/altera/13.1/nios2eds/bin/gnu/H-i686-pc-linux-gnu/bin/../lib/gcc/nios2-elf/4.7.3/mno-hw-mul/libgcc.a(_ge_df.o)
 .data          0x0000dfa8        0x0 /opt/altera/13.1/nios2eds/bin/gnu/H-i686-pc-linux-gnu/bin/../lib/gcc/nios2-elf/4.7.3/mno-hw-mul/libgcc.a(_lt_df.o)
 .data          0x0000dfa8        0x0 /opt/altera/13.1/nios2eds/bin/gnu/H-i686-pc-linux-gnu/bin/../lib/gcc/nios2-elf/4.7.3/mno-hw-mul/libgcc.a(_si_to_df.o)
 .data          0x0000dfa8        0x0 /opt/altera/13.1/nios2eds/bin/gnu/H-i686-pc-linux-gnu/bin/../lib/gcc/nios2-elf/4.7.3/mno-hw-mul/libgcc.a(_df_to_si.o)
 .data          0x0000dfa8        0x0 /opt/altera/13.1/nios2eds/bin/gnu/H-i686-pc-linux-gnu/bin/../lib/gcc/nios2-elf/4.7.3/mno-hw-mul/libgcc.a(_thenan_df.o)
 .data          0x0000dfa8        0x0 /opt/altera/13.1/nios2eds/bin/gnu/H-i686-pc-linux-gnu/bin/../lib/gcc/nios2-elf/4.7.3/mno-hw-mul/libgcc.a(_muldi3.o)
 .data          0x0000dfa8        0x0 /opt/altera/13.1/nios2eds/bin/gnu/H-i686-pc-linux-gnu/bin/../lib/gcc/nios2-elf/4.7.3/mno-hw-mul/libgcc.a(_clzsi2.o)
 .data          0x0000dfa8        0x0 /opt/altera/13.1/nios2eds/bin/gnu/H-i686-pc-linux-gnu/bin/../lib/gcc/nios2-elf/4.7.3/mno-hw-mul/libgcc.a(_pack_sf.o)
 .data          0x0000dfa8        0x0 /opt/altera/13.1/nios2eds/bin/gnu/H-i686-pc-linux-gnu/bin/../lib/gcc/nios2-elf/4.7.3/mno-hw-mul/libgcc.a(_unpack_sf.o)
 .data          0x0000dfa8        0x0 /opt/altera/13.1/nios2eds/bin/gnu/H-i686-pc-linux-gnu/bin/../lib/gcc/nios2-elf/4.7.3/mno-hw-mul/libgcc.a(_pack_df.o)
 .data          0x0000dfa8        0x0 /opt/altera/13.1/nios2eds/bin/gnu/H-i686-pc-linux-gnu/bin/../lib/gcc/nios2-elf/4.7.3/mno-hw-mul/libgcc.a(_unpack_df.o)
 .data          0x0000dfa8        0x0 /opt/altera/13.1/nios2eds/bin/gnu/H-i686-pc-linux-gnu/bin/../lib/gcc/nios2-elf/4.7.3/mno-hw-mul/libgcc.a(_fpcmp_parts_df.o)
 .data          0x0000dfa8        0x0 /opt/altera/13.1/nios2eds/bin/gnu/H-i686-pc-linux-gnu/bin/../lib/gcc/nios2-elf/4.7.3/mno-hw-mul/libgcc.a(lib2-mul.o)
 .data          0x0000dfa8        0x0 /opt/altera/13.1/nios2eds/bin/gnu/H-i686-pc-linux-gnu/bin/../lib/gcc/nios2-elf/4.7.3/mno-hw-mul/libgcc.a(_lshrdi3.o)
 .data          0x0000dfa8        0x0 /opt/altera/13.1/nios2eds/bin/gnu/H-i686-pc-linux-gnu/bin/../lib/gcc/nios2-elf/4.7.3/mno-hw-mul/libgcc.a(_ashldi3.o)
 .data          0x0000dfa8        0x0 /opt/altera/13.1/nios2eds/bin/gnu/H-i686-pc-linux-gnu/bin/../lib/gcc/nios2-elf/4.7.3/mno-hw-mul/libgcc.a(_clz.o)
 .data          0x0000dfa8        0x0 /opt/altera/13.1/nios2eds/bin/gnu/H-i686-pc-linux-gnu/bin/../lib/gcc/nios2-elf/4.7.3/../../../../../H-i686-pc-linux-gnu/nios2-elf/lib/mno-hw-mul/libsmallc.a(lib_a-memset.o)
 .data          0x0000dfa8        0x0 /opt/altera/13.1/nios2eds/bin/gnu/H-i686-pc-linux-gnu/bin/../lib/gcc/nios2-elf/4.7.3/../../../../../H-i686-pc-linux-gnu/nios2-elf/lib/mno-hw-mul/libsmallc.a(lib_a-printf.o)
 .data          0x0000dfa8        0x0 /opt/altera/13.1/nios2eds/bin/gnu/H-i686-pc-linux-gnu/bin/../lib/gcc/nios2-elf/4.7.3/../../../../../H-i686-pc-linux-gnu/nios2-elf/lib/mno-hw-mul/libsmallc.a(lib_a-puts.o)
 .data          0x0000dfa8        0x0 /opt/altera/13.1/nios2eds/bin/gnu/H-i686-pc-linux-gnu/bin/../lib/gcc/nios2-elf/4.7.3/../../../../../H-i686-pc-linux-gnu/nios2-elf/lib/mno-hw-mul/libsmallc.a(lib_a-strlen.o)
 .data          0x0000dfa8        0x0 /opt/altera/13.1/nios2eds/bin/gnu/H-i686-pc-linux-gnu/bin/../lib/gcc/nios2-elf/4.7.3/../../../../../H-i686-pc-linux-gnu/nios2-elf/lib/mno-hw-mul/libsmallc.a(lib_a-vfprintf.o)
 .data          0x0000dfa8        0x0 /opt/altera/13.1/nios2eds/bin/gnu/H-i686-pc-linux-gnu/bin/../lib/gcc/nios2-elf/4.7.3/../../../../../H-i686-pc-linux-gnu/nios2-elf/lib/mno-hw-mul/libsmallc.a(lib_a-fvwrite_small_dev.o)
 .data          0x0000dfa8       0xe0 /opt/altera/13.1/nios2eds/bin/gnu/H-i686-pc-linux-gnu/bin/../lib/gcc/nios2-elf/4.7.3/../../../../../H-i686-pc-linux-gnu/nios2-elf/lib/mno-hw-mul/libsmallc.a(lib_a-impure.o)
 .data          0x0000e088        0x0 /opt/altera/13.1/nios2eds/bin/gnu/H-i686-pc-linux-gnu/bin/../lib/gcc/nios2-elf/4.7.3/../../../../../H-i686-pc-linux-gnu/nios2-elf/lib/mno-hw-mul/libsmallc.a(lib_a-writer.o)
 .data          0x0000e088        0x0 /opt/altera/13.1/nios2eds/bin/gnu/H-i686-pc-linux-gnu/bin/../lib/gcc/nios2-elf/4.7.3/../../../../../H-i686-pc-linux-gnu/nios2-elf/lib/mno-hw-mul/libsmallc.a(lib_a-int_errno.o)
 .data          0x0000e088        0x0 /opt/altera/13.1/nios2eds/bin/gnu/H-i686-pc-linux-gnu/bin/../lib/gcc/nios2-elf/4.7.3/mno-hw-mul/libgcc.a(lib2-divmod.o)
 .data          0x0000e088        0x0 /home/esl1-5/Desktop/ESL201000168/Assignment_11/assignment_11_bsp//libhal_bsp.a(alt_load.o)
 .data          0x0000e088        0x0 /home/esl1-5/Desktop/ESL201000168/Assignment_11/assignment_11_bsp//libhal_bsp.a(alt_main.o)
 .data          0x0000e088        0x0 /home/esl1-5/Desktop/ESL201000168/Assignment_11/assignment_11_bsp//libhal_bsp.a(alt_usleep.o)
 .data          0x0000e088        0x0 /home/esl1-5/Desktop/ESL201000168/Assignment_11/assignment_11_bsp//libhal_bsp.a(alt_write.o)
 .data          0x0000e088       0x58 /home/esl1-5/Desktop/ESL201000168/Assignment_11/assignment_11_bsp//libhal_bsp.a(alt_sys_init.o)
 .data          0x0000e0e0        0x0 /home/esl1-5/Desktop/ESL201000168/Assignment_11/assignment_11_bsp//libhal_bsp.a(altera_avalon_jtag_uart_fd.o)
 .data          0x0000e0e0        0x0 /home/esl1-5/Desktop/ESL201000168/Assignment_11/assignment_11_bsp//libhal_bsp.a(altera_avalon_jtag_uart_read.o)
 .data          0x0000e0e0        0x0 /home/esl1-5/Desktop/ESL201000168/Assignment_11/assignment_11_bsp//libhal_bsp.a(altera_avalon_jtag_uart_write.o)
 .data          0x0000e0e0        0x0 /home/esl1-5/Desktop/ESL201000168/Assignment_11/assignment_11_bsp//libhal_bsp.a(altera_avalon_timer_sc.o)
 .data          0x0000e0e0        0x0 /home/esl1-5/Desktop/ESL201000168/Assignment_11/assignment_11_bsp//libhal_bsp.a(altera_avalon_uart_fd.o)
 .data          0x0000e0e0        0x0 /home/esl1-5/Desktop/ESL201000168/Assignment_11/assignment_11_bsp//libhal_bsp.a(altera_avalon_uart_read.o)
 .data          0x0000e0e0        0x0 /home/esl1-5/Desktop/ESL201000168/Assignment_11/assignment_11_bsp//libhal_bsp.a(altera_avalon_uart_write.o)
 .data          0x0000e0e0        0x0 /home/esl1-5/Desktop/ESL201000168/Assignment_11/assignment_11_bsp//libhal_bsp.a(alt_busy_sleep.o)
 .data          0x0000e0e0        0x0 /home/esl1-5/Desktop/ESL201000168/Assignment_11/assignment_11_bsp//libhal_bsp.a(alt_close.o)
 .data          0x0000e0e0        0x0 /home/esl1-5/Desktop/ESL201000168/Assignment_11/assignment_11_bsp//libhal_bsp.a(alt_dcache_flush_all.o)
 .data          0x0000e0e0      0x1a8 /home/esl1-5/Desktop/ESL201000168/Assignment_11/assignment_11_bsp//libhal_bsp.a(alt_dev.o)
                0x0000e0e0                alt_dev_null
                0x0000e108                alt_fd_list
 .data          0x0000e288        0x0 /home/esl1-5/Desktop/ESL201000168/Assignment_11/assignment_11_bsp//libhal_bsp.a(alt_dev_llist_insert.o)
 .data          0x0000e288        0x0 /home/esl1-5/Desktop/ESL201000168/Assignment_11/assignment_11_bsp//libhal_bsp.a(alt_errno.o)
 .data          0x0000e288        0x0 /home/esl1-5/Desktop/ESL201000168/Assignment_11/assignment_11_bsp//libhal_bsp.a(alt_icache_flush_all.o)
 .data          0x0000e288        0x0 /home/esl1-5/Desktop/ESL201000168/Assignment_11/assignment_11_bsp//libhal_bsp.a(alt_iic.o)
 .data          0x0000e288        0x0 /home/esl1-5/Desktop/ESL201000168/Assignment_11/assignment_11_bsp//libhal_bsp.a(alt_iic_isr_register.o)
 .data          0x0000e288        0x0 /home/esl1-5/Desktop/ESL201000168/Assignment_11/assignment_11_bsp//libhal_bsp.a(alt_io_redirect.o)
 .data          0x0000e288        0x0 /home/esl1-5/Desktop/ESL201000168/Assignment_11/assignment_11_bsp//libhal_bsp.a(alt_irq_entry.o)
 .data          0x0000e288        0x0 /home/esl1-5/Desktop/ESL201000168/Assignment_11/assignment_11_bsp//libhal_bsp.a(alt_irq_handler.o)
 .data          0x0000e288        0x0 /home/esl1-5/Desktop/ESL201000168/Assignment_11/assignment_11_bsp//libhal_bsp.a(alt_irq_vars.o)
 .data          0x0000e288        0x0 /home/esl1-5/Desktop/ESL201000168/Assignment_11/assignment_11_bsp//libhal_bsp.a(alt_open.o)
 .data          0x0000e288        0x0 /home/esl1-5/Desktop/ESL201000168/Assignment_11/assignment_11_bsp//libhal_bsp.a(alt_release_fd.o)
 .data          0x0000e288        0x0 /home/esl1-5/Desktop/ESL201000168/Assignment_11/assignment_11_bsp//libhal_bsp.a(alt_tick.o)
 .data          0x0000e288        0x0 /home/esl1-5/Desktop/ESL201000168/Assignment_11/assignment_11_bsp//libhal_bsp.a(altera_nios2_qsys_irq.o)
 .data          0x0000e288        0x0 /home/esl1-5/Desktop/ESL201000168/Assignment_11/assignment_11_bsp//libhal_bsp.a(alt_exception_entry.o)
 .data          0x0000e288        0x0 /home/esl1-5/Desktop/ESL201000168/Assignment_11/assignment_11_bsp//libhal_bsp.a(alt_find_dev.o)
 .data          0x0000e288        0x0 /home/esl1-5/Desktop/ESL201000168/Assignment_11/assignment_11_bsp//libhal_bsp.a(alt_find_file.o)
 .data          0x0000e288        0x0 /home/esl1-5/Desktop/ESL201000168/Assignment_11/assignment_11_bsp//libhal_bsp.a(alt_get_fd.o)
 .data          0x0000e288        0x0 /home/esl1-5/Desktop/ESL201000168/Assignment_11/assignment_11_bsp//libhal_bsp.a(alt_icache_flush.o)
 .data          0x0000e288        0x0 /opt/altera/13.1/nios2eds/bin/gnu/H-i686-pc-linux-gnu/bin/../lib/gcc/nios2-elf/4.7.3/../../../../../H-i686-pc-linux-gnu/nios2-elf/lib/mno-hw-mul/libsmallc.a(lib_a-exit.o)
 .data          0x0000e288        0x0 /opt/altera/13.1/nios2eds/bin/gnu/H-i686-pc-linux-gnu/bin/../lib/gcc/nios2-elf/4.7.3/../../../../../H-i686-pc-linux-gnu/nios2-elf/lib/mno-hw-mul/libsmallc.a(lib_a-memcmp.o)
 .data          0x0000e288        0x0 /opt/altera/13.1/nios2eds/bin/gnu/H-i686-pc-linux-gnu/bin/../lib/gcc/nios2-elf/4.7.3/../../../../../H-i686-pc-linux-gnu/nios2-elf/lib/mno-hw-mul/libsmallc.a(lib_a-__call_atexit.o)
 .data          0x0000e288        0x0 /home/esl1-5/Desktop/ESL201000168/Assignment_11/assignment_11_bsp//libhal_bsp.a(alt_exit.o)
                0x00016288                _gp = ABSOLUTE ((. + 0x8000))
                0x00016288                PROVIDE (gp, _gp)
 *(.rwdata .rwdata.*)
 *(.sdata .sdata.* .gnu.linkonce.s.*)
 .sdata         0x0000e288       0x14 obj/default/Panmodel.o
                0x0000e288                Pan_finish_time
                0x0000e290                Pan_step_size
                0x0000e298                Pan_initialize
                0x0000e299                Pan_major
 .sdata         0x0000e29c        0x8 obj/default/Pansubmod.o
                0x0000e29c                Pan_number_of_inputs
                0x0000e2a0                Pan_number_of_outputs
 .sdata         0x0000e2a4       0x14 obj/default/Tiltmodel.o
                0x0000e2a4                Tilt_finish_time
                0x0000e2ac                Tilt_step_size
                0x0000e2b4                Tilt_initialize
                0x0000e2b5                Tilt_major
 .sdata         0x0000e2b8        0x8 obj/default/Tiltsubmod.o
                0x0000e2b8                Tilt_number_of_inputs
                0x0000e2bc                Tilt_number_of_outputs
 .sdata         0x0000e2c0        0x8 /opt/altera/13.1/nios2eds/bin/gnu/H-i686-pc-linux-gnu/bin/../lib/gcc/nios2-elf/4.7.3/../../../../../H-i686-pc-linux-gnu/nios2-elf/lib/mno-hw-mul/libsmallc.a(lib_a-impure.o)
                0x0000e2c0                _global_impure_ptr
                0x0000e2c4                _impure_ptr
 .sdata         0x0000e2c8       0x14 /home/esl1-5/Desktop/ESL201000168/Assignment_11/assignment_11_bsp//libhal_bsp.a(alt_dev.o)
                0x0000e2c8                alt_fs_list
                0x0000e2d0                alt_dev_list
                0x0000e2d8                alt_max_fd
 .sdata         0x0000e2dc        0x4 /home/esl1-5/Desktop/ESL201000168/Assignment_11/assignment_11_bsp//libhal_bsp.a(alt_errno.o)
                0x0000e2dc                alt_errno
 .sdata         0x0000e2e0        0x4 /home/esl1-5/Desktop/ESL201000168/Assignment_11/assignment_11_bsp//libhal_bsp.a(alt_irq_vars.o)
                0x0000e2e0                alt_priority_mask
 .sdata         0x0000e2e4        0x8 /home/esl1-5/Desktop/ESL201000168/Assignment_11/assignment_11_bsp//libhal_bsp.a(alt_tick.o)
                0x0000e2e4                alt_alarm_list
 *(.sdata2 .sdata2.* .gnu.linkonce.s2.*)
                0x0000e2ec                . = ALIGN (0x4)
                0x0000e2ec                _edata = ABSOLUTE (.)
                0x0000e2ec                PROVIDE (edata, ABSOLUTE (.))
                0x0000e2ec                PROVIDE (__ram_rwdata_end, ABSOLUTE (.))
                0x0000e2ec                PROVIDE (__flash_rwdata_start, LOADADDR (.rwdata))

.bss            0x0000e630      0x2fc
                0x0000e630                __bss_start = ABSOLUTE (.)
                0x0000e630                PROVIDE (__sbss_start, ABSOLUTE (.))
                0x0000e630                PROVIDE (___sbss_start, ABSOLUTE (.))
 *(.dynsbss)
 *(.sbss .sbss.* .gnu.linkonce.sb.*)
 .sbss          0x0000e630       0x18 obj/default/Panmodel.o
                0x0000e630                Pan_start_time
                0x0000e638                Pan_time
                0x0000e640                Pan_steps
                0x0000e644                Pan_stop_simulation
 .sbss          0x0000e648       0x18 obj/default/Tiltmodel.o
                0x0000e648                Tilt_start_time
                0x0000e650                Tilt_time
                0x0000e658                Tilt_steps
                0x0000e65c                Tilt_stop_simulation
 .sbss          0x0000e660        0x4 /opt/altera/13.1/nios2eds/bin/gnu/H-i686-pc-linux-gnu/bin/../lib/gcc/nios2-elf/4.7.3/../../../../../H-i686-pc-linux-gnu/nios2-elf/lib/mno-hw-mul/libsmallc.a(lib_a-int_errno.o)
                0x0000e660                errno
 .sbss          0x0000e664        0xc /home/esl1-5/Desktop/ESL201000168/Assignment_11/assignment_11_bsp//libhal_bsp.a(alt_main.o)
                0x0000e664                alt_argc
                0x0000e668                alt_argv
                0x0000e66c                alt_envp
 .sbss          0x0000e670        0x4 /home/esl1-5/Desktop/ESL201000168/Assignment_11/assignment_11_bsp//libhal_bsp.a(alt_irq_vars.o)
                0x0000e670                alt_irq_active
 .sbss          0x0000e674        0x8 /home/esl1-5/Desktop/ESL201000168/Assignment_11/assignment_11_bsp//libhal_bsp.a(alt_tick.o)
                0x0000e674                _alt_tick_rate
                0x0000e678                _alt_nticks
 *(.sbss2 .sbss2.* .gnu.linkonce.sb2.*)
 *(.scommon)
                0x0000e67c                PROVIDE (__sbss_end, ABSOLUTE (.))
                0x0000e67c                PROVIDE (___sbss_end, ABSOLUTE (.))
 *(.dynbss)
 *(.bss .bss.* .gnu.linkonce.b.*)
 .bss           0x0000e67c        0x0 /home/esl1-5/Desktop/ESL201000168/Assignment_11/assignment_11_bsp//obj/HAL/src/crt0.o
 .bss           0x0000e67c        0x0 obj/default/Paninteg.o
 .bss           0x0000e67c        0x0 obj/default/Panmodel.o
 .bss           0x0000e67c        0x0 obj/default/Pansubmod.o
 .bss           0x0000e67c        0x0 obj/default/Tiltinteg.o
 .bss           0x0000e67c        0x0 obj/default/Tiltmodel.o
 .bss           0x0000e67c        0x0 obj/default/Tiltsubmod.o
 .bss           0x0000e67c        0x0 obj/default/hello_world.o
 .bss           0x0000e67c        0x0 obj/default/xxfuncs.o
 .bss           0x0000e67c        0x0 obj/default/xxinverse.o
 .bss           0x0000e67c        0x0 obj/default/xxmatrix.o
 .bss           0x0000e67c        0x0 /opt/altera/13.1/nios2eds/bin/gnu/H-i686-pc-linux-gnu/bin/../lib/gcc/nios2-elf/4.7.3/mno-hw-mul/libgcc.a(_mul_sf.o)
 .bss           0x0000e67c        0x0 /opt/altera/13.1/nios2eds/bin/gnu/H-i686-pc-linux-gnu/bin/../lib/gcc/nios2-elf/4.7.3/mno-hw-mul/libgcc.a(_div_sf.o)
 .bss           0x0000e67c        0x0 /opt/altera/13.1/nios2eds/bin/gnu/H-i686-pc-linux-gnu/bin/../lib/gcc/nios2-elf/4.7.3/mno-hw-mul/libgcc.a(_si_to_sf.o)
 .bss           0x0000e67c        0x0 /opt/altera/13.1/nios2eds/bin/gnu/H-i686-pc-linux-gnu/bin/../lib/gcc/nios2-elf/4.7.3/mno-hw-mul/libgcc.a(_thenan_sf.o)
 .bss           0x0000e67c        0x0 /opt/altera/13.1/nios2eds/bin/gnu/H-i686-pc-linux-gnu/bin/../lib/gcc/nios2-elf/4.7.3/mno-hw-mul/libgcc.a(_addsub_df.o)
 .bss           0x0000e67c        0x0 /opt/altera/13.1/nios2eds/bin/gnu/H-i686-pc-linux-gnu/bin/../lib/gcc/nios2-elf/4.7.3/mno-hw-mul/libgcc.a(_mul_df.o)
 .bss           0x0000e67c        0x0 /opt/altera/13.1/nios2eds/bin/gnu/H-i686-pc-linux-gnu/bin/../lib/gcc/nios2-elf/4.7.3/mno-hw-mul/libgcc.a(_div_df.o)
 .bss           0x0000e67c        0x0 /opt/altera/13.1/nios2eds/bin/gnu/H-i686-pc-linux-gnu/bin/../lib/gcc/nios2-elf/4.7.3/mno-hw-mul/libgcc.a(_gt_df.o)
 .bss           0x0000e67c        0x0 /opt/altera/13.1/nios2eds/bin/gnu/H-i686-pc-linux-gnu/bin/../lib/gcc/nios2-elf/4.7.3/mno-hw-mul/libgcc.a(_ge_df.o)
 .bss           0x0000e67c        0x0 /opt/altera/13.1/nios2eds/bin/gnu/H-i686-pc-linux-gnu/bin/../lib/gcc/nios2-elf/4.7.3/mno-hw-mul/libgcc.a(_lt_df.o)
 .bss           0x0000e67c        0x0 /opt/altera/13.1/nios2eds/bin/gnu/H-i686-pc-linux-gnu/bin/../lib/gcc/nios2-elf/4.7.3/mno-hw-mul/libgcc.a(_si_to_df.o)
 .bss           0x0000e67c        0x0 /opt/altera/13.1/nios2eds/bin/gnu/H-i686-pc-linux-gnu/bin/../lib/gcc/nios2-elf/4.7.3/mno-hw-mul/libgcc.a(_df_to_si.o)
 .bss           0x0000e67c        0x0 /opt/altera/13.1/nios2eds/bin/gnu/H-i686-pc-linux-gnu/bin/../lib/gcc/nios2-elf/4.7.3/mno-hw-mul/libgcc.a(_thenan_df.o)
 .bss           0x0000e67c        0x0 /opt/altera/13.1/nios2eds/bin/gnu/H-i686-pc-linux-gnu/bin/../lib/gcc/nios2-elf/4.7.3/mno-hw-mul/libgcc.a(_muldi3.o)
 .bss           0x0000e67c        0x0 /opt/altera/13.1/nios2eds/bin/gnu/H-i686-pc-linux-gnu/bin/../lib/gcc/nios2-elf/4.7.3/mno-hw-mul/libgcc.a(_clzsi2.o)
 .bss           0x0000e67c        0x0 /opt/altera/13.1/nios2eds/bin/gnu/H-i686-pc-linux-gnu/bin/../lib/gcc/nios2-elf/4.7.3/mno-hw-mul/libgcc.a(_pack_sf.o)
 .bss           0x0000e67c        0x0 /opt/altera/13.1/nios2eds/bin/gnu/H-i686-pc-linux-gnu/bin/../lib/gcc/nios2-elf/4.7.3/mno-hw-mul/libgcc.a(_unpack_sf.o)
 .bss           0x0000e67c        0x0 /opt/altera/13.1/nios2eds/bin/gnu/H-i686-pc-linux-gnu/bin/../lib/gcc/nios2-elf/4.7.3/mno-hw-mul/libgcc.a(_pack_df.o)
 .bss           0x0000e67c        0x0 /opt/altera/13.1/nios2eds/bin/gnu/H-i686-pc-linux-gnu/bin/../lib/gcc/nios2-elf/4.7.3/mno-hw-mul/libgcc.a(_unpack_df.o)
 .bss           0x0000e67c        0x0 /opt/altera/13.1/nios2eds/bin/gnu/H-i686-pc-linux-gnu/bin/../lib/gcc/nios2-elf/4.7.3/mno-hw-mul/libgcc.a(_fpcmp_parts_df.o)
 .bss           0x0000e67c        0x0 /opt/altera/13.1/nios2eds/bin/gnu/H-i686-pc-linux-gnu/bin/../lib/gcc/nios2-elf/4.7.3/mno-hw-mul/libgcc.a(lib2-mul.o)
 .bss           0x0000e67c        0x0 /opt/altera/13.1/nios2eds/bin/gnu/H-i686-pc-linux-gnu/bin/../lib/gcc/nios2-elf/4.7.3/mno-hw-mul/libgcc.a(_lshrdi3.o)
 .bss           0x0000e67c        0x0 /opt/altera/13.1/nios2eds/bin/gnu/H-i686-pc-linux-gnu/bin/../lib/gcc/nios2-elf/4.7.3/mno-hw-mul/libgcc.a(_ashldi3.o)
 .bss           0x0000e67c        0x0 /opt/altera/13.1/nios2eds/bin/gnu/H-i686-pc-linux-gnu/bin/../lib/gcc/nios2-elf/4.7.3/mno-hw-mul/libgcc.a(_clz.o)
 .bss           0x0000e67c        0x0 /opt/altera/13.1/nios2eds/bin/gnu/H-i686-pc-linux-gnu/bin/../lib/gcc/nios2-elf/4.7.3/../../../../../H-i686-pc-linux-gnu/nios2-elf/lib/mno-hw-mul/libsmallc.a(lib_a-memset.o)
 .bss           0x0000e67c        0x0 /opt/altera/13.1/nios2eds/bin/gnu/H-i686-pc-linux-gnu/bin/../lib/gcc/nios2-elf/4.7.3/../../../../../H-i686-pc-linux-gnu/nios2-elf/lib/mno-hw-mul/libsmallc.a(lib_a-printf.o)
 .bss           0x0000e67c        0x0 /opt/altera/13.1/nios2eds/bin/gnu/H-i686-pc-linux-gnu/bin/../lib/gcc/nios2-elf/4.7.3/../../../../../H-i686-pc-linux-gnu/nios2-elf/lib/mno-hw-mul/libsmallc.a(lib_a-puts.o)
 .bss           0x0000e67c        0x0 /opt/altera/13.1/nios2eds/bin/gnu/H-i686-pc-linux-gnu/bin/../lib/gcc/nios2-elf/4.7.3/../../../../../H-i686-pc-linux-gnu/nios2-elf/lib/mno-hw-mul/libsmallc.a(lib_a-strlen.o)
 .bss           0x0000e67c        0x0 /opt/altera/13.1/nios2eds/bin/gnu/H-i686-pc-linux-gnu/bin/../lib/gcc/nios2-elf/4.7.3/../../../../../H-i686-pc-linux-gnu/nios2-elf/lib/mno-hw-mul/libsmallc.a(lib_a-vfprintf.o)
 .bss           0x0000e67c        0x0 /opt/altera/13.1/nios2eds/bin/gnu/H-i686-pc-linux-gnu/bin/../lib/gcc/nios2-elf/4.7.3/../../../../../H-i686-pc-linux-gnu/nios2-elf/lib/mno-hw-mul/libsmallc.a(lib_a-fvwrite_small_dev.o)
 .bss           0x0000e67c        0x0 /opt/altera/13.1/nios2eds/bin/gnu/H-i686-pc-linux-gnu/bin/../lib/gcc/nios2-elf/4.7.3/../../../../../H-i686-pc-linux-gnu/nios2-elf/lib/mno-hw-mul/libsmallc.a(lib_a-impure.o)
 .bss           0x0000e67c        0x0 /opt/altera/13.1/nios2eds/bin/gnu/H-i686-pc-linux-gnu/bin/../lib/gcc/nios2-elf/4.7.3/../../../../../H-i686-pc-linux-gnu/nios2-elf/lib/mno-hw-mul/libsmallc.a(lib_a-writer.o)
 .bss           0x0000e67c        0x0 /opt/altera/13.1/nios2eds/bin/gnu/H-i686-pc-linux-gnu/bin/../lib/gcc/nios2-elf/4.7.3/../../../../../H-i686-pc-linux-gnu/nios2-elf/lib/mno-hw-mul/libsmallc.a(lib_a-int_errno.o)
 .bss           0x0000e67c        0x0 /opt/altera/13.1/nios2eds/bin/gnu/H-i686-pc-linux-gnu/bin/../lib/gcc/nios2-elf/4.7.3/mno-hw-mul/libgcc.a(lib2-divmod.o)
 .bss           0x0000e67c        0x0 /home/esl1-5/Desktop/ESL201000168/Assignment_11/assignment_11_bsp//libhal_bsp.a(alt_load.o)
 .bss           0x0000e67c        0x0 /home/esl1-5/Desktop/ESL201000168/Assignment_11/assignment_11_bsp//libhal_bsp.a(alt_main.o)
 .bss           0x0000e67c        0x0 /home/esl1-5/Desktop/ESL201000168/Assignment_11/assignment_11_bsp//libhal_bsp.a(alt_usleep.o)
 .bss           0x0000e67c        0x0 /home/esl1-5/Desktop/ESL201000168/Assignment_11/assignment_11_bsp//libhal_bsp.a(alt_write.o)
 .bss           0x0000e67c        0x0 /home/esl1-5/Desktop/ESL201000168/Assignment_11/assignment_11_bsp//libhal_bsp.a(alt_sys_init.o)
 .bss           0x0000e67c        0x0 /home/esl1-5/Desktop/ESL201000168/Assignment_11/assignment_11_bsp//libhal_bsp.a(altera_avalon_jtag_uart_fd.o)
 .bss           0x0000e67c        0x0 /home/esl1-5/Desktop/ESL201000168/Assignment_11/assignment_11_bsp//libhal_bsp.a(altera_avalon_jtag_uart_read.o)
 .bss           0x0000e67c        0x0 /home/esl1-5/Desktop/ESL201000168/Assignment_11/assignment_11_bsp//libhal_bsp.a(altera_avalon_jtag_uart_write.o)
 .bss           0x0000e67c        0x0 /home/esl1-5/Desktop/ESL201000168/Assignment_11/assignment_11_bsp//libhal_bsp.a(altera_avalon_timer_sc.o)
 .bss           0x0000e67c        0x0 /home/esl1-5/Desktop/ESL201000168/Assignment_11/assignment_11_bsp//libhal_bsp.a(altera_avalon_uart_fd.o)
 .bss           0x0000e67c        0x0 /home/esl1-5/Desktop/ESL201000168/Assignment_11/assignment_11_bsp//libhal_bsp.a(altera_avalon_uart_read.o)
 .bss           0x0000e67c        0x0 /home/esl1-5/Desktop/ESL201000168/Assignment_11/assignment_11_bsp//libhal_bsp.a(altera_avalon_uart_write.o)
 .bss           0x0000e67c        0x0 /home/esl1-5/Desktop/ESL201000168/Assignment_11/assignment_11_bsp//libhal_bsp.a(alt_busy_sleep.o)
 .bss           0x0000e67c        0x0 /home/esl1-5/Desktop/ESL201000168/Assignment_11/assignment_11_bsp//libhal_bsp.a(alt_close.o)
 .bss           0x0000e67c        0x0 /home/esl1-5/Desktop/ESL201000168/Assignment_11/assignment_11_bsp//libhal_bsp.a(alt_dcache_flush_all.o)
 .bss           0x0000e67c        0x0 /home/esl1-5/Desktop/ESL201000168/Assignment_11/assignment_11_bsp//libhal_bsp.a(alt_dev.o)
 .bss           0x0000e67c        0x0 /home/esl1-5/Desktop/ESL201000168/Assignment_11/assignment_11_bsp//libhal_bsp.a(alt_dev_llist_insert.o)
 .bss           0x0000e67c        0x0 /home/esl1-5/Desktop/ESL201000168/Assignment_11/assignment_11_bsp//libhal_bsp.a(alt_errno.o)
 .bss           0x0000e67c        0x0 /home/esl1-5/Desktop/ESL201000168/Assignment_11/assignment_11_bsp//libhal_bsp.a(alt_icache_flush_all.o)
 .bss           0x0000e67c        0x0 /home/esl1-5/Desktop/ESL201000168/Assignment_11/assignment_11_bsp//libhal_bsp.a(alt_iic.o)
 .bss           0x0000e67c        0x0 /home/esl1-5/Desktop/ESL201000168/Assignment_11/assignment_11_bsp//libhal_bsp.a(alt_iic_isr_register.o)
 .bss           0x0000e67c        0x0 /home/esl1-5/Desktop/ESL201000168/Assignment_11/assignment_11_bsp//libhal_bsp.a(alt_io_redirect.o)
 .bss           0x0000e67c        0x0 /home/esl1-5/Desktop/ESL201000168/Assignment_11/assignment_11_bsp//libhal_bsp.a(alt_irq_entry.o)
 .bss           0x0000e67c        0x0 /home/esl1-5/Desktop/ESL201000168/Assignment_11/assignment_11_bsp//libhal_bsp.a(alt_irq_handler.o)
 .bss           0x0000e67c        0x0 /home/esl1-5/Desktop/ESL201000168/Assignment_11/assignment_11_bsp//libhal_bsp.a(alt_irq_vars.o)
 .bss           0x0000e67c        0x0 /home/esl1-5/Desktop/ESL201000168/Assignment_11/assignment_11_bsp//libhal_bsp.a(alt_open.o)
 .bss           0x0000e67c        0x0 /home/esl1-5/Desktop/ESL201000168/Assignment_11/assignment_11_bsp//libhal_bsp.a(alt_release_fd.o)
 .bss           0x0000e67c        0x0 /home/esl1-5/Desktop/ESL201000168/Assignment_11/assignment_11_bsp//libhal_bsp.a(alt_tick.o)
 .bss           0x0000e67c        0x0 /home/esl1-5/Desktop/ESL201000168/Assignment_11/assignment_11_bsp//libhal_bsp.a(altera_nios2_qsys_irq.o)
 .bss           0x0000e67c        0x0 /home/esl1-5/Desktop/ESL201000168/Assignment_11/assignment_11_bsp//libhal_bsp.a(alt_exception_entry.o)
 .bss           0x0000e67c        0x0 /home/esl1-5/Desktop/ESL201000168/Assignment_11/assignment_11_bsp//libhal_bsp.a(alt_find_dev.o)
 .bss           0x0000e67c        0x0 /home/esl1-5/Desktop/ESL201000168/Assignment_11/assignment_11_bsp//libhal_bsp.a(alt_find_file.o)
 .bss           0x0000e67c        0x0 /home/esl1-5/Desktop/ESL201000168/Assignment_11/assignment_11_bsp//libhal_bsp.a(alt_get_fd.o)
 .bss           0x0000e67c        0x0 /home/esl1-5/Desktop/ESL201000168/Assignment_11/assignment_11_bsp//libhal_bsp.a(alt_icache_flush.o)
 .bss           0x0000e67c        0x0 /opt/altera/13.1/nios2eds/bin/gnu/H-i686-pc-linux-gnu/bin/../lib/gcc/nios2-elf/4.7.3/../../../../../H-i686-pc-linux-gnu/nios2-elf/lib/mno-hw-mul/libsmallc.a(lib_a-exit.o)
 .bss           0x0000e67c        0x0 /opt/altera/13.1/nios2eds/bin/gnu/H-i686-pc-linux-gnu/bin/../lib/gcc/nios2-elf/4.7.3/../../../../../H-i686-pc-linux-gnu/nios2-elf/lib/mno-hw-mul/libsmallc.a(lib_a-memcmp.o)
 .bss           0x0000e67c        0x0 /opt/altera/13.1/nios2eds/bin/gnu/H-i686-pc-linux-gnu/bin/../lib/gcc/nios2-elf/4.7.3/../../../../../H-i686-pc-linux-gnu/nios2-elf/lib/mno-hw-mul/libsmallc.a(lib_a-__call_atexit.o)
 .bss           0x0000e67c        0x0 /home/esl1-5/Desktop/ESL201000168/Assignment_11/assignment_11_bsp//libhal_bsp.a(alt_exit.o)
 *(COMMON)
 COMMON         0x0000e67c       0xd0 obj/default/Panmodel.o
                0x0000e67c                Pan_V
                0x0000e6cc                Pan_P
                0x0000e704                Pan_I
                0x0000e71c                Pan_R
                0x0000e734                Pan_s
 COMMON         0x0000e74c       0xe0 obj/default/Tiltmodel.o
                0x0000e74c                Tilt_V
                0x0000e7ac                Tilt_I
                0x0000e7c4                Tilt_P
                0x0000e7fc                Tilt_R
                0x0000e814                Tilt_s
 COMMON         0x0000e82c      0x100 /home/esl1-5/Desktop/ESL201000168/Assignment_11/assignment_11_bsp//libhal_bsp.a(alt_irq_handler.o)
                0x0000e82c                alt_irq
                0x0000e92c                . = ALIGN (0x4)
                0x0000e92c                __bss_end = ABSOLUTE (.)

.onchip_mem     0x0000e92c        0x0
                0x0000e92c                PROVIDE (_alt_partition_onchip_mem_start, ABSOLUTE (.))
 *(.onchip_mem .onchip_mem. onchip_mem.*)
                0x0000e92c                . = ALIGN (0x4)
                0x0000e92c                PROVIDE (_alt_partition_onchip_mem_end, ABSOLUTE (.))
                0x0000e92c                _end = ABSOLUTE (.)
                0x0000e92c                end = ABSOLUTE (.)
                0x0000e92c                __alt_stack_base = ABSOLUTE (.)
                0x0000e92c                PROVIDE (_alt_partition_onchip_mem_load_addr, LOADADDR (.onchip_mem))

.stab
 *(.stab)

.stabstr
 *(.stabstr)

.stab.excl
 *(.stab.excl)

.stab.exclstr
 *(.stab.exclstr)

.stab.index
 *(.stab.index)

.stab.indexstr
 *(.stab.indexstr)

.comment        0x00000000       0x23
 *(.comment)
 .comment       0x00000000       0x23 obj/default/Paninteg.o
                                 0x24 (size before relaxing)
 .comment       0x00000000       0x24 obj/default/Panmodel.o
 .comment       0x00000000       0x24 obj/default/Pansubmod.o
 .comment       0x00000000       0x24 obj/default/Tiltinteg.o
 .comment       0x00000000       0x24 obj/default/Tiltmodel.o
 .comment       0x00000000       0x24 obj/default/Tiltsubmod.o
 .comment       0x00000000       0x24 obj/default/hello_world.o
 .comment       0x00000000       0x24 obj/default/xxfuncs.o
 .comment       0x00000000       0x24 obj/default/xxinverse.o
 .comment       0x00000000       0x24 obj/default/xxmatrix.o
 .comment       0x00000000       0x24 /opt/altera/13.1/nios2eds/bin/gnu/H-i686-pc-linux-gnu/bin/../lib/gcc/nios2-elf/4.7.3/mno-hw-mul/libgcc.a(_mul_sf.o)
 .comment       0x00000000       0x24 /opt/altera/13.1/nios2eds/bin/gnu/H-i686-pc-linux-gnu/bin/../lib/gcc/nios2-elf/4.7.3/mno-hw-mul/libgcc.a(_div_sf.o)
 .comment       0x00000000       0x24 /opt/altera/13.1/nios2eds/bin/gnu/H-i686-pc-linux-gnu/bin/../lib/gcc/nios2-elf/4.7.3/mno-hw-mul/libgcc.a(_si_to_sf.o)
 .comment       0x00000000       0x24 /opt/altera/13.1/nios2eds/bin/gnu/H-i686-pc-linux-gnu/bin/../lib/gcc/nios2-elf/4.7.3/mno-hw-mul/libgcc.a(_thenan_sf.o)
 .comment       0x00000000       0x24 /opt/altera/13.1/nios2eds/bin/gnu/H-i686-pc-linux-gnu/bin/../lib/gcc/nios2-elf/4.7.3/mno-hw-mul/libgcc.a(_addsub_df.o)
 .comment       0x00000000       0x24 /opt/altera/13.1/nios2eds/bin/gnu/H-i686-pc-linux-gnu/bin/../lib/gcc/nios2-elf/4.7.3/mno-hw-mul/libgcc.a(_mul_df.o)
 .comment       0x00000000       0x24 /opt/altera/13.1/nios2eds/bin/gnu/H-i686-pc-linux-gnu/bin/../lib/gcc/nios2-elf/4.7.3/mno-hw-mul/libgcc.a(_div_df.o)
 .comment       0x00000000       0x24 /opt/altera/13.1/nios2eds/bin/gnu/H-i686-pc-linux-gnu/bin/../lib/gcc/nios2-elf/4.7.3/mno-hw-mul/libgcc.a(_gt_df.o)
 .comment       0x00000000       0x24 /opt/altera/13.1/nios2eds/bin/gnu/H-i686-pc-linux-gnu/bin/../lib/gcc/nios2-elf/4.7.3/mno-hw-mul/libgcc.a(_ge_df.o)
 .comment       0x00000000       0x24 /opt/altera/13.1/nios2eds/bin/gnu/H-i686-pc-linux-gnu/bin/../lib/gcc/nios2-elf/4.7.3/mno-hw-mul/libgcc.a(_lt_df.o)
 .comment       0x00000000       0x24 /opt/altera/13.1/nios2eds/bin/gnu/H-i686-pc-linux-gnu/bin/../lib/gcc/nios2-elf/4.7.3/mno-hw-mul/libgcc.a(_si_to_df.o)
 .comment       0x00000000       0x24 /opt/altera/13.1/nios2eds/bin/gnu/H-i686-pc-linux-gnu/bin/../lib/gcc/nios2-elf/4.7.3/mno-hw-mul/libgcc.a(_df_to_si.o)
 .comment       0x00000000       0x24 /opt/altera/13.1/nios2eds/bin/gnu/H-i686-pc-linux-gnu/bin/../lib/gcc/nios2-elf/4.7.3/mno-hw-mul/libgcc.a(_thenan_df.o)
 .comment       0x00000000       0x24 /opt/altera/13.1/nios2eds/bin/gnu/H-i686-pc-linux-gnu/bin/../lib/gcc/nios2-elf/4.7.3/mno-hw-mul/libgcc.a(_muldi3.o)
 .comment       0x00000000       0x24 /opt/altera/13.1/nios2eds/bin/gnu/H-i686-pc-linux-gnu/bin/../lib/gcc/nios2-elf/4.7.3/mno-hw-mul/libgcc.a(_clzsi2.o)
 .comment       0x00000000       0x24 /opt/altera/13.1/nios2eds/bin/gnu/H-i686-pc-linux-gnu/bin/../lib/gcc/nios2-elf/4.7.3/mno-hw-mul/libgcc.a(_pack_sf.o)
 .comment       0x00000000       0x24 /opt/altera/13.1/nios2eds/bin/gnu/H-i686-pc-linux-gnu/bin/../lib/gcc/nios2-elf/4.7.3/mno-hw-mul/libgcc.a(_unpack_sf.o)
 .comment       0x00000000       0x24 /opt/altera/13.1/nios2eds/bin/gnu/H-i686-pc-linux-gnu/bin/../lib/gcc/nios2-elf/4.7.3/mno-hw-mul/libgcc.a(_pack_df.o)
 .comment       0x00000000       0x24 /opt/altera/13.1/nios2eds/bin/gnu/H-i686-pc-linux-gnu/bin/../lib/gcc/nios2-elf/4.7.3/mno-hw-mul/libgcc.a(_unpack_df.o)
 .comment       0x00000000       0x24 /opt/altera/13.1/nios2eds/bin/gnu/H-i686-pc-linux-gnu/bin/../lib/gcc/nios2-elf/4.7.3/mno-hw-mul/libgcc.a(_fpcmp_parts_df.o)
 .comment       0x00000000       0x24 /opt/altera/13.1/nios2eds/bin/gnu/H-i686-pc-linux-gnu/bin/../lib/gcc/nios2-elf/4.7.3/mno-hw-mul/libgcc.a(lib2-mul.o)
 .comment       0x00000000       0x24 /opt/altera/13.1/nios2eds/bin/gnu/H-i686-pc-linux-gnu/bin/../lib/gcc/nios2-elf/4.7.3/mno-hw-mul/libgcc.a(_lshrdi3.o)
 .comment       0x00000000       0x24 /opt/altera/13.1/nios2eds/bin/gnu/H-i686-pc-linux-gnu/bin/../lib/gcc/nios2-elf/4.7.3/mno-hw-mul/libgcc.a(_ashldi3.o)
 .comment       0x00000000       0x24 /opt/altera/13.1/nios2eds/bin/gnu/H-i686-pc-linux-gnu/bin/../lib/gcc/nios2-elf/4.7.3/mno-hw-mul/libgcc.a(_clz.o)
 .comment       0x00000000       0x24 /opt/altera/13.1/nios2eds/bin/gnu/H-i686-pc-linux-gnu/bin/../lib/gcc/nios2-elf/4.7.3/../../../../../H-i686-pc-linux-gnu/nios2-elf/lib/mno-hw-mul/libsmallc.a(lib_a-memset.o)
 .comment       0x00000000       0x24 /opt/altera/13.1/nios2eds/bin/gnu/H-i686-pc-linux-gnu/bin/../lib/gcc/nios2-elf/4.7.3/../../../../../H-i686-pc-linux-gnu/nios2-elf/lib/mno-hw-mul/libsmallc.a(lib_a-printf.o)
 .comment       0x00000000       0x24 /opt/altera/13.1/nios2eds/bin/gnu/H-i686-pc-linux-gnu/bin/../lib/gcc/nios2-elf/4.7.3/../../../../../H-i686-pc-linux-gnu/nios2-elf/lib/mno-hw-mul/libsmallc.a(lib_a-puts.o)
 .comment       0x00000000       0x24 /opt/altera/13.1/nios2eds/bin/gnu/H-i686-pc-linux-gnu/bin/../lib/gcc/nios2-elf/4.7.3/../../../../../H-i686-pc-linux-gnu/nios2-elf/lib/mno-hw-mul/libsmallc.a(lib_a-strlen.o)
 .comment       0x00000000       0x24 /opt/altera/13.1/nios2eds/bin/gnu/H-i686-pc-linux-gnu/bin/../lib/gcc/nios2-elf/4.7.3/../../../../../H-i686-pc-linux-gnu/nios2-elf/lib/mno-hw-mul/libsmallc.a(lib_a-vfprintf.o)
 .comment       0x00000000       0x24 /opt/altera/13.1/nios2eds/bin/gnu/H-i686-pc-linux-gnu/bin/../lib/gcc/nios2-elf/4.7.3/../../../../../H-i686-pc-linux-gnu/nios2-elf/lib/mno-hw-mul/libsmallc.a(lib_a-fvwrite_small_dev.o)
 .comment       0x00000000       0x24 /opt/altera/13.1/nios2eds/bin/gnu/H-i686-pc-linux-gnu/bin/../lib/gcc/nios2-elf/4.7.3/../../../../../H-i686-pc-linux-gnu/nios2-elf/lib/mno-hw-mul/libsmallc.a(lib_a-impure.o)
 .comment       0x00000000       0x24 /opt/altera/13.1/nios2eds/bin/gnu/H-i686-pc-linux-gnu/bin/../lib/gcc/nios2-elf/4.7.3/../../../../../H-i686-pc-linux-gnu/nios2-elf/lib/mno-hw-mul/libsmallc.a(lib_a-writer.o)
 .comment       0x00000000       0x24 /opt/altera/13.1/nios2eds/bin/gnu/H-i686-pc-linux-gnu/bin/../lib/gcc/nios2-elf/4.7.3/../../../../../H-i686-pc-linux-gnu/nios2-elf/lib/mno-hw-mul/libsmallc.a(lib_a-int_errno.o)
 .comment       0x00000000       0x24 /opt/altera/13.1/nios2eds/bin/gnu/H-i686-pc-linux-gnu/bin/../lib/gcc/nios2-elf/4.7.3/mno-hw-mul/libgcc.a(lib2-divmod.o)
 .comment       0x00000000       0x24 /home/esl1-5/Desktop/ESL201000168/Assignment_11/assignment_11_bsp//libhal_bsp.a(alt_load.o)
 .comment       0x00000000       0x24 /home/esl1-5/Desktop/ESL201000168/Assignment_11/assignment_11_bsp//libhal_bsp.a(alt_main.o)
 .comment       0x00000000       0x24 /home/esl1-5/Desktop/ESL201000168/Assignment_11/assignment_11_bsp//libhal_bsp.a(alt_usleep.o)
 .comment       0x00000000       0x24 /home/esl1-5/Desktop/ESL201000168/Assignment_11/assignment_11_bsp//libhal_bsp.a(alt_write.o)
 .comment       0x00000000       0x24 /home/esl1-5/Desktop/ESL201000168/Assignment_11/assignment_11_bsp//libhal_bsp.a(alt_sys_init.o)
 .comment       0x00000000       0x24 /home/esl1-5/Desktop/ESL201000168/Assignment_11/assignment_11_bsp//libhal_bsp.a(altera_avalon_jtag_uart_fd.o)
 .comment       0x00000000       0x24 /home/esl1-5/Desktop/ESL201000168/Assignment_11/assignment_11_bsp//libhal_bsp.a(altera_avalon_jtag_uart_read.o)
 .comment       0x00000000       0x24 /home/esl1-5/Desktop/ESL201000168/Assignment_11/assignment_11_bsp//libhal_bsp.a(altera_avalon_jtag_uart_write.o)
 .comment       0x00000000       0x24 /home/esl1-5/Desktop/ESL201000168/Assignment_11/assignment_11_bsp//libhal_bsp.a(altera_avalon_timer_sc.o)
 .comment       0x00000000       0x24 /home/esl1-5/Desktop/ESL201000168/Assignment_11/assignment_11_bsp//libhal_bsp.a(altera_avalon_uart_fd.o)
 .comment       0x00000000       0x24 /home/esl1-5/Desktop/ESL201000168/Assignment_11/assignment_11_bsp//libhal_bsp.a(altera_avalon_uart_read.o)
 .comment       0x00000000       0x24 /home/esl1-5/Desktop/ESL201000168/Assignment_11/assignment_11_bsp//libhal_bsp.a(altera_avalon_uart_write.o)
 .comment       0x00000000       0x24 /home/esl1-5/Desktop/ESL201000168/Assignment_11/assignment_11_bsp//libhal_bsp.a(alt_busy_sleep.o)
 .comment       0x00000000       0x24 /home/esl1-5/Desktop/ESL201000168/Assignment_11/assignment_11_bsp//libhal_bsp.a(alt_close.o)
 .comment       0x00000000       0x24 /home/esl1-5/Desktop/ESL201000168/Assignment_11/assignment_11_bsp//libhal_bsp.a(alt_dcache_flush_all.o)
 .comment       0x00000000       0x24 /home/esl1-5/Desktop/ESL201000168/Assignment_11/assignment_11_bsp//libhal_bsp.a(alt_dev.o)
 .comment       0x00000000       0x24 /home/esl1-5/Desktop/ESL201000168/Assignment_11/assignment_11_bsp//libhal_bsp.a(alt_dev_llist_insert.o)
 .comment       0x00000000       0x24 /home/esl1-5/Desktop/ESL201000168/Assignment_11/assignment_11_bsp//libhal_bsp.a(alt_errno.o)
 .comment       0x00000000       0x24 /home/esl1-5/Desktop/ESL201000168/Assignment_11/assignment_11_bsp//libhal_bsp.a(alt_icache_flush_all.o)
 .comment       0x00000000       0x24 /home/esl1-5/Desktop/ESL201000168/Assignment_11/assignment_11_bsp//libhal_bsp.a(alt_iic.o)
 .comment       0x00000000       0x24 /home/esl1-5/Desktop/ESL201000168/Assignment_11/assignment_11_bsp//libhal_bsp.a(alt_iic_isr_register.o)
 .comment       0x00000000       0x24 /home/esl1-5/Desktop/ESL201000168/Assignment_11/assignment_11_bsp//libhal_bsp.a(alt_io_redirect.o)
 .comment       0x00000000       0x24 /home/esl1-5/Desktop/ESL201000168/Assignment_11/assignment_11_bsp//libhal_bsp.a(alt_irq_handler.o)
 .comment       0x00000000       0x24 /home/esl1-5/Desktop/ESL201000168/Assignment_11/assignment_11_bsp//libhal_bsp.a(alt_irq_vars.o)
 .comment       0x00000000       0x24 /home/esl1-5/Desktop/ESL201000168/Assignment_11/assignment_11_bsp//libhal_bsp.a(alt_open.o)
 .comment       0x00000000       0x24 /home/esl1-5/Desktop/ESL201000168/Assignment_11/assignment_11_bsp//libhal_bsp.a(alt_release_fd.o)
 .comment       0x00000000       0x24 /home/esl1-5/Desktop/ESL201000168/Assignment_11/assignment_11_bsp//libhal_bsp.a(alt_tick.o)
 .comment       0x00000000       0x24 /home/esl1-5/Desktop/ESL201000168/Assignment_11/assignment_11_bsp//libhal_bsp.a(altera_nios2_qsys_irq.o)
 .comment       0x00000000       0x24 /home/esl1-5/Desktop/ESL201000168/Assignment_11/assignment_11_bsp//libhal_bsp.a(alt_find_dev.o)
 .comment       0x00000000       0x24 /home/esl1-5/Desktop/ESL201000168/Assignment_11/assignment_11_bsp//libhal_bsp.a(alt_find_file.o)
 .comment       0x00000000       0x24 /home/esl1-5/Desktop/ESL201000168/Assignment_11/assignment_11_bsp//libhal_bsp.a(alt_get_fd.o)
 .comment       0x00000000       0x24 /home/esl1-5/Desktop/ESL201000168/Assignment_11/assignment_11_bsp//libhal_bsp.a(alt_icache_flush.o)
 .comment       0x00000000       0x24 /opt/altera/13.1/nios2eds/bin/gnu/H-i686-pc-linux-gnu/bin/../lib/gcc/nios2-elf/4.7.3/../../../../../H-i686-pc-linux-gnu/nios2-elf/lib/mno-hw-mul/libsmallc.a(lib_a-exit.o)
 .comment       0x00000000       0x24 /opt/altera/13.1/nios2eds/bin/gnu/H-i686-pc-linux-gnu/bin/../lib/gcc/nios2-elf/4.7.3/../../../../../H-i686-pc-linux-gnu/nios2-elf/lib/mno-hw-mul/libsmallc.a(lib_a-memcmp.o)
 .comment       0x00000000       0x24 /opt/altera/13.1/nios2eds/bin/gnu/H-i686-pc-linux-gnu/bin/../lib/gcc/nios2-elf/4.7.3/../../../../../H-i686-pc-linux-gnu/nios2-elf/lib/mno-hw-mul/libsmallc.a(lib_a-__call_atexit.o)
 .comment       0x00000000       0x24 /home/esl1-5/Desktop/ESL201000168/Assignment_11/assignment_11_bsp//libhal_bsp.a(alt_exit.o)

.debug
 *(.debug)

.line
 *(.line)

.debug_srcinfo
 *(.debug_srcinfo)

.debug_sfnames
 *(.debug_sfnames)

.debug_aranges  0x00000000      0xa18
 *(.debug_aranges)
 .debug_aranges
                0x00000000       0x28 /home/esl1-5/Desktop/ESL201000168/Assignment_11/assignment_11_bsp//obj/HAL/src/crt0.o
 .debug_aranges
                0x00000028       0x20 obj/default/Paninteg.o
 .debug_aranges
                0x00000048       0x20 obj/default/Panmodel.o
 .debug_aranges
                0x00000068       0x20 obj/default/Pansubmod.o
 .debug_aranges
                0x00000088       0x20 obj/default/Tiltinteg.o
 .debug_aranges
                0x000000a8       0x20 obj/default/Tiltmodel.o
 .debug_aranges
                0x000000c8       0x20 obj/default/Tiltsubmod.o
 .debug_aranges
                0x000000e8       0x20 obj/default/hello_world.o
 .debug_aranges
                0x00000108       0x20 obj/default/xxfuncs.o
 .debug_aranges
                0x00000128       0x20 /opt/altera/13.1/nios2eds/bin/gnu/H-i686-pc-linux-gnu/bin/../lib/gcc/nios2-elf/4.7.3/mno-hw-mul/libgcc.a(_mul_sf.o)
 .debug_aranges
                0x00000148       0x20 /opt/altera/13.1/nios2eds/bin/gnu/H-i686-pc-linux-gnu/bin/../lib/gcc/nios2-elf/4.7.3/mno-hw-mul/libgcc.a(_div_sf.o)
 .debug_aranges
                0x00000168       0x20 /opt/altera/13.1/nios2eds/bin/gnu/H-i686-pc-linux-gnu/bin/../lib/gcc/nios2-elf/4.7.3/mno-hw-mul/libgcc.a(_si_to_sf.o)
 .debug_aranges
                0x00000188       0x18 /opt/altera/13.1/nios2eds/bin/gnu/H-i686-pc-linux-gnu/bin/../lib/gcc/nios2-elf/4.7.3/mno-hw-mul/libgcc.a(_thenan_sf.o)
 .debug_aranges
                0x000001a0       0x20 /opt/altera/13.1/nios2eds/bin/gnu/H-i686-pc-linux-gnu/bin/../lib/gcc/nios2-elf/4.7.3/mno-hw-mul/libgcc.a(_addsub_df.o)
 .debug_aranges
                0x000001c0       0x20 /opt/altera/13.1/nios2eds/bin/gnu/H-i686-pc-linux-gnu/bin/../lib/gcc/nios2-elf/4.7.3/mno-hw-mul/libgcc.a(_mul_df.o)
 .debug_aranges
                0x000001e0       0x20 /opt/altera/13.1/nios2eds/bin/gnu/H-i686-pc-linux-gnu/bin/../lib/gcc/nios2-elf/4.7.3/mno-hw-mul/libgcc.a(_div_df.o)
 .debug_aranges
                0x00000200       0x20 /opt/altera/13.1/nios2eds/bin/gnu/H-i686-pc-linux-gnu/bin/../lib/gcc/nios2-elf/4.7.3/mno-hw-mul/libgcc.a(_gt_df.o)
 .debug_aranges
                0x00000220       0x20 /opt/altera/13.1/nios2eds/bin/gnu/H-i686-pc-linux-gnu/bin/../lib/gcc/nios2-elf/4.7.3/mno-hw-mul/libgcc.a(_ge_df.o)
 .debug_aranges
                0x00000240       0x20 /opt/altera/13.1/nios2eds/bin/gnu/H-i686-pc-linux-gnu/bin/../lib/gcc/nios2-elf/4.7.3/mno-hw-mul/libgcc.a(_lt_df.o)
 .debug_aranges
                0x00000260       0x20 /opt/altera/13.1/nios2eds/bin/gnu/H-i686-pc-linux-gnu/bin/../lib/gcc/nios2-elf/4.7.3/mno-hw-mul/libgcc.a(_si_to_df.o)
 .debug_aranges
                0x00000280       0x20 /opt/altera/13.1/nios2eds/bin/gnu/H-i686-pc-linux-gnu/bin/../lib/gcc/nios2-elf/4.7.3/mno-hw-mul/libgcc.a(_df_to_si.o)
 .debug_aranges
                0x000002a0       0x18 /opt/altera/13.1/nios2eds/bin/gnu/H-i686-pc-linux-gnu/bin/../lib/gcc/nios2-elf/4.7.3/mno-hw-mul/libgcc.a(_thenan_df.o)
 .debug_aranges
                0x000002b8       0x20 /opt/altera/13.1/nios2eds/bin/gnu/H-i686-pc-linux-gnu/bin/../lib/gcc/nios2-elf/4.7.3/mno-hw-mul/libgcc.a(_muldi3.o)
 .debug_aranges
                0x000002d8       0x20 /opt/altera/13.1/nios2eds/bin/gnu/H-i686-pc-linux-gnu/bin/../lib/gcc/nios2-elf/4.7.3/mno-hw-mul/libgcc.a(_clzsi2.o)
 .debug_aranges
                0x000002f8       0x20 /opt/altera/13.1/nios2eds/bin/gnu/H-i686-pc-linux-gnu/bin/../lib/gcc/nios2-elf/4.7.3/mno-hw-mul/libgcc.a(_pack_sf.o)
 .debug_aranges
                0x00000318       0x20 /opt/altera/13.1/nios2eds/bin/gnu/H-i686-pc-linux-gnu/bin/../lib/gcc/nios2-elf/4.7.3/mno-hw-mul/libgcc.a(_unpack_sf.o)
 .debug_aranges
                0x00000338       0x20 /opt/altera/13.1/nios2eds/bin/gnu/H-i686-pc-linux-gnu/bin/../lib/gcc/nios2-elf/4.7.3/mno-hw-mul/libgcc.a(_pack_df.o)
 .debug_aranges
                0x00000358       0x20 /opt/altera/13.1/nios2eds/bin/gnu/H-i686-pc-linux-gnu/bin/../lib/gcc/nios2-elf/4.7.3/mno-hw-mul/libgcc.a(_unpack_df.o)
 .debug_aranges
                0x00000378       0x20 /opt/altera/13.1/nios2eds/bin/gnu/H-i686-pc-linux-gnu/bin/../lib/gcc/nios2-elf/4.7.3/mno-hw-mul/libgcc.a(_fpcmp_parts_df.o)
 .debug_aranges
                0x00000398       0x20 /opt/altera/13.1/nios2eds/bin/gnu/H-i686-pc-linux-gnu/bin/../lib/gcc/nios2-elf/4.7.3/mno-hw-mul/libgcc.a(lib2-mul.o)
 .debug_aranges
                0x000003b8       0x20 /opt/altera/13.1/nios2eds/bin/gnu/H-i686-pc-linux-gnu/bin/../lib/gcc/nios2-elf/4.7.3/mno-hw-mul/libgcc.a(_lshrdi3.o)
 .debug_aranges
                0x000003d8       0x20 /opt/altera/13.1/nios2eds/bin/gnu/H-i686-pc-linux-gnu/bin/../lib/gcc/nios2-elf/4.7.3/mno-hw-mul/libgcc.a(_ashldi3.o)
 .debug_aranges
                0x000003f8       0x18 /opt/altera/13.1/nios2eds/bin/gnu/H-i686-pc-linux-gnu/bin/../lib/gcc/nios2-elf/4.7.3/mno-hw-mul/libgcc.a(_clz.o)
 .debug_aranges
                0x00000410       0x20 /opt/altera/13.1/nios2eds/bin/gnu/H-i686-pc-linux-gnu/bin/../lib/gcc/nios2-elf/4.7.3/../../../../../H-i686-pc-linux-gnu/nios2-elf/lib/mno-hw-mul/libsmallc.a(lib_a-memset.o)
 .debug_aranges
                0x00000430       0x20 /opt/altera/13.1/nios2eds/bin/gnu/H-i686-pc-linux-gnu/bin/../lib/gcc/nios2-elf/4.7.3/../../../../../H-i686-pc-linux-gnu/nios2-elf/lib/mno-hw-mul/libsmallc.a(lib_a-printf.o)
 .debug_aranges
                0x00000450       0x20 /opt/altera/13.1/nios2eds/bin/gnu/H-i686-pc-linux-gnu/bin/../lib/gcc/nios2-elf/4.7.3/../../../../../H-i686-pc-linux-gnu/nios2-elf/lib/mno-hw-mul/libsmallc.a(lib_a-puts.o)
 .debug_aranges
                0x00000470       0x20 /opt/altera/13.1/nios2eds/bin/gnu/H-i686-pc-linux-gnu/bin/../lib/gcc/nios2-elf/4.7.3/../../../../../H-i686-pc-linux-gnu/nios2-elf/lib/mno-hw-mul/libsmallc.a(lib_a-strlen.o)
 .debug_aranges
                0x00000490       0x20 /opt/altera/13.1/nios2eds/bin/gnu/H-i686-pc-linux-gnu/bin/../lib/gcc/nios2-elf/4.7.3/../../../../../H-i686-pc-linux-gnu/nios2-elf/lib/mno-hw-mul/libsmallc.a(lib_a-vfprintf.o)
 .debug_aranges
                0x000004b0       0x20 /opt/altera/13.1/nios2eds/bin/gnu/H-i686-pc-linux-gnu/bin/../lib/gcc/nios2-elf/4.7.3/../../../../../H-i686-pc-linux-gnu/nios2-elf/lib/mno-hw-mul/libsmallc.a(lib_a-fvwrite_small_dev.o)
 .debug_aranges
                0x000004d0       0x18 /opt/altera/13.1/nios2eds/bin/gnu/H-i686-pc-linux-gnu/bin/../lib/gcc/nios2-elf/4.7.3/../../../../../H-i686-pc-linux-gnu/nios2-elf/lib/mno-hw-mul/libsmallc.a(lib_a-impure.o)
 .debug_aranges
                0x000004e8       0x20 /opt/altera/13.1/nios2eds/bin/gnu/H-i686-pc-linux-gnu/bin/../lib/gcc/nios2-elf/4.7.3/../../../../../H-i686-pc-linux-gnu/nios2-elf/lib/mno-hw-mul/libsmallc.a(lib_a-writer.o)
 .debug_aranges
                0x00000508       0x18 /opt/altera/13.1/nios2eds/bin/gnu/H-i686-pc-linux-gnu/bin/../lib/gcc/nios2-elf/4.7.3/../../../../../H-i686-pc-linux-gnu/nios2-elf/lib/mno-hw-mul/libsmallc.a(lib_a-int_errno.o)
 .debug_aranges
                0x00000520       0x20 /opt/altera/13.1/nios2eds/bin/gnu/H-i686-pc-linux-gnu/bin/../lib/gcc/nios2-elf/4.7.3/mno-hw-mul/libgcc.a(lib2-divmod.o)
 .debug_aranges
                0x00000540       0x20 /home/esl1-5/Desktop/ESL201000168/Assignment_11/assignment_11_bsp//libhal_bsp.a(alt_load.o)
 .debug_aranges
                0x00000560       0x20 /home/esl1-5/Desktop/ESL201000168/Assignment_11/assignment_11_bsp//libhal_bsp.a(alt_main.o)
 .debug_aranges
                0x00000580       0x20 /home/esl1-5/Desktop/ESL201000168/Assignment_11/assignment_11_bsp//libhal_bsp.a(alt_usleep.o)
 .debug_aranges
                0x000005a0       0x20 /home/esl1-5/Desktop/ESL201000168/Assignment_11/assignment_11_bsp//libhal_bsp.a(alt_write.o)
 .debug_aranges
                0x000005c0       0x20 /home/esl1-5/Desktop/ESL201000168/Assignment_11/assignment_11_bsp//libhal_bsp.a(alt_sys_init.o)
 .debug_aranges
                0x000005e0       0x20 /home/esl1-5/Desktop/ESL201000168/Assignment_11/assignment_11_bsp//libhal_bsp.a(altera_avalon_jtag_uart_fd.o)
 .debug_aranges
                0x00000600       0x20 /home/esl1-5/Desktop/ESL201000168/Assignment_11/assignment_11_bsp//libhal_bsp.a(altera_avalon_jtag_uart_read.o)
 .debug_aranges
                0x00000620       0x20 /home/esl1-5/Desktop/ESL201000168/Assignment_11/assignment_11_bsp//libhal_bsp.a(altera_avalon_jtag_uart_write.o)
 .debug_aranges
                0x00000640       0x20 /home/esl1-5/Desktop/ESL201000168/Assignment_11/assignment_11_bsp//libhal_bsp.a(altera_avalon_timer_sc.o)
 .debug_aranges
                0x00000660       0x20 /home/esl1-5/Desktop/ESL201000168/Assignment_11/assignment_11_bsp//libhal_bsp.a(altera_avalon_uart_fd.o)
 .debug_aranges
                0x00000680       0x20 /home/esl1-5/Desktop/ESL201000168/Assignment_11/assignment_11_bsp//libhal_bsp.a(altera_avalon_uart_read.o)
 .debug_aranges
                0x000006a0       0x20 /home/esl1-5/Desktop/ESL201000168/Assignment_11/assignment_11_bsp//libhal_bsp.a(altera_avalon_uart_write.o)
 .debug_aranges
                0x000006c0       0x20 /home/esl1-5/Desktop/ESL201000168/Assignment_11/assignment_11_bsp//libhal_bsp.a(alt_busy_sleep.o)
 .debug_aranges
                0x000006e0       0x20 /home/esl1-5/Desktop/ESL201000168/Assignment_11/assignment_11_bsp//libhal_bsp.a(alt_close.o)
 .debug_aranges
                0x00000700       0x20 /home/esl1-5/Desktop/ESL201000168/Assignment_11/assignment_11_bsp//libhal_bsp.a(alt_dcache_flush_all.o)
 .debug_aranges
                0x00000720       0x20 /home/esl1-5/Desktop/ESL201000168/Assignment_11/assignment_11_bsp//libhal_bsp.a(alt_dev.o)
 .debug_aranges
                0x00000740       0x20 /home/esl1-5/Desktop/ESL201000168/Assignment_11/assignment_11_bsp//libhal_bsp.a(alt_dev_llist_insert.o)
 .debug_aranges
                0x00000760       0x18 /home/esl1-5/Desktop/ESL201000168/Assignment_11/assignment_11_bsp//libhal_bsp.a(alt_errno.o)
 .debug_aranges
                0x00000778       0x20 /home/esl1-5/Desktop/ESL201000168/Assignment_11/assignment_11_bsp//libhal_bsp.a(alt_icache_flush_all.o)
 .debug_aranges
                0x00000798       0x20 /home/esl1-5/Desktop/ESL201000168/Assignment_11/assignment_11_bsp//libhal_bsp.a(alt_iic.o)
 .debug_aranges
                0x000007b8       0x20 /home/esl1-5/Desktop/ESL201000168/Assignment_11/assignment_11_bsp//libhal_bsp.a(alt_iic_isr_register.o)
 .debug_aranges
                0x000007d8       0x20 /home/esl1-5/Desktop/ESL201000168/Assignment_11/assignment_11_bsp//libhal_bsp.a(alt_io_redirect.o)
 .debug_aranges
                0x000007f8       0x30 /home/esl1-5/Desktop/ESL201000168/Assignment_11/assignment_11_bsp//libhal_bsp.a(alt_irq_entry.o)
 .debug_aranges
                0x00000828       0x20 /home/esl1-5/Desktop/ESL201000168/Assignment_11/assignment_11_bsp//libhal_bsp.a(alt_irq_handler.o)
 .debug_aranges
                0x00000848       0x18 /home/esl1-5/Desktop/ESL201000168/Assignment_11/assignment_11_bsp//libhal_bsp.a(alt_irq_vars.o)
 .debug_aranges
                0x00000860       0x20 /home/esl1-5/Desktop/ESL201000168/Assignment_11/assignment_11_bsp//libhal_bsp.a(alt_open.o)
 .debug_aranges
                0x00000880       0x20 /home/esl1-5/Desktop/ESL201000168/Assignment_11/assignment_11_bsp//libhal_bsp.a(alt_release_fd.o)
 .debug_aranges
                0x000008a0       0x20 /home/esl1-5/Desktop/ESL201000168/Assignment_11/assignment_11_bsp//libhal_bsp.a(alt_tick.o)
 .debug_aranges
                0x000008c0       0x20 /home/esl1-5/Desktop/ESL201000168/Assignment_11/assignment_11_bsp//libhal_bsp.a(altera_nios2_qsys_irq.o)
 .debug_aranges
                0x000008e0       0x38 /home/esl1-5/Desktop/ESL201000168/Assignment_11/assignment_11_bsp//libhal_bsp.a(alt_exception_entry.o)
 .debug_aranges
                0x00000918       0x20 /home/esl1-5/Desktop/ESL201000168/Assignment_11/assignment_11_bsp//libhal_bsp.a(alt_find_dev.o)
 .debug_aranges
                0x00000938       0x20 /home/esl1-5/Desktop/ESL201000168/Assignment_11/assignment_11_bsp//libhal_bsp.a(alt_find_file.o)
 .debug_aranges
                0x00000958       0x20 /home/esl1-5/Desktop/ESL201000168/Assignment_11/assignment_11_bsp//libhal_bsp.a(alt_get_fd.o)
 .debug_aranges
                0x00000978       0x20 /home/esl1-5/Desktop/ESL201000168/Assignment_11/assignment_11_bsp//libhal_bsp.a(alt_icache_flush.o)
 .debug_aranges
                0x00000998       0x20 /opt/altera/13.1/nios2eds/bin/gnu/H-i686-pc-linux-gnu/bin/../lib/gcc/nios2-elf/4.7.3/../../../../../H-i686-pc-linux-gnu/nios2-elf/lib/mno-hw-mul/libsmallc.a(lib_a-exit.o)
 .debug_aranges
                0x000009b8       0x20 /opt/altera/13.1/nios2eds/bin/gnu/H-i686-pc-linux-gnu/bin/../lib/gcc/nios2-elf/4.7.3/../../../../../H-i686-pc-linux-gnu/nios2-elf/lib/mno-hw-mul/libsmallc.a(lib_a-memcmp.o)
 .debug_aranges
                0x000009d8       0x20 /opt/altera/13.1/nios2eds/bin/gnu/H-i686-pc-linux-gnu/bin/../lib/gcc/nios2-elf/4.7.3/../../../../../H-i686-pc-linux-gnu/nios2-elf/lib/mno-hw-mul/libsmallc.a(lib_a-__call_atexit.o)
 .debug_aranges
                0x000009f8       0x20 /home/esl1-5/Desktop/ESL201000168/Assignment_11/assignment_11_bsp//libhal_bsp.a(alt_exit.o)

.debug_pubnames
 *(.debug_pubnames)

.debug_info     0x00000000     0xd963
 *(.debug_info .gnu.linkonce.wi.*)
 .debug_info    0x00000000       0x76 /home/esl1-5/Desktop/ESL201000168/Assignment_11/assignment_11_bsp//obj/HAL/src/crt0.o
 .debug_info    0x00000076      0x151 obj/default/Paninteg.o
 .debug_info    0x000001c7      0x2d3 obj/default/Panmodel.o
 .debug_info    0x0000049a      0x216 obj/default/Pansubmod.o
 .debug_info    0x000006b0      0x151 obj/default/Tiltinteg.o
 .debug_info    0x00000801      0x2d4 obj/default/Tiltmodel.o
 .debug_info    0x00000ad5      0x216 obj/default/Tiltsubmod.o
 .debug_info    0x00000ceb      0x2f7 obj/default/hello_world.o
 .debug_info    0x00000fe2      0x141 obj/default/xxfuncs.o
 .debug_info    0x00001123      0x45d /opt/altera/13.1/nios2eds/bin/gnu/H-i686-pc-linux-gnu/bin/../lib/gcc/nios2-elf/4.7.3/mno-hw-mul/libgcc.a(_mul_sf.o)
 .debug_info    0x00001580      0x437 /opt/altera/13.1/nios2eds/bin/gnu/H-i686-pc-linux-gnu/bin/../lib/gcc/nios2-elf/4.7.3/mno-hw-mul/libgcc.a(_div_sf.o)
 .debug_info    0x000019b7      0x261 /opt/altera/13.1/nios2eds/bin/gnu/H-i686-pc-linux-gnu/bin/../lib/gcc/nios2-elf/4.7.3/mno-hw-mul/libgcc.a(_si_to_sf.o)
 .debug_info    0x00001c18      0x155 /opt/altera/13.1/nios2eds/bin/gnu/H-i686-pc-linux-gnu/bin/../lib/gcc/nios2-elf/4.7.3/mno-hw-mul/libgcc.a(_thenan_sf.o)
 .debug_info    0x00001d6d      0x588 /opt/altera/13.1/nios2eds/bin/gnu/H-i686-pc-linux-gnu/bin/../lib/gcc/nios2-elf/4.7.3/mno-hw-mul/libgcc.a(_addsub_df.o)
 .debug_info    0x000022f5      0x519 /opt/altera/13.1/nios2eds/bin/gnu/H-i686-pc-linux-gnu/bin/../lib/gcc/nios2-elf/4.7.3/mno-hw-mul/libgcc.a(_mul_df.o)
 .debug_info    0x0000280e      0x443 /opt/altera/13.1/nios2eds/bin/gnu/H-i686-pc-linux-gnu/bin/../lib/gcc/nios2-elf/4.7.3/mno-hw-mul/libgcc.a(_div_df.o)
 .debug_info    0x00002c51      0x320 /opt/altera/13.1/nios2eds/bin/gnu/H-i686-pc-linux-gnu/bin/../lib/gcc/nios2-elf/4.7.3/mno-hw-mul/libgcc.a(_gt_df.o)
 .debug_info    0x00002f71      0x320 /opt/altera/13.1/nios2eds/bin/gnu/H-i686-pc-linux-gnu/bin/../lib/gcc/nios2-elf/4.7.3/mno-hw-mul/libgcc.a(_ge_df.o)
 .debug_info    0x00003291      0x320 /opt/altera/13.1/nios2eds/bin/gnu/H-i686-pc-linux-gnu/bin/../lib/gcc/nios2-elf/4.7.3/mno-hw-mul/libgcc.a(_lt_df.o)
 .debug_info    0x000035b1      0x261 /opt/altera/13.1/nios2eds/bin/gnu/H-i686-pc-linux-gnu/bin/../lib/gcc/nios2-elf/4.7.3/mno-hw-mul/libgcc.a(_si_to_df.o)
 .debug_info    0x00003812      0x30b /opt/altera/13.1/nios2eds/bin/gnu/H-i686-pc-linux-gnu/bin/../lib/gcc/nios2-elf/4.7.3/mno-hw-mul/libgcc.a(_df_to_si.o)
 .debug_info    0x00003b1d      0x155 /opt/altera/13.1/nios2eds/bin/gnu/H-i686-pc-linux-gnu/bin/../lib/gcc/nios2-elf/4.7.3/mno-hw-mul/libgcc.a(_thenan_df.o)
 .debug_info    0x00003c72      0x1eb /opt/altera/13.1/nios2eds/bin/gnu/H-i686-pc-linux-gnu/bin/../lib/gcc/nios2-elf/4.7.3/mno-hw-mul/libgcc.a(_muldi3.o)
 .debug_info    0x00003e5d      0x123 /opt/altera/13.1/nios2eds/bin/gnu/H-i686-pc-linux-gnu/bin/../lib/gcc/nios2-elf/4.7.3/mno-hw-mul/libgcc.a(_clzsi2.o)
 .debug_info    0x00003f80      0x2f2 /opt/altera/13.1/nios2eds/bin/gnu/H-i686-pc-linux-gnu/bin/../lib/gcc/nios2-elf/4.7.3/mno-hw-mul/libgcc.a(_pack_sf.o)
 .debug_info    0x00004272      0x26a /opt/altera/13.1/nios2eds/bin/gnu/H-i686-pc-linux-gnu/bin/../lib/gcc/nios2-elf/4.7.3/mno-hw-mul/libgcc.a(_unpack_sf.o)
 .debug_info    0x000044dc      0x2f7 /opt/altera/13.1/nios2eds/bin/gnu/H-i686-pc-linux-gnu/bin/../lib/gcc/nios2-elf/4.7.3/mno-hw-mul/libgcc.a(_pack_df.o)
 .debug_info    0x000047d3      0x265 /opt/altera/13.1/nios2eds/bin/gnu/H-i686-pc-linux-gnu/bin/../lib/gcc/nios2-elf/4.7.3/mno-hw-mul/libgcc.a(_unpack_df.o)
 .debug_info    0x00004a38      0x226 /opt/altera/13.1/nios2eds/bin/gnu/H-i686-pc-linux-gnu/bin/../lib/gcc/nios2-elf/4.7.3/mno-hw-mul/libgcc.a(_fpcmp_parts_df.o)
 .debug_info    0x00004c5e       0xb8 /opt/altera/13.1/nios2eds/bin/gnu/H-i686-pc-linux-gnu/bin/../lib/gcc/nios2-elf/4.7.3/mno-hw-mul/libgcc.a(lib2-mul.o)
 .debug_info    0x00004d16      0x185 /opt/altera/13.1/nios2eds/bin/gnu/H-i686-pc-linux-gnu/bin/../lib/gcc/nios2-elf/4.7.3/mno-hw-mul/libgcc.a(_lshrdi3.o)
 .debug_info    0x00004e9b      0x185 /opt/altera/13.1/nios2eds/bin/gnu/H-i686-pc-linux-gnu/bin/../lib/gcc/nios2-elf/4.7.3/mno-hw-mul/libgcc.a(_ashldi3.o)
 .debug_info    0x00005020       0xac /opt/altera/13.1/nios2eds/bin/gnu/H-i686-pc-linux-gnu/bin/../lib/gcc/nios2-elf/4.7.3/mno-hw-mul/libgcc.a(_clz.o)
 .debug_info    0x000050cc       0xd9 /opt/altera/13.1/nios2eds/bin/gnu/H-i686-pc-linux-gnu/bin/../lib/gcc/nios2-elf/4.7.3/../../../../../H-i686-pc-linux-gnu/nios2-elf/lib/mno-hw-mul/libsmallc.a(lib_a-memset.o)
 .debug_info    0x000051a5      0x765 /opt/altera/13.1/nios2eds/bin/gnu/H-i686-pc-linux-gnu/bin/../lib/gcc/nios2-elf/4.7.3/../../../../../H-i686-pc-linux-gnu/nios2-elf/lib/mno-hw-mul/libsmallc.a(lib_a-printf.o)
 .debug_info    0x0000590a      0x6f4 /opt/altera/13.1/nios2eds/bin/gnu/H-i686-pc-linux-gnu/bin/../lib/gcc/nios2-elf/4.7.3/../../../../../H-i686-pc-linux-gnu/nios2-elf/lib/mno-hw-mul/libsmallc.a(lib_a-puts.o)
 .debug_info    0x00005ffe       0xc6 /opt/altera/13.1/nios2eds/bin/gnu/H-i686-pc-linux-gnu/bin/../lib/gcc/nios2-elf/4.7.3/../../../../../H-i686-pc-linux-gnu/nios2-elf/lib/mno-hw-mul/libsmallc.a(lib_a-strlen.o)
 .debug_info    0x000060c4      0xc69 /opt/altera/13.1/nios2eds/bin/gnu/H-i686-pc-linux-gnu/bin/../lib/gcc/nios2-elf/4.7.3/../../../../../H-i686-pc-linux-gnu/nios2-elf/lib/mno-hw-mul/libsmallc.a(lib_a-vfprintf.o)
 .debug_info    0x00006d2d      0x6d9 /opt/altera/13.1/nios2eds/bin/gnu/H-i686-pc-linux-gnu/bin/../lib/gcc/nios2-elf/4.7.3/../../../../../H-i686-pc-linux-gnu/nios2-elf/lib/mno-hw-mul/libsmallc.a(lib_a-fvwrite_small_dev.o)
 .debug_info    0x00007406      0x631 /opt/altera/13.1/nios2eds/bin/gnu/H-i686-pc-linux-gnu/bin/../lib/gcc/nios2-elf/4.7.3/../../../../../H-i686-pc-linux-gnu/nios2-elf/lib/mno-hw-mul/libsmallc.a(lib_a-impure.o)
 .debug_info    0x00007a37      0x6cb /opt/altera/13.1/nios2eds/bin/gnu/H-i686-pc-linux-gnu/bin/../lib/gcc/nios2-elf/4.7.3/../../../../../H-i686-pc-linux-gnu/nios2-elf/lib/mno-hw-mul/libsmallc.a(lib_a-writer.o)
 .debug_info    0x00008102       0x84 /opt/altera/13.1/nios2eds/bin/gnu/H-i686-pc-linux-gnu/bin/../lib/gcc/nios2-elf/4.7.3/../../../../../H-i686-pc-linux-gnu/nios2-elf/lib/mno-hw-mul/libsmallc.a(lib_a-int_errno.o)
 .debug_info    0x00008186      0x289 /opt/altera/13.1/nios2eds/bin/gnu/H-i686-pc-linux-gnu/bin/../lib/gcc/nios2-elf/4.7.3/mno-hw-mul/libgcc.a(lib2-divmod.o)
 .debug_info    0x0000840f      0x135 /home/esl1-5/Desktop/ESL201000168/Assignment_11/assignment_11_bsp//libhal_bsp.a(alt_load.o)
 .debug_info    0x00008544      0x139 /home/esl1-5/Desktop/ESL201000168/Assignment_11/assignment_11_bsp//libhal_bsp.a(alt_main.o)
 .debug_info    0x0000867d       0xad /home/esl1-5/Desktop/ESL201000168/Assignment_11/assignment_11_bsp//libhal_bsp.a(alt_usleep.o)
 .debug_info    0x0000872a      0x507 /home/esl1-5/Desktop/ESL201000168/Assignment_11/assignment_11_bsp//libhal_bsp.a(alt_write.o)
 .debug_info    0x00008c31      0x48b /home/esl1-5/Desktop/ESL201000168/Assignment_11/assignment_11_bsp//libhal_bsp.a(alt_sys_init.o)
 .debug_info    0x000090bc      0x3da /home/esl1-5/Desktop/ESL201000168/Assignment_11/assignment_11_bsp//libhal_bsp.a(altera_avalon_jtag_uart_fd.o)
 .debug_info    0x00009496      0x1bc /home/esl1-5/Desktop/ESL201000168/Assignment_11/assignment_11_bsp//libhal_bsp.a(altera_avalon_jtag_uart_read.o)
 .debug_info    0x00009652      0x19f /home/esl1-5/Desktop/ESL201000168/Assignment_11/assignment_11_bsp//libhal_bsp.a(altera_avalon_jtag_uart_write.o)
 .debug_info    0x000097f1      0x235 /home/esl1-5/Desktop/ESL201000168/Assignment_11/assignment_11_bsp//libhal_bsp.a(altera_avalon_timer_sc.o)
 .debug_info    0x00009a26      0x3b7 /home/esl1-5/Desktop/ESL201000168/Assignment_11/assignment_11_bsp//libhal_bsp.a(altera_avalon_uart_fd.o)
 .debug_info    0x00009ddd      0x1b5 /home/esl1-5/Desktop/ESL201000168/Assignment_11/assignment_11_bsp//libhal_bsp.a(altera_avalon_uart_read.o)
 .debug_info    0x00009f92      0x1c8 /home/esl1-5/Desktop/ESL201000168/Assignment_11/assignment_11_bsp//libhal_bsp.a(altera_avalon_uart_write.o)
 .debug_info    0x0000a15a       0xd5 /home/esl1-5/Desktop/ESL201000168/Assignment_11/assignment_11_bsp//libhal_bsp.a(alt_busy_sleep.o)
 .debug_info    0x0000a22f      0x350 /home/esl1-5/Desktop/ESL201000168/Assignment_11/assignment_11_bsp//libhal_bsp.a(alt_close.o)
 .debug_info    0x0000a57f       0x90 /home/esl1-5/Desktop/ESL201000168/Assignment_11/assignment_11_bsp//libhal_bsp.a(alt_dcache_flush_all.o)
 .debug_info    0x0000a60f      0x4e3 /home/esl1-5/Desktop/ESL201000168/Assignment_11/assignment_11_bsp//libhal_bsp.a(alt_dev.o)
 .debug_info    0x0000aaf2      0x1b9 /home/esl1-5/Desktop/ESL201000168/Assignment_11/assignment_11_bsp//libhal_bsp.a(alt_dev_llist_insert.o)
 .debug_info    0x0000acab       0xa3 /home/esl1-5/Desktop/ESL201000168/Assignment_11/assignment_11_bsp//libhal_bsp.a(alt_errno.o)
 .debug_info    0x0000ad4e       0x90 /home/esl1-5/Desktop/ESL201000168/Assignment_11/assignment_11_bsp//libhal_bsp.a(alt_icache_flush_all.o)
 .debug_info    0x0000adde      0x364 /home/esl1-5/Desktop/ESL201000168/Assignment_11/assignment_11_bsp//libhal_bsp.a(alt_iic.o)
 .debug_info    0x0000b142      0x1f6 /home/esl1-5/Desktop/ESL201000168/Assignment_11/assignment_11_bsp//libhal_bsp.a(alt_iic_isr_register.o)
 .debug_info    0x0000b338      0x4f0 /home/esl1-5/Desktop/ESL201000168/Assignment_11/assignment_11_bsp//libhal_bsp.a(alt_io_redirect.o)
 .debug_info    0x0000b828       0x7f /home/esl1-5/Desktop/ESL201000168/Assignment_11/assignment_11_bsp//libhal_bsp.a(alt_irq_entry.o)
 .debug_info    0x0000b8a7      0x190 /home/esl1-5/Desktop/ESL201000168/Assignment_11/assignment_11_bsp//libhal_bsp.a(alt_irq_handler.o)
 .debug_info    0x0000ba37       0x8a /home/esl1-5/Desktop/ESL201000168/Assignment_11/assignment_11_bsp//libhal_bsp.a(alt_irq_vars.o)
 .debug_info    0x0000bac1      0x3f0 /home/esl1-5/Desktop/ESL201000168/Assignment_11/assignment_11_bsp//libhal_bsp.a(alt_open.o)
 .debug_info    0x0000beb1      0x2dd /home/esl1-5/Desktop/ESL201000168/Assignment_11/assignment_11_bsp//libhal_bsp.a(alt_release_fd.o)