Archive member included because of file (symbol)

/opt/altera/13.1/nios2eds/bin/gnu/H-i686-pc-linux-gnu/bin/../lib/gcc/nios2-elf/4.7.3/../../../../../H-i686-pc-linux-gnu/nios2-elf/lib/mno-hw-mul/libsmallc.a(lib_a-printf.o)
                              obj/default/hello_world.o (printf)
/opt/altera/13.1/nios2eds/bin/gnu/H-i686-pc-linux-gnu/bin/../lib/gcc/nios2-elf/4.7.3/../../../../../H-i686-pc-linux-gnu/nios2-elf/lib/mno-hw-mul/libsmallc.a(lib_a-puts.o)
                              obj/default/hello_world.o (puts)
/opt/altera/13.1/nios2eds/bin/gnu/H-i686-pc-linux-gnu/bin/../lib/gcc/nios2-elf/4.7.3/../../../../../H-i686-pc-linux-gnu/nios2-elf/lib/mno-hw-mul/libsmallc.a(lib_a-strlen.o)
                              /opt/altera/13.1/nios2eds/bin/gnu/H-i686-pc-linux-gnu/bin/../lib/gcc/nios2-elf/4.7.3/../../../../../H-i686-pc-linux-gnu/nios2-elf/lib/mno-hw-mul/libsmallc.a(lib_a-puts.o) (strlen)
/opt/altera/13.1/nios2eds/bin/gnu/H-i686-pc-linux-gnu/bin/../lib/gcc/nios2-elf/4.7.3/../../../../../H-i686-pc-linux-gnu/nios2-elf/lib/mno-hw-mul/libsmallc.a(lib_a-vfprintf.o)
                              /opt/altera/13.1/nios2eds/bin/gnu/H-i686-pc-linux-gnu/bin/../lib/gcc/nios2-elf/4.7.3/../../../../../H-i686-pc-linux-gnu/nios2-elf/lib/mno-hw-mul/libsmallc.a(lib_a-printf.o) (___vfprintf_internal_r)
/opt/altera/13.1/nios2eds/bin/gnu/H-i686-pc-linux-gnu/bin/../lib/gcc/nios2-elf/4.7.3/../../../../../H-i686-pc-linux-gnu/nios2-elf/lib/mno-hw-mul/libsmallc.a(lib_a-fvwrite_small_dev.o)
                              /opt/altera/13.1/nios2eds/bin/gnu/H-i686-pc-linux-gnu/bin/../lib/gcc/nios2-elf/4.7.3/../../../../../H-i686-pc-linux-gnu/nios2-elf/lib/mno-hw-mul/libsmallc.a(lib_a-printf.o) (__sfvwrite_small_dev)
/opt/altera/13.1/nios2eds/bin/gnu/H-i686-pc-linux-gnu/bin/../lib/gcc/nios2-elf/4.7.3/../../../../../H-i686-pc-linux-gnu/nios2-elf/lib/mno-hw-mul/libsmallc.a(lib_a-impure.o)
                              /opt/altera/13.1/nios2eds/bin/gnu/H-i686-pc-linux-gnu/bin/../lib/gcc/nios2-elf/4.7.3/../../../../../H-i686-pc-linux-gnu/nios2-elf/lib/mno-hw-mul/libsmallc.a(lib_a-printf.o) (_impure_ptr)
/opt/altera/13.1/nios2eds/bin/gnu/H-i686-pc-linux-gnu/bin/../lib/gcc/nios2-elf/4.7.3/../../../../../H-i686-pc-linux-gnu/nios2-elf/lib/mno-hw-mul/libsmallc.a(lib_a-writer.o)
                              /opt/altera/13.1/nios2eds/bin/gnu/H-i686-pc-linux-gnu/bin/../lib/gcc/nios2-elf/4.7.3/../../../../../H-i686-pc-linux-gnu/nios2-elf/lib/mno-hw-mul/libsmallc.a(lib_a-fvwrite_small_dev.o) (_write_r)
/opt/altera/13.1/nios2eds/bin/gnu/H-i686-pc-linux-gnu/bin/../lib/gcc/nios2-elf/4.7.3/../../../../../H-i686-pc-linux-gnu/nios2-elf/lib/mno-hw-mul/libsmallc.a(lib_a-int_errno.o)
                              /opt/altera/13.1/nios2eds/bin/gnu/H-i686-pc-linux-gnu/bin/../lib/gcc/nios2-elf/4.7.3/../../../../../H-i686-pc-linux-gnu/nios2-elf/lib/mno-hw-mul/libsmallc.a(lib_a-writer.o) (errno)
/opt/altera/13.1/nios2eds/bin/gnu/H-i686-pc-linux-gnu/bin/../lib/gcc/nios2-elf/4.7.3/mno-hw-mul/libgcc.a(lib2-divmod.o)
                              /opt/altera/13.1/nios2eds/bin/gnu/H-i686-pc-linux-gnu/bin/../lib/gcc/nios2-elf/4.7.3/../../../../../H-i686-pc-linux-gnu/nios2-elf/lib/mno-hw-mul/libsmallc.a(lib_a-vfprintf.o) (__udivsi3)
/opt/altera/13.1/nios2eds/bin/gnu/H-i686-pc-linux-gnu/bin/../lib/gcc/nios2-elf/4.7.3/mno-hw-mul/libgcc.a(lib2-mul.o)
                              /opt/altera/13.1/nios2eds/bin/gnu/H-i686-pc-linux-gnu/bin/../lib/gcc/nios2-elf/4.7.3/../../../../../H-i686-pc-linux-gnu/nios2-elf/lib/mno-hw-mul/libsmallc.a(lib_a-vfprintf.o) (__mulsi3)
/home/esl1-5/Desktop/ESL201000168/Assignment_11/assignment_11_bsp//libhal_bsp.a(alt_load.o)
                              /home/esl1-5/Desktop/ESL201000168/Assignment_11/assignment_11_bsp//obj/HAL/src/crt0.o (alt_load)
/home/esl1-5/Desktop/ESL201000168/Assignment_11/assignment_11_bsp//libhal_bsp.a(alt_main.o)
                              /home/esl1-5/Desktop/ESL201000168/Assignment_11/assignment_11_bsp//obj/HAL/src/crt0.o (alt_main)
/home/esl1-5/Desktop/ESL201000168/Assignment_11/assignment_11_bsp//libhal_bsp.a(alt_usleep.o)
                              obj/default/hello_world.o (usleep)
/home/esl1-5/Desktop/ESL201000168/Assignment_11/assignment_11_bsp//libhal_bsp.a(alt_write.o)
                              /opt/altera/13.1/nios2eds/bin/gnu/H-i686-pc-linux-gnu/bin/../lib/gcc/nios2-elf/4.7.3/../../../../../H-i686-pc-linux-gnu/nios2-elf/lib/mno-hw-mul/libsmallc.a(lib_a-writer.o) (write)
/home/esl1-5/Desktop/ESL201000168/Assignment_11/assignment_11_bsp//libhal_bsp.a(alt_sys_init.o)
                              /home/esl1-5/Desktop/ESL201000168/Assignment_11/assignment_11_bsp//libhal_bsp.a(alt_main.o) (alt_irq_init)
/home/esl1-5/Desktop/ESL201000168/Assignment_11/assignment_11_bsp//libhal_bsp.a(altera_avalon_jtag_uart_fd.o)
                              /home/esl1-5/Desktop/ESL201000168/Assignment_11/assignment_11_bsp//libhal_bsp.a(alt_sys_init.o) (altera_avalon_jtag_uart_read_fd)
[...]
Memory Configuration

Name             Origin             Length             Attributes
reset            0x00008000         0x00000020
onchip_mem       0x00008020         0x00004fe0
*default*        0x00000000         0xffffffff

Linker script and memory map

LOAD /home/esl1-5/Desktop/ESL201000168/Assignment_11/assignment_11_bsp//obj/HAL/src/crt0.o
LOAD obj/default/hello_world.o
LOAD /opt/altera/13.1/nios2eds/bin/gnu/H-i686-pc-linux-gnu/bin/../lib/gcc/nios2-elf/4.7.3/../../../../../H-i686-pc-linux-gnu/nios2-elf/lib/mno-hw-mul/libstdc++.a
LOAD /opt/altera/13.1/nios2eds/bin/gnu/H-i686-pc-linux-gnu/bin/../lib/gcc/nios2-elf/4.7.3/../../../../../H-i686-pc-linux-gnu/nios2-elf/lib/mno-hw-mul/libm.a
LOAD /opt/altera/13.1/nios2eds/bin/gnu/H-i686-pc-linux-gnu/bin/../lib/gcc/nios2-elf/4.7.3/mno-hw-mul/libgcc.a
START GROUP
LOAD /opt/altera/13.1/nios2eds/bin/gnu/H-i686-pc-linux-gnu/bin/../lib/gcc/nios2-elf/4.7.3/../../../../../H-i686-pc-linux-gnu/nios2-elf/lib/mno-hw-mul/libsmallc.a
LOAD /opt/altera/13.1/nios2eds/bin/gnu/H-i686-pc-linux-gnu/bin/../lib/gcc/nios2-elf/4.7.3/mno-hw-mul/libgcc.a
LOAD /home/esl1-5/Desktop/ESL201000168/Assignment_11/assignment_11_bsp//libhal_bsp.a
END GROUP
LOAD /opt/altera/13.1/nios2eds/bin/gnu/H-i686-pc-linux-gnu/bin/../lib/gcc/nios2-elf/4.7.3/mno-hw-mul/libgcc.a
                0x00008000                __alt_mem_onchip_mem = 0x8000

.entry          0x00008000       0x20
 *(.entry)
 .entry         0x00008000       0x20 /home/esl1-5/Desktop/ESL201000168/Assignment_11/assignment_11_bsp//obj/HAL/src/crt0.o
                0x00008000                __reset

.exceptions     0x00008020      0x198
                0x00008020                PROVIDE (__ram_exceptions_start, ABSOLUTE (.))
                0x00008020                . = ALIGN (0x20)
 *(.irq)
 *(.exceptions.entry.label)
 .exceptions.entry.label
                0x00008020        0x0 /home/esl1-5/Desktop/ESL201000168/Assignment_11/assignment_11_bsp//libhal_bsp.a(alt_irq_entry.o)
                0x00008020                alt_irq_entry
 .exceptions.entry.label
                0x00008020        0x0 /home/esl1-5/Desktop/ESL201000168/Assignment_11/assignment_11_bsp//libhal_bsp.a(alt_exception_entry.o)
                0x00008020                alt_exception
 *(.exceptions.entry.user)
 *(.exceptions.entry.ecc_fatal)
 *(.exceptions.entry)
 .exceptions.entry
                0x00008020       0x54 /home/esl1-5/Desktop/ESL201000168/Assignment_11/assignment_11_bsp//libhal_bsp.a(alt_exception_entry.o)
 *(.exceptions.irqtest.user)
 *(.exceptions.irqtest)
 .exceptions.irqtest
                0x00008074       0x10 /home/esl1-5/Desktop/ESL201000168/Assignment_11/assignment_11_bsp//libhal_bsp.a(alt_irq_entry.o)
 *(.exceptions.irqhandler.user)
 *(.exceptions.irqhandler)
 .exceptions.irqhandler
                0x00008084        0x4 /home/esl1-5/Desktop/ESL201000168/Assignment_11/assignment_11_bsp//libhal_bsp.a(alt_irq_entry.o)
 *(.exceptions.irqreturn.user)
 *(.exceptions.irqreturn)
 .exceptions.irqreturn
                0x00008088        0x4 /home/esl1-5/Desktop/ESL201000168/Assignment_11/assignment_11_bsp//libhal_bsp.a(alt_irq_entry.o)
 *(.exceptions.notirq.label)
 .exceptions.notirq.label
                0x0000808c        0x0 /home/esl1-5/Desktop/ESL201000168/Assignment_11/assignment_11_bsp//libhal_bsp.a(alt_irq_entry.o)
 *(.exceptions.notirq.user)
 *(.exceptions.notirq)
 .exceptions.notirq
                0x0000808c        0x8 /home/esl1-5/Desktop/ESL201000168/Assignment_11/assignment_11_bsp//libhal_bsp.a(alt_exception_entry.o)
 *(.exceptions.soft.user)
 *(.exceptions.soft)
 *(.exceptions.unknown.user)
 *(.exceptions.unknown)
 .exceptions.unknown
                0x00008094        0x4 /home/esl1-5/Desktop/ESL201000168/Assignment_11/assignment_11_bsp//libhal_bsp.a(alt_exception_entry.o)
 *(.exceptions.exit.label)
 .exceptions.exit.label
                0x00008098        0x0 /home/esl1-5/Desktop/ESL201000168/Assignment_11/assignment_11_bsp//libhal_bsp.a(alt_irq_entry.o)
 .exceptions.exit.label
                0x00008098        0x0 /home/esl1-5/Desktop/ESL201000168/Assignment_11/assignment_11_bsp//libhal_bsp.a(alt_exception_entry.o)
 *(.exceptions.exit.user)
 *(.exceptions.exit)
 .exceptions.exit
                0x00008098       0x54 /home/esl1-5/Desktop/ESL201000168/Assignment_11/assignment_11_bsp//libhal_bsp.a(alt_exception_entry.o)
 *(.exceptions)
 .exceptions    0x000080ec       0xcc /home/esl1-5/Desktop/ESL201000168/Assignment_11/assignment_11_bsp//libhal_bsp.a(alt_irq_handler.o)
                0x000080ec                alt_irq_handler
                0x000081b8                PROVIDE (__ram_exceptions_end, ABSOLUTE (.))
                0x00008020                PROVIDE (__flash_exceptions_start, LOADADDR (.exceptions))

.text           0x000081b8     0x250c
                0x000081b8                PROVIDE (stext, ABSOLUTE (.))
 *(.interp)
 *(.hash)
 *(.dynsym)
 *(.dynstr)
 *(.gnu.version)
 *(.gnu.version_d)
 *(.gnu.version_r)
 *(.rel.init)
 *(.rela.init)
 *(.rel.text .rel.text.* .rel.gnu.linkonce.t.*)
 *(.rela.text .rela.text.* .rela.gnu.linkonce.t.*)
 *(.rel.fini)
 *(.rela.fini)
 *(.rel.rodata .rel.rodata.* .rel.gnu.linkonce.r.*)
 *(.rela.rodata .rela.rodata.* .rela.gnu.linkonce.r.*)
 *(.rel.data .rel.data.* .rel.gnu.linkonce.d.*)
 *(.rela.data .rela.data.* .rela.gnu.linkonce.d.*)
 *(.rel.tdata .rel.tdata.* .rel.gnu.linkonce.td.*)
 *(.rela.tdata .rela.tdata.* .rela.gnu.linkonce.td.*)
 *(.rel.tbss .rel.tbss.* .rel.gnu.linkonce.tb.*)
 *(.rela.tbss .rela.tbss.* .rela.gnu.linkonce.tb.*)
 *(.rel.ctors)
 *(.rela.ctors)
 *(.rel.dtors)
 *(.rela.dtors)
 *(.rel.got)
 *(.rela.got)
 *(.rel.sdata .rel.sdata.* .rel.gnu.linkonce.s.*)
 *(.rela.sdata .rela.sdata.* .rela.gnu.linkonce.s.*)
 *(.rel.sbss .rel.sbss.* .rel.gnu.linkonce.sb.*)
 *(.rela.sbss .rela.sbss.* .rela.gnu.linkonce.sb.*)
 *(.rel.sdata2 .rel.sdata2.* .rel.gnu.linkonce.s2.*)
 *(.rela.sdata2 .rela.sdata2.* .rela.gnu.linkonce.s2.*)
 *(.rel.sbss2 .rel.sbss2.* .rel.gnu.linkonce.sb2.*)
 *(.rela.sbss2 .rela.sbss2.* .rela.gnu.linkonce.sb2.*)
 *(.rel.bss .rel.bss.* .rel.gnu.linkonce.b.*)
 *(.rela.bss .rela.bss.* .rela.gnu.linkonce.b.*)
 *(.rel.plt)
 *(.rela.plt)
 *(.rel.dyn)
 *(.init)
 *(.plt)
 *(.text .stub .text.* .gnu.linkonce.t.*)
 .text          0x000081b8       0x3c /home/esl1-5/Desktop/ESL201000168/Assignment_11/assignment_11_bsp//obj/HAL/src/crt0.o
                0x000081b8                _start
 .text          0x000081f4       0x80 obj/default/hello_world.o
                0x000081f4                main
 .text          0x00008274       0x88 /opt/altera/13.1/nios2eds/bin/gnu/H-i686-pc-linux-gnu/bin/../lib/gcc/nios2-elf/4.7.3/../../../../../H-i686-pc-linux-gnu/nios2-elf/lib/mno-hw-mul/libsmallc.a(lib_a-printf.o)
                0x00008274                _printf_r
                0x000082b0                printf
 .text          0x000082fc       0x94 /opt/altera/13.1/nios2eds/bin/gnu/H-i686-pc-linux-gnu/bin/../lib/gcc/nios2-elf/4.7.3/../../../../../H-i686-pc-linux-gnu/nios2-elf/lib/mno-hw-mul/libsmallc.a(lib_a-puts.o)
                0x000082fc                _puts_r
                0x0000837c                puts
 .text          0x00008390       0x28 /opt/altera/13.1/nios2eds/bin/gnu/H-i686-pc-linux-gnu/bin/../lib/gcc/nios2-elf/4.7.3/../../../../../H-i686-pc-linux-gnu/nios2-elf/lib/mno-hw-mul/libsmallc.a(lib_a-strlen.o)
                0x00008390                strlen
 .text          0x000083b8      0x758 /opt/altera/13.1/nios2eds/bin/gnu/H-i686-pc-linux-gnu/bin/../lib/gcc/nios2-elf/4.7.3/../../../../../H-i686-pc-linux-gnu/nios2-elf/lib/mno-hw-mul/libsmallc.a(lib_a-vfprintf.o)
                0x000083b8                ___vfprintf_internal_r
                0x00008aec                __vfprintf_internal
 .text          0x00008b10       0xe0 /opt/altera/13.1/nios2eds/bin/gnu/H-i686-pc-linux-gnu/bin/../lib/gcc/nios2-elf/4.7.3/../../../../../H-i686-pc-linux-gnu/nios2-elf/lib/mno-hw-mul/libsmallc.a(lib_a-fvwrite_small_dev.o)
                0x00008b10                __sfvwrite_small_dev
 .text          0x00008bf0        0x0 /opt/altera/13.1/nios2eds/bin/gnu/H-i686-pc-linux-gnu/bin/../lib/gcc/nios2-elf/4.7.3/../../../../../H-i686-pc-linux-gnu/nios2-elf/lib/mno-hw-mul/libsmallc.a(lib_a-impure.o)
 .text          0x00008bf0       0x6c /opt/altera/13.1/nios2eds/bin/gnu/H-i686-pc-linux-gnu/bin/../lib/gcc/nios2-elf/4.7.3/../../../../../H-i686-pc-linux-gnu/nios2-elf/lib/mno-hw-mul/libsmallc.a(lib_a-writer.o)
                0x00008bf0                _write_r
 .text          0x00008c5c        0x0 /opt/altera/13.1/nios2eds/bin/gnu/H-i686-pc-linux-gnu/bin/../lib/gcc/nios2-elf/4.7.3/../../../../../H-i686-pc-linux-gnu/nios2-elf/lib/mno-hw-mul/libsmallc.a(lib_a-int_errno.o)
 .text          0x00008c5c      0x130 /opt/altera/13.1/nios2eds/bin/gnu/H-i686-pc-linux-gnu/bin/../lib/gcc/nios2-elf/4.7.3/mno-hw-mul/libgcc.a(lib2-divmod.o)
                0x00008cd0                __divsi3
                0x00008d20                __modsi3
                0x00008d7c                __udivsi3
                0x00008d84                __umodsi3
 .text          0x00008d8c       0x28 /opt/altera/13.1/nios2eds/bin/gnu/H-i686-pc-linux-gnu/bin/../lib/gcc/nios2-elf/4.7.3/mno-hw-mul/libgcc.a(lib2-mul.o)
                0x00008d8c                __mulsi3
 .text          0x00008db4       0xec /home/esl1-5/Desktop/ESL201000168/Assignment_11/assignment_11_bsp//libhal_bsp.a(alt_load.o)
                0x00008e20                alt_load
 .text          0x00008ea0       0x68 /home/esl1-5/Desktop/ESL201000168/Assignment_11/assignment_11_bsp//libhal_bsp.a(alt_main.o)
                0x00008ea0                alt_main
 .text          0x00008f08       0x30 /home/esl1-5/Desktop/ESL201000168/Assignment_11/assignment_11_bsp//libhal_bsp.a(alt_usleep.o)
                0x00008f08                usleep
 .text          0x00008f38      0x140 /home/esl1-5/Desktop/ESL201000168/Assignment_11/assignment_11_bsp//libhal_bsp.a(alt_write.o)
                0x00008f88                write
 .text          0x00009078       0xb8 /home/esl1-5/Desktop/ESL201000168/Assignment_11/assignment_11_bsp//libhal_bsp.a(alt_sys_init.o)
                0x000090b0                alt_irq_init
                0x000090e4                alt_sys_init
 .text          0x00009130       0xc0 /home/esl1-5/Desktop/ESL201000168/Assignment_11/assignment_11_bsp//libhal_bsp.a(altera_avalon_jtag_uart_fd.o)
                0x00009130                altera_avalon_jtag_uart_read_fd
                0x00009190                altera_avalon_jtag_uart_write_fd
 .text          0x000091f0       0xf4 /home/esl1-5/Desktop/ESL201000168/Assignment_11/assignment_11_bsp//libhal_bsp.a(altera_avalon_jtag_uart_read.o)
                0x000091f0                altera_avalon_jtag_uart_read
 .text          0x000092e4       0x98 /home/esl1-5/Desktop/ESL201000168/Assignment_11/assignment_11_bsp//libhal_bsp.a(altera_avalon_jtag_uart_write.o)
                0x000092e4                altera_avalon_jtag_uart_write
 .text          0x0000937c       0xfc /home/esl1-5/Desktop/ESL201000168/Assignment_11/assignment_11_bsp//libhal_bsp.a(altera_avalon_timer_sc.o)
                0x000093f0                alt_avalon_timer_sc_init
 .text          0x00009478      0x154 /home/esl1-5/Desktop/ESL201000168/Assignment_11/assignment_11_bsp//libhal_bsp.a(alt_busy_sleep.o)
                0x00009478                alt_busy_sleep
 .text          0x000095cc      0x11c /home/esl1-5/Desktop/ESL201000168/Assignment_11/assignment_11_bsp//libhal_bsp.a(alt_close.o)
                0x0000961c                close
 .text          0x000096e8       0x1c /home/esl1-5/Desktop/ESL201000168/Assignment_11/assignment_11_bsp//libhal_bsp.a(alt_dcache_flush_all.o)
                0x000096e8                alt_dcache_flush_all
 .text          0x00009704       0x2c /home/esl1-5/Desktop/ESL201000168/Assignment_11/assignment_11_bsp//libhal_bsp.a(alt_dev.o)
 .text          0x00009730       0xf0 /home/esl1-5/Desktop/ESL201000168/Assignment_11/assignment_11_bsp//libhal_bsp.a(alt_dev_llist_insert.o)
                0x00009780                alt_dev_llist_insert
 .text          0x00009820        0x0 /home/esl1-5/Desktop/ESL201000168/Assignment_11/assignment_11_bsp//libhal_bsp.a(alt_errno.o)
 .text          0x00009820       0x30 /home/esl1-5/Desktop/ESL201000168/Assignment_11/assignment_11_bsp//libhal_bsp.a(alt_icache_flush_all.o)
                0x00009820                alt_icache_flush_all
 .text          0x00009850      0x1d8 /home/esl1-5/Desktop/ESL201000168/Assignment_11/assignment_11_bsp//libhal_bsp.a(alt_iic.o)
                0x00009850                alt_ic_isr_register
                0x000098a0                alt_ic_irq_enable
                0x0000993c                alt_ic_irq_disable
                0x000099dc                alt_ic_irq_enabled
 .text          0x00009a28       0xf0 /home/esl1-5/Desktop/ESL201000168/Assignment_11/assignment_11_bsp//libhal_bsp.a(alt_iic_isr_register.o)
                0x00009a28                alt_iic_isr_register
 .text          0x00009b18      0x158 /home/esl1-5/Desktop/ESL201000168/Assignment_11/assignment_11_bsp//libhal_bsp.a(alt_io_redirect.o)
                0x00009bf8                alt_io_redirect
 .text          0x00009c70        0x0 /home/esl1-5/Desktop/ESL201000168/Assignment_11/assignment_11_bsp//libhal_bsp.a(alt_irq_entry.o)
 .text          0x00009c70        0x0 /home/esl1-5/Desktop/ESL201000168/Assignment_11/assignment_11_bsp//libhal_bsp.a(alt_irq_handler.o)
 .text          0x00009c70        0x0 /home/esl1-5/Desktop/ESL201000168/Assignment_11/assignment_11_bsp//libhal_bsp.a(alt_irq_vars.o)
 .text          0x00009c70      0x298 /home/esl1-5/Desktop/ESL201000168/Assignment_11/assignment_11_bsp//libhal_bsp.a(alt_open.o)
                0x00009db0                open
 .text          0x00009f08       0x80 /home/esl1-5/Desktop/ESL201000168/Assignment_11/assignment_11_bsp//libhal_bsp.a(alt_release_fd.o)
                0x00009f08                alt_release_fd
 .text          0x00009f88      0x19c /home/esl1-5/Desktop/ESL201000168/Assignment_11/assignment_11_bsp//libhal_bsp.a(alt_tick.o)
                0x00009f88                alt_alarm_stop
                0x0000a020                alt_tick
 .text          0x0000a124       0x20 /home/esl1-5/Desktop/ESL201000168/Assignment_11/assignment_11_bsp//libhal_bsp.a(altera_nios2_qsys_irq.o)
                0x0000a124                altera_nios2_qsys_irq_init
 .text          0x0000a144        0x0 /home/esl1-5/Desktop/ESL201000168/Assignment_11/assignment_11_bsp//libhal_bsp.a(alt_exception_entry.o)
 .text          0x0000a144       0x90 /home/esl1-5/Desktop/ESL201000168/Assignment_11/assignment_11_bsp//libhal_bsp.a(alt_find_dev.o)
                0x0000a144                alt_find_dev
 .text          0x0000a1d4      0x114 /home/esl1-5/Desktop/ESL201000168/Assignment_11/assignment_11_bsp//libhal_bsp.a(alt_find_file.o)
                0x0000a1d4                alt_find_file
 .text          0x0000a2e8       0xd4 /home/esl1-5/Desktop/ESL201000168/Assignment_11/assignment_11_bsp//libhal_bsp.a(alt_get_fd.o)
                0x0000a2e8                alt_get_fd
 .text          0x0000a3bc       0x8c /home/esl1-5/Desktop/ESL201000168/Assignment_11/assignment_11_bsp//libhal_bsp.a(alt_icache_flush.o)
                0x0000a3bc                alt_icache_flush
 .text          0x0000a448       0x20 /opt/altera/13.1/nios2eds/bin/gnu/H-i686-pc-linux-gnu/bin/../lib/gcc/nios2-elf/4.7.3/../../../../../H-i686-pc-linux-gnu/nios2-elf/lib/mno-hw-mul/libsmallc.a(lib_a-exit.o)
                0x0000a448                exit
 .text          0x0000a468       0x48 /opt/altera/13.1/nios2eds/bin/gnu/H-i686-pc-linux-gnu/bin/../lib/gcc/nios2-elf/4.7.3/../../../../../H-i686-pc-linux-gnu/nios2-elf/lib/mno-hw-mul/libsmallc.a(lib_a-memcmp.o)
                0x0000a468                memcmp
 .text          0x0000a4b0      0x1d8 /opt/altera/13.1/nios2eds/bin/gnu/H-i686-pc-linux-gnu/bin/../lib/gcc/nios2-elf/4.7.3/../../../../../H-i686-pc-linux-gnu/nios2-elf/lib/mno-hw-mul/libsmallc.a(lib_a-__call_atexit.o)
                0x0000a4b0                __call_exitprocs
 .text          0x0000a688       0x3c /home/esl1-5/Desktop/ESL201000168/Assignment_11/assignment_11_bsp//libhal_bsp.a(alt_exit.o)
                0x0000a688                _exit
 *(.gnu.warning.*)
 *(.fini)
                0x0000a6c4                PROVIDE (__etext, ABSOLUTE (.))
                0x0000a6c4                PROVIDE (_etext, ABSOLUTE (.))
                0x0000a6c4                PROVIDE (etext, ABSOLUTE (.))
 *(.eh_frame_hdr)
                0x0000a6c4                . = ALIGN (0x4)
                0x0000a6c4                PROVIDE (__preinit_array_start, ABSOLUTE (.))
 *(.preinit_array)
                0x0000a6c4                PROVIDE (__preinit_array_end, ABSOLUTE (.))
                0x0000a6c4                PROVIDE (__init_array_start, ABSOLUTE (.))
 *(.init_array)
                0x0000a6c4                PROVIDE (__init_array_end, ABSOLUTE (.))
                0x0000a6c4                PROVIDE (__fini_array_start, ABSOLUTE (.))
 *(.fini_array)
                0x0000a6c4                PROVIDE (__fini_array_end, ABSOLUTE (.))
 *(.eh_frame)
 *(.gcc_except_table .gcc_except_table.*)
 *(.dynamic)
                0x0000a6c4                PROVIDE (__CTOR_LIST__, ABSOLUTE (.))
 *(.ctors)
 *(SORT(.ctors.*))
                0x0000a6c4                PROVIDE (__CTOR_END__, ABSOLUTE (.))
                0x0000a6c4                PROVIDE (__DTOR_LIST__, ABSOLUTE (.))
 *(.dtors)
 *(SORT(.dtors.*))
                0x0000a6c4                PROVIDE (__DTOR_END__, ABSOLUTE (.))
 *(.jcr)
                0x0000a6c4                . = ALIGN (0x4)

.rodata         0x0000a6c4       0x58
                0x0000a6c4                PROVIDE (__ram_rodata_start, ABSOLUTE (.))
                0x0000a6c4                . = ALIGN (0x4)
 *(.rodata .rodata.* .gnu.linkonce.r.*)
 .rodata        0x0000a6c4       0x28 obj/default/hello_world.o
 .rodata.str1.4
                0x0000a6ec        0x4 /opt/altera/13.1/nios2eds/bin/gnu/H-i686-pc-linux-gnu/bin/../lib/gcc/nios2-elf/4.7.3/../../../../../H-i686-pc-linux-gnu/nios2-elf/lib/mno-hw-mul/libsmallc.a(lib_a-puts.o)
 .rodata        0x0000a6f0       0x10 /home/esl1-5/Desktop/ESL201000168/Assignment_11/assignment_11_bsp//libhal_bsp.a(alt_main.o)
 .rodata        0x0000a700       0x10 /home/esl1-5/Desktop/ESL201000168/Assignment_11/assignment_11_bsp//libhal_bsp.a(alt_sys_init.o)
 .rodata        0x0000a710        0xc /home/esl1-5/Desktop/ESL201000168/Assignment_11/assignment_11_bsp//libhal_bsp.a(alt_dev.o)
 *(.rodata1)
                0x0000a71c                . = ALIGN (0x4)
                0x0000a71c                PROVIDE (__ram_rodata_end, ABSOLUTE (.))
                0x0000a6c4                PROVIDE (__flash_rodata_start, LOADADDR (.rodata))

.rwdata         0x0000a71c      0x2e0 load address 0x0000a9fc
                0x0000a71c                PROVIDE (__ram_rwdata_start, ABSOLUTE (.))
                0x0000a71c                . = ALIGN (0x4)
 *(.got.plt)
 *(.got)
 *(.data1)
 *(.data .data.* .gnu.linkonce.d.*)
 .data          0x0000a71c        0x0 /home/esl1-5/Desktop/ESL201000168/Assignment_11/assignment_11_bsp//obj/HAL/src/crt0.o
 .data          0x0000a71c        0x0 obj/default/hello_world.o
 .data          0x0000a71c        0x0 /opt/altera/13.1/nios2eds/bin/gnu/H-i686-pc-linux-gnu/bin/../lib/gcc/nios2-elf/4.7.3/../../../../../H-i686-pc-linux-gnu/nios2-elf/lib/mno-hw-mul/libsmallc.a(lib_a-printf.o)
 .data          0x0000a71c        0x0 /opt/altera/13.1/nios2eds/bin/gnu/H-i686-pc-linux-gnu/bin/../lib/gcc/nios2-elf/4.7.3/../../../../../H-i686-pc-linux-gnu/nios2-elf/lib/mno-hw-mul/libsmallc.a(lib_a-puts.o)
 .data          0x0000a71c        0x0 /opt/altera/13.1/nios2eds/bin/gnu/H-i686-pc-linux-gnu/bin/../lib/gcc/nios2-elf/4.7.3/../../../../../H-i686-pc-linux-gnu/nios2-elf/lib/mno-hw-mul/libsmallc.a(lib_a-strlen.o)
 .data          0x0000a71c        0x0 /opt/altera/13.1/nios2eds/bin/gnu/H-i686-pc-linux-gnu/bin/../lib/gcc/nios2-elf/4.7.3/../../../../../H-i686-pc-linux-gnu/nios2-elf/lib/mno-hw-mul/libsmallc.a(lib_a-vfprintf.o)
 .data          0x0000a71c        0x0 /opt/altera/13.1/nios2eds/bin/gnu/H-i686-pc-linux-gnu/bin/../lib/gcc/nios2-elf/4.7.3/../../../../../H-i686-pc-linux-gnu/nios2-elf/lib/mno-hw-mul/libsmallc.a(lib_a-fvwrite_small_dev.o)
 .data          0x0000a71c       0xe0 /opt/altera/13.1/nios2eds/bin/gnu/H-i686-pc-linux-gnu/bin/../lib/gcc/nios2-elf/4.7.3/../../../../../H-i686-pc-linux-gnu/nios2-elf/lib/mno-hw-mul/libsmallc.a(lib_a-impure.o)
 .data          0x0000a7fc        0x0 /opt/altera/13.1/nios2eds/bin/gnu/H-i686-pc-linux-gnu/bin/../lib/gcc/nios2-elf/4.7.3/../../../../../H-i686-pc-linux-gnu/nios2-elf/lib/mno-hw-mul/libsmallc.a(lib_a-writer.o)
 .data          0x0000a7fc        0x0 /opt/altera/13.1/nios2eds/bin/gnu/H-i686-pc-linux-gnu/bin/../lib/gcc/nios2-elf/4.7.3/../../../../../H-i686-pc-linux-gnu/nios2-elf/lib/mno-hw-mul/libsmallc.a(lib_a-int_errno.o)
 .data          0x0000a7fc        0x0 /opt/altera/13.1/nios2eds/bin/gnu/H-i686-pc-linux-gnu/bin/../lib/gcc/nios2-elf/4.7.3/mno-hw-mul/libgcc.a(lib2-divmod.o)
 .data          0x0000a7fc        0x0 /opt/altera/13.1/nios2eds/bin/gnu/H-i686-pc-linux-gnu/bin/../lib/gcc/nios2-elf/4.7.3/mno-hw-mul/libgcc.a(lib2-mul.o)
 .data          0x0000a7fc        0x0 /home/esl1-5/Desktop/ESL201000168/Assignment_11/assignment_11_bsp//libhal_bsp.a(alt_load.o)
 .data          0x0000a7fc        0x0 /home/esl1-5/Desktop/ESL201000168/Assignment_11/assignment_11_bsp//libhal_bsp.a(alt_main.o)
 .data          0x0000a7fc        0x0 /home/esl1-5/Desktop/ESL201000168/Assignment_11/assignment_11_bsp//libhal_bsp.a(alt_usleep.o)
 .data          0x0000a7fc        0x0 /home/esl1-5/Desktop/ESL201000168/Assignment_11/assignment_11_bsp//libhal_bsp.a(alt_write.o)
 .data          0x0000a7fc       0x2c /home/esl1-5/Desktop/ESL201000168/Assignment_11/assignment_11_bsp//libhal_bsp.a(alt_sys_init.o)
 .data          0x0000a828        0x0 /home/esl1-5/Desktop/ESL201000168/Assignment_11/assignment_11_bsp//libhal_bsp.a(altera_avalon_jtag_uart_fd.o)
 .data          0x0000a828        0x0 /home/esl1-5/Desktop/ESL201000168/Assignment_11/assignment_11_bsp//libhal_bsp.a(altera_avalon_jtag_uart_read.o)
 .data          0x0000a828        0x0 /home/esl1-5/Desktop/ESL201000168/Assignment_11/assignment_11_bsp//libhal_bsp.a(altera_avalon_jtag_uart_write.o)
 .data          0x0000a828        0x0 /home/esl1-5/Desktop/ESL201000168/Assignment_11/assignment_11_bsp//libhal_bsp.a(altera_avalon_timer_sc.o)
 .data          0x0000a828        0x0 /home/esl1-5/Desktop/ESL201000168/Assignment_11/assignment_11_bsp//libhal_bsp.a(alt_busy_sleep.o)
 .data          0x0000a828        0x0 /home/esl1-5/Desktop/ESL201000168/Assignment_11/assignment_11_bsp//libhal_bsp.a(alt_close.o)
 .data          0x0000a828        0x0 /home/esl1-5/Desktop/ESL201000168/Assignment_11/assignment_11_bsp//libhal_bsp.a(alt_dcache_flush_all.o)
 .data          0x0000a828      0x1a8 /home/esl1-5/Desktop/ESL201000168/Assignment_11/assignment_11_bsp//libhal_bsp.a(alt_dev.o)
                0x0000a828                alt_dev_null
                0x0000a850                alt_fd_list
 .data          0x0000a9d0        0x0 /home/esl1-5/Desktop/ESL201000168/Assignment_11/assignment_11_bsp//libhal_bsp.a(alt_dev_llist_insert.o)
 .data          0x0000a9d0        0x0 /home/esl1-5/Desktop/ESL201000168/Assignment_11/assignment_11_bsp//libhal_bsp.a(alt_errno.o)
 .data          0x0000a9d0        0x0 /home/esl1-5/Desktop/ESL201000168/Assignment_11/assignment_11_bsp//libhal_bsp.a(alt_icache_flush_all.o)
 .data          0x0000a9d0        0x0 /home/esl1-5/Desktop/ESL201000168/Assignment_11/assignment_11_bsp//libhal_bsp.a(alt_iic.o)
 .data          0x0000a9d0        0x0 /home/esl1-5/Desktop/ESL201000168/Assignment_11/assignment_11_bsp//libhal_bsp.a(alt_iic_isr_register.o)
 .data          0x0000a9d0        0x0 /home/esl1-5/Desktop/ESL201000168/Assignment_11/assignment_11_bsp//libhal_bsp.a(alt_io_redirect.o)
 .data          0x0000a9d0        0x0 /home/esl1-5/Desktop/ESL201000168/Assignment_11/assignment_11_bsp//libhal_bsp.a(alt_irq_entry.o)
 .data          0x0000a9d0        0x0 /home/esl1-5/Desktop/ESL201000168/Assignment_11/assignment_11_bsp//libhal_bsp.a(alt_irq_handler.o)
 .data          0x0000a9d0        0x0 /home/esl1-5/Desktop/ESL201000168/Assignment_11/assignment_11_bsp//libhal_bsp.a(alt_irq_vars.o)
 .data          0x0000a9d0        0x0 /home/esl1-5/Desktop/ESL201000168/Assignment_11/assignment_11_bsp//libhal_bsp.a(alt_open.o)
 .data          0x0000a9d0        0x0 /home/esl1-5/Desktop/ESL201000168/Assignment_11/assignment_11_bsp//libhal_bsp.a(alt_release_fd.o)
 .data          0x0000a9d0        0x0 /home/esl1-5/Desktop/ESL201000168/Assignment_11/assignment_11_bsp//libhal_bsp.a(alt_tick.o)
 .data          0x0000a9d0        0x0 /home/esl1-5/Desktop/ESL201000168/Assignment_11/assignment_11_bsp//libhal_bsp.a(altera_nios2_qsys_irq.o)
 .data          0x0000a9d0        0x0 /home/esl1-5/Desktop/ESL201000168/Assignment_11/assignment_11_bsp//libhal_bsp.a(alt_exception_entry.o)
 .data          0x0000a9d0        0x0 /home/esl1-5/Desktop/ESL201000168/Assignment_11/assignment_11_bsp//libhal_bsp.a(alt_find_dev.o)
 .data          0x0000a9d0        0x0 /home/esl1-5/Desktop/ESL201000168/Assignment_11/assignment_11_bsp//libhal_bsp.a(alt_find_file.o)
 .data          0x0000a9d0        0x0 /home/esl1-5/Desktop/ESL201000168/Assignment_11/assignment_11_bsp//libhal_bsp.a(alt_get_fd.o)
 .data          0x0000a9d0        0x0 /home/esl1-5/Desktop/ESL201000168/Assignment_11/assignment_11_bsp//libhal_bsp.a(alt_icache_flush.o)
 .data          0x0000a9d0        0x0 /opt/altera/13.1/nios2eds/bin/gnu/H-i686-pc-linux-gnu/bin/../lib/gcc/nios2-elf/4.7.3/../../../../../H-i686-pc-linux-gnu/nios2-elf/lib/mno-hw-mul/libsmallc.a(lib_a-exit.o)
 .data          0x0000a9d0        0x0 /opt/altera/13.1/nios2eds/bin/gnu/H-i686-pc-linux-gnu/bin/../lib/gcc/nios2-elf/4.7.3/../../../../../H-i686-pc-linux-gnu/nios2-elf/lib/mno-hw-mul/libsmallc.a(lib_a-memcmp.o)
 .data          0x0000a9d0        0x0 /opt/altera/13.1/nios2eds/bin/gnu/H-i686-pc-linux-gnu/bin/../lib/gcc/nios2-elf/4.7.3/../../../../../H-i686-pc-linux-gnu/nios2-elf/lib/mno-hw-mul/libsmallc.a(lib_a-__call_atexit.o)
 .data          0x0000a9d0        0x0 /home/esl1-5/Desktop/ESL201000168/Assignment_11/assignment_11_bsp//libhal_bsp.a(alt_exit.o)
                0x000129d0                _gp = ABSOLUTE ((. + 0x8000))
                0x000129d0                PROVIDE (gp, _gp)
 *(.rwdata .rwdata.*)
 *(.sdata .sdata.* .gnu.linkonce.s.*)
 .sdata         0x0000a9d0        0x8 /opt/altera/13.1/nios2eds/bin/gnu/H-i686-pc-linux-gnu/bin/../lib/gcc/nios2-elf/4.7.3/../../../../../H-i686-pc-linux-gnu/nios2-elf/lib/mno-hw-mul/libsmallc.a(lib_a-impure.o)
                0x0000a9d0                _global_impure_ptr
                0x0000a9d4                _impure_ptr
 .sdata         0x0000a9d8       0x14 /home/esl1-5/Desktop/ESL201000168/Assignment_11/assignment_11_bsp//libhal_bsp.a(alt_dev.o)
                0x0000a9d8                alt_fs_list
                0x0000a9e0                alt_dev_list
                0x0000a9e8                alt_max_fd
 .sdata         0x0000a9ec        0x4 /home/esl1-5/Desktop/ESL201000168/Assignment_11/assignment_11_bsp//libhal_bsp.a(alt_errno.o)
                0x0000a9ec                alt_errno
 .sdata         0x0000a9f0        0x4 /home/esl1-5/Desktop/ESL201000168/Assignment_11/assignment_11_bsp//libhal_bsp.a(alt_irq_vars.o)
                0x0000a9f0                alt_priority_mask
 .sdata         0x0000a9f4        0x8 /home/esl1-5/Desktop/ESL201000168/Assignment_11/assignment_11_bsp//libhal_bsp.a(alt_tick.o)
                0x0000a9f4                alt_alarm_list
 *(.sdata2 .sdata2.* .gnu.linkonce.s2.*)
                0x0000a9fc                . = ALIGN (0x4)
                0x0000a9fc                _edata = ABSOLUTE (.)
                0x0000a9fc                PROVIDE (edata, ABSOLUTE (.))
                0x0000a9fc                PROVIDE (__ram_rwdata_end, ABSOLUTE (.))
                0x0000a9fc                PROVIDE (__flash_rwdata_start, LOADADDR (.rwdata))

.bss            0x0000acdc      0x11c
                0x0000acdc                __bss_start = ABSOLUTE (.)
                0x0000acdc                PROVIDE (__sbss_start, ABSOLUTE (.))
                0x0000acdc                PROVIDE (___sbss_start, ABSOLUTE (.))
 *(.dynsbss)
 *(.sbss .sbss.* .gnu.linkonce.sb.*)
 .sbss          0x0000acdc        0x4 /opt/altera/13.1/nios2eds/bin/gnu/H-i686-pc-linux-gnu/bin/../lib/gcc/nios2-elf/4.7.3/../../../../../H-i686-pc-linux-gnu/nios2-elf/lib/mno-hw-mul/libsmallc.a(lib_a-int_errno.o)
                0x0000acdc                errno
 .sbss          0x0000ace0        0xc /home/esl1-5/Desktop/ESL201000168/Assignment_11/assignment_11_bsp//libhal_bsp.a(alt_main.o)
                0x0000ace0                alt_argc
                0x0000ace4                alt_argv
                0x0000ace8                alt_envp
 .sbss          0x0000acec        0x4 /home/esl1-5/Desktop/ESL201000168/Assignment_11/assignment_11_bsp//libhal_bsp.a(alt_irq_vars.o)
                0x0000acec                alt_irq_active
 .sbss          0x0000acf0        0x8 /home/esl1-5/Desktop/ESL201000168/Assignment_11/assignment_11_bsp//libhal_bsp.a(alt_tick.o)
                0x0000acf0                _alt_tick_rate
                0x0000acf4                _alt_nticks
 *(.sbss2 .sbss2.* .gnu.linkonce.sb2.*)
 *(.scommon)
                0x0000acf8                PROVIDE (__sbss_end, ABSOLUTE (.))
                0x0000acf8                PROVIDE (___sbss_end, ABSOLUTE (.))
 *(.dynbss)
 *(.bss .bss.* .gnu.linkonce.b.*)
 .bss           0x0000acf8        0x0 /home/esl1-5/Desktop/ESL201000168/Assignment_11/assignment_11_bsp//obj/HAL/src/crt0.o
 .bss           0x0000acf8        0x0 obj/default/hello_world.o
 .bss           0x0000acf8        0x0 /opt/altera/13.1/nios2eds/bin/gnu/H-i686-pc-linux-gnu/bin/../lib/gcc/nios2-elf/4.7.3/../../../../../H-i686-pc-linux-gnu/nios2-elf/lib/mno-hw-mul/libsmallc.a(lib_a-printf.o)
 .bss           0x0000acf8        0x0 /opt/altera/13.1/nios2eds/bin/gnu/H-i686-pc-linux-gnu/bin/../lib/gcc/nios2-elf/4.7.3/../../../../../H-i686-pc-linux-gnu/nios2-elf/lib/mno-hw-mul/libsmallc.a(lib_a-puts.o)
 .bss           0x0000acf8        0x0 /opt/altera/13.1/nios2eds/bin/gnu/H-i686-pc-linux-gnu/bin/../lib/gcc/nios2-elf/4.7.3/../../../../../H-i686-pc-linux-gnu/nios2-elf/lib/mno-hw-mul/libsmallc.a(lib_a-strlen.o)
 .bss           0x0000acf8        0x0 /opt/altera/13.1/nios2eds/bin/gnu/H-i686-pc-linux-gnu/bin/../lib/gcc/nios2-elf/4.7.3/../../../../../H-i686-pc-linux-gnu/nios2-elf/lib/mno-hw-mul/libsmallc.a(lib_a-vfprintf.o)
 .bss           0x0000acf8        0x0 /opt/altera/13.1/nios2eds/bin/gnu/H-i686-pc-linux-gnu/bin/../lib/gcc/nios2-elf/4.7.3/../../../../../H-i686-pc-linux-gnu/nios2-elf/lib/mno-hw-mul/libsmallc.a(lib_a-fvwrite_small_dev.o)
 .bss           0x0000acf8        0x0 /opt/altera/13.1/nios2eds/bin/gnu/H-i686-pc-linux-gnu/bin/../lib/gcc/nios2-elf/4.7.3/../../../../../H-i686-pc-linux-gnu/nios2-elf/lib/mno-hw-mul/libsmallc.a(lib_a-impure.o)
 .bss           0x0000acf8        0x0 /opt/altera/13.1/nios2eds/bin/gnu/H-i686-pc-linux-gnu/bin/../lib/gcc/nios2-elf/4.7.3/../../../../../H-i686-pc-linux-gnu/nios2-elf/lib/mno-hw-mul/libsmallc.a(lib_a-writer.o)
 .bss           0x0000acf8        0x0 /opt/altera/13.1/nios2eds/bin/gnu/H-i686-pc-linux-gnu/bin/../lib/gcc/nios2-elf/4.7.3/../../../../../H-i686-pc-linux-gnu/nios2-elf/lib/mno-hw-mul/libsmallc.a(lib_a-int_errno.o)
 .bss           0x0000acf8        0x0 /opt/altera/13.1/nios2eds/bin/gnu/H-i686-pc-linux-gnu/bin/../lib/gcc/nios2-elf/4.7.3/mno-hw-mul/libgcc.a(lib2-divmod.o)
 .bss           0x0000acf8        0x0 /opt/altera/13.1/nios2eds/bin/gnu/H-i686-pc-linux-gnu/bin/../lib/gcc/nios2-elf/4.7.3/mno-hw-mul/libgcc.a(lib2-mul.o)
 .bss           0x0000acf8        0x0 /home/esl1-5/Desktop/ESL201000168/Assignment_11/assignment_11_bsp//libhal_bsp.a(alt_load.o)
 .bss           0x0000acf8        0x0 /home/esl1-5/Desktop/ESL201000168/Assignment_11/assignment_11_bsp//libhal_bsp.a(alt_main.o)
 .bss           0x0000acf8        0x0 /home/esl1-5/Desktop/ESL201000168/Assignment_11/assignment_11_bsp//libhal_bsp.a(alt_usleep.o)
 .bss           0x0000acf8        0x0 /home/esl1-5/Desktop/ESL201000168/Assignment_11/assignment_11_bsp//libhal_bsp.a(alt_write.o)
 .bss           0x0000acf8        0x0 /home/esl1-5/Desktop/ESL201000168/Assignment_11/assignment_11_bsp//libhal_bsp.a(alt_sys_init.o)
 .bss           0x0000acf8        0x0 /home/esl1-5/Desktop/ESL201000168/Assignment_11/assignment_11_bsp//libhal_bsp.a(altera_avalon_jtag_uart_fd.o)
 .bss           0x0000acf8        0x0 /home/esl1-5/Desktop/ESL201000168/Assignment_11/assignment_11_bsp//libhal_bsp.a(altera_avalon_jtag_uart_read.o)
 .bss           0x0000acf8        0x0 /home/esl1-5/Desktop/ESL201000168/Assignment_11/assignment_11_bsp//libhal_bsp.a(altera_avalon_jtag_uart_write.o)
 .bss           0x0000acf8        0x0 /home/esl1-5/Desktop/ESL201000168/Assignment_11/assignment_11_bsp//libhal_bsp.a(altera_avalon_timer_sc.o)
 .bss           0x0000acf8        0x0 /home/esl1-5/Desktop/ESL201000168/Assignment_11/assignment_11_bsp//libhal_bsp.a(alt_busy_sleep.o)
 .bss           0x0000acf8        0x0 /home/esl1-5/Desktop/ESL201000168/Assignment_11/assignment_11_bsp//libhal_bsp.a(alt_close.o)
 .bss           0x0000acf8        0x0 /home/esl1-5/Desktop/ESL201000168/Assignment_11/assignment_11_bsp//libhal_bsp.a(alt_dcache_flush_all.o)
 .bss           0x0000acf8        0x0 /home/esl1-5/Desktop/ESL201000168/Assignment_11/assignment_11_bsp//libhal_bsp.a(alt_dev.o)
 .bss           0x0000acf8        0x0 /home/esl1-5/Desktop/ESL201000168/Assignment_11/assignment_11_bsp//libhal_bsp.a(alt_dev_llist_insert.o)
 .bss           0x0000acf8        0x0 /home/esl1-5/Desktop/ESL201000168/Assignment_11/assignment_11_bsp//libhal_bsp.a(alt_errno.o)
 .bss           0x0000acf8        0x0 /home/esl1-5/Desktop/ESL201000168/Assignment_11/assignment_11_bsp//libhal_bsp.a(alt_icache_flush_all.o)
 .bss           0x0000acf8        0x0 /home/esl1-5/Desktop/ESL201000168/Assignment_11/assignment_11_bsp//libhal_bsp.a(alt_iic.o)
 .bss           0x0000acf8        0x0 /home/esl1-5/Desktop/ESL201000168/Assignment_11/assignment_11_bsp//libhal_bsp.a(alt_iic_isr_register.o)
 .bss           0x0000acf8        0x0 /home/esl1-5/Desktop/ESL201000168/Assignment_11/assignment_11_bsp//libhal_bsp.a(alt_io_redirect.o)
 .bss           0x0000acf8        0x0 /home/esl1-5/Desktop/ESL201000168/Assignment_11/assignment_11_bsp//libhal_bsp.a(alt_irq_entry.o)
 .bss           0x0000acf8        0x0 /home/esl1-5/Desktop/ESL201000168/Assignment_11/assignment_11_bsp//libhal_bsp.a(alt_irq_handler.o)
 .bss           0x0000acf8        0x0 /home/esl1-5/Desktop/ESL201000168/Assignment_11/assignment_11_bsp//libhal_bsp.a(alt_irq_vars.o)
 .bss           0x0000acf8        0x0 /home/esl1-5/Desktop/ESL201000168/Assignment_11/assignment_11_bsp//libhal_bsp.a(alt_open.o)
 .bss           0x0000acf8        0x0 /home/esl1-5/Desktop/ESL201000168/Assignment_11/assignment_11_bsp//libhal_bsp.a(alt_release_fd.o)
 .bss           0x0000acf8        0x0 /home/esl1-5/Desktop/ESL201000168/Assignment_11/assignment_11_bsp//libhal_bsp.a(alt_tick.o)
 .bss           0x0000acf8        0x0 /home/esl1-5/Desktop/ESL201000168/Assignment_11/assignment_11_bsp//libhal_bsp.a(altera_nios2_qsys_irq.o)
 .bss           0x0000acf8        0x0 /home/esl1-5/Desktop/ESL201000168/Assignment_11/assignment_11_bsp//libhal_bsp.a(alt_exception_entry.o)
 .bss           0x0000acf8        0x0 /home/esl1-5/Desktop/ESL201000168/Assignment_11/assignment_11_bsp//libhal_bsp.a(alt_find_dev.o)
 .bss           0x0000acf8        0x0 /home/esl1-5/Desktop/ESL201000168/Assignment_11/assignment_11_bsp//libhal_bsp.a(alt_find_file.o)
 .bss           0x0000acf8        0x0 /home/esl1-5/Desktop/ESL201000168/Assignment_11/assignment_11_bsp//libhal_bsp.a(alt_get_fd.o)
 .bss           0x0000acf8        0x0 /home/esl1-5/Desktop/ESL201000168/Assignment_11/assignment_11_bsp//libhal_bsp.a(alt_icache_flush.o)
 .bss           0x0000acf8        0x0 /opt/altera/13.1/nios2eds/bin/gnu/H-i686-pc-linux-gnu/bin/../lib/gcc/nios2-elf/4.7.3/../../../../../H-i686-pc-linux-gnu/nios2-elf/lib/mno-hw-mul/libsmallc.a(lib_a-exit.o)
 .bss           0x0000acf8        0x0 /opt/altera/13.1/nios2eds/bin/gnu/H-i686-pc-linux-gnu/bin/../lib/gcc/nios2-elf/4.7.3/../../../../../H-i686-pc-linux-gnu/nios2-elf/lib/mno-hw-mul/libsmallc.a(lib_a-memcmp.o)
 .bss           0x0000acf8        0x0 /opt/altera/13.1/nios2eds/bin/gnu/H-i686-pc-linux-gnu/bin/../lib/gcc/nios2-elf/4.7.3/../../../../../H-i686-pc-linux-gnu/nios2-elf/lib/mno-hw-mul/libsmallc.a(lib_a-__call_atexit.o)
 .bss           0x0000acf8        0x0 /home/esl1-5/Desktop/ESL201000168/Assignment_11/assignment_11_bsp//libhal_bsp.a(alt_exit.o)
 *(COMMON)
 COMMON         0x0000acf8      0x100 /home/esl1-5/Desktop/ESL201000168/Assignment_11/assignment_11_bsp//libhal_bsp.a(alt_irq_handler.o)
                0x0000acf8                alt_irq
                0x0000adf8                . = ALIGN (0x4)
                0x0000adf8                __bss_end = ABSOLUTE (.)

.onchip_mem     0x0000adf8        0x0
                0x0000adf8                PROVIDE (_alt_partition_onchip_mem_start, ABSOLUTE (.))
 *(.onchip_mem .onchip_mem. onchip_mem.*)
                0x0000adf8                . = ALIGN (0x4)
                0x0000adf8                PROVIDE (_alt_partition_onchip_mem_end, ABSOLUTE (.))
                0x0000adf8                _end = ABSOLUTE (.)
                0x0000adf8                end = ABSOLUTE (.)
                0x0000adf8                __alt_stack_base = ABSOLUTE (.)
                0x0000adf8                PROVIDE (_alt_partition_onchip_mem_load_addr, LOADADDR (.onchip_mem))

.stab
 *(.stab)

.stabstr
 *(.stabstr)

.stab.excl
 *(.stab.excl)

.stab.exclstr
 *(.stab.exclstr)

.stab.index
 *(.stab.index)

.stab.indexstr
 *(.stab.indexstr)

.comment        0x00000000       0x23
 *(.comment)
 .comment       0x00000000       0x23 obj/default/hello_world.o
                                 0x24 (size before relaxing)
 .comment       0x00000000       0x24 /opt/altera/13.1/nios2eds/bin/gnu/H-i686-pc-linux-gnu/bin/../lib/gcc/nios2-elf/4.7.3/../../../../../H-i686-pc-linux-gnu/nios2-elf/lib/mno-hw-mul/libsmallc.a(lib_a-printf.o)
 .comment       0x00000000       0x24 /opt/altera/13.1/nios2eds/bin/gnu/H-i686-pc-linux-gnu/bin/../lib/gcc/nios2-elf/4.7.3/../../../../../H-i686-pc-linux-gnu/nios2-elf/lib/mno-hw-mul/libsmallc.a(lib_a-puts.o)
 .comment       0x00000000       0x24 /opt/altera/13.1/nios2eds/bin/gnu/H-i686-pc-linux-gnu/bin/../lib/gcc/nios2-elf/4.7.3/../../../../../H-i686-pc-linux-gnu/nios2-elf/lib/mno-hw-mul/libsmallc.a(lib_a-strlen.o)
 .comment       0x00000000       0x24 /opt/altera/13.1/nios2eds/bin/gnu/H-i686-pc-linux-gnu/bin/../lib/gcc/nios2-elf/4.7.3/../../../../../H-i686-pc-linux-gnu/nios2-elf/lib/mno-hw-mul/libsmallc.a(lib_a-vfprintf.o)
 .comment       0x00000000       0x24 /opt/altera/13.1/nios2eds/bin/gnu/H-i686-pc-linux-gnu/bin/../lib/gcc/nios2-elf/4.7.3/../../../../../H-i686-pc-linux-gnu/nios2-elf/lib/mno-hw-mul/libsmallc.a(lib_a-fvwrite_small_dev.o)
 .comment       0x00000000       0x24 /opt/altera/13.1/nios2eds/bin/gnu/H-i686-pc-linux-gnu/bin/../lib/gcc/nios2-elf/4.7.3/../../../../../H-i686-pc-linux-gnu/nios2-elf/lib/mno-hw-mul/libsmallc.a(lib_a-impure.o)
 .comment       0x00000000       0x24 /opt/altera/13.1/nios2eds/bin/gnu/H-i686-pc-linux-gnu/bin/../lib/gcc/nios2-elf/4.7.3/../../../../../H-i686-pc-linux-gnu/nios2-elf/lib/mno-hw-mul/libsmallc.a(lib_a-writer.o)
 .comment       0x00000000       0x24 /opt/altera/13.1/nios2eds/bin/gnu/H-i686-pc-linux-gnu/bin/../lib/gcc/nios2-elf/4.7.3/../../../../../H-i686-pc-linux-gnu/nios2-elf/lib/mno-hw-mul/libsmallc.a(lib_a-int_errno.o)
 .comment       0x00000000       0x24 /opt/altera/13.1/nios2eds/bin/gnu/H-i686-pc-linux-gnu/bin/../lib/gcc/nios2-elf/4.7.3/mno-hw-mul/libgcc.a(lib2-divmod.o)
 .comment       0x00000000       0x24 /opt/altera/13.1/nios2eds/bin/gnu/H-i686-pc-linux-gnu/bin/../lib/gcc/nios2-elf/4.7.3/mno-hw-mul/libgcc.a(lib2-mul.o)
 .comment       0x00000000       0x24 /home/esl1-5/Desktop/ESL201000168/Assignment_11/assignment_11_bsp//libhal_bsp.a(alt_load.o)
 .comment       0x00000000       0x24 /home/esl1-5/Desktop/ESL201000168/Assignment_11/assignment_11_bsp//libhal_bsp.a(alt_main.o)
 .comment       0x00000000       0x24 /home/esl1-5/Desktop/ESL201000168/Assignment_11/assignment_11_bsp//libhal_bsp.a(alt_usleep.o)
 .comment       0x00000000       0x24 /home/esl1-5/Desktop/ESL201000168/Assignment_11/assignment_11_bsp//libhal_bsp.a(alt_write.o)
 .comment       0x00000000       0x24 /home/esl1-5/Desktop/ESL201000168/Assignment_11/assignment_11_bsp//libhal_bsp.a(alt_sys_init.o)
 .comment       0x00000000       0x24 /home/esl1-5/Desktop/ESL201000168/Assignment_11/assignment_11_bsp//libhal_bsp.a(altera_avalon_jtag_uart_fd.o)
 .comment       0x00000000       0x24 /home/esl1-5/Desktop/ESL201000168/Assignment_11/assignment_11_bsp//libhal_bsp.a(altera_avalon_jtag_uart_read.o)
 .comment       0x00000000       0x24 /home/esl1-5/Desktop/ESL201000168/Assignment_11/assignment_11_bsp//libhal_bsp.a(altera_avalon_jtag_uart_write.o)
 .comment       0x00000000       0x24 /home/esl1-5/Desktop/ESL201000168/Assignment_11/assignment_11_bsp//libhal_bsp.a(altera_avalon_timer_sc.o)
 .comment       0x00000000       0x24 /home/esl1-5/Desktop/ESL201000168/Assignment_11/assignment_11_bsp//libhal_bsp.a(alt_busy_sleep.o)
 .comment       0x00000000       0x24 /home/esl1-5/Desktop/ESL201000168/Assignment_11/assignment_11_bsp//libhal_bsp.a(alt_close.o)
 .comment       0x00000000       0x24 /home/esl1-5/Desktop/ESL201000168/Assignment_11/assignment_11_bsp//libhal_bsp.a(alt_dcache_flush_all.o)
 .comment       0x00000000       0x24 /home/esl1-5/Desktop/ESL201000168/Assignment_11/assignment_11_bsp//libhal_bsp.a(alt_dev.o)
 .comment       0x00000000       0x24 /home/esl1-5/Desktop/ESL201000168/Assignment_11/assignment_11_bsp//libhal_bsp.a(alt_dev_llist_insert.o)
 .comment       0x00000000       0x24 /home/esl1-5/Desktop/ESL201000168/Assignment_11/assignment_11_bsp//libhal_bsp.a(alt_errno.o)
 .comment       0x00000000       0x24 /home/esl1-5/Desktop/ESL201000168/Assignment_11/assignment_11_bsp//libhal_bsp.a(alt_icache_flush_all.o)
 .comment       0x00000000       0x24 /home/esl1-5/Desktop/ESL201000168/Assignment_11/assignment_11_bsp//libhal_bsp.a(alt_iic.o)
 .comment       0x00000000       0x24 /home/esl1-5/Desktop/ESL201000168/Assignment_11/assignment_11_bsp//libhal_bsp.a(alt_iic_isr_register.o)
 .comment       0x00000000       0x24 /home/esl1-5/Desktop/ESL201000168/Assignment_11/assignment_11_bsp//libhal_bsp.a(alt_io_redirect.o)
 .comment       0x00000000       0x24 /home/esl1-5/Desktop/ESL201000168/Assignment_11/assignment_11_bsp//libhal_bsp.a(alt_irq_handler.o)
 .comment       0x00000000       0x24 /home/esl1-5/Desktop/ESL201000168/Assignment_11/assignment_11_bsp//libhal_bsp.a(alt_irq_vars.o)
 .comment       0x00000000       0x24 /home/esl1-5/Desktop/ESL201000168/Assignment_11/assignment_11_bsp//libhal_bsp.a(alt_open.o)
 .comment       0x00000000       0x24 /home/esl1-5/Desktop/ESL201000168/Assignment_11/assignment_11_bsp//libhal_bsp.a(alt_release_fd.o)
 .comment       0x00000000       0x24 /home/esl1-5/Desktop/ESL201000168/Assignment_11/assignment_11_bsp//libhal_bsp.a(alt_tick.o)
 .comment       0x00000000       0x24 /home/esl1-5/Desktop/ESL201000168/Assignment_11/assignment_11_bsp//libhal_bsp.a(altera_nios2_qsys_irq.o)
 .comment       0x00000000       0x24 /home/esl1-5/Desktop/ESL201000168/Assignment_11/assignment_11_bsp//libhal_bsp.a(alt_find_dev.o)
 .comment       0x00000000       0x24 /home/esl1-5/Desktop/ESL201000168/Assignment_11/assignment_11_bsp//libhal_bsp.a(alt_find_file.o)
 .comment       0x00000000       0x24 /home/esl1-5/Desktop/ESL201000168/Assignment_11/assignment_11_bsp//libhal_bsp.a(alt_get_fd.o)
 .comment       0x00000000       0x24 /home/esl1-5/Desktop/ESL201000168/Assignment_11/assignment_11_bsp//libhal_bsp.a(alt_icache_flush.o)
 .comment       0x00000000       0x24 /opt/altera/13.1/nios2eds/bin/gnu/H-i686-pc-linux-gnu/bin/../lib/gcc/nios2-elf/4.7.3/../../../../../H-i686-pc-linux-gnu/nios2-elf/lib/mno-hw-mul/libsmallc.a(lib_a-exit.o)
 .comment       0x00000000       0x24 /opt/altera/13.1/nios2eds/bin/gnu/H-i686-pc-linux-gnu/bin/../lib/gcc/nios2-elf/4.7.3/../../../../../H-i686-pc-linux-gnu/nios2-elf/lib/mno-hw-mul/libsmallc.a(lib_a-memcmp.o)
 .comment       0x00000000       0x24 /opt/altera/13.1/nios2eds/bin/gnu/H-i686-pc-linux-gnu/bin/../lib/gcc/nios2-elf/4.7.3/../../../../../H-i686-pc-linux-gnu/nios2-elf/lib/mno-hw-mul/libsmallc.a(lib_a-__call_atexit.o)
 .comment       0x00000000       0x24 /home/esl1-5/Desktop/ESL201000168/Assignment_11/assignment_11_bsp//libhal_bsp.a(alt_exit.o)

.debug
 *(.debug)

.line
 *(.line)

.debug_srcinfo
 *(.debug_srcinfo)

.debug_sfnames
 *(.debug_sfnames)

.debug_aranges  0x00000000      0x5f0
 *(.debug_aranges)
 .debug_aranges
                0x00000000       0x28 /home/esl1-5/Desktop/ESL201000168/Assignment_11/assignment_11_bsp//obj/HAL/src/crt0.o
 .debug_aranges
                0x00000028       0x20 obj/default/hello_world.o
 .debug_aranges
                0x00000048       0x20 /opt/altera/13.1/nios2eds/bin/gnu/H-i686-pc-linux-gnu/bin/../lib/gcc/nios2-elf/4.7.3/../../../../../H-i686-pc-linux-gnu/nios2-elf/lib/mno-hw-mul/libsmallc.a(lib_a-printf.o)
 .debug_aranges
                0x00000068       0x20 /opt/altera/13.1/nios2eds/bin/gnu/H-i686-pc-linux-gnu/bin/../lib/gcc/nios2-elf/4.7.3/../../../../../H-i686-pc-linux-gnu/nios2-elf/lib/mno-hw-mul/libsmallc.a(lib_a-puts.o)
 .debug_aranges
                0x00000088       0x20 /opt/altera/13.1/nios2eds/bin/gnu/H-i686-pc-linux-gnu/bin/../lib/gcc/nios2-elf/4.7.3/../../../../../H-i686-pc-linux-gnu/nios2-elf/lib/mno-hw-mul/libsmallc.a(lib_a-strlen.o)
 .debug_aranges
                0x000000a8       0x20 /opt/altera/13.1/nios2eds/bin/gnu/H-i686-pc-linux-gnu/bin/../lib/gcc/nios2-elf/4.7.3/../../../../../H-i686-pc-linux-gnu/nios2-elf/lib/mno-hw-mul/libsmallc.a(lib_a-vfprintf.o)
 .debug_aranges
                0x000000c8       0x20 /opt/altera/13.1/nios2eds/bin/gnu/H-i686-pc-linux-gnu/bin/../lib/gcc/nios2-elf/4.7.3/../../../../../H-i686-pc-linux-gnu/nios2-elf/lib/mno-hw-mul/libsmallc.a(lib_a-fvwrite_small_dev.o)
 .debug_aranges
                0x000000e8       0x18 /opt/altera/13.1/nios2eds/bin/gnu/H-i686-pc-linux-gnu/bin/../lib/gcc/nios2-elf/4.7.3/../../../../../H-i686-pc-linux-gnu/nios2-elf/lib/mno-hw-mul/libsmallc.a(lib_a-impure.o)
 .debug_aranges
                0x00000100       0x20 /opt/altera/13.1/nios2eds/bin/gnu/H-i686-pc-linux-gnu/bin/../lib/gcc/nios2-elf/4.7.3/../../../../../H-i686-pc-linux-gnu/nios2-elf/lib/mno-hw-mul/libsmallc.a(lib_a-writer.o)
 .debug_aranges
                0x00000120       0x18 /opt/altera/13.1/nios2eds/bin/gnu/H-i686-pc-linux-gnu/bin/../lib/gcc/nios2-elf/4.7.3/../../../../../H-i686-pc-linux-gnu/nios2-elf/lib/mno-hw-mul/libsmallc.a(lib_a-int_errno.o)
 .debug_aranges
                0x00000138       0x20 /opt/altera/13.1/nios2eds/bin/gnu/H-i686-pc-linux-gnu/bin/../lib/gcc/nios2-elf/4.7.3/mno-hw-mul/libgcc.a(lib2-divmod.o)
 .debug_aranges
                0x00000158       0x20 /opt/altera/13.1/nios2eds/bin/gnu/H-i686-pc-linux-gnu/bin/../lib/gcc/nios2-elf/4.7.3/mno-hw-mul/libgcc.a(lib2-mul.o)
 .debug_aranges
                0x00000178       0x20 /home/esl1-5/Desktop/ESL201000168/Assignment_11/assignment_11_bsp//libhal_bsp.a(alt_load.o)
 .debug_aranges
                0x00000198       0x20 /home/esl1-5/Desktop/ESL201000168/Assignment_11/assignment_11_bsp//libhal_bsp.a(alt_main.o)
 .debug_aranges
                0x000001b8       0x20 /home/esl1-5/Desktop/ESL201000168/Assignment_11/assignment_11_bsp//libhal_bsp.a(alt_usleep.o)
 .debug_aranges
                0x000001d8       0x20 /home/esl1-5/Desktop/ESL201000168/Assignment_11/assignment_11_bsp//libhal_bsp.a(alt_write.o)
 .debug_aranges
                0x000001f8       0x20 /home/esl1-5/Desktop/ESL201000168/Assignment_11/assignment_11_bsp//libhal_bsp.a(alt_sys_init.o)
 .debug_aranges
                0x00000218       0x20 /home/esl1-5/Desktop/ESL201000168/Assignment_11/assignment_11_bsp//libhal_bsp.a(altera_avalon_jtag_uart_fd.o)
 .debug_aranges
                0x00000238       0x20 /home/esl1-5/Desktop/ESL201000168/Assignment_11/assignment_11_bsp//libhal_bsp.a(altera_avalon_jtag_uart_read.o)
 .debug_aranges
                0x00000258       0x20 /home/esl1-5/Desktop/ESL201000168/Assignment_11/assignment_11_bsp//libhal_bsp.a(altera_avalon_jtag_uart_write.o)
 .debug_aranges
                0x00000278       0x20 /home/esl1-5/Desktop/ESL201000168/Assignment_11/assignment_11_bsp//libhal_bsp.a(altera_avalon_timer_sc.o)
 .debug_aranges
                0x00000298       0x20 /home/esl1-5/Desktop/ESL201000168/Assignment_11/assignment_11_bsp//libhal_bsp.a(alt_busy_sleep.o)
 .debug_aranges
                0x000002b8       0x20 /home/esl1-5/Desktop/ESL201000168/Assignment_11/assignment_11_bsp//libhal_bsp.a(alt_close.o)
 .debug_aranges
                0x000002d8       0x20 /home/esl1-5/Desktop/ESL201000168/Assignment_11/assignment_11_bsp//libhal_bsp.a(alt_dcache_flush_all.o)
 .debug_aranges
                0x000002f8       0x20 /home/esl1-5/Desktop/ESL201000168/Assignment_11/assignment_11_bsp//libhal_bsp.a(alt_dev.o)
 .debug_aranges
                0x00000318       0x20 /home/esl1-5/Desktop/ESL201000168/Assignment_11/assignment_11_bsp//libhal_bsp.a(alt_dev_llist_insert.o)
 .debug_aranges
                0x00000338       0x18 /home/esl1-5/Desktop/ESL201000168/Assignment_11/assignment_11_bsp//libhal_bsp.a(alt_errno.o)
 .debug_aranges
                0x00000350       0x20 /home/esl1-5/Desktop/ESL201000168/Assignment_11/assignment_11_bsp//libhal_bsp.a(alt_icache_flush_all.o)
 .debug_aranges
                0x00000370       0x20 /home/esl1-5/Desktop/ESL201000168/Assignment_11/assignment_11_bsp//libhal_bsp.a(alt_iic.o)
 .debug_aranges
                0x00000390       0x20 /home/esl1-5/Desktop/ESL201000168/Assignment_11/assignment_11_bsp//libhal_bsp.a(alt_iic_isr_register.o)
 .debug_aranges
                0x000003b0       0x20 /home/esl1-5/Desktop/ESL201000168/Assignment_11/assignment_11_bsp//libhal_bsp.a(alt_io_redirect.o)
 .debug_aranges
                0x000003d0       0x30 /home/esl1-5/Desktop/ESL201000168/Assignment_11/assignment_11_bsp//libhal_bsp.a(alt_irq_entry.o)
 .debug_aranges
                0x00000400       0x20 /home/esl1-5/Desktop/ESL201000168/Assignment_11/assignment_11_bsp//libhal_bsp.a(alt_irq_handler.o)
 .debug_aranges
                0x00000420       0x18 /home/esl1-5/Desktop/ESL201000168/Assignment_11/assignment_11_bsp//libhal_bsp.a(alt_irq_vars.o)
 .debug_aranges
                0x00000438       0x20 /home/esl1-5/Desktop/ESL201000168/Assignment_11/assignment_11_bsp//libhal_bsp.a(alt_open.o)
 .debug_aranges
                0x00000458       0x20 /home/esl1-5/Desktop/ESL201000168/Assignment_11/assignment_11_bsp//libhal_bsp.a(alt_release_fd.o)
 .debug_aranges
                0x00000478       0x20 /home/esl1-5/Desktop/ESL201000168/Assignment_11/assignment_11_bsp//libhal_bsp.a(alt_tick.o)
 .debug_aranges
                0x00000498       0x20 /home/esl1-5/Desktop/ESL201000168/Assignment_11/assignment_11_bsp//libhal_bsp.a(altera_nios2_qsys_irq.o)
 .debug_aranges
                0x000004b8       0x38 /home/esl1-5/Desktop/ESL201000168/Assignment_11/assignment_11_bsp//libhal_bsp.a(alt_exception_entry.o)
 .debug_aranges
                0x000004f0       0x20 /home/esl1-5/Desktop/ESL201000168/Assignment_11/assignment_11_bsp//libhal_bsp.a(alt_find_dev.o)
 .debug_aranges
                0x00000510       0x20 /home/esl1-5/Desktop/ESL201000168/Assignment_11/assignment_11_bsp//libhal_bsp.a(alt_find_file.o)
 .debug_aranges
                0x00000530       0x20 /home/esl1-5/Desktop/ESL201000168/Assignment_11/assignment_11_bsp//libhal_bsp.a(alt_get_fd.o)
 .debug_aranges
                0x00000550       0x20 /home/esl1-5/Desktop/ESL201000168/Assignment_11/assignment_11_bsp//libhal_bsp.a(alt_icache_flush.o)
 .debug_aranges
                0x00000570       0x20 /opt/altera/13.1/nios2eds/bin/gnu/H-i686-pc-linux-gnu/bin/../lib/gcc/nios2-elf/4.7.3/../../../../../H-i686-pc-linux-gnu/nios2-elf/lib/mno-hw-mul/libsmallc.a(lib_a-exit.o)
 .debug_aranges
                0x00000590       0x20 /opt/altera/13.1/nios2eds/bin/gnu/H-i686-pc-linux-gnu/bin/../lib/gcc/nios2-elf/4.7.3/../../../../../H-i686-pc-linux-gnu/nios2-elf/lib/mno-hw-mul/libsmallc.a(lib_a-memcmp.o)
 .debug_aranges
                0x000005b0       0x20 /opt/altera/13.1/nios2eds/bin/gnu/H-i686-pc-linux-gnu/bin/../lib/gcc/nios2-elf/4.7.3/../../../../../H-i686-pc-linux-gnu/nios2-elf/lib/mno-hw-mul/libsmallc.a(lib_a-__call_atexit.o)
 .debug_aranges
                0x000005d0       0x20 /home/esl1-5/Desktop/ESL201000168/Assignment_11/assignment_11_bsp//libhal_bsp.a(alt_exit.o)

.debug_pubnames
 *(.debug_pubnames)

.debug_info     0x00000000     0x8212
 *(.debug_info .gnu.linkonce.wi.*)
 .debug_info    0x00000000       0x76 /home/esl1-5/Desktop/ESL201000168/Assignment_11/assignment_11_bsp//obj/HAL/src/crt0.o
 .debug_info    0x00000076       0xc5 obj/default/hello_world.o
 .debug_info    0x0000013b      0x765 /opt/altera/13.1/nios2eds/bin/gnu/H-i686-pc-linux-gnu/bin/../lib/gcc/nios2-elf/4.7.3/../../../../../H-i686-pc-linux-gnu/nios2-elf/lib/mno-hw-mul/libsmallc.a(lib_a-printf.o)
 .debug_info    0x000008a0      0x6f4 /opt/altera/13.1/nios2eds/bin/gnu/H-i686-pc-linux-gnu/bin/../lib/gcc/nios2-elf/4.7.3/../../../../../H-i686-pc-linux-gnu/nios2-elf/lib/mno-hw-mul/libsmallc.a(lib_a-puts.o)
 .debug_info    0x00000f94       0xc6 /opt/altera/13.1/nios2eds/bin/gnu/H-i686-pc-linux-gnu/bin/../lib/gcc/nios2-elf/4.7.3/../../../../../H-i686-pc-linux-gnu/nios2-elf/lib/mno-hw-mul/libsmallc.a(lib_a-strlen.o)
 .debug_info    0x0000105a      0xc69 /opt/altera/13.1/nios2eds/bin/gnu/H-i686-pc-linux-gnu/bin/../lib/gcc/nios2-elf/4.7.3/../../../../../H-i686-pc-linux-gnu/nios2-elf/lib/mno-hw-mul/libsmallc.a(lib_a-vfprintf.o)
 .debug_info    0x00001cc3      0x6d9 /opt/altera/13.1/nios2eds/bin/gnu/H-i686-pc-linux-gnu/bin/../lib/gcc/nios2-elf/4.7.3/../../../../../H-i686-pc-linux-gnu/nios2-elf/lib/mno-hw-mul/libsmallc.a(lib_a-fvwrite_small_dev.o)
 .debug_info    0x0000239c      0x631 /opt/altera/13.1/nios2eds/bin/gnu/H-i686-pc-linux-gnu/bin/../lib/gcc/nios2-elf/4.7.3/../../../../../H-i686-pc-linux-gnu/nios2-elf/lib/mno-hw-mul/libsmallc.a(lib_a-impure.o)
 .debug_info    0x000029cd      0x6cb /opt/altera/13.1/nios2eds/bin/gnu/H-i686-pc-linux-gnu/bin/../lib/gcc/nios2-elf/4.7.3/../../../../../H-i686-pc-linux-gnu/nios2-elf/lib/mno-hw-mul/libsmallc.a(lib_a-writer.o)
 .debug_info    0x00003098       0x84 /opt/altera/13.1/nios2eds/bin/gnu/H-i686-pc-linux-gnu/bin/../lib/gcc/nios2-elf/4.7.3/../../../../../H-i686-pc-linux-gnu/nios2-elf/lib/mno-hw-mul/libsmallc.a(lib_a-int_errno.o)
 .debug_info    0x0000311c      0x289 /opt/altera/13.1/nios2eds/bin/gnu/H-i686-pc-linux-gnu/bin/../lib/gcc/nios2-elf/4.7.3/mno-hw-mul/libgcc.a(lib2-divmod.o)
 .debug_info    0x000033a5       0xb8 /opt/altera/13.1/nios2eds/bin/gnu/H-i686-pc-linux-gnu/bin/../lib/gcc/nios2-elf/4.7.3/mno-hw-mul/libgcc.a(lib2-mul.o)
 .debug_info    0x0000345d      0x135 /home/esl1-5/Desktop/ESL201000168/Assignment_11/assignment_11_bsp//libhal_bsp.a(alt_load.o)
 .debug_info    0x00003592      0x139 /home/esl1-5/Desktop/ESL201000168/Assignment_11/assignment_11_bsp//libhal_bsp.a(alt_main.o)
 .debug_info    0x000036cb       0xad /home/esl1-5/Desktop/ESL201000168/Assignment_11/assignment_11_bsp//libhal_bsp.a(alt_usleep.o)
 .debug_info    0x00003778      0x507 /home/esl1-5/Desktop/ESL201000168/Assignment_11/assignment_11_bsp//libhal_bsp.a(alt_write.o)
 .debug_info    0x00003c7f      0x420 /home/esl1-5/Desktop/ESL201000168/Assignment_11/assignment_11_bsp//libhal_bsp.a(alt_sys_init.o)
 .debug_info    0x0000409f      0x3da /home/esl1-5/Desktop/ESL201000168/Assignment_11/assignment_11_bsp//libhal_bsp.a(altera_avalon_jtag_uart_fd.o)
 .debug_info    0x00004479      0x1bc /home/esl1-5/Desktop/ESL201000168/Assignment_11/assignment_11_bsp//libhal_bsp.a(altera_avalon_jtag_uart_read.o)
 .debug_info    0x00004635      0x19f /home/esl1-5/Desktop/ESL201000168/Assignment_11/assignment_11_bsp//libhal_bsp.a(altera_avalon_jtag_uart_write.o)
 .debug_info    0x000047d4      0x235 /home/esl1-5/Desktop/ESL201000168/Assignment_11/assignment_11_bsp//libhal_bsp.a(altera_avalon_timer_sc.o)
 .debug_info    0x00004a09       0xd5 /home/esl1-5/Desktop/ESL201000168/Assignment_11/assignment_11_bsp//libhal_bsp.a(alt_busy_sleep.o)
 .debug_info    0x00004ade      0x350 /home/esl1-5/Desktop/ESL201000168/Assignment_11/assignment_11_bsp//libhal_bsp.a(alt_close.o)
 .debug_info    0x00004e2e       0x90 /home/esl1-5/Desktop/ESL201000168/Assignment_11/assignment_11_bsp//libhal_bsp.a(alt_dcache_flush_all.o)
 .debug_info    0x00004ebe      0x4e3 /home/esl1-5/Desktop/ESL201000168/Assignment_11/assignment_11_bsp//libhal_bsp.a(alt_dev.o)
 .debug_info    0x000053a1      0x1b9 /home/esl1-5/Desktop/ESL201000168/Assignment_11/assignment_11_bsp//libhal_bsp.a(alt_dev_llist_insert.o)
 .debug_info    0x0000555a       0xa3 /home/esl1-5/Desktop/ESL201000168/Assignment_11/assignment_11_bsp//libhal_bsp.a(alt_errno.o)
 .debug_info    0x000055fd       0x90 /home/esl1-5/Desktop/ESL201000168/Assignment_11/assignment_11_bsp//libhal_bsp.a(alt_icache_flush_all.o)
 .debug_info    0x0000568d      0x364 /home/esl1-5/Desktop/ESL201000168/Assignment_11/assignment_11_bsp//libhal_bsp.a(alt_iic.o)
 .debug_info    0x000059f1      0x1f6 /home/esl1-5/Desktop/ESL201000168/Assignment_11/assignment_11_bsp//libhal_bsp.a(alt_iic_isr_register.o)
 .debug_info    0x00005be7      0x4f0 /home/esl1-5/Desktop/ESL201000168/Assignment_11/assignment_11_bsp//libhal_bsp.a(alt_io_redirect.o)
 .debug_info    0x000060d7       0x7f /home/esl1-5/Desktop/ESL201000168/Assignment_11/assignment_11_bsp//libhal_bsp.a(alt_irq_entry.o)
 .debug_info    0x00006156      0x190 /home/esl1-5/Desktop/ESL201000168/Assignment_11/assignment_11_bsp//libhal_bsp.a(alt_irq_handler.o)
 .debug_info    0x000062e6       0x8a /home/esl1-5/Desktop/ESL201000168/Assignment_11/assignment_11_bsp//libhal_bsp.a(alt_irq_vars.o)
 .debug_info    0x00006370      0x3f0 /home/esl1-5/Desktop/ESL201000168/Assignment_11/assignment_11_bsp//libhal_bsp.a(alt_open.o)
 .debug_info    0x00006760      0x2dd /home/esl1-5/Desktop/ESL201000168/Assignment_11/assignment_11_bsp//libhal_bsp.a(alt_release_fd.o)
 .debug_info    0x00006a3d      0x2b1 /home/esl1-5/Desktop/ESL201000168/Assignment_11/assignment_11_bsp//libhal_bsp.a(alt_tick.o)
 .debug_info    0x00006cee       0x90 /home/esl1-5/Desktop/ESL201000168/Assignment_11/assignment_11_bsp//libhal_bsp.a(altera_nios2_qsys_irq.o)
 .debug_info    0x00006d7e       0x85 /home/esl1-5/Desktop/ESL201000168/Assignment_11/assignment_11_bsp//libhal_bsp.a(alt_exception_entry.o)
 .debug_info    0x00006e03      0x30d /home/esl1-5/Desktop/ESL201000168/Assignment_11/assignment_11_bsp//libhal_bsp.a(alt_find_dev.o)
 .debug_info    0x00007110      0x30c /home/esl1-5/Desktop/ESL201000168/Assignment_11/assignment_11_bsp//libhal_bsp.a(alt_find_file.o)
 .debug_info    0x0000741c      0x339 /home/esl1-5/Desktop/ESL201000168/Assignment_11/assignment_11_bsp//libhal_bsp.a(alt_get_fd.o)
 .debug_info    0x00007755       0xda /home/esl1-5/Desktop/ESL201000168/Assignment_11/assignment_11_bsp//libhal_bsp.a(alt_icache_flush.o)
 .debug_info    0x0000782f       0xf8 /opt/altera/13.1/nios2eds/bin/gnu/H-i686-pc-linux-gnu/bin/../lib/gcc/nios2-elf/4.7.3/../../../../../H-i686-pc-linux-gnu/nios2-elf/lib/mno-hw-mul/libsmallc.a(lib_a-exit.o)
 .debug_info    0x00007927       0xf1 /opt/altera/13.1/nios2eds/bin/gnu/H-i686-pc-linux-gnu/bin/../lib/gcc/nios2-elf/4.7.3/../../../../../H-i686-pc-linux-gnu/nios2-elf/lib/mno-hw-mul/libsmallc.a(lib_a-memcmp.o)
 .debug_info    0x00007a18      0x70e /opt/altera/13.1/nios2eds/bin/gnu/H-i686-pc-linux-gnu/bin/../lib/gcc/nios2-elf/4.7.3/../../../../../H-i686-pc-linux-gnu/nios2-elf/lib/mno-hw-mul/libsmallc.a(lib_a-__call_atexit.o)
 .debug_info    0x00008126       0xec /home/esl1-5/Desktop/ESL201000168/Assignment_11/assignment_11_bsp//libhal_bsp.a(alt_exit.o)

.debug_abbrev   0x00000000     0x2abb
 *(.debug_abbrev)
 .debug_abbrev  0x00000000       0x12 /home/esl1-5/Desktop/ESL201000168/Assignment_11/assignment_11_bsp//obj/HAL/src/crt0.o
 .debug_abbrev  0x00000012       0x67 obj/default/hello_world.o
 .debug_abbrev  0x00000079      0x1e2 /opt/altera/13.1/nios2eds/bin/gnu/H-i686-pc-linux-gnu/bin/../lib/gcc/nios2-elf/4.7.3/../../../../../H-i686-pc-linux-gnu/nios2-elf/lib/mno-hw-mul/libsmallc.a(lib_a-printf.o)
 .debug_abbrev  0x0000025b      0x1d4 /opt/altera/13.1/nios2eds/bin/gnu/H-i686-pc-linux-gnu/bin/../lib/gcc/nios2-elf/4.7.3/../../../../../H-i686-pc-linux-gnu/nios2-elf/lib/mno-hw-mul/libsmallc.a(lib_a-puts.o)
 .debug_abbrev  0x0000042f       0x7f /opt/altera/13.1/nios2eds/bin/gnu/H-i686-pc-linux-gnu/bin/../lib/gcc/nios2-elf/4.7.3/../../../../../H-i686-pc-linux-gnu/nios2-elf/lib/mno-hw-mul/libsmallc.a(lib_a-strlen.o)
 .debug_abbrev  0x000004ae      0x2db /opt/altera/13.1/nios2eds/bin/gnu/H-i686-pc-linux-gnu/bin/../lib/gcc/nios2-elf/4.7.3/../../../../../H-i686-pc-linux-gnu/nios2-elf/lib/mno-hw-mul/libsmallc.a(lib_a-vfprintf.o)
 .debug_abbrev  0x00000789      0x1a8 /opt/altera/13.1/nios2eds/bin/gnu/H-i686-pc-linux-gnu/bin/../lib/gcc/nios2-elf/4.7.3/../../../../../H-i686-pc-linux-gnu/nios2-elf/lib/mno-hw-mul/libsmallc.a(lib_a-fvwrite_small_dev.o)
 .debug_abbrev  0x00000931      0x13b /opt/altera/13.1/nios2eds/bin/gnu/H-i686-pc-linux-gnu/bin/../lib/gcc/nios2-elf/4.7.3/../../../../../H-i686-pc-linux-gnu/nios2-elf/lib/mno-hw-mul/libsmallc.a(lib_a-impure.o)
 .debug_abbrev  0x00000a6c      0x199 /opt/altera/13.1/nios2eds/bin/gnu/H-i686-pc-linux-gnu/bin/../lib/gcc/nios2-elf/4.7.3/../../../../../H-i686-pc-linux-gnu/nios2-elf/lib/mno-hw-mul/libsmallc.a(lib_a-writer.o)
 .debug_abbrev  0x00000c05       0x37 /opt/altera/13.1/nios2eds/bin/gnu/H-i686-pc-linux-gnu/bin/../lib/gcc/nios2-elf/4.7.3/../../../../../H-i686-pc-linux-gnu/nios2-elf/lib/mno-hw-mul/libsmallc.a(lib_a-int_errno.o)
 .debug_abbrev  0x00000c3c      0x112 /opt/altera/13.1/nios2eds/bin/gnu/H-i686-pc-linux-gnu/bin/../lib/gcc/nios2-elf/4.7.3/mno-hw-mul/libgcc.a(lib2-divmod.o)
 .debug_abbrev  0x00000d4e       0x6f /opt/altera/13.1/nios2eds/bin/gnu/H-i686-pc-linux-gnu/bin/../lib/gcc/nios2-elf/4.7.3/mno-hw-mul/libgcc.a(lib2-mul.o)
 .debug_abbrev  0x00000dbd       0x9d /home/esl1-5/Desktop/ESL201000168/Assignment_11/assignment_11_bsp//libhal_bsp.a(alt_load.o)
 .debug_abbrev  0x00000e5a       0xba /home/esl1-5/Desktop/ESL201000168/Assignment_11/assignment_11_bsp//libhal_bsp.a(alt_main.o)
 .debug_abbrev  0x00000f14       0x60 /home/esl1-5/Desktop/ESL201000168/Assignment_11/assignment_11_bsp//libhal_bsp.a(alt_usleep.o)
 .debug_abbrev  0x00000f74      0x133 /home/esl1-5/Desktop/ESL201000168/Assignment_11/assignment_11_bsp//libhal_bsp.a(alt_write.o)
 .debug_abbrev  0x000010a7      0x155 /home/esl1-5/Desktop/ESL201000168/Assignment_11/assignment_11_bsp//libhal_bsp.a(alt_sys_init.o)
 .debug_abbrev  0x000011fc       0xf7 /home/esl1-5/Desktop/ESL201000168/Assignment_11/assignment_11_bsp//libhal_bsp.a(altera_avalon_jtag_uart_fd.o)
 .debug_abbrev  0x000012f3       0xd5 /home/esl1-5/Desktop/ESL201000168/Assignment_11/assignment_11_bsp//libhal_bsp.a(altera_avalon_jtag_uart_read.o)
 .debug_abbrev  0x000013c8       0xd5 /home/esl1-5/Desktop/ESL201000168/Assignment_11/assignment_11_bsp//libhal_bsp.a(altera_avalon_jtag_uart_write.o)
 .debug_abbrev  0x0000149d      0x155 /home/esl1-5/Desktop/ESL201000168/Assignment_11/assignment_11_bsp//libhal_bsp.a(altera_avalon_timer_sc.o)
 .debug_abbrev  0x000015f2       0x7e /home/esl1-5/Desktop/ESL201000168/Assignment_11/assignment_11_bsp//libhal_bsp.a(alt_busy_sleep.o)
 .debug_abbrev  0x00001670      0x11f /home/esl1-5/Desktop/ESL201000168/Assignment_11/assignment_11_bsp//libhal_bsp.a(alt_close.o)
 .debug_abbrev  0x0000178f       0x42 /home/esl1-5/Desktop/ESL201000168/Assignment_11/assignment_11_bsp//libhal_bsp.a(alt_dcache_flush_all.o)
 .debug_abbrev  0x000017d1       0xd9 /home/esl1-5/Desktop/ESL201000168/Assignment_11/assignment_11_bsp//libhal_bsp.a(alt_dev.o)
 .debug_abbrev  0x000018aa      0x114 /home/esl1-5/Desktop/ESL201000168/Assignment_11/assignment_11_bsp//libhal_bsp.a(alt_dev_llist_insert.o)
 .debug_abbrev  0x000019be       0x5a /home/esl1-5/Desktop/ESL201000168/Assignment_11/assignment_11_bsp//libhal_bsp.a(alt_errno.o)
 .debug_abbrev  0x00001a18       0x42 /home/esl1-5/Desktop/ESL201000168/Assignment_11/assignment_11_bsp//libhal_bsp.a(alt_icache_flush_all.o)
 .debug_abbrev  0x00001a5a      0x16a /home/esl1-5/Desktop/ESL201000168/Assignment_11/assignment_11_bsp//libhal_bsp.a(alt_iic.o)
 .debug_abbrev  0x00001bc4      0x169 /home/esl1-5/Desktop/ESL201000168/Assignment_11/assignment_11_bsp//libhal_bsp.a(alt_iic_isr_register.o)
 .debug_abbrev  0x00001d2d      0x114 /home/esl1-5/Desktop/ESL201000168/Assignment_11/assignment_11_bsp//libhal_bsp.a(alt_io_redirect.o)
 .debug_abbrev  0x00001e41       0x12 /home/esl1-5/Desktop/ESL201000168/Assignment_11/assignment_11_bsp//libhal_bsp.a(alt_irq_entry.o)
 .debug_abbrev  0x00001e53      0x124 /home/esl1-5/Desktop/ESL201000168/Assignment_11/assignment_11_bsp//libhal_bsp.a(alt_irq_handler.o)
 .debug_abbrev  0x00001f77       0x40 /home/esl1-5/Desktop/ESL201000168/Assignment_11/assignment_11_bsp//libhal_bsp.a(alt_irq_vars.o)
 .debug_abbrev  0x00001fb7      0x148 /home/esl1-5/Desktop/ESL201000168/Assignment_11/assignment_11_bsp//libhal_bsp.a(alt_open.o)
 .debug_abbrev  0x000020ff       0xde /home/esl1-5/Desktop/ESL201000168/Assignment_11/assignment_11_bsp//libhal_bsp.a(alt_release_fd.o)
 .debug_abbrev  0x000021dd      0x15a /home/esl1-5/Desktop/ESL201000168/Assignment_11/assignment_11_bsp//libhal_bsp.a(alt_tick.o)
 .debug_abbrev  0x00002337       0x42 /home/esl1-5/Desktop/ESL201000168/Assignment_11/assignment_11_bsp//libhal_bsp.a(altera_nios2_qsys_irq.o)
 .debug_abbrev  0x00002379       0x12 /home/esl1-5/Desktop/ESL201000168/Assignment_11/assignment_11_bsp//libhal_bsp.a(alt_exception_entry.o)
 .debug_abbrev  0x0000238b       0xf0 /home/esl1-5/Desktop/ESL201000168/Assignment_11/assignment_11_bsp//libhal_bsp.a(alt_find_dev.o)
 .debug_abbrev  0x0000247b       0xf0 /home/esl1-5/Desktop/ESL201000168/Assignment_11/assignment_11_bsp//libhal_bsp.a(alt_find_file.o)
 .debug_abbrev  0x0000256b      0x10d /home/esl1-5/Desktop/ESL201000168/Assignment_11/assignment_11_bsp//libhal_bsp.a(alt_get_fd.o)
 .debug_abbrev  0x00002678       0x8c /home/esl1-5/Desktop/ESL201000168/Assignment_11/assignment_11_bsp//libhal_bsp.a(alt_icache_flush.o)
 .debug_abbrev  0x00002704       0xa9 /opt/altera/13.1/nios2eds/bin/gnu/H-i686-pc-linux-gnu/bin/../lib/gcc/nios2-elf/4.7.3/../../../../../H-i686-pc-linux-gnu/nios2-elf/lib/mno-hw-mul/libsmallc.a(lib_a-exit.o)
 .debug_abbrev  0x000027ad       0x7f /opt/altera/13.1/nios2eds/bin/gnu/H-i686-pc-linux-gnu/bin/../lib/gcc/nios2-elf/4.7.3/../../../../../H-i686-pc-linux-gnu/nios2-elf/lib/mno-hw-mul/libsmallc.a(lib_a-memcmp.o)
 .debug_abbrev  0x0000282c      0x1e9 /opt/altera/13.1/nios2eds/bin/gnu/H-i686-pc-linux-gnu/bin/../lib/gcc/nios2-elf/4.7.3/../../../../../H-i686-pc-linux-gnu/nios2-elf/lib/mno-hw-mul/libsmallc.a(lib_a-__call_atexit.o)
 .debug_abbrev  0x00002a15       0xa6 /home/esl1-5/Desktop/ESL201000168/Assignment_11/assignment_11_bsp//libhal_bsp.a(alt_exit.o)

.debug_line     0x00000000     0x3190
 *(.debug_line)
 .debug_line    0x00000000       0x6c /home/esl1-5/Desktop/ESL201000168/Assignment_11/assignment_11_bsp//obj/HAL/src/crt0.o
 .debug_line    0x0000006c       0xb0 obj/default/hello_world.o
 .debug_line    0x0000011c      0x219 /opt/altera/13.1/nios2eds/bin/gnu/H-i686-pc-linux-gnu/bin/../lib/gcc/nios2-elf/4.7.3/../../../../../H-i686-pc-linux-gnu/nios2-elf/lib/mno-hw-mul/libsmallc.a(lib_a-printf.o)
 .debug_line    0x00000335      0x212 /opt/altera/13.1/nios2eds/bin/gnu/H-i686-pc-linux-gnu/bin/../lib/gcc/nios2-elf/4.7.3/../../../../../H-i686-pc-linux-gnu/nios2-elf/lib/mno-hw-mul/libsmallc.a(lib_a-puts.o)
 .debug_line    0x00000547      0x174 /opt/altera/13.1/nios2eds/bin/gnu/H-i686-pc-linux-gnu/bin/../lib/gcc/nios2-elf/4.7.3/../../../../../H-i686-pc-linux-gnu/nios2-elf/lib/mno-hw-mul/libsmallc.a(lib_a-strlen.o)
 .debug_line    0x000006bb      0x40e /opt/altera/13.1/nios2eds/bin/gnu/H-i686-pc-linux-gnu/bin/../lib/gcc/nios2-elf/4.7.3/../../../../../H-i686-pc-linux-gnu/nios2-elf/lib/mno-hw-mul/libsmallc.a(lib_a-vfprintf.o)
 .debug_line    0x00000ac9      0x225 /opt/altera/13.1/nios2eds/bin/gnu/H-i686-pc-linux-gnu/bin/../lib/gcc/nios2-elf/4.7.3/../../../../../H-i686-pc-linux-gnu/nios2-elf/lib/mno-hw-mul/libsmallc.a(lib_a-fvwrite_small_dev.o)
 .debug_line    0x00000cee      0x16c /opt/altera/13.1/nios2eds/bin/gnu/H-i686-pc-linux-gnu/bin/../lib/gcc/nios2-elf/4.7.3/../../../../../H-i686-pc-linux-gnu/nios2-elf/lib/mno-hw-mul/libsmallc.a(lib_a-impure.o)
 .debug_line    0x00000e5a      0x20c /opt/altera/13.1/nios2eds/bin/gnu/H-i686-pc-linux-gnu/bin/../lib/gcc/nios2-elf/4.7.3/../../../../../H-i686-pc-linux-gnu/nios2-elf/lib/mno-hw-mul/libsmallc.a(lib_a-writer.o)
 .debug_line    0x00001066       0x60 /opt/altera/13.1/nios2eds/bin/gnu/H-i686-pc-linux-gnu/bin/../lib/gcc/nios2-elf/4.7.3/../../../../../H-i686-pc-linux-gnu/nios2-elf/lib/mno-hw-mul/libsmallc.a(lib_a-int_errno.o)
 .debug_line    0x000010c6       0xd6 /opt/altera/13.1/nios2eds/bin/gnu/H-i686-pc-linux-gnu/bin/../lib/gcc/nios2-elf/4.7.3/mno-hw-mul/libgcc.a(lib2-divmod.o)
 .debug_line    0x0000119c       0x80 /opt/altera/13.1/nios2eds/bin/gnu/H-i686-pc-linux-gnu/bin/../lib/gcc/nios2-elf/4.7.3/mno-hw-mul/libgcc.a(lib2-mul.o)
 .debug_line    0x0000121c       0x92 /home/esl1-5/Desktop/ESL201000168/Assignment_11/assignment_11_bsp//libhal_bsp.a(alt_load.o)
 .debug_line    0x000012ae       0x9e /home/esl1-5/Desktop/ESL201000168/Assignment_11/assignment_11_bsp//libhal_bsp.a(alt_main.o)
 .debug_line    0x0000134c       0xd5 /home/esl1-5/Desktop/ESL201000168/Assignment_11/assignment_11_bsp//libhal_bsp.a(alt_usleep.o)
 .debug_line    0x00001421      0x206 /home/esl1-5/Desktop/ESL201000168/Assignment_11/assignment_11_bsp//libhal_bsp.a(alt_write.o)
 .debug_line    0x00001627      0x142 /home/esl1-5/Desktop/ESL201000168/Assignment_11/assignment_11_bsp//libhal_bsp.a(alt_sys_init.o)
 .debug_line    0x00001769      0x114 /home/esl1-5/Desktop/ESL201000168/Assignment_11/assignment_11_bsp//libhal_bsp.a(altera_avalon_jtag_uart_fd.o)
 .debug_line    0x0000187d      0x101 /home/esl1-5/Desktop/ESL201000168/Assignment_11/assignment_11_bsp//libhal_bsp.a(altera_avalon_jtag_uart_read.o)
 .debug_line    0x0000197e       0xf8 /home/esl1-5/Desktop/ESL201000168/Assignment_11/assignment_11_bsp//libhal_bsp.a(altera_avalon_jtag_uart_write.o)
 .debug_line    0x00001a76       0xfd /home/esl1-5/Desktop/ESL201000168/Assignment_11/assignment_11_bsp//libhal_bsp.a(altera_avalon_timer_sc.o)
 .debug_line    0x00001b73       0xa0 /home/esl1-5/Desktop/ESL201000168/Assignment_11/assignment_11_bsp//libhal_bsp.a(alt_busy_sleep.o)
 .debug_line    0x00001c13      0x18d /home/esl1-5/Desktop/ESL201000168/Assignment_11/assignment_11_bsp//libhal_bsp.a(alt_close.o)
 .debug_line    0x00001da0       0x51 /home/esl1-5/Desktop/ESL201000168/Assignment_11/assignment_11_bsp//libhal_bsp.a(alt_dcache_flush_all.o)
 .debug_line    0x00001df1      0x120 /home/esl1-5/Desktop/ESL201000168/Assignment_11/assignment_11_bsp//libhal_bsp.a(alt_dev.o)
 .debug_line    0x00001f11       0xd0 /home/esl1-5/Desktop/ESL201000168/Assignment_11/assignment_11_bsp//libhal_bsp.a(alt_dev_llist_insert.o)
 .debug_line    0x00001fe1       0x51 /home/esl1-5/Desktop/ESL201000168/Assignment_11/assignment_11_bsp//libhal_bsp.a(alt_errno.o)
 .debug_line    0x00002032       0x50 /home/esl1-5/Desktop/ESL201000168/Assignment_11/assignment_11_bsp//libhal_bsp.a(alt_icache_flush_all.o)
 .debug_line    0x00002082       0xed /home/esl1-5/Desktop/ESL201000168/Assignment_11/assignment_11_bsp//libhal_bsp.a(alt_iic.o)
 .debug_line    0x0000216f       0xdb /home/esl1-5/Desktop/ESL201000168/Assignment_11/assignment_11_bsp//libhal_bsp.a(alt_iic_isr_register.o)
 .debug_line    0x0000224a      0x15d /home/esl1-5/Desktop/ESL201000168/Assignment_11/assignment_11_bsp//libhal_bsp.a(alt_io_redirect.o)
 .debug_line    0x000023a7       0x6b /home/esl1-5/Desktop/ESL201000168/Assignment_11/assignment_11_bsp//libhal_bsp.a(alt_irq_entry.o)
 .debug_line    0x00002412       0xae /home/esl1-5/Desktop/ESL201000168/Assignment_11/assignment_11_bsp//libhal_bsp.a(alt_irq_handler.o)
 .debug_line    0x000024c0       0x50 /home/esl1-5/Desktop/ESL201000168/Assignment_11/assignment_11_bsp//libhal_bsp.a(alt_irq_vars.o)
 .debug_line    0x00002510      0x128 /home/esl1-5/Desktop/ESL201000168/Assignment_11/assignment_11_bsp//libhal_bsp.a(alt_open.o)
 .debug_line    0x00002638       0xb0 /home/esl1-5/Desktop/ESL201000168/Assignment_11/assignment_11_bsp//libhal_bsp.a(alt_release_fd.o)
 .debug_line    0x000026e8      0x102 /home/esl1-5/Desktop/ESL201000168/Assignment_11/assignment_11_bsp//libhal_bsp.a(alt_tick.o)
 .debug_line    0x000027ea       0x51 /home/esl1-5/Desktop/ESL201000168/Assignment_11/assignment_11_bsp//libhal_bsp.a(altera_nios2_qsys_irq.o)
 .debug_line    0x0000283b       0xab /home/esl1-5/Desktop/ESL201000168/Assignment_11/assignment_11_bsp//libhal_bsp.a(alt_exception_entry.o)
 .debug_line    0x000028e6       0xb9 /home/esl1-5/Desktop/ESL201000168/Assignment_11/assignment_11_bsp//libhal_bsp.a(alt_find_dev.o)
 .debug_line    0x0000299f       0xd5 /home/esl1-5/Desktop/ESL201000168/Assignment_11/assignment_11_bsp//libhal_bsp.a(alt_find_file.o)
 .debug_line    0x00002a74       0xd4 /home/esl1-5/Desktop/ESL201000168/Assignment_11/assignment_11_bsp//libhal_bsp.a(alt_get_fd.o)
 .debug_line    0x00002b48       0x81 /home/esl1-5/Desktop/ESL201000168/Assignment_11/assignment_11_bsp//libhal_bsp.a(alt_icache_flush.o)
 .debug_line    0x00002bc9      0x170 /opt/altera/13.1/nios2eds/bin/gnu/H-i686-pc-linux-gnu/bin/../lib/gcc/nios2-elf/4.7.3/../../../../../H-i686-pc-linux-gnu/nios2-elf/lib/mno-hw-mul/libsmallc.a(lib_a-exit.o)
 .debug_line    0x00002d39      0x17f /opt/altera/13.1/nios2eds/bin/gnu/H-i686-pc-linux-gnu/bin/../lib/gcc/nios2-elf/4.7.3/../../../../../H-i686-pc-linux-gnu/nios2-elf/lib/mno-hw-mul/libsmallc.a(lib_a-memcmp.o)
 .debug_line    0x00002eb8      0x267 /opt/altera/13.1/nios2eds/bin/gnu/H-i686-pc-linux-gnu/bin/../lib/gcc/nios2-elf/4.7.3/../../../../../H-i686-pc-linux-gnu/nios2-elf/lib/mno-hw-mul/libsmallc.a(lib_a-__call_atexit.o)
 .debug_line    0x0000311f       0x71 /home/esl1-5/Desktop/ESL201000168/Assignment_11/assignment_11_bsp//libhal_bsp.a(alt_exit.o)

.debug_frame    0x00000000      0x904
 *(.debug_frame)
 .debug_frame   0x00000000       0x2c obj/default/hello_world.o
 .debug_frame   0x0000002c       0x40 /opt/altera/13.1/nios2eds/bin/gnu/H-i686-pc-linux-gnu/bin/../lib/gcc/nios2-elf/4.7.3/../../../../../H-i686-pc-linux-gnu/nios2-elf/lib/mno-hw-mul/libsmallc.a(lib_a-printf.o)
 .debug_frame   0x0000006c       0x3c /opt/altera/13.1/nios2eds/bin/gnu/H-i686-pc-linux-gnu/bin/../lib/gcc/nios2-elf/4.7.3/../../../../../H-i686-pc-linux-gnu/nios2-elf/lib/mno-hw-mul/libsmallc.a(lib_a-puts.o)
 .debug_frame   0x000000a8       0x20 /opt/altera/13.1/nios2eds/bin/gnu/H-i686-pc-linux-gnu/bin/../lib/gcc/nios2-elf/4.7.3/../../../../../H-i686-pc-linux-gnu/nios2-elf/lib/mno-hw-mul/libsmallc.a(lib_a-strlen.o)
 .debug_frame   0x000000c8       0x4c /opt/altera/13.1/nios2eds/bin/gnu/H-i686-pc-linux-gnu/bin/../lib/gcc/nios2-elf/4.7.3/../../../../../H-i686-pc-linux-gnu/nios2-elf/lib/mno-hw-mul/libsmallc.a(lib_a-vfprintf.o)
 .debug_frame   0x00000114       0x30 /opt/altera/13.1/nios2eds/bin/gnu/H-i686-pc-linux-gnu/bin/../lib/gcc/nios2-elf/4.7.3/../../../../../H-i686-pc-linux-gnu/nios2-elf/lib/mno-hw-mul/libsmallc.a(lib_a-fvwrite_small_dev.o)
 .debug_frame   0x00000144       0x2c /opt/altera/13.1/nios2eds/bin/gnu/H-i686-pc-linux-gnu/bin/../lib/gcc/nios2-elf/4.7.3/../../../../../H-i686-pc-linux-gnu/nios2-elf/lib/mno-hw-mul/libsmallc.a(lib_a-writer.o)
 .debug_frame   0x00000170       0x70 /opt/altera/13.1/nios2eds/bin/gnu/H-i686-pc-linux-gnu/bin/../lib/gcc/nios2-elf/4.7.3/mno-hw-mul/libgcc.a(lib2-divmod.o)
 .debug_frame   0x000001e0       0x20 /opt/altera/13.1/nios2eds/bin/gnu/H-i686-pc-linux-gnu/bin/../lib/gcc/nios2-elf/4.7.3/mno-hw-mul/libgcc.a(lib2-mul.o)
 .debug_frame   0x00000200       0x48 /home/esl1-5/Desktop/ESL201000168/Assignment_11/assignment_11_bsp//libhal_bsp.a(alt_load.o)
 .debug_frame   0x00000248       0x2c /home/esl1-5/Desktop/ESL201000168/Assignment_11/assignment_11_bsp//libhal_bsp.a(alt_main.o)
 .debug_frame   0x00000274       0x2c /home/esl1-5/Desktop/ESL201000168/Assignment_11/assignment_11_bsp//libhal_bsp.a(alt_usleep.o)
 .debug_frame   0x000002a0       0x48 /home/esl1-5/Desktop/ESL201000168/Assignment_11/assignment_11_bsp//libhal_bsp.a(alt_write.o)
 .debug_frame   0x000002e8       0x64 /home/esl1-5/Desktop/ESL201000168/Assignment_11/assignment_11_bsp//libhal_bsp.a(alt_sys_init.o)
 .debug_frame   0x0000034c       0x48 /home/esl1-5/Desktop/ESL201000168/Assignment_11/assignment_11_bsp//libhal_bsp.a(altera_avalon_jtag_uart_fd.o)
 .debug_frame   0x00000394       0x2c /home/esl1-5/Desktop/ESL201000168/Assignment_11/assignment_11_bsp//libhal_bsp.a(altera_avalon_jtag_uart_read.o)
 .debug_frame   0x000003c0       0x2c /home/esl1-5/Desktop/ESL201000168/Assignment_11/assignment_11_bsp//libhal_bsp.a(altera_avalon_jtag_uart_write.o)
 .debug_frame   0x000003ec       0x48 /home/esl1-5/Desktop/ESL201000168/Assignment_11/assignment_11_bsp//libhal_bsp.a(altera_avalon_timer_sc.o)
 .debug_frame   0x00000434       0x2c /home/esl1-5/Desktop/ESL201000168/Assignment_11/assignment_11_bsp//libhal_bsp.a(alt_busy_sleep.o)
 .debug_frame   0x00000460       0x48 /home/esl1-5/Desktop/ESL201000168/Assignment_11/assignment_11_bsp//libhal_bsp.a(alt_close.o)
 .debug_frame   0x000004a8       0x2c /home/esl1-5/Desktop/ESL201000168/Assignment_11/assignment_11_bsp//libhal_bsp.a(alt_dcache_flush_all.o)
 .debug_frame   0x000004d4       0x2c /home/esl1-5/Desktop/ESL201000168/Assignment_11/assignment_11_bsp//libhal_bsp.a(alt_dev.o)
 .debug_frame   0x00000500       0x48 /home/esl1-5/Desktop/ESL201000168/Assignment_11/assignment_11_bsp//libhal_bsp.a(alt_dev_llist_insert.o)
 .debug_frame   0x00000548       0x2c /home/esl1-5/Desktop/ESL201000168/Assignment_11/assignment_11_bsp//libhal_bsp.a(alt_icache_flush_all.o)
 .debug_frame   0x00000574       0x80 /home/esl1-5/Desktop/ESL201000168/Assignment_11/assignment_11_bsp//libhal_bsp.a(alt_iic.o)
 .debug_frame   0x000005f4       0x2c /home/esl1-5/Desktop/ESL201000168/Assignment_11/assignment_11_bsp//libhal_bsp.a(alt_iic_isr_register.o)
 .debug_frame   0x00000620       0x4c /home/esl1-5/Desktop/ESL201000168/Assignment_11/assignment_11_bsp//libhal_bsp.a(alt_io_redirect.o)
 .debug_frame   0x0000066c       0x2c /home/esl1-5/Desktop/ESL201000168/Assignment_11/assignment_11_bsp//libhal_bsp.a(alt_irq_handler.o)
 .debug_frame   0x00000698       0x68 /home/esl1-5/Desktop/ESL201000168/Assignment_11/assignment_11_bsp//libhal_bsp.a(alt_open.o)
 .debug_frame   0x00000700       0x30 /home/esl1-5/Desktop/ESL201000168/Assignment_11/assignment_11_bsp//libhal_bsp.a(alt_release_fd.o)
 .debug_frame   0x00000730       0x48 /home/esl1-5/Desktop/ESL201000168/Assignment_11/assignment_11_bsp//libhal_bsp.a(alt_tick.o)
 .debug_frame   0x00000778       0x2c /home/esl1-5/Desktop/ESL201000168/Assignment_11/assignment_11_bsp//libhal_bsp.a(altera_nios2_qsys_irq.o)
 .debug_frame   0x000007a4       0x2c /home/esl1-5/Desktop/ESL201000168/Assignment_11/assignment_11_bsp//libhal_bsp.a(alt_find_dev.o)
 .debug_frame   0x000007d0       0x2c /home/esl1-5/Desktop/ESL201000168/Assignment_11/assignment_11_bsp//libhal_bsp.a(alt_find_file.o)
 .debug_frame   0x000007fc       0x30 /home/esl1-5/Desktop/ESL201000168/Assignment_11/assignment_11_bsp//libhal_bsp.a(alt_get_fd.o)
 .debug_frame   0x0000082c       0x2c /home/esl1-5/Desktop/ESL201000168/Assignment_11/assignment_11_bsp//libhal_bsp.a(alt_icache_flush.o)
 .debug_frame   0x00000858       0x28 /opt/altera/13.1/nios2eds/bin/gnu/H-i686-pc-linux-gnu/bin/../lib/gcc/nios2-elf/4.7.3/../../../../../H-i686-pc-linux-gnu/nios2-elf/lib/mno-hw-mul/libsmallc.a(lib_a-exit.o)
 .debug_frame   0x00000880       0x20 /opt/altera/13.1/nios2eds/bin/gnu/H-i686-pc-linux-gnu/bin/../lib/gcc/nios2-elf/4.7.3/../../../../../H-i686-pc-linux-gnu/nios2-elf/lib/mno-hw-mul/libsmallc.a(lib_a-memcmp.o)
 .debug_frame   0x000008a0       0x38 /opt/altera/13.1/nios2eds/bin/gnu/H-i686-pc-linux-gnu/bin/../lib/gcc/nios2-elf/4.7.3/../../../../../H-i686-pc-linux-gnu/nios2-elf/lib/mno-hw-mul/libsmallc.a(lib_a-__call_atexit.o)
 .debug_frame   0x000008d8       0x2c /home/esl1-5/Desktop/ESL201000168/Assignment_11/assignment_11_bsp//libhal_bsp.a(alt_exit.o)

.debug_str      0x00000000     0x1764
 *(.debug_str)
 .debug_str     0x00000000       0xbb obj/default/hello_world.o
                                 0xf9 (size before relaxing)
 .debug_str     0x000000bb      0x3dd /opt/altera/13.1/nios2eds/bin/gnu/H-i686-pc-linux-gnu/bin/../lib/gcc/nios2-elf/4.7.3/../../../../../H-i686-pc-linux-gnu/nios2-elf/lib/mno-hw-mul/libsmallc.a(lib_a-printf.o)
                                0x4b5 (size before relaxing)
 .debug_str     0x00000498       0x4f /opt/altera/13.1/nios2eds/bin/gnu/H-i686-pc-linux-gnu/bin/../lib/gcc/nios2-elf/4.7.3/../../../../../H-i686-pc-linux-gnu/nios2-elf/lib/mno-hw-mul/libsmallc.a(lib_a-puts.o)
                                0x464 (size before relaxing)
 .debug_str     0x000004e7       0xdf /opt/altera/13.1/nios2eds/bin/gnu/H-i686-pc-linux-gnu/bin/../lib/gcc/nios2-elf/4.7.3/../../../../../H-i686-pc-linux-gnu/nios2-elf/lib/mno-hw-mul/libsmallc.a(lib_a-strlen.o)
                                0x191 (size before relaxing)
 .debug_str     0x000005c6      0x196 /opt/altera/13.1/nios2eds/bin/gnu/H-i686-pc-linux-gnu/bin/../lib/gcc/nios2-elf/4.7.3/../../../../../H-i686-pc-linux-gnu/nios2-elf/lib/mno-hw-mul/libsmallc.a(lib_a-vfprintf.o)
                                0x635 (size before relaxing)
 .debug_str     0x0000075c       0x82 /opt/altera/13.1/nios2eds/bin/gnu/H-i686-pc-linux-gnu/bin/../lib/gcc/nios2-elf/4.7.3/../../../../../H-i686-pc-linux-gnu/nios2-elf/lib/mno-hw-mul/libsmallc.a(lib_a-fvwrite_small_dev.o)
                                0x490 (size before relaxing)
 .debug_str     0x000007de       0xfc /opt/altera/13.1/nios2eds/bin/gnu/H-i686-pc-linux-gnu/bin/../lib/gcc/nios2-elf/4.7.3/../../../../../H-i686-pc-linux-gnu/nios2-elf/lib/mno-hw-mul/libsmallc.a(lib_a-impure.o)
                                0x46a (size before relaxing)
 .debug_str     0x000008da       0x3d /opt/altera/13.1/nios2eds/bin/gnu/H-i686-pc-linux-gnu/bin/../lib/gcc/nios2-elf/4.7.3/../../../../../H-i686-pc-linux-gnu/nios2-elf/lib/mno-hw-mul/libsmallc.a(lib_a-writer.o)
                                0x464 (size before relaxing)
 .debug_str     0x00000917       0x40 /opt/altera/13.1/nios2eds/bin/gnu/H-i686-pc-linux-gnu/bin/../lib/gcc/nios2-elf/4.7.3/../../../../../H-i686-pc-linux-gnu/nios2-elf/lib/mno-hw-mul/libsmallc.a(lib_a-int_errno.o)
                                0x184 (size before relaxing)
 .debug_str     0x00000957      0x113 /opt/altera/13.1/nios2eds/bin/gnu/H-i686-pc-linux-gnu/bin/../lib/gcc/nios2-elf/4.7.3/mno-hw-mul/libgcc.a(lib2-divmod.o)
                                0x16a (size before relaxing)
 .debug_str     0x00000a6a       0x40 /opt/altera/13.1/nios2eds/bin/gnu/H-i686-pc-linux-gnu/bin/../lib/gcc/nios2-elf/4.7.3/mno-hw-mul/libgcc.a(lib2-mul.o)
                                0x12b (size before relaxing)
 .debug_str     0x00000aaa      0x133 /home/esl1-5/Desktop/ESL201000168/Assignment_11/assignment_11_bsp//libhal_bsp.a(alt_load.o)
                                0x1d1 (size before relaxing)
 .debug_str     0x00000bdd       0x70 /home/esl1-5/Desktop/ESL201000168/Assignment_11/assignment_11_bsp//libhal_bsp.a(alt_main.o)
                                0x15c (size before relaxing)
 .debug_str     0x00000c4d       0x27 /home/esl1-5/Desktop/ESL201000168/Assignment_11/assignment_11_bsp//libhal_bsp.a(alt_usleep.o)
                                0x107 (size before relaxing)
 .debug_str     0x00000c74      0x15f /home/esl1-5/Desktop/ESL201000168/Assignment_11/assignment_11_bsp//libhal_bsp.a(alt_write.o)
                                0x2b7 (size before relaxing)
 .debug_str     0x00000dd3      0x136 /home/esl1-5/Desktop/ESL201000168/Assignment_11/assignment_11_bsp//libhal_bsp.a(alt_sys_init.o)
                                0x2c9 (size before relaxing)
 .debug_str     0x00000f09       0x77 /home/esl1-5/Desktop/ESL201000168/Assignment_11/assignment_11_bsp//libhal_bsp.a(altera_avalon_jtag_uart_fd.o)
                                0x294 (size before relaxing)
 .debug_str     0x00000f80       0x48 /home/esl1-5/Desktop/ESL201000168/Assignment_11/assignment_11_bsp//libhal_bsp.a(altera_avalon_jtag_uart_read.o)
                                0x1de (size before relaxing)
 .debug_str     0x00000fc8       0x4a /home/esl1-5/Desktop/ESL201000168/Assignment_11/assignment_11_bsp//libhal_bsp.a(altera_avalon_jtag_uart_write.o)
                                0x1d4 (size before relaxing)
 .debug_str     0x00001012       0xb6 /home/esl1-5/Desktop/ESL201000168/Assignment_11/assignment_11_bsp//libhal_bsp.a(altera_avalon_timer_sc.o)
                                0x20a (size before relaxing)
 .debug_str     0x000010c8       0x42 /home/esl1-5/Desktop/ESL201000168/Assignment_11/assignment_11_bsp//libhal_bsp.a(alt_busy_sleep.o)
                                0x12a (size before relaxing)
 .debug_str     0x0000110a       0x1b /home/esl1-5/Desktop/ESL201000168/Assignment_11/assignment_11_bsp//libhal_bsp.a(alt_close.o)
                                0x1ca (size before relaxing)
 .debug_str     0x00001125       0x34 /home/esl1-5/Desktop/ESL201000168/Assignment_11/assignment_11_bsp//libhal_bsp.a(alt_dcache_flush_all.o)
                                0x114 (size before relaxing)
 .debug_str     0x00001159       0x50 /home/esl1-5/Desktop/ESL201000168/Assignment_11/assignment_11_bsp//libhal_bsp.a(alt_dev.o)
                                0x2c4 (size before relaxing)
 .debug_str     0x000011a9       0x4b /home/esl1-5/Desktop/ESL201000168/Assignment_11/assignment_11_bsp//libhal_bsp.a(alt_dev_llist_insert.o)
                                0x18b (size before relaxing)
 .debug_str     0x000011f4       0x14 /home/esl1-5/Desktop/ESL201000168/Assignment_11/assignment_11_bsp//libhal_bsp.a(alt_errno.o)
                                0x104 (size before relaxing)
 .debug_str     0x00001208       0x34 /home/esl1-5/Desktop/ESL201000168/Assignment_11/assignment_11_bsp//libhal_bsp.a(alt_icache_flush_all.o)
                                0x114 (size before relaxing)
 .debug_str     0x0000123c       0xc4 /home/esl1-5/Desktop/ESL201000168/Assignment_11/assignment_11_bsp//libhal_bsp.a(alt_iic.o)
                                0x1fd (size before relaxing)
 .debug_str     0x00001300       0x4c /home/esl1-5/Desktop/ESL201000168/Assignment_11/assignment_11_bsp//libhal_bsp.a(alt_iic_isr_register.o)
                                0x1a7 (size before relaxing)
 .debug_str     0x0000134c       0x56 /home/esl1-5/Desktop/ESL201000168/Assignment_11/assignment_11_bsp//libhal_bsp.a(alt_io_redirect.o)
                                0x2d5 (size before relaxing)
 .debug_str     0x000013a2       0x3a /home/esl1-5/Desktop/ESL201000168/Assignment_11/assignment_11_bsp//libhal_bsp.a(alt_irq_handler.o)
                                0x156 (size before relaxing)
 .debug_str     0x000013dc       0x17 /home/esl1-5/Desktop/ESL201000168/Assignment_11/assignment_11_bsp//libhal_bsp.a(alt_irq_vars.o)
                                0x105 (size before relaxing)
 .debug_str     0x000013f3       0x2f /home/esl1-5/Desktop/ESL201000168/Assignment_11/assignment_11_bsp//libhal_bsp.a(alt_open.o)
                                0x20a (size before relaxing)
 .debug_str     0x00001422       0x28 /home/esl1-5/Desktop/ESL201000168/Assignment_11/assignment_11_bsp//libhal_bsp.a(alt_release_fd.o)
                                0x19e (size before relaxing)
 .debug_str     0x0000144a       0x78 /home/esl1-5/Desktop/ESL201000168/Assignment_11/assignment_11_bsp//libhal_bsp.a(alt_tick.o)
                                0x211 (size before relaxing)
 .debug_str     0x000014c2       0x3b /home/esl1-5/Desktop/ESL201000168/Assignment_11/assignment_11_bsp//libhal_bsp.a(altera_nios2_qsys_irq.o)
                                0x11b (size before relaxing)
 .debug_str     0x000014fd       0x24 /home/esl1-5/Desktop/ESL201000168/Assignment_11/assignment_11_bsp//libhal_bsp.a(alt_find_dev.o)
                                0x1ab (size before relaxing)
 .debug_str     0x00001521       0x26 /home/esl1-5/Desktop/ESL201000168/Assignment_11/assignment_11_bsp//libhal_bsp.a(alt_find_file.o)
                                0x1b9 (size before relaxing)
 .debug_str     0x00001547       0x30 /home/esl1-5/Desktop/ESL201000168/Assignment_11/assignment_11_bsp//libhal_bsp.a(alt_get_fd.o)
                                0x1db (size before relaxing)
 .debug_str     0x00001577       0x2c /home/esl1-5/Desktop/ESL201000168/Assignment_11/assignment_11_bsp//libhal_bsp.a(alt_icache_flush.o)
                                0x11a (size before relaxing)
 .debug_str     0x000015a3       0xee /opt/altera/13.1/nios2eds/bin/gnu/H-i686-pc-linux-gnu/bin/../lib/gcc/nios2-elf/4.7.3/../../../../../H-i686-pc-linux-gnu/nios2-elf/lib/mno-hw-mul/libsmallc.a(lib_a-exit.o)
                                0x19c (size before relaxing)
 .debug_str     0x00001691       0x45 /opt/altera/13.1/nios2eds/bin/gnu/H-i686-pc-linux-gnu/bin/../lib/gcc/nios2-elf/4.7.3/../../../../../H-i686-pc-linux-gnu/nios2-elf/lib/mno-hw-mul/libsmallc.a(lib_a-memcmp.o)
                                0x18b (size before relaxing)
 .debug_str     0x000016d6       0x64 /opt/altera/13.1/nios2eds/bin/gnu/H-i686-pc-linux-gnu/bin/../lib/gcc/nios2-elf/4.7.3/../../../../../H-i686-pc-linux-gnu/nios2-elf/lib/mno-hw-mul/libsmallc.a(lib_a-__call_atexit.o)
                                0x495 (size before relaxing)
 .debug_str     0x0000173a       0x2a /home/esl1-5/Desktop/ESL201000168/Assignment_11/assignment_11_bsp//libhal_bsp.a(alt_exit.o)
                                0x110 (size before relaxing)

.debug_loc      0x00000000     0x1ebe
 *(.debug_loc)
 .debug_loc     0x00000000       0x2c obj/default/hello_world.o
 .debug_loc     0x0000002c      0x125 /opt/altera/13.1/nios2eds/bin/gnu/H-i686-pc-linux-gnu/bin/../lib/gcc/nios2-elf/4.7.3/../../../../../H-i686-pc-linux-gnu/nios2-elf/lib/mno-hw-mul/libsmallc.a(lib_a-printf.o)
 .debug_loc     0x00000151       0xb7 /opt/altera/13.1/nios2eds/bin/gnu/H-i686-pc-linux-gnu/bin/../lib/gcc/nios2-elf/4.7.3/../../../../../H-i686-pc-linux-gnu/nios2-elf/lib/mno-hw-mul/libsmallc.a(lib_a-puts.o)
 .debug_loc     0x00000208       0x29 /opt/altera/13.1/nios2eds/bin/gnu/H-i686-pc-linux-gnu/bin/../lib/gcc/nios2-elf/4.7.3/../../../../../H-i686-pc-linux-gnu/nios2-elf/lib/mno-hw-mul/libsmallc.a(lib_a-strlen.o)
 .debug_loc     0x00000231      0xc9d /opt/altera/13.1/nios2eds/bin/gnu/H-i686-pc-linux-gnu/bin/../lib/gcc/nios2-elf/4.7.3/../../../../../H-i686-pc-linux-gnu/nios2-elf/lib/mno-hw-mul/libsmallc.a(lib_a-vfprintf.o)
 .debug_loc     0x00000ece      0x19e /opt/altera/13.1/nios2eds/bin/gnu/H-i686-pc-linux-gnu/bin/../lib/gcc/nios2-elf/4.7.3/../../../../../H-i686-pc-linux-gnu/nios2-elf/lib/mno-hw-mul/libsmallc.a(lib_a-fvwrite_small_dev.o)
 .debug_loc     0x0000106c       0xde /opt/altera/13.1/nios2eds/bin/gnu/H-i686-pc-linux-gnu/bin/../lib/gcc/nios2-elf/4.7.3/../../../../../H-i686-pc-linux-gnu/nios2-elf/lib/mno-hw-mul/libsmallc.a(lib_a-writer.o)
 .debug_loc     0x0000114a      0x338 /opt/altera/13.1/nios2eds/bin/gnu/H-i686-pc-linux-gnu/bin/../lib/gcc/nios2-elf/4.7.3/mno-hw-mul/libgcc.a(lib2-divmod.o)
 .debug_loc     0x00001482       0x93 /opt/altera/13.1/nios2eds/bin/gnu/H-i686-pc-linux-gnu/bin/../lib/gcc/nios2-elf/4.7.3/mno-hw-mul/libgcc.a(lib2-mul.o)
 .debug_loc     0x00001515       0x58 /home/esl1-5/Desktop/ESL201000168/Assignment_11/assignment_11_bsp//libhal_bsp.a(alt_load.o)
 .debug_loc     0x0000156d       0x2c /home/esl1-5/Desktop/ESL201000168/Assignment_11/assignment_11_bsp//libhal_bsp.a(alt_main.o)
 .debug_loc     0x00001599       0x2c /home/esl1-5/Desktop/ESL201000168/Assignment_11/assignment_11_bsp//libhal_bsp.a(alt_usleep.o)
 .debug_loc     0x000015c5       0x58 /home/esl1-5/Desktop/ESL201000168/Assignment_11/assignment_11_bsp//libhal_bsp.a(alt_write.o)
 .debug_loc     0x0000161d       0x84 /home/esl1-5/Desktop/ESL201000168/Assignment_11/assignment_11_bsp//libhal_bsp.a(alt_sys_init.o)
 .debug_loc     0x000016a1       0x58 /home/esl1-5/Desktop/ESL201000168/Assignment_11/assignment_11_bsp//libhal_bsp.a(altera_avalon_jtag_uart_fd.o)
 .debug_loc     0x000016f9       0x2c /home/esl1-5/Desktop/ESL201000168/Assignment_11/assignment_11_bsp//libhal_bsp.a(altera_avalon_jtag_uart_read.o)
 .debug_loc     0x00001725       0x2c /home/esl1-5/Desktop/ESL201000168/Assignment_11/assignment_11_bsp//libhal_bsp.a(altera_avalon_jtag_uart_write.o)
 .debug_loc     0x00001751       0x58 /home/esl1-5/Desktop/ESL201000168/Assignment_11/assignment_11_bsp//libhal_bsp.a(altera_avalon_timer_sc.o)
 .debug_loc     0x000017a9       0x2c /home/esl1-5/Desktop/ESL201000168/Assignment_11/assignment_11_bsp//libhal_bsp.a(alt_busy_sleep.o)
 .debug_loc     0x000017d5       0x58 /home/esl1-5/Desktop/ESL201000168/Assignment_11/assignment_11_bsp//libhal_bsp.a(alt_close.o)
 .debug_loc     0x0000182d       0x2c /home/esl1-5/Desktop/ESL201000168/Assignment_11/assignment_11_bsp//libhal_bsp.a(alt_dcache_flush_all.o)
 .debug_loc     0x00001859       0x2c /home/esl1-5/Desktop/ESL201000168/Assignment_11/assignment_11_bsp//libhal_bsp.a(alt_dev.o)
 .debug_loc     0x00001885       0x58 /home/esl1-5/Desktop/ESL201000168/Assignment_11/assignment_11_bsp//libhal_bsp.a(alt_dev_llist_insert.o)
 .debug_loc     0x000018dd       0x2c /home/esl1-5/Desktop/ESL201000168/Assignment_11/assignment_11_bsp//libhal_bsp.a(alt_icache_flush_all.o)
 .debug_loc     0x00001909       0xb0 /home/esl1-5/Desktop/ESL201000168/Assignment_11/assignment_11_bsp//libhal_bsp.a(alt_iic.o)
 .debug_loc     0x000019b9       0x2c /home/esl1-5/Desktop/ESL201000168/Assignment_11/assignment_11_bsp//libhal_bsp.a(alt_iic_isr_register.o)
 .debug_loc     0x000019e5       0x58 /home/esl1-5/Desktop/ESL201000168/Assignment_11/assignment_11_bsp//libhal_bsp.a(alt_io_redirect.o)