Archive member included because of file (symbol)

/opt/altera/13.1/nios2eds/bin/gnu/H-i686-pc-linux-gnu/bin/../lib/gcc/nios2-elf/4.7.3/mno-hw-mul/libgcc.a(_mul_sf.o)
                              obj/default/hello_world.o (__mulsf3)
/opt/altera/13.1/nios2eds/bin/gnu/H-i686-pc-linux-gnu/bin/../lib/gcc/nios2-elf/4.7.3/mno-hw-mul/libgcc.a(_div_sf.o)
                              obj/default/hello_world.o (__divsf3)
/opt/altera/13.1/nios2eds/bin/gnu/H-i686-pc-linux-gnu/bin/../lib/gcc/nios2-elf/4.7.3/mno-hw-mul/libgcc.a(_si_to_sf.o)
                              obj/default/hello_world.o (__floatsisf)
/opt/altera/13.1/nios2eds/bin/gnu/H-i686-pc-linux-gnu/bin/../lib/gcc/nios2-elf/4.7.3/mno-hw-mul/libgcc.a(_sf_to_df.o)
                              obj/default/hello_world.o (__extendsfdf2)
/opt/altera/13.1/nios2eds/bin/gnu/H-i686-pc-linux-gnu/bin/../lib/gcc/nios2-elf/4.7.3/mno-hw-mul/libgcc.a(_thenan_sf.o)
                              /opt/altera/13.1/nios2eds/bin/gnu/H-i686-pc-linux-gnu/bin/../lib/gcc/nios2-elf/4.7.3/mno-hw-mul/libgcc.a(_mul_sf.o) (__thenan_sf)
/opt/altera/13.1/nios2eds/bin/gnu/H-i686-pc-linux-gnu/bin/../lib/gcc/nios2-elf/4.7.3/mno-hw-mul/libgcc.a(_addsub_df.o)
                              obj/default/Paninteg.o (__adddf3)
/opt/altera/13.1/nios2eds/bin/gnu/H-i686-pc-linux-gnu/bin/../lib/gcc/nios2-elf/4.7.3/mno-hw-mul/libgcc.a(_mul_df.o)
                              obj/default/Panmodel.o (__muldf3)
/opt/altera/13.1/nios2eds/bin/gnu/H-i686-pc-linux-gnu/bin/../lib/gcc/nios2-elf/4.7.3/mno-hw-mul/libgcc.a(_div_df.o)
                              obj/default/Panmodel.o (__divdf3)
/opt/altera/13.1/nios2eds/bin/gnu/H-i686-pc-linux-gnu/bin/../lib/gcc/nios2-elf/4.7.3/mno-hw-mul/libgcc.a(_gt_df.o)
                              obj/default/Panmodel.o (__gtdf2)
/opt/altera/13.1/nios2eds/bin/gnu/H-i686-pc-linux-gnu/bin/../lib/gcc/nios2-elf/4.7.3/mno-hw-mul/libgcc.a(_ge_df.o)
                              obj/default/hello_world.o (__gedf2)
/opt/altera/13.1/nios2eds/bin/gnu/H-i686-pc-linux-gnu/bin/../lib/gcc/nios2-elf/4.7.3/mno-hw-mul/libgcc.a(_lt_df.o)
                              obj/default/Panmodel.o (__ltdf2)
/opt/altera/13.1/nios2eds/bin/gnu/H-i686-pc-linux-gnu/bin/../lib/gcc/nios2-elf/4.7.3/mno-hw-mul/libgcc.a(_si_to_df.o)
                              obj/default/hello_world.o (__floatsidf)
/opt/altera/13.1/nios2eds/bin/gnu/H-i686-pc-linux-gnu/bin/../lib/gcc/nios2-elf/4.7.3/mno-hw-mul/libgcc.a(_df_to_si.o)
                              obj/default/hello_world.o (__fixdfsi)
/opt/altera/13.1/nios2eds/bin/gnu/H-i686-pc-linux-gnu/bin/../lib/gcc/nios2-elf/4.7.3/mno-hw-mul/libgcc.a(_make_df.o)
                              /opt/altera/13.1/nios2eds/bin/gnu/H-i686-pc-linux-gnu/bin/../lib/gcc/nios2-elf/4.7.3/mno-hw-mul/libgcc.a(_sf_to_df.o) (__make_dp)
/opt/altera/13.1/nios2eds/bin/gnu/H-i686-pc-linux-gnu/bin/../lib/gcc/nios2-elf/4.7.3/mno-hw-mul/libgcc.a(_thenan_df.o)
                              /opt/altera/13.1/nios2eds/bin/gnu/H-i686-pc-linux-gnu/bin/../lib/gcc/nios2-elf/4.7.3/mno-hw-mul/libgcc.a(_addsub_df.o) (__thenan_df)
/opt/altera/13.1/nios2eds/bin/gnu/H-i686-pc-linux-gnu/bin/../lib/gcc/nios2-elf/4.7.3/mno-hw-mul/libgcc.a(_muldi3.o)
                              /opt/altera/13.1/nios2eds/bin/gnu/H-i686-pc-linux-gnu/bin/../lib/gcc/nios2-elf/4.7.3/mno-hw-mul/libgcc.a(_mul_sf.o) (__muldi3)
/opt/altera/13.1/nios2eds/bin/gnu/H-i686-pc-linux-gnu/bin/../lib/gcc/nios2-elf/4.7.3/mno-hw-mul/libgcc.a(_clzsi2.o)
                              /opt/altera/13.1/nios2eds/bin/gnu/H-i686-pc-linux-gnu/bin/../lib/gcc/nios2-elf/4.7.3/mno-hw-mul/libgcc.a(_si_to_sf.o) (__clzsi2)
/opt/altera/13.1/nios2eds/bin/gnu/H-i686-pc-linux-gnu/bin/../lib/gcc/nios2-elf/4.7.3/mno-hw-mul/libgcc.a(_pack_sf.o)
                              /opt/altera/13.1/nios2eds/bin/gnu/H-i686-pc-linux-gnu/bin/../lib/gcc/nios2-elf/4.7.3/mno-hw-mul/libgcc.a(_mul_sf.o) (__pack_f)
/opt/altera/13.1/nios2eds/bin/gnu/H-i686-pc-linux-gnu/bin/../lib/gcc/nios2-elf/4.7.3/mno-hw-mul/libgcc.a(_unpack_sf.o)
                              /opt/altera/13.1/nios2eds/bin/gnu/H-i686-pc-linux-gnu/bin/../lib/gcc/nios2-elf/4.7.3/mno-hw-mul/libgcc.a(_mul_sf.o) (__unpack_f)
/opt/altera/13.1/nios2eds/bin/gnu/H-i686-pc-linux-gnu/bin/../lib/gcc/nios2-elf/4.7.3/mno-hw-mul/libgcc.a(_pack_df.o)
                              /opt/altera/13.1/nios2eds/bin/gnu/H-i686-pc-linux-gnu/bin/../lib/gcc/nios2-elf/4.7.3/mno-hw-mul/libgcc.a(_addsub_df.o) (__pack_d)
/opt/altera/13.1/nios2eds/bin/gnu/H-i686-pc-linux-gnu/bin/../lib/gcc/nios2-elf/4.7.3/mno-hw-mul/libgcc.a(_unpack_df.o)
                              /opt/altera/13.1/nios2eds/bin/gnu/H-i686-pc-linux-gnu/bin/../lib/gcc/nios2-elf/4.7.3/mno-hw-mul/libgcc.a(_addsub_df.o) (__unpack_d)
/opt/altera/13.1/nios2eds/bin/gnu/H-i686-pc-linux-gnu/bin/../lib/gcc/nios2-elf/4.7.3/mno-hw-mul/libgcc.a(_fpcmp_parts_df.o)
[...]
Memory Configuration

Name             Origin             Length             Attributes
reset            0x00008000         0x00000020
onchip_mem       0x00008020         0x00004fe0
*default*        0x00000000         0xffffffff

Linker script and memory map

LOAD /home/esl1-5/Desktop/ESL201000168/Assignment_11/assignment_11_bsp//obj/HAL/src/crt0.o
LOAD obj/default/EulerAngles.o
LOAD obj/default/Paninteg.o
LOAD obj/default/Panmodel.o
LOAD obj/default/Pansubmod.o
LOAD obj/default/Tiltinteg.o
LOAD obj/default/Tiltmodel.o
LOAD obj/default/Tiltsubmod.o
LOAD obj/default/hello_world.o
LOAD obj/default/motionprofiles.o
LOAD obj/default/xxfuncs.o
LOAD obj/default/xxinverse.o
LOAD obj/default/xxmatrix.o
LOAD /opt/altera/13.1/nios2eds/bin/gnu/H-i686-pc-linux-gnu/bin/../lib/gcc/nios2-elf/4.7.3/../../../../../H-i686-pc-linux-gnu/nios2-elf/lib/mno-hw-mul/libstdc++.a
LOAD /opt/altera/13.1/nios2eds/bin/gnu/H-i686-pc-linux-gnu/bin/../lib/gcc/nios2-elf/4.7.3/../../../../../H-i686-pc-linux-gnu/nios2-elf/lib/mno-hw-mul/libm.a
LOAD /opt/altera/13.1/nios2eds/bin/gnu/H-i686-pc-linux-gnu/bin/../lib/gcc/nios2-elf/4.7.3/mno-hw-mul/libgcc.a
START GROUP
LOAD /opt/altera/13.1/nios2eds/bin/gnu/H-i686-pc-linux-gnu/bin/../lib/gcc/nios2-elf/4.7.3/../../../../../H-i686-pc-linux-gnu/nios2-elf/lib/mno-hw-mul/libc.a
LOAD /opt/altera/13.1/nios2eds/bin/gnu/H-i686-pc-linux-gnu/bin/../lib/gcc/nios2-elf/4.7.3/mno-hw-mul/libgcc.a
LOAD /home/esl1-5/Desktop/ESL201000168/Assignment_11/assignment_11_bsp//libhal_bsp.a
END GROUP
LOAD /opt/altera/13.1/nios2eds/bin/gnu/H-i686-pc-linux-gnu/bin/../lib/gcc/nios2-elf/4.7.3/mno-hw-mul/libgcc.a
                0x00008000                __alt_mem_onchip_mem = 0x8000

.entry          0x00008000       0x20
 *(.entry)
 .entry         0x00008000       0x20 /home/esl1-5/Desktop/ESL201000168/Assignment_11/assignment_11_bsp//obj/HAL/src/crt0.o
                0x00008000                __reset

.exceptions     0x00008020      0x198
                0x00008020                PROVIDE (__ram_exceptions_start, ABSOLUTE (.))
                0x00008020                . = ALIGN (0x20)
 *(.irq)
 *(.exceptions.entry.label)
 .exceptions.entry.label
                0x00008020        0x0 /home/esl1-5/Desktop/ESL201000168/Assignment_11/assignment_11_bsp//libhal_bsp.a(alt_irq_entry.o)
                0x00008020                alt_irq_entry
 .exceptions.entry.label
                0x00008020        0x0 /home/esl1-5/Desktop/ESL201000168/Assignment_11/assignment_11_bsp//libhal_bsp.a(alt_exception_entry.o)
                0x00008020                alt_exception
 *(.exceptions.entry.user)
 *(.exceptions.entry.ecc_fatal)
 *(.exceptions.entry)
 .exceptions.entry
                0x00008020       0x54 /home/esl1-5/Desktop/ESL201000168/Assignment_11/assignment_11_bsp//libhal_bsp.a(alt_exception_entry.o)
 *(.exceptions.irqtest.user)
 *(.exceptions.irqtest)
 .exceptions.irqtest
                0x00008074       0x10 /home/esl1-5/Desktop/ESL201000168/Assignment_11/assignment_11_bsp//libhal_bsp.a(alt_irq_entry.o)
 *(.exceptions.irqhandler.user)
 *(.exceptions.irqhandler)
 .exceptions.irqhandler
                0x00008084        0x4 /home/esl1-5/Desktop/ESL201000168/Assignment_11/assignment_11_bsp//libhal_bsp.a(alt_irq_entry.o)
 *(.exceptions.irqreturn.user)
 *(.exceptions.irqreturn)
 .exceptions.irqreturn
                0x00008088        0x4 /home/esl1-5/Desktop/ESL201000168/Assignment_11/assignment_11_bsp//libhal_bsp.a(alt_irq_entry.o)
 *(.exceptions.notirq.label)
 .exceptions.notirq.label
                0x0000808c        0x0 /home/esl1-5/Desktop/ESL201000168/Assignment_11/assignment_11_bsp//libhal_bsp.a(alt_irq_entry.o)
 *(.exceptions.notirq.user)
 *(.exceptions.notirq)
 .exceptions.notirq
                0x0000808c        0x8 /home/esl1-5/Desktop/ESL201000168/Assignment_11/assignment_11_bsp//libhal_bsp.a(alt_exception_entry.o)
 *(.exceptions.soft.user)
 *(.exceptions.soft)
 *(.exceptions.unknown.user)
 *(.exceptions.unknown)
 .exceptions.unknown
                0x00008094        0x4 /home/esl1-5/Desktop/ESL201000168/Assignment_11/assignment_11_bsp//libhal_bsp.a(alt_exception_entry.o)
 *(.exceptions.exit.label)
 .exceptions.exit.label
                0x00008098        0x0 /home/esl1-5/Desktop/ESL201000168/Assignment_11/assignment_11_bsp//libhal_bsp.a(alt_irq_entry.o)
 .exceptions.exit.label
                0x00008098        0x0 /home/esl1-5/Desktop/ESL201000168/Assignment_11/assignment_11_bsp//libhal_bsp.a(alt_exception_entry.o)
 *(.exceptions.exit.user)
 *(.exceptions.exit)
 .exceptions.exit
                0x00008098       0x54 /home/esl1-5/Desktop/ESL201000168/Assignment_11/assignment_11_bsp//libhal_bsp.a(alt_exception_entry.o)
 *(.exceptions)
 .exceptions    0x000080ec       0xcc /home/esl1-5/Desktop/ESL201000168/Assignment_11/assignment_11_bsp//libhal_bsp.a(alt_irq_handler.o)
                0x000080ec                alt_irq_handler
                0x000081b8                PROVIDE (__ram_exceptions_end, ABSOLUTE (.))
                0x00008020                PROVIDE (__flash_exceptions_start, LOADADDR (.exceptions))

.text           0x000081b8     0xdd2c
                0x000081b8                PROVIDE (stext, ABSOLUTE (.))
 *(.interp)
 *(.hash)
 *(.dynsym)
 *(.dynstr)
 *(.gnu.version)
 *(.gnu.version_d)
 *(.gnu.version_r)
 *(.rel.init)
 *(.rela.init)
 *(.rel.text .rel.text.* .rel.gnu.linkonce.t.*)
 *(.rela.text .rela.text.* .rela.gnu.linkonce.t.*)
 *(.rel.fini)
 *(.rela.fini)
 *(.rel.rodata .rel.rodata.* .rel.gnu.linkonce.r.*)
 *(.rela.rodata .rela.rodata.* .rela.gnu.linkonce.r.*)
 *(.rel.data .rel.data.* .rel.gnu.linkonce.d.*)
 *(.rela.data .rela.data.* .rela.gnu.linkonce.d.*)
 *(.rel.tdata .rel.tdata.* .rel.gnu.linkonce.td.*)
 *(.rela.tdata .rela.tdata.* .rela.gnu.linkonce.td.*)
 *(.rel.tbss .rel.tbss.* .rel.gnu.linkonce.tb.*)
 *(.rela.tbss .rela.tbss.* .rela.gnu.linkonce.tb.*)
 *(.rel.ctors)
 *(.rela.ctors)
 *(.rel.dtors)
 *(.rela.dtors)
 *(.rel.got)
 *(.rela.got)
 *(.rel.sdata .rel.sdata.* .rel.gnu.linkonce.s.*)
 *(.rela.sdata .rela.sdata.* .rela.gnu.linkonce.s.*)
 *(.rel.sbss .rel.sbss.* .rel.gnu.linkonce.sb.*)
 *(.rela.sbss .rela.sbss.* .rela.gnu.linkonce.sb.*)
 *(.rel.sdata2 .rel.sdata2.* .rel.gnu.linkonce.s2.*)
 *(.rela.sdata2 .rela.sdata2.* .rela.gnu.linkonce.s2.*)
 *(.rel.sbss2 .rel.sbss2.* .rel.gnu.linkonce.sb2.*)
 *(.rela.sbss2 .rela.sbss2.* .rela.gnu.linkonce.sb2.*)
 *(.rel.bss .rel.bss.* .rel.gnu.linkonce.b.*)
 *(.rela.bss .rela.bss.* .rela.gnu.linkonce.b.*)
 *(.rel.plt)
 *(.rela.plt)
 *(.rel.dyn)
 *(.init)
 *(.plt)
 *(.text .stub .text.* .gnu.linkonce.t.*)
 .text          0x000081b8       0x3c /home/esl1-5/Desktop/ESL201000168/Assignment_11/assignment_11_bsp//obj/HAL/src/crt0.o
                0x000081b8                _start
 .text          0x000081f4        0x0 obj/default/EulerAngles.o
 .text          0x000081f4      0x12c obj/default/Paninteg.o
                0x000081f4                PanDiscreteInitialize
                0x00008220                PanDiscreteTerminate
                0x0000823c                PanDiscreteStep
 .text          0x00008320      0x8e8 obj/default/Panmodel.o
                0x00008320                PanModelInitialize_parameters
                0x00008400                PanModelInitialize_initialvalues
                0x0000844c                PanModelInitialize_states
                0x000084c8                PanModelInitialize_variables
                0x00008500                PanModelInitialize
                0x00008534                PanCalculateInitial
                0x00008550                PanCalculateStatic
                0x0000856c                PanCalculateInput
                0x00008588                PanCalculateDynamic
                0x00008b74                PanCalculateOutput
                0x00008bd0                PanCalculateFinal
                0x00008bec                PanModelTerminate
 .text          0x00008c08      0x224 obj/default/Pansubmod.o
                0x00008c08                PanCopyInputsToVariables
                0x00008c60                PanCopyVariablesToOutputs
                0x00008cbc                PanInitializeSubmodel
                0x00008d5c                PanCalculateSubmodel
                0x00008dc4                PanTerminateSubmodel
 .text          0x00008e2c      0x12c obj/default/Tiltinteg.o
                0x00008e2c                TiltDiscreteInitialize
                0x00008e58                TiltDiscreteTerminate
                0x00008e74                TiltDiscreteStep
 .text          0x00008f58      0x93c obj/default/Tiltmodel.o
                0x00008f58                TiltModelInitialize_parameters
                0x00009038                TiltModelInitialize_initialvalues
                0x00009084                TiltModelInitialize_states
                0x00009100                TiltModelInitialize_variables
                0x00009138                TiltModelInitialize
                0x0000916c                TiltCalculateInitial
                0x00009188                TiltCalculateStatic
                0x000091a4                TiltCalculateInput
                0x000091c0                TiltCalculateDynamic
                0x00009820                TiltCalculateOutput
                0x0000985c                TiltCalculateFinal
                0x00009878                TiltModelTerminate
 .text          0x00009894      0x220 obj/default/Tiltsubmod.o
                0x00009894                TiltCopyInputsToVariables
                0x00009908                TiltCopyVariablesToOutputs
                0x00009944                TiltInitializeSubmodel
                0x000099e4                TiltCalculateSubmodel
                0x00009a4c                TiltTerminateSubmodel
 .text          0x00009ab4      0x564 obj/default/hello_world.o
                0x00009ab4                convertToPwm
                0x00009b3c                convertPanToRadian
                0x00009bf8                convertTiltToRadian
                0x00009cb4                main
 .text          0x0000a018        0x0 obj/default/motionprofiles.o
 .text          0x0000a018       0x78 obj/default/xxfuncs.o
                0x0000a018                XXString2Double
                0x0000a058                XXDouble2String
 .text          0x0000a090        0x0 obj/default/xxinverse.o
 .text          0x0000a090        0x0 obj/default/xxmatrix.o
 .text          0x0000a090      0x190 /opt/altera/13.1/nios2eds/bin/gnu/H-i686-pc-linux-gnu/bin/../lib/gcc/nios2-elf/4.7.3/mno-hw-mul/libgcc.a(_mul_sf.o)
                0x0000a090                __mulsf3
 .text          0x0000a220      0x13c /opt/altera/13.1/nios2eds/bin/gnu/H-i686-pc-linux-gnu/bin/../lib/gcc/nios2-elf/4.7.3/mno-hw-mul/libgcc.a(_div_sf.o)
                0x0000a220                __divsf3
 .text          0x0000a35c       0xa4 /opt/altera/13.1/nios2eds/bin/gnu/H-i686-pc-linux-gnu/bin/../lib/gcc/nios2-elf/4.7.3/mno-hw-mul/libgcc.a(_si_to_sf.o)
                0x0000a35c                __floatsisf
 .text          0x0000a400       0x44 /opt/altera/13.1/nios2eds/bin/gnu/H-i686-pc-linux-gnu/bin/../lib/gcc/nios2-elf/4.7.3/mno-hw-mul/libgcc.a(_sf_to_df.o)
                0x0000a400                __extendsfdf2
 .text          0x0000a444        0x0 /opt/altera/13.1/nios2eds/bin/gnu/H-i686-pc-linux-gnu/bin/../lib/gcc/nios2-elf/4.7.3/mno-hw-mul/libgcc.a(_thenan_sf.o)
 .text          0x0000a444      0x408 /opt/altera/13.1/nios2eds/bin/gnu/H-i686-pc-linux-gnu/bin/../lib/gcc/nios2-elf/4.7.3/mno-hw-mul/libgcc.a(_addsub_df.o)
                0x0000a798                __adddf3
                0x0000a7ec                __subdf3
 .text          0x0000a84c      0x2e4 /opt/altera/13.1/nios2eds/bin/gnu/H-i686-pc-linux-gnu/bin/../lib/gcc/nios2-elf/4.7.3/mno-hw-mul/libgcc.a(_mul_df.o)
                0x0000a84c                __muldf3
 .text          0x0000ab30      0x1b4 /opt/altera/13.1/nios2eds/bin/gnu/H-i686-pc-linux-gnu/bin/../lib/gcc/nios2-elf/4.7.3/mno-hw-mul/libgcc.a(_div_df.o)
                0x0000ab30                __divdf3
 .text          0x0000ace4       0x64 /opt/altera/13.1/nios2eds/bin/gnu/H-i686-pc-linux-gnu/bin/../lib/gcc/nios2-elf/4.7.3/mno-hw-mul/libgcc.a(_gt_df.o)
                0x0000ace4                __gtdf2
 .text          0x0000ad48       0x64 /opt/altera/13.1/nios2eds/bin/gnu/H-i686-pc-linux-gnu/bin/../lib/gcc/nios2-elf/4.7.3/mno-hw-mul/libgcc.a(_ge_df.o)
                0x0000ad48                __gedf2
 .text          0x0000adac       0x5c /opt/altera/13.1/nios2eds/bin/gnu/H-i686-pc-linux-gnu/bin/../lib/gcc/nios2-elf/4.7.3/mno-hw-mul/libgcc.a(_lt_df.o)
                0x0000adac                __ltdf2
 .text          0x0000ae08       0xd4 /opt/altera/13.1/nios2eds/bin/gnu/H-i686-pc-linux-gnu/bin/../lib/gcc/nios2-elf/4.7.3/mno-hw-mul/libgcc.a(_si_to_df.o)
                0x0000ae08                __floatsidf
 .text          0x0000aedc       0xd4 /opt/altera/13.1/nios2eds/bin/gnu/H-i686-pc-linux-gnu/bin/../lib/gcc/nios2-elf/4.7.3/mno-hw-mul/libgcc.a(_df_to_si.o)
                0x0000aedc                __fixdfsi
 .text          0x0000afb0       0x38 /opt/altera/13.1/nios2eds/bin/gnu/H-i686-pc-linux-gnu/bin/../lib/gcc/nios2-elf/4.7.3/mno-hw-mul/libgcc.a(_make_df.o)
                0x0000afb0                __make_dp
 .text          0x0000afe8        0x0 /opt/altera/13.1/nios2eds/bin/gnu/H-i686-pc-linux-gnu/bin/../lib/gcc/nios2-elf/4.7.3/mno-hw-mul/libgcc.a(_thenan_df.o)
 .text          0x0000afe8      0x110 /opt/altera/13.1/nios2eds/bin/gnu/H-i686-pc-linux-gnu/bin/../lib/gcc/nios2-elf/4.7.3/mno-hw-mul/libgcc.a(_muldi3.o)
                0x0000afe8                __muldi3
 .text          0x0000b0f8       0xac /opt/altera/13.1/nios2eds/bin/gnu/H-i686-pc-linux-gnu/bin/../lib/gcc/nios2-elf/4.7.3/mno-hw-mul/libgcc.a(_clzsi2.o)
                0x0000b0f8                __clzsi2
 .text          0x0000b1a4      0x12c /opt/altera/13.1/nios2eds/bin/gnu/H-i686-pc-linux-gnu/bin/../lib/gcc/nios2-elf/4.7.3/mno-hw-mul/libgcc.a(_pack_sf.o)
                0x0000b1a4                __pack_f
 .text          0x0000b2d0       0xc8 /opt/altera/13.1/nios2eds/bin/gnu/H-i686-pc-linux-gnu/bin/../lib/gcc/nios2-elf/4.7.3/mno-hw-mul/libgcc.a(_unpack_sf.o)
                0x0000b2d0                __unpack_f
 .text          0x0000b398      0x224 /opt/altera/13.1/nios2eds/bin/gnu/H-i686-pc-linux-gnu/bin/../lib/gcc/nios2-elf/4.7.3/mno-hw-mul/libgcc.a(_pack_df.o)
                0x0000b398                __pack_d
 .text          0x0000b5bc      0x104 /opt/altera/13.1/nios2eds/bin/gnu/H-i686-pc-linux-gnu/bin/../lib/gcc/nios2-elf/4.7.3/mno-hw-mul/libgcc.a(_unpack_df.o)
                0x0000b5bc                __unpack_d
 .text          0x0000b6c0       0xd0 /opt/altera/13.1/nios2eds/bin/gnu/H-i686-pc-linux-gnu/bin/../lib/gcc/nios2-elf/4.7.3/mno-hw-mul/libgcc.a(_fpcmp_parts_df.o)
                0x0000b6c0                __fpcmp_parts_d
 .text          0x0000b790       0x28 /opt/altera/13.1/nios2eds/bin/gnu/H-i686-pc-linux-gnu/bin/../lib/gcc/nios2-elf/4.7.3/mno-hw-mul/libgcc.a(lib2-mul.o)
                0x0000b790                __mulsi3
 .text          0x0000b7b8       0x44 /opt/altera/13.1/nios2eds/bin/gnu/H-i686-pc-linux-gnu/bin/../lib/gcc/nios2-elf/4.7.3/mno-hw-mul/libgcc.a(_lshrdi3.o)
                0x0000b7b8                __lshrdi3
 .text          0x0000b7fc       0x44 /opt/altera/13.1/nios2eds/bin/gnu/H-i686-pc-linux-gnu/bin/../lib/gcc/nios2-elf/4.7.3/mno-hw-mul/libgcc.a(_ashldi3.o)
                0x0000b7fc                __ashldi3
 .text          0x0000b840        0x0 /opt/altera/13.1/nios2eds/bin/gnu/H-i686-pc-linux-gnu/bin/../lib/gcc/nios2-elf/4.7.3/mno-hw-mul/libgcc.a(_clz.o)
 .text          0x0000b840       0xdc /opt/altera/13.1/nios2eds/bin/gnu/H-i686-pc-linux-gnu/bin/../lib/gcc/nios2-elf/4.7.3/../../../../../H-i686-pc-linux-gnu/nios2-elf/lib/mno-hw-mul/libc.a(lib_a-memset.o)
                0x0000b840                memset
 .text          0x0000b91c       0x68 /opt/altera/13.1/nios2eds/bin/gnu/H-i686-pc-linux-gnu/bin/../lib/gcc/nios2-elf/4.7.3/../../../../../H-i686-pc-linux-gnu/nios2-elf/lib/mno-hw-mul/libc.a(lib_a-printf.o)
                0x0000b91c                _printf_r
                0x0000b948                printf
 .text          0x0000b984       0x98 /opt/altera/13.1/nios2eds/bin/gnu/H-i686-pc-linux-gnu/bin/../lib/gcc/nios2-elf/4.7.3/../../../../../H-i686-pc-linux-gnu/nios2-elf/lib/mno-hw-mul/libc.a(lib_a-puts.o)
                0x0000b984                _puts_r
                0x0000ba08                puts
 .text          0x0000ba1c       0x8c /opt/altera/13.1/nios2eds/bin/gnu/H-i686-pc-linux-gnu/bin/../lib/gcc/nios2-elf/4.7.3/../../../../../H-i686-pc-linux-gnu/nios2-elf/lib/mno-hw-mul/libc.a(lib_a-strlen.o)
                0x0000ba1c                strlen
 .text          0x0000baa8     0x1ed4 /opt/altera/13.1/nios2eds/bin/gnu/H-i686-pc-linux-gnu/bin/../lib/gcc/nios2-elf/4.7.3/../../../../../H-i686-pc-linux-gnu/nios2-elf/lib/mno-hw-mul/libc.a(lib_a-vfprintf.o)
                0x0000badc                ___vfprintf_internal_r
                0x0000d958                __vfprintf_internal
 .text          0x0000d97c      0x174 /opt/altera/13.1/nios2eds/bin/gnu/H-i686-pc-linux-gnu/bin/../lib/gcc/nios2-elf/4.7.3/../../../../../H-i686-pc-linux-gnu/nios2-elf/lib/mno-hw-mul/libc.a(lib_a-wsetup.o)
                0x0000d97c                __swsetup_r
 .text          0x0000daf0     0x1858 /opt/altera/13.1/nios2eds/bin/gnu/H-i686-pc-linux-gnu/bin/../lib/gcc/nios2-elf/4.7.3/../../../../../H-i686-pc-linux-gnu/nios2-elf/lib/mno-hw-mul/libc.a(lib_a-dtoa.o)
                0x0000dd2c                _dtoa_r
 .text          0x0000f348      0x218 /opt/altera/13.1/nios2eds/bin/gnu/H-i686-pc-linux-gnu/bin/../lib/gcc/nios2-elf/4.7.3/../../../../../H-i686-pc-linux-gnu/nios2-elf/lib/mno-hw-mul/libc.a(lib_a-fflush.o)
                0x0000f348                _fflush_r
                0x0000f530                fflush
 .text          0x0000f560      0x2ec /opt/altera/13.1/nios2eds/bin/gnu/H-i686-pc-linux-gnu/bin/../lib/gcc/nios2-elf/4.7.3/../../../../../H-i686-pc-linux-gnu/nios2-elf/lib/mno-hw-mul/libc.a(lib_a-findfp.o)
                0x0000f570                _cleanup_r
                0x0000f57c                __sfmoreglue
                0x0000f5f4                _cleanup
                0x0000f604                __sinit
                0x0000f710                __sfp
                0x0000f80c                __sfp_lock_acquire
                0x0000f810                __sfp_lock_release
                0x0000f814                __sinit_lock_acquire
                0x0000f818                __sinit_lock_release
                0x0000f81c                __fp_lock_all
                0x0000f834                __fp_unlock_all
 .text          0x0000f84c      0x40c /opt/altera/13.1/nios2eds/bin/gnu/H-i686-pc-linux-gnu/bin/../lib/gcc/nios2-elf/4.7.3/../../../../../H-i686-pc-linux-gnu/nios2-elf/lib/mno-hw-mul/libc.a(lib_a-freer.o)
                0x0000f84c                _malloc_trim_r
                0x0000f988                _free_r
 .text          0x0000fc58      0x4e4 /opt/altera/13.1/nios2eds/bin/gnu/H-i686-pc-linux-gnu/bin/../lib/gcc/nios2-elf/4.7.3/../../../../../H-i686-pc-linux-gnu/nios2-elf/lib/mno-hw-mul/libc.a(lib_a-fvwrite.o)
                0x0000fc58                __sfvwrite_r
 .text          0x0001013c      0x160 /opt/altera/13.1/nios2eds/bin/gnu/H-i686-pc-linux-gnu/bin/../lib/gcc/nios2-elf/4.7.3/../../../../../H-i686-pc-linux-gnu/nios2-elf/lib/mno-hw-mul/libc.a(lib_a-fwalk.o)
                0x0001013c                _fwalk
                0x000101e4                _fwalk_reent
 .text          0x0001029c        0x0 /opt/altera/13.1/nios2eds/bin/gnu/H-i686-pc-linux-gnu/bin/../lib/gcc/nios2-elf/4.7.3/../../../../../H-i686-pc-linux-gnu/nios2-elf/lib/mno-hw-mul/libc.a(lib_a-impure.o)
 .text          0x0001029c       0xdc /opt/altera/13.1/nios2eds/bin/gnu/H-i686-pc-linux-gnu/bin/../lib/gcc/nios2-elf/4.7.3/../../../../../H-i686-pc-linux-gnu/nios2-elf/lib/mno-hw-mul/libc.a(lib_a-locale.o)
                0x0001029c                _setlocale_r
                0x00010338                __locale_charset
                0x00010344                _localeconv_r
                0x00010350                setlocale
                0x0001036c                localeconv
 .text          0x00010378      0x1a8 /opt/altera/13.1/nios2eds/bin/gnu/H-i686-pc-linux-gnu/bin/../lib/gcc/nios2-elf/4.7.3/../../../../../H-i686-pc-linux-gnu/nios2-elf/lib/mno-hw-mul/libc.a(lib_a-makebuf.o)
                0x00010378                __smakebuf_r
 .text          0x00010520      0x784 /opt/altera/13.1/nios2eds/bin/gnu/H-i686-pc-linux-gnu/bin/../lib/gcc/nios2-elf/4.7.3/../../../../../H-i686-pc-linux-gnu/nios2-elf/lib/mno-hw-mul/libc.a(lib_a-mallocr.o)
                0x00010520                _malloc_r
 .text          0x00010ca4       0xf8 /opt/altera/13.1/nios2eds/bin/gnu/H-i686-pc-linux-gnu/bin/../lib/gcc/nios2-elf/4.7.3/../../../../../H-i686-pc-linux-gnu/nios2-elf/lib/mno-hw-mul/libc.a(lib_a-memchr.o)
                0x00010ca4                memchr
 .text          0x00010d9c      0x140 /opt/altera/13.1/nios2eds/bin/gnu/H-i686-pc-linux-gnu/bin/../lib/gcc/nios2-elf/4.7.3/../../../../../H-i686-pc-linux-gnu/nios2-elf/lib/mno-hw-mul/libc.a(lib_a-memcpy.o)
                0x00010d9c                memcpy
 .text          0x00010edc      0x18c /opt/altera/13.1/nios2eds/bin/gnu/H-i686-pc-linux-gnu/bin/../lib/gcc/nios2-elf/4.7.3/../../../../../H-i686-pc-linux-gnu/nios2-elf/lib/mno-hw-mul/libc.a(lib_a-memmove.o)
                0x00010edc                memmove
 .text          0x00011068     0x1050 /opt/altera/13.1/nios2eds/bin/gnu/H-i686-pc-linux-gnu/bin/../lib/gcc/nios2-elf/4.7.3/../../../../../H-i686-pc-linux-gnu/nios2-elf/lib/mno-hw-mul/libc.a(lib_a-mprec.o)
                0x00011068                _Balloc
                0x00011110                _Bfree
                0x00011138                __multadd
                0x0001127c                __s2b
                0x00011380                __hi0bits
                0x000113e8                __lo0bits
                0x00011498                __i2b
                0x000114d4                __multiply
                0x0001172c                __pow5mult
                0x00011858                __lshift
                0x000119b4                __mcmp
                0x00011a0c                __mdiff
                0x00011bb4                __ulp
                0x00011c14                __b2d
                0x00011d5c                __d2b
                0x00011ea0                __ratio
                0x00011f44                _mprec_log10
                0x00011fb8                __copybits
                0x00012034                __any_on
 .text          0x000120b8      0x5fc /opt/altera/13.1/nios2eds/bin/gnu/H-i686-pc-linux-gnu/bin/../lib/gcc/nios2-elf/4.7.3/../../../../../H-i686-pc-linux-gnu/nios2-elf/lib/mno-hw-mul/libc.a(lib_a-reallocr.o)
                0x000120b8                _realloc_r
 .text          0x000126b4       0x38 /opt/altera/13.1/nios2eds/bin/gnu/H-i686-pc-linux-gnu/bin/../lib/gcc/nios2-elf/4.7.3/../../../../../H-i686-pc-linux-gnu/nios2-elf/lib/mno-hw-mul/libc.a(lib_a-s_isinfd.o)
                0x000126b4                __isinfd
 .text          0x000126ec       0x2c /opt/altera/13.1/nios2eds/bin/gnu/H-i686-pc-linux-gnu/bin/../lib/gcc/nios2-elf/4.7.3/../../../../../H-i686-pc-linux-gnu/nios2-elf/lib/mno-hw-mul/libc.a(lib_a-s_isnand.o)
                0x000126ec                __isnand
 .text          0x00012718       0x64 /opt/altera/13.1/nios2eds/bin/gnu/H-i686-pc-linux-gnu/bin/../lib/gcc/nios2-elf/4.7.3/../../../../../H-i686-pc-linux-gnu/nios2-elf/lib/mno-hw-mul/libc.a(lib_a-sbrkr.o)
                0x00012718                _sbrk_r
 .text          0x0001277c      0x140 /opt/altera/13.1/nios2eds/bin/gnu/H-i686-pc-linux-gnu/bin/../lib/gcc/nios2-elf/4.7.3/../../../../../H-i686-pc-linux-gnu/nios2-elf/lib/mno-hw-mul/libc.a(lib_a-stdio.o)
                0x0001277c                __sread
                0x000127d0                __swrite
                0x00012858                __sseek
                0x000128b4                __sclose
 .text          0x000128bc       0xa4 /opt/altera/13.1/nios2eds/bin/gnu/H-i686-pc-linux-gnu/bin/../lib/gcc/nios2-elf/4.7.3/../../../../../H-i686-pc-linux-gnu/nios2-elf/lib/mno-hw-mul/libc.a(lib_a-strcmp.o)
                0x000128bc                strcmp
 .text          0x00012960       0x6c /opt/altera/13.1/nios2eds/bin/gnu/H-i686-pc-linux-gnu/bin/../lib/gcc/nios2-elf/4.7.3/../../../../../H-i686-pc-linux-gnu/nios2-elf/lib/mno-hw-mul/libc.a(lib_a-writer.o)
                0x00012960                _write_r
 .text          0x000129cc       0xcc /opt/altera/13.1/nios2eds/bin/gnu/H-i686-pc-linux-gnu/bin/../lib/gcc/nios2-elf/4.7.3/../../../../../H-i686-pc-linux-gnu/nios2-elf/lib/mno-hw-mul/libc.a(lib_a-callocr.o)
                0x000129cc                _calloc_r
 .text          0x00012a98       0x64 /opt/altera/13.1/nios2eds/bin/gnu/H-i686-pc-linux-gnu/bin/../lib/gcc/nios2-elf/4.7.3/../../../../../H-i686-pc-linux-gnu/nios2-elf/lib/mno-hw-mul/libc.a(lib_a-closer.o)
                0x00012a98                _close_r
 .text          0x00012afc      0x150 /opt/altera/13.1/nios2eds/bin/gnu/H-i686-pc-linux-gnu/bin/../lib/gcc/nios2-elf/4.7.3/../../../../../H-i686-pc-linux-gnu/nios2-elf/lib/mno-hw-mul/libc.a(lib_a-fclose.o)
                0x00012afc                _fclose_r
                0x00012c38                fclose
 .text          0x00012c4c       0x68 /opt/altera/13.1/nios2eds/bin/gnu/H-i686-pc-linux-gnu/bin/../lib/gcc/nios2-elf/4.7.3/../../../../../H-i686-pc-linux-gnu/nios2-elf/lib/mno-hw-mul/libc.a(lib_a-fstatr.o)
                0x00012c4c                _fstat_r
 .text          0x00012cb4        0x0 /opt/altera/13.1/nios2eds/bin/gnu/H-i686-pc-linux-gnu/bin/../lib/gcc/nios2-elf/4.7.3/../../../../../H-i686-pc-linux-gnu/nios2-elf/lib/mno-hw-mul/libc.a(lib_a-int_errno.o)
 .text          0x00012cb4       0x64 /opt/altera/13.1/nios2eds/bin/gnu/H-i686-pc-linux-gnu/bin/../lib/gcc/nios2-elf/4.7.3/../../../../../H-i686-pc-linux-gnu/nios2-elf/lib/mno-hw-mul/libc.a(lib_a-isattyr.o)
                0x00012cb4                _isatty_r
 .text          0x00012d18       0x6c /opt/altera/13.1/nios2eds/bin/gnu/H-i686-pc-linux-gnu/bin/../lib/gcc/nios2-elf/4.7.3/../../../../../H-i686-pc-linux-gnu/nios2-elf/lib/mno-hw-mul/libc.a(lib_a-lseekr.o)
                0x00012d18                _lseek_r
 .text          0x00012d84       0x6c /opt/altera/13.1/nios2eds/bin/gnu/H-i686-pc-linux-gnu/bin/../lib/gcc/nios2-elf/4.7.3/../../../../../H-i686-pc-linux-gnu/nios2-elf/lib/mno-hw-mul/libc.a(lib_a-readr.o)
                0x00012d84                _read_r
 .text          0x00012df0      0x650 /opt/altera/13.1/nios2eds/bin/gnu/H-i686-pc-linux-gnu/bin/../lib/gcc/nios2-elf/4.7.3/mno-hw-mul/libgcc.a(_udivdi3.o)
                0x00012df0                __udivdi3
 .text          0x00013440      0x628 /opt/altera/13.1/nios2eds/bin/gnu/H-i686-pc-linux-gnu/bin/../lib/gcc/nios2-elf/4.7.3/mno-hw-mul/libgcc.a(_umoddi3.o)
                0x00013440                __umoddi3
 .text          0x00013a68       0x5c /opt/altera/13.1/nios2eds/bin/gnu/H-i686-pc-linux-gnu/bin/../lib/gcc/nios2-elf/4.7.3/mno-hw-mul/libgcc.a(_eq_df.o)
                0x00013a68                __eqdf2
 .text          0x00013ac4       0x5c /opt/altera/13.1/nios2eds/bin/gnu/H-i686-pc-linux-gnu/bin/../lib/gcc/nios2-elf/4.7.3/mno-hw-mul/libgcc.a(_ne_df.o)
                0x00013ac4                __nedf2
 .text          0x00013b20      0x11c /opt/altera/13.1/nios2eds/bin/gnu/H-i686-pc-linux-gnu/bin/../lib/gcc/nios2-elf/4.7.3/mno-hw-mul/libgcc.a(_usi_to_df.o)
                0x00013b20                __floatunsidf
 .text          0x00013c3c      0x130 /opt/altera/13.1/nios2eds/bin/gnu/H-i686-pc-linux-gnu/bin/../lib/gcc/nios2-elf/4.7.3/mno-hw-mul/libgcc.a(lib2-divmod.o)
                0x00013cb0                __divsi3
                0x00013d00                __modsi3
                0x00013d5c                __udivsi3
                0x00013d64                __umodsi3
 .text          0x00013d6c      0x11c /home/esl1-5/Desktop/ESL201000168/Assignment_11/assignment_11_bsp//libhal_bsp.a(alt_close.o)
                0x00013dbc                close
 .text          0x00013e88       0x2c /home/esl1-5/Desktop/ESL201000168/Assignment_11/assignment_11_bsp//libhal_bsp.a(alt_dev.o)
 .text          0x00013eb4        0x0 /home/esl1-5/Desktop/ESL201000168/Assignment_11/assignment_11_bsp//libhal_bsp.a(alt_errno.o)
 .text          0x00013eb4      0x100 /home/esl1-5/Desktop/ESL201000168/Assignment_11/assignment_11_bsp//libhal_bsp.a(alt_fstat.o)
                0x00013f04                fstat
 .text          0x00013fb4       0xf4 /home/esl1-5/Desktop/ESL201000168/Assignment_11/assignment_11_bsp//libhal_bsp.a(alt_isatty.o)
                0x00014004                isatty
 .text          0x000140a8       0xec /home/esl1-5/Desktop/ESL201000168/Assignment_11/assignment_11_bsp//libhal_bsp.a(alt_load.o)
                0x00014114                alt_load
 .text          0x00014194      0x124 /home/esl1-5/Desktop/ESL201000168/Assignment_11/assignment_11_bsp//libhal_bsp.a(alt_lseek.o)
                0x000141e4                lseek
 .text          0x000142b8       0x68 /home/esl1-5/Desktop/ESL201000168/Assignment_11/assignment_11_bsp//libhal_bsp.a(alt_main.o)
                0x000142b8                alt_main
 .text          0x00014320       0x40 /home/esl1-5/Desktop/ESL201000168/Assignment_11/assignment_11_bsp//libhal_bsp.a(alt_malloc_lock.o)
                0x00014320                __malloc_lock
                0x00014340                __malloc_unlock
 .text          0x00014360      0x144 /home/esl1-5/Desktop/ESL201000168/Assignment_11/assignment_11_bsp//libhal_bsp.a(alt_read.o)
                0x000143b0                read
 .text          0x000144a4       0x80 /home/esl1-5/Desktop/ESL201000168/Assignment_11/assignment_11_bsp//libhal_bsp.a(alt_release_fd.o)
                0x000144a4                alt_release_fd
 .text          0x00014524       0xb0 /home/esl1-5/Desktop/ESL201000168/Assignment_11/assignment_11_bsp//libhal_bsp.a(alt_sbrk.o)
                0x00014524                sbrk
 .text          0x000145d4       0x30 /home/esl1-5/Desktop/ESL201000168/Assignment_11/assignment_11_bsp//libhal_bsp.a(alt_usleep.o)
                0x000145d4                usleep
 .text          0x00014604      0x140 /home/esl1-5/Desktop/ESL201000168/Assignment_11/assignment_11_bsp//libhal_bsp.a(alt_write.o)
                0x00014654                write
 .text          0x00014744       0xc4 /home/esl1-5/Desktop/ESL201000168/Assignment_11/assignment_11_bsp//libhal_bsp.a(alt_sys_init.o)
                0x0001477c                alt_irq_init
                0x000147b0                alt_sys_init
 .text          0x00014808       0xc0 /home/esl1-5/Desktop/ESL201000168/Assignment_11/assignment_11_bsp//libhal_bsp.a(altera_avalon_jtag_uart_fd.o)
                0x00014808                altera_avalon_jtag_uart_read_fd
                0x00014868                altera_avalon_jtag_uart_write_fd
 .text          0x000148c8       0xf4 /home/esl1-5/Desktop/ESL201000168/Assignment_11/assignment_11_bsp//libhal_bsp.a(altera_avalon_jtag_uart_read.o)
                0x000148c8                altera_avalon_jtag_uart_read
 .text          0x000149bc       0x98 /home/esl1-5/Desktop/ESL201000168/Assignment_11/assignment_11_bsp//libhal_bsp.a(altera_avalon_jtag_uart_write.o)
                0x000149bc                altera_avalon_jtag_uart_write
 .text          0x00014a54       0xfc /home/esl1-5/Desktop/ESL201000168/Assignment_11/assignment_11_bsp//libhal_bsp.a(altera_avalon_timer_sc.o)
                0x00014ac8                alt_avalon_timer_sc_init
 .text          0x00014b50       0xc0 /home/esl1-5/Desktop/ESL201000168/Assignment_11/assignment_11_bsp//libhal_bsp.a(altera_avalon_uart_fd.o)
                0x00014b50                altera_avalon_uart_read_fd
                0x00014bb0                altera_avalon_uart_write_fd
 .text          0x00014c10      0x110 /home/esl1-5/Desktop/ESL201000168/Assignment_11/assignment_11_bsp//libhal_bsp.a(altera_avalon_uart_read.o)
                0x00014c60                altera_avalon_uart_read
 .text          0x00014d20      0x12c /home/esl1-5/Desktop/ESL201000168/Assignment_11/assignment_11_bsp//libhal_bsp.a(altera_avalon_uart_write.o)
                0x00014d70                altera_avalon_uart_write
 .text          0x00014e4c      0x154 /home/esl1-5/Desktop/ESL201000168/Assignment_11/assignment_11_bsp//libhal_bsp.a(alt_busy_sleep.o)
                0x00014e4c                alt_busy_sleep
 .text          0x00014fa0       0x1c /home/esl1-5/Desktop/ESL201000168/Assignment_11/assignment_11_bsp//libhal_bsp.a(alt_dcache_flush_all.o)
                0x00014fa0                alt_dcache_flush_all
 .text          0x00014fbc       0xf0 /home/esl1-5/Desktop/ESL201000168/Assignment_11/assignment_11_bsp//libhal_bsp.a(alt_dev_llist_insert.o)
                0x0001500c                alt_dev_llist_insert
 .text          0x000150ac       0x30 /home/esl1-5/Desktop/ESL201000168/Assignment_11/assignment_11_bsp//libhal_bsp.a(alt_icache_flush_all.o)
                0x000150ac                alt_icache_flush_all
 .text          0x000150dc      0x1d8 /home/esl1-5/Desktop/ESL201000168/Assignment_11/assignment_11_bsp//libhal_bsp.a(alt_iic.o)
                0x000150dc                alt_ic_isr_register
                0x0001512c                alt_ic_irq_enable
                0x000151c8                alt_ic_irq_disable
                0x00015268                alt_ic_irq_enabled
 .text          0x000152b4       0xf0 /home/esl1-5/Desktop/ESL201000168/Assignment_11/assignment_11_bsp//libhal_bsp.a(alt_iic_isr_register.o)
                0x000152b4                alt_iic_isr_register
 .text          0x000153a4      0x158 /home/esl1-5/Desktop/ESL201000168/Assignment_11/assignment_11_bsp//libhal_bsp.a(alt_io_redirect.o)
                0x00015484                alt_io_redirect
 .text          0x000154fc        0x0 /home/esl1-5/Desktop/ESL201000168/Assignment_11/assignment_11_bsp//libhal_bsp.a(alt_irq_entry.o)
 .text          0x000154fc        0x0 /home/esl1-5/Desktop/ESL201000168/Assignment_11/assignment_11_bsp//libhal_bsp.a(alt_irq_handler.o)
 .text          0x000154fc        0x0 /home/esl1-5/Desktop/ESL201000168/Assignment_11/assignment_11_bsp//libhal_bsp.a(alt_irq_vars.o)
 .text          0x000154fc      0x298 /home/esl1-5/Desktop/ESL201000168/Assignment_11/assignment_11_bsp//libhal_bsp.a(alt_open.o)
                0x0001563c                open
 .text          0x00015794      0x19c /home/esl1-5/Desktop/ESL201000168/Assignment_11/assignment_11_bsp//libhal_bsp.a(alt_tick.o)
                0x00015794                alt_alarm_stop
                0x0001582c                alt_tick
 .text          0x00015930       0x20 /home/esl1-5/Desktop/ESL201000168/Assignment_11/assignment_11_bsp//libhal_bsp.a(altera_nios2_qsys_irq.o)
                0x00015930                altera_nios2_qsys_irq_init
 .text          0x00015950        0x0 /home/esl1-5/Desktop/ESL201000168/Assignment_11/assignment_11_bsp//libhal_bsp.a(alt_exception_entry.o)
 .text          0x00015950       0x90 /home/esl1-5/Desktop/ESL201000168/Assignment_11/assignment_11_bsp//libhal_bsp.a(alt_find_dev.o)
                0x00015950                alt_find_dev
 .text          0x000159e0      0x114 /home/esl1-5/Desktop/ESL201000168/Assignment_11/assignment_11_bsp//libhal_bsp.a(alt_find_file.o)
                0x000159e0                alt_find_file
 .text          0x00015af4       0xd4 /home/esl1-5/Desktop/ESL201000168/Assignment_11/assignment_11_bsp//libhal_bsp.a(alt_get_fd.o)
                0x00015af4                alt_get_fd
 .text          0x00015bc8       0x8c /home/esl1-5/Desktop/ESL201000168/Assignment_11/assignment_11_bsp//libhal_bsp.a(alt_icache_flush.o)
                0x00015bc8                alt_icache_flush
 .text          0x00015c54       0x38 /opt/altera/13.1/nios2eds/bin/gnu/H-i686-pc-linux-gnu/bin/../lib/gcc/nios2-elf/4.7.3/../../../../../H-i686-pc-linux-gnu/nios2-elf/lib/mno-hw-mul/libc.a(lib_a-exit.o)
                0x00015c54                exit
 .text          0x00015c8c       0x7c /opt/altera/13.1/nios2eds/bin/gnu/H-i686-pc-linux-gnu/bin/../lib/gcc/nios2-elf/4.7.3/../../../../../H-i686-pc-linux-gnu/nios2-elf/lib/mno-hw-mul/libc.a(lib_a-memcmp.o)
                0x00015c8c                memcmp
 .text          0x00015d08      0x1a0 /opt/altera/13.1/nios2eds/bin/gnu/H-i686-pc-linux-gnu/bin/../lib/gcc/nios2-elf/4.7.3/../../../../../H-i686-pc-linux-gnu/nios2-elf/lib/mno-hw-mul/libc.a(lib_a-__call_atexit.o)
                0x00015d08                __call_exitprocs
 .text          0x00015ea8       0x3c /home/esl1-5/Desktop/ESL201000168/Assignment_11/assignment_11_bsp//libhal_bsp.a(alt_exit.o)
                0x00015ea8                _exit
 *(.gnu.warning.*)
 *(.fini)
                0x00015ee4                PROVIDE (__etext, ABSOLUTE (.))
                0x00015ee4                PROVIDE (_etext, ABSOLUTE (.))
                0x00015ee4                PROVIDE (etext, ABSOLUTE (.))
 *(.eh_frame_hdr)
                0x00015ee4                . = ALIGN (0x4)
                0x00015ee4                PROVIDE (__preinit_array_start, ABSOLUTE (.))
 *(.preinit_array)
                0x00015ee4                PROVIDE (__preinit_array_end, ABSOLUTE (.))
                0x00015ee4                PROVIDE (__init_array_start, ABSOLUTE (.))
 *(.init_array)
                0x00015ee4                PROVIDE (__init_array_end, ABSOLUTE (.))
                0x00015ee4                PROVIDE (__fini_array_start, ABSOLUTE (.))
 *(.fini_array)
                0x00015ee4                PROVIDE (__fini_array_end, ABSOLUTE (.))
 *(.eh_frame)
 *(.gcc_except_table .gcc_except_table.*)
 *(.dynamic)
                0x00015ee4                PROVIDE (__CTOR_LIST__, ABSOLUTE (.))
 *(.ctors)
 *(SORT(.ctors.*))
                0x00015ee4                PROVIDE (__CTOR_END__, ABSOLUTE (.))
                0x00015ee4                PROVIDE (__DTOR_LIST__, ABSOLUTE (.))
 *(.dtors)
 *(SORT(.dtors.*))
                0x00015ee4                PROVIDE (__DTOR_END__, ABSOLUTE (.))
 *(.jcr)
                0x00015ee4                . = ALIGN (0x4)

.rodata         0x00015ee4      0x378
                0x00015ee4                PROVIDE (__ram_rodata_start, ABSOLUTE (.))
                0x00015ee4                . = ALIGN (0x4)
 *(.rodata .rodata.* .gnu.linkonce.r.*)
 .rodata        0x00015ee4       0x3c obj/default/hello_world.o
 .rodata        0x00015f20       0x10 /opt/altera/13.1/nios2eds/bin/gnu/H-i686-pc-linux-gnu/bin/../lib/gcc/nios2-elf/4.7.3/mno-hw-mul/libgcc.a(_thenan_sf.o)
                0x00015f20                __thenan_sf
 .rodata        0x00015f30       0x14 /opt/altera/13.1/nios2eds/bin/gnu/H-i686-pc-linux-gnu/bin/../lib/gcc/nios2-elf/4.7.3/mno-hw-mul/libgcc.a(_thenan_df.o)
                0x00015f30                __thenan_df
 .rodata        0x00015f44      0x100 /opt/altera/13.1/nios2eds/bin/gnu/H-i686-pc-linux-gnu/bin/../lib/gcc/nios2-elf/4.7.3/mno-hw-mul/libgcc.a(_clz.o)
                0x00015f44                __clz_tab
 .rodata.str1.4
                0x00016044        0x2 /opt/altera/13.1/nios2eds/bin/gnu/H-i686-pc-linux-gnu/bin/../lib/gcc/nios2-elf/4.7.3/../../../../../H-i686-pc-linux-gnu/nios2-elf/lib/mno-hw-mul/libc.a(lib_a-puts.o)
                                  0x4 (size before relaxing)
 *fill*         0x00016046        0x2 
 .rodata.str1.4
                0x00016048       0x42 /opt/altera/13.1/nios2eds/bin/gnu/H-i686-pc-linux-gnu/bin/../lib/gcc/nios2-elf/4.7.3/../../../../../H-i686-pc-linux-gnu/nios2-elf/lib/mno-hw-mul/libc.a(lib_a-vfprintf.o)
                                 0x44 (size before relaxing)
 .rodata        0x0001608a       0x20 /opt/altera/13.1/nios2eds/bin/gnu/H-i686-pc-linux-gnu/bin/../lib/gcc/nios2-elf/4.7.3/../../../../../H-i686-pc-linux-gnu/nios2-elf/lib/mno-hw-mul/libc.a(lib_a-vfprintf.o)
 *fill*         0x000160aa        0x2 
 .rodata.str1.4
                0x000160ac       0x10 /opt/altera/13.1/nios2eds/bin/gnu/H-i686-pc-linux-gnu/bin/../lib/gcc/nios2-elf/4.7.3/../../../../../H-i686-pc-linux-gnu/nios2-elf/lib/mno-hw-mul/libc.a(lib_a-dtoa.o)
                                 0x14 (size before relaxing)
 .rodata.str1.4
                0x000160bc        0x2 /opt/altera/13.1/nios2eds/bin/gnu/H-i686-pc-linux-gnu/bin/../lib/gcc/nios2-elf/4.7.3/../../../../../H-i686-pc-linux-gnu/nios2-elf/lib/mno-hw-mul/libc.a(lib_a-impure.o)
                                  0x4 (size before relaxing)
 *fill*         0x000160be        0x2 
 .rodata.str1.4
                0x000160c0       0x10 /opt/altera/13.1/nios2eds/bin/gnu/H-i686-pc-linux-gnu/bin/../lib/gcc/nios2-elf/4.7.3/../../../../../H-i686-pc-linux-gnu/nios2-elf/lib/mno-hw-mul/libc.a(lib_a-locale.o)
                                 0x18 (size before relaxing)
 .rodata        0x000160d0       0x30 /opt/altera/13.1/nios2eds/bin/gnu/H-i686-pc-linux-gnu/bin/../lib/gcc/nios2-elf/4.7.3/../../../../../H-i686-pc-linux-gnu/nios2-elf/lib/mno-hw-mul/libc.a(lib_a-locale.o)
 .rodata        0x00016100      0x124 /opt/altera/13.1/nios2eds/bin/gnu/H-i686-pc-linux-gnu/bin/../lib/gcc/nios2-elf/4.7.3/../../../../../H-i686-pc-linux-gnu/nios2-elf/lib/mno-hw-mul/libc.a(lib_a-mprec.o)
                0x00016100                __mprec_tinytens
                0x00016128                __mprec_bigtens
                0x00016150                __mprec_tens
 .rodata        0x00016224        0xc /home/esl1-5/Desktop/ESL201000168/Assignment_11/assignment_11_bsp//libhal_bsp.a(alt_dev.o)
 .rodata        0x00016230       0x10 /home/esl1-5/Desktop/ESL201000168/Assignment_11/assignment_11_bsp//libhal_bsp.a(alt_main.o)
 .rodata        0x00016240       0x1c /home/esl1-5/Desktop/ESL201000168/Assignment_11/assignment_11_bsp//libhal_bsp.a(alt_sys_init.o)
 *(.rodata1)
                0x0001625c                . = ALIGN (0x4)
                0x0001625c                PROVIDE (__ram_rodata_end, ABSOLUTE (.))
                0x00015ee4                PROVIDE (__flash_rodata_start, LOADADDR (.rodata))

.rwdata         0x0001625c      0xa88 load address 0x00016ce4
                0x0001625c                PROVIDE (__ram_rwdata_start, ABSOLUTE (.))
                0x0001625c                . = ALIGN (0x4)
 *(.got.plt)
 *(.got)
 *(.data1)
 *(.data .data.* .gnu.linkonce.d.*)
 .data          0x0001625c        0x0 /home/esl1-5/Desktop/ESL201000168/Assignment_11/assignment_11_bsp//obj/HAL/src/crt0.o
 .data          0x0001625c        0x0 obj/default/EulerAngles.o
 .data          0x0001625c        0x0 obj/default/Paninteg.o
 .data          0x0001625c        0x0 obj/default/Panmodel.o
 .data          0x0001625c        0x0 obj/default/Pansubmod.o
 .data          0x0001625c        0x0 obj/default/Tiltinteg.o
 .data          0x0001625c        0x0 obj/default/Tiltmodel.o
 .data          0x0001625c        0x0 obj/default/Tiltsubmod.o
 .data          0x0001625c        0x0 obj/default/hello_world.o
 .data          0x0001625c        0x0 obj/default/motionprofiles.o
 .data          0x0001625c        0x0 obj/default/xxfuncs.o
 .data          0x0001625c        0x0 obj/default/xxinverse.o
 .data          0x0001625c        0x0 obj/default/xxmatrix.o
 .data          0x0001625c        0x0 /opt/altera/13.1/nios2eds/bin/gnu/H-i686-pc-linux-gnu/bin/../lib/gcc/nios2-elf/4.7.3/mno-hw-mul/libgcc.a(_mul_sf.o)
 .data          0x0001625c        0x0 /opt/altera/13.1/nios2eds/bin/gnu/H-i686-pc-linux-gnu/bin/../lib/gcc/nios2-elf/4.7.3/mno-hw-mul/libgcc.a(_div_sf.o)
 .data          0x0001625c        0x0 /opt/altera/13.1/nios2eds/bin/gnu/H-i686-pc-linux-gnu/bin/../lib/gcc/nios2-elf/4.7.3/mno-hw-mul/libgcc.a(_si_to_sf.o)
 .data          0x0001625c        0x0 /opt/altera/13.1/nios2eds/bin/gnu/H-i686-pc-linux-gnu/bin/../lib/gcc/nios2-elf/4.7.3/mno-hw-mul/libgcc.a(_sf_to_df.o)
 .data          0x0001625c        0x0 /opt/altera/13.1/nios2eds/bin/gnu/H-i686-pc-linux-gnu/bin/../lib/gcc/nios2-elf/4.7.3/mno-hw-mul/libgcc.a(_thenan_sf.o)
 .data          0x0001625c        0x0 /opt/altera/13.1/nios2eds/bin/gnu/H-i686-pc-linux-gnu/bin/../lib/gcc/nios2-elf/4.7.3/mno-hw-mul/libgcc.a(_addsub_df.o)
 .data          0x0001625c        0x0 /opt/altera/13.1/nios2eds/bin/gnu/H-i686-pc-linux-gnu/bin/../lib/gcc/nios2-elf/4.7.3/mno-hw-mul/libgcc.a(_mul_df.o)
 .data          0x0001625c        0x0 /opt/altera/13.1/nios2eds/bin/gnu/H-i686-pc-linux-gnu/bin/../lib/gcc/nios2-elf/4.7.3/mno-hw-mul/libgcc.a(_div_df.o)
 .data          0x0001625c        0x0 /opt/altera/13.1/nios2eds/bin/gnu/H-i686-pc-linux-gnu/bin/../lib/gcc/nios2-elf/4.7.3/mno-hw-mul/libgcc.a(_gt_df.o)
 .data          0x0001625c        0x0 /opt/altera/13.1/nios2eds/bin/gnu/H-i686-pc-linux-gnu/bin/../lib/gcc/nios2-elf/4.7.3/mno-hw-mul/libgcc.a(_ge_df.o)
 .data          0x0001625c        0x0 /opt/altera/13.1/nios2eds/bin/gnu/H-i686-pc-linux-gnu/bin/../lib/gcc/nios2-elf/4.7.3/mno-hw-mul/libgcc.a(_lt_df.o)
 .data          0x0001625c        0x0 /opt/altera/13.1/nios2eds/bin/gnu/H-i686-pc-linux-gnu/bin/../lib/gcc/nios2-elf/4.7.3/mno-hw-mul/libgcc.a(_si_to_df.o)
 .data          0x0001625c        0x0 /opt/altera/13.1/nios2eds/bin/gnu/H-i686-pc-linux-gnu/bin/../lib/gcc/nios2-elf/4.7.3/mno-hw-mul/libgcc.a(_df_to_si.o)
 .data          0x0001625c        0x0 /opt/altera/13.1/nios2eds/bin/gnu/H-i686-pc-linux-gnu/bin/../lib/gcc/nios2-elf/4.7.3/mno-hw-mul/libgcc.a(_make_df.o)
 .data          0x0001625c        0x0 /opt/altera/13.1/nios2eds/bin/gnu/H-i686-pc-linux-gnu/bin/../lib/gcc/nios2-elf/4.7.3/mno-hw-mul/libgcc.a(_thenan_df.o)
 .data          0x0001625c        0x0 /opt/altera/13.1/nios2eds/bin/gnu/H-i686-pc-linux-gnu/bin/../lib/gcc/nios2-elf/4.7.3/mno-hw-mul/libgcc.a(_muldi3.o)
 .data          0x0001625c        0x0 /opt/altera/13.1/nios2eds/bin/gnu/H-i686-pc-linux-gnu/bin/../lib/gcc/nios2-elf/4.7.3/mno-hw-mul/libgcc.a(_clzsi2.o)
 .data          0x0001625c        0x0 /opt/altera/13.1/nios2eds/bin/gnu/H-i686-pc-linux-gnu/bin/../lib/gcc/nios2-elf/4.7.3/mno-hw-mul/libgcc.a(_pack_sf.o)
 .data          0x0001625c        0x0 /opt/altera/13.1/nios2eds/bin/gnu/H-i686-pc-linux-gnu/bin/../lib/gcc/nios2-elf/4.7.3/mno-hw-mul/libgcc.a(_unpack_sf.o)
 .data          0x0001625c        0x0 /opt/altera/13.1/nios2eds/bin/gnu/H-i686-pc-linux-gnu/bin/../lib/gcc/nios2-elf/4.7.3/mno-hw-mul/libgcc.a(_pack_df.o)
 .data          0x0001625c        0x0 /opt/altera/13.1/nios2eds/bin/gnu/H-i686-pc-linux-gnu/bin/../lib/gcc/nios2-elf/4.7.3/mno-hw-mul/libgcc.a(_unpack_df.o)
 .data          0x0001625c        0x0 /opt/altera/13.1/nios2eds/bin/gnu/H-i686-pc-linux-gnu/bin/../lib/gcc/nios2-elf/4.7.3/mno-hw-mul/libgcc.a(_fpcmp_parts_df.o)
 .data          0x0001625c        0x0 /opt/altera/13.1/nios2eds/bin/gnu/H-i686-pc-linux-gnu/bin/../lib/gcc/nios2-elf/4.7.3/mno-hw-mul/libgcc.a(lib2-mul.o)
 .data          0x0001625c        0x0 /opt/altera/13.1/nios2eds/bin/gnu/H-i686-pc-linux-gnu/bin/../lib/gcc/nios2-elf/4.7.3/mno-hw-mul/libgcc.a(_lshrdi3.o)
 .data          0x0001625c        0x0 /opt/altera/13.1/nios2eds/bin/gnu/H-i686-pc-linux-gnu/bin/../lib/gcc/nios2-elf/4.7.3/mno-hw-mul/libgcc.a(_ashldi3.o)
 .data          0x0001625c        0x0 /opt/altera/13.1/nios2eds/bin/gnu/H-i686-pc-linux-gnu/bin/../lib/gcc/nios2-elf/4.7.3/mno-hw-mul/libgcc.a(_clz.o)
 .data          0x0001625c        0x0 /opt/altera/13.1/nios2eds/bin/gnu/H-i686-pc-linux-gnu/bin/../lib/gcc/nios2-elf/4.7.3/../../../../../H-i686-pc-linux-gnu/nios2-elf/lib/mno-hw-mul/libc.a(lib_a-memset.o)
 .data          0x0001625c        0x0 /opt/altera/13.1/nios2eds/bin/gnu/H-i686-pc-linux-gnu/bin/../lib/gcc/nios2-elf/4.7.3/../../../../../H-i686-pc-linux-gnu/nios2-elf/lib/mno-hw-mul/libc.a(lib_a-printf.o)
 .data          0x0001625c        0x0 /opt/altera/13.1/nios2eds/bin/gnu/H-i686-pc-linux-gnu/bin/../lib/gcc/nios2-elf/4.7.3/../../../../../H-i686-pc-linux-gnu/nios2-elf/lib/mno-hw-mul/libc.a(lib_a-puts.o)
 .data          0x0001625c        0x0 /opt/altera/13.1/nios2eds/bin/gnu/H-i686-pc-linux-gnu/bin/../lib/gcc/nios2-elf/4.7.3/../../../../../H-i686-pc-linux-gnu/nios2-elf/lib/mno-hw-mul/libc.a(lib_a-strlen.o)
 .data          0x0001625c        0x0 /opt/altera/13.1/nios2eds/bin/gnu/H-i686-pc-linux-gnu/bin/../lib/gcc/nios2-elf/4.7.3/../../../../../H-i686-pc-linux-gnu/nios2-elf/lib/mno-hw-mul/libc.a(lib_a-vfprintf.o)
 .data          0x0001625c        0x0 /opt/altera/13.1/nios2eds/bin/gnu/H-i686-pc-linux-gnu/bin/../lib/gcc/nios2-elf/4.7.3/../../../../../H-i686-pc-linux-gnu/nios2-elf/lib/mno-hw-mul/libc.a(lib_a-wsetup.o)
 .data          0x0001625c        0x0 /opt/altera/13.1/nios2eds/bin/gnu/H-i686-pc-linux-gnu/bin/../lib/gcc/nios2-elf/4.7.3/../../../../../H-i686-pc-linux-gnu/nios2-elf/lib/mno-hw-mul/libc.a(lib_a-dtoa.o)
 .data          0x0001625c        0x0 /opt/altera/13.1/nios2eds/bin/gnu/H-i686-pc-linux-gnu/bin/../lib/gcc/nios2-elf/4.7.3/../../../../../H-i686-pc-linux-gnu/nios2-elf/lib/mno-hw-mul/libc.a(lib_a-fflush.o)
 .data          0x0001625c        0x0 /opt/altera/13.1/nios2eds/bin/gnu/H-i686-pc-linux-gnu/bin/../lib/gcc/nios2-elf/4.7.3/../../../../../H-i686-pc-linux-gnu/nios2-elf/lib/mno-hw-mul/libc.a(lib_a-findfp.o)
 .data          0x0001625c        0x0 /opt/altera/13.1/nios2eds/bin/gnu/H-i686-pc-linux-gnu/bin/../lib/gcc/nios2-elf/4.7.3/../../../../../H-i686-pc-linux-gnu/nios2-elf/lib/mno-hw-mul/libc.a(lib_a-freer.o)
 .data          0x0001625c        0x0 /opt/altera/13.1/nios2eds/bin/gnu/H-i686-pc-linux-gnu/bin/../lib/gcc/nios2-elf/4.7.3/../../../../../H-i686-pc-linux-gnu/nios2-elf/lib/mno-hw-mul/libc.a(lib_a-fvwrite.o)
 .data          0x0001625c        0x0 /opt/altera/13.1/nios2eds/bin/gnu/H-i686-pc-linux-gnu/bin/../lib/gcc/nios2-elf/4.7.3/../../../../../H-i686-pc-linux-gnu/nios2-elf/lib/mno-hw-mul/libc.a(lib_a-fwalk.o)
 .data          0x0001625c      0x400 /opt/altera/13.1/nios2eds/bin/gnu/H-i686-pc-linux-gnu/bin/../lib/gcc/nios2-elf/4.7.3/../../../../../H-i686-pc-linux-gnu/nios2-elf/lib/mno-hw-mul/libc.a(lib_a-impure.o)
 .data          0x0001665c        0xc /opt/altera/13.1/nios2eds/bin/gnu/H-i686-pc-linux-gnu/bin/../lib/gcc/nios2-elf/4.7.3/../../../../../H-i686-pc-linux-gnu/nios2-elf/lib/mno-hw-mul/libc.a(lib_a-locale.o)
                0x0001665c                __lc_ctype
 .data          0x00016668        0x0 /opt/altera/13.1/nios2eds/bin/gnu/H-i686-pc-linux-gnu/bin/../lib/gcc/nios2-elf/4.7.3/../../../../../H-i686-pc-linux-gnu/nios2-elf/lib/mno-hw-mul/libc.a(lib_a-makebuf.o)
 .data          0x00016668      0x408 /opt/altera/13.1/nios2eds/bin/gnu/H-i686-pc-linux-gnu/bin/../lib/gcc/nios2-elf/4.7.3/../../../../../H-i686-pc-linux-gnu/nios2-elf/lib/mno-hw-mul/libc.a(lib_a-mallocr.o)
                0x00016668                __malloc_av_
 .data          0x00016a70        0x0 /opt/altera/13.1/nios2eds/bin/gnu/H-i686-pc-linux-gnu/bin/../lib/gcc/nios2-elf/4.7.3/../../../../../H-i686-pc-linux-gnu/nios2-elf/lib/mno-hw-mul/libc.a(lib_a-memchr.o)
 .data          0x00016a70        0x0 /opt/altera/13.1/nios2eds/bin/gnu/H-i686-pc-linux-gnu/bin/../lib/gcc/nios2-elf/4.7.3/../../../../../H-i686-pc-linux-gnu/nios2-elf/lib/mno-hw-mul/libc.a(lib_a-memcpy.o)
 .data          0x00016a70        0x0 /opt/altera/13.1/nios2eds/bin/gnu/H-i686-pc-linux-gnu/bin/../lib/gcc/nios2-elf/4.7.3/../../../../../H-i686-pc-linux-gnu/nios2-elf/lib/mno-hw-mul/libc.a(lib_a-memmove.o)
 .data          0x00016a70        0x0 /opt/altera/13.1/nios2eds/bin/gnu/H-i686-pc-linux-gnu/bin/../lib/gcc/nios2-elf/4.7.3/../../../../../H-i686-pc-linux-gnu/nios2-elf/lib/mno-hw-mul/libc.a(lib_a-mprec.o)
 .data          0x00016a70        0x0 /opt/altera/13.1/nios2eds/bin/gnu/H-i686-pc-linux-gnu/bin/../lib/gcc/nios2-elf/4.7.3/../../../../../H-i686-pc-linux-gnu/nios2-elf/lib/mno-hw-mul/libc.a(lib_a-reallocr.o)
 .data          0x00016a70        0x0 /opt/altera/13.1/nios2eds/bin/gnu/H-i686-pc-linux-gnu/bin/../lib/gcc/nios2-elf/4.7.3/../../../../../H-i686-pc-linux-gnu/nios2-elf/lib/mno-hw-mul/libc.a(lib_a-s_isinfd.o)
 .data          0x00016a70        0x0 /opt/altera/13.1/nios2eds/bin/gnu/H-i686-pc-linux-gnu/bin/../lib/gcc/nios2-elf/4.7.3/../../../../../H-i686-pc-linux-gnu/nios2-elf/lib/mno-hw-mul/libc.a(lib_a-s_isnand.o)
 .data          0x00016a70        0x0 /opt/altera/13.1/nios2eds/bin/gnu/H-i686-pc-linux-gnu/bin/../lib/gcc/nios2-elf/4.7.3/../../../../../H-i686-pc-linux-gnu/nios2-elf/lib/mno-hw-mul/libc.a(lib_a-sbrkr.o)
 .data          0x00016a70        0x0 /opt/altera/13.1/nios2eds/bin/gnu/H-i686-pc-linux-gnu/bin/../lib/gcc/nios2-elf/4.7.3/../../../../../H-i686-pc-linux-gnu/nios2-elf/lib/mno-hw-mul/libc.a(lib_a-stdio.o)
 .data          0x00016a70        0x0 /opt/altera/13.1/nios2eds/bin/gnu/H-i686-pc-linux-gnu/bin/../lib/gcc/nios2-elf/4.7.3/../../../../../H-i686-pc-linux-gnu/nios2-elf/lib/mno-hw-mul/libc.a(lib_a-strcmp.o)
 .data          0x00016a70        0x0 /opt/altera/13.1/nios2eds/bin/gnu/H-i686-pc-linux-gnu/bin/../lib/gcc/nios2-elf/4.7.3/../../../../../H-i686-pc-linux-gnu/nios2-elf/lib/mno-hw-mul/libc.a(lib_a-writer.o)
 .data          0x00016a70        0x0 /opt/altera/13.1/nios2eds/bin/gnu/H-i686-pc-linux-gnu/bin/../lib/gcc/nios2-elf/4.7.3/../../../../../H-i686-pc-linux-gnu/nios2-elf/lib/mno-hw-mul/libc.a(lib_a-callocr.o)
 .data          0x00016a70        0x0 /opt/altera/13.1/nios2eds/bin/gnu/H-i686-pc-linux-gnu/bin/../lib/gcc/nios2-elf/4.7.3/../../../../../H-i686-pc-linux-gnu/nios2-elf/lib/mno-hw-mul/libc.a(lib_a-closer.o)
 .data          0x00016a70        0x0 /opt/altera/13.1/nios2eds/bin/gnu/H-i686-pc-linux-gnu/bin/../lib/gcc/nios2-elf/4.7.3/../../../../../H-i686-pc-linux-gnu/nios2-elf/lib/mno-hw-mul/libc.a(lib_a-fclose.o)
 .data          0x00016a70        0x0 /opt/altera/13.1/nios2eds/bin/gnu/H-i686-pc-linux-gnu/bin/../lib/gcc/nios2-elf/4.7.3/../../../../../H-i686-pc-linux-gnu/nios2-elf/lib/mno-hw-mul/libc.a(lib_a-fstatr.o)
 .data          0x00016a70        0x0 /opt/altera/13.1/nios2eds/bin/gnu/H-i686-pc-linux-gnu/bin/../lib/gcc/nios2-elf/4.7.3/../../../../../H-i686-pc-linux-gnu/nios2-elf/lib/mno-hw-mul/libc.a(lib_a-int_errno.o)
 .data          0x00016a70        0x0 /opt/altera/13.1/nios2eds/bin/gnu/H-i686-pc-linux-gnu/bin/../lib/gcc/nios2-elf/4.7.3/../../../../../H-i686-pc-linux-gnu/nios2-elf/lib/mno-hw-mul/libc.a(lib_a-isattyr.o)
 .data          0x00016a70        0x0 /opt/altera/13.1/nios2eds/bin/gnu/H-i686-pc-linux-gnu/bin/../lib/gcc/nios2-elf/4.7.3/../../../../../H-i686-pc-linux-gnu/nios2-elf/lib/mno-hw-mul/libc.a(lib_a-lseekr.o)
 .data          0x00016a70        0x0 /opt/altera/13.1/nios2eds/bin/gnu/H-i686-pc-linux-gnu/bin/../lib/gcc/nios2-elf/4.7.3/../../../../../H-i686-pc-linux-gnu/nios2-elf/lib/mno-hw-mul/libc.a(lib_a-readr.o)
 .data          0x00016a70        0x0 /opt/altera/13.1/nios2eds/bin/gnu/H-i686-pc-linux-gnu/bin/../lib/gcc/nios2-elf/4.7.3/mno-hw-mul/libgcc.a(_udivdi3.o)
 .data          0x00016a70        0x0 /opt/altera/13.1/nios2eds/bin/gnu/H-i686-pc-linux-gnu/bin/../lib/gcc/nios2-elf/4.7.3/mno-hw-mul/libgcc.a(_umoddi3.o)
 .data          0x00016a70        0x0 /opt/altera/13.1/nios2eds/bin/gnu/H-i686-pc-linux-gnu/bin/../lib/gcc/nios2-elf/4.7.3/mno-hw-mul/libgcc.a(_eq_df.o)
 .data          0x00016a70        0x0 /opt/altera/13.1/nios2eds/bin/gnu/H-i686-pc-linux-gnu/bin/../lib/gcc/nios2-elf/4.7.3/mno-hw-mul/libgcc.a(_ne_df.o)
 .data          0x00016a70        0x0 /opt/altera/13.1/nios2eds/bin/gnu/H-i686-pc-linux-gnu/bin/../lib/gcc/nios2-elf/4.7.3/mno-hw-mul/libgcc.a(_usi_to_df.o)
 .data          0x00016a70        0x0 /opt/altera/13.1/nios2eds/bin/gnu/H-i686-pc-linux-gnu/bin/../lib/gcc/nios2-elf/4.7.3/mno-hw-mul/libgcc.a(lib2-divmod.o)
 .data          0x00016a70        0x0 /home/esl1-5/Desktop/ESL201000168/Assignment_11/assignment_11_bsp//libhal_bsp.a(alt_close.o)
 .data          0x00016a70      0x1a8 /home/esl1-5/Desktop/ESL201000168/Assignment_11/assignment_11_bsp//libhal_bsp.a(alt_dev.o)
                0x00016a70                alt_dev_null
                0x00016a98                alt_fd_list
 .data          0x00016c18        0x0 /home/esl1-5/Desktop/ESL201000168/Assignment_11/assignment_11_bsp//libhal_bsp.a(alt_errno.o)
 .data          0x00016c18        0x0 /home/esl1-5/Desktop/ESL201000168/Assignment_11/assignment_11_bsp//libhal_bsp.a(alt_fstat.o)
 .data          0x00016c18        0x0 /home/esl1-5/Desktop/ESL201000168/Assignment_11/assignment_11_bsp//libhal_bsp.a(alt_isatty.o)
 .data          0x00016c18        0x0 /home/esl1-5/Desktop/ESL201000168/Assignment_11/assignment_11_bsp//libhal_bsp.a(alt_load.o)
 .data          0x00016c18        0x0 /home/esl1-5/Desktop/ESL201000168/Assignment_11/assignment_11_bsp//libhal_bsp.a(alt_lseek.o)
 .data          0x00016c18        0x0 /home/esl1-5/Desktop/ESL201000168/Assignment_11/assignment_11_bsp//libhal_bsp.a(alt_main.o)
 .data          0x00016c18        0x0 /home/esl1-5/Desktop/ESL201000168/Assignment_11/assignment_11_bsp//libhal_bsp.a(alt_malloc_lock.o)
 .data          0x00016c18        0x0 /home/esl1-5/Desktop/ESL201000168/Assignment_11/assignment_11_bsp//libhal_bsp.a(alt_read.o)
 .data          0x00016c18        0x0 /home/esl1-5/Desktop/ESL201000168/Assignment_11/assignment_11_bsp//libhal_bsp.a(alt_release_fd.o)
 .data          0x00016c18        0x0 /home/esl1-5/Desktop/ESL201000168/Assignment_11/assignment_11_bsp//libhal_bsp.a(alt_sbrk.o)
 .data          0x00016c18        0x0 /home/esl1-5/Desktop/ESL201000168/Assignment_11/assignment_11_bsp//libhal_bsp.a(alt_usleep.o)
 .data          0x00016c18        0x0 /home/esl1-5/Desktop/ESL201000168/Assignment_11/assignment_11_bsp//libhal_bsp.a(alt_write.o)
 .data          0x00016c18       0x58 /home/esl1-5/Desktop/ESL201000168/Assignment_11/assignment_11_bsp//libhal_bsp.a(alt_sys_init.o)
 .data          0x00016c70        0x0 /home/esl1-5/Desktop/ESL201000168/Assignment_11/assignment_11_bsp//libhal_bsp.a(altera_avalon_jtag_uart_fd.o)
 .data          0x00016c70        0x0 /home/esl1-5/Desktop/ESL201000168/Assignment_11/assignment_11_bsp//libhal_bsp.a(altera_avalon_jtag_uart_read.o)
 .data          0x00016c70        0x0 /home/esl1-5/Desktop/ESL201000168/Assignment_11/assignment_11_bsp//libhal_bsp.a(altera_avalon_jtag_uart_write.o)
 .data          0x00016c70        0x0 /home/esl1-5/Desktop/ESL201000168/Assignment_11/assignment_11_bsp//libhal_bsp.a(altera_avalon_timer_sc.o)
 .data          0x00016c70        0x0 /home/esl1-5/Desktop/ESL201000168/Assignment_11/assignment_11_bsp//libhal_bsp.a(altera_avalon_uart_fd.o)
 .data          0x00016c70        0x0 /home/esl1-5/Desktop/ESL201000168/Assignment_11/assignment_11_bsp//libhal_bsp.a(altera_avalon_uart_read.o)
 .data          0x00016c70        0x0 /home/esl1-5/Desktop/ESL201000168/Assignment_11/assignment_11_bsp//libhal_bsp.a(altera_avalon_uart_write.o)
 .data          0x00016c70        0x0 /home/esl1-5/Desktop/ESL201000168/Assignment_11/assignment_11_bsp//libhal_bsp.a(alt_busy_sleep.o)
 .data          0x00016c70        0x0 /home/esl1-5/Desktop/ESL201000168/Assignment_11/assignment_11_bsp//libhal_bsp.a(alt_dcache_flush_all.o)
 .data          0x00016c70        0x0 /home/esl1-5/Desktop/ESL201000168/Assignment_11/assignment_11_bsp//libhal_bsp.a(alt_dev_llist_insert.o)
 .data          0x00016c70        0x0 /home/esl1-5/Desktop/ESL201000168/Assignment_11/assignment_11_bsp//libhal_bsp.a(alt_icache_flush_all.o)
 .data          0x00016c70        0x0 /home/esl1-5/Desktop/ESL201000168/Assignment_11/assignment_11_bsp//libhal_bsp.a(alt_iic.o)
 .data          0x00016c70        0x0 /home/esl1-5/Desktop/ESL201000168/Assignment_11/assignment_11_bsp//libhal_bsp.a(alt_iic_isr_register.o)
 .data          0x00016c70        0x0 /home/esl1-5/Desktop/ESL201000168/Assignment_11/assignment_11_bsp//libhal_bsp.a(alt_io_redirect.o)
 .data          0x00016c70        0x0 /home/esl1-5/Desktop/ESL201000168/Assignment_11/assignment_11_bsp//libhal_bsp.a(alt_irq_entry.o)
 .data          0x00016c70        0x0 /home/esl1-5/Desktop/ESL201000168/Assignment_11/assignment_11_bsp//libhal_bsp.a(alt_irq_handler.o)
 .data          0x00016c70        0x0 /home/esl1-5/Desktop/ESL201000168/Assignment_11/assignment_11_bsp//libhal_bsp.a(alt_irq_vars.o)
 .data          0x00016c70        0x0 /home/esl1-5/Desktop/ESL201000168/Assignment_11/assignment_11_bsp//libhal_bsp.a(alt_open.o)
 .data          0x00016c70        0x0 /home/esl1-5/Desktop/ESL201000168/Assignment_11/assignment_11_bsp//libhal_bsp.a(alt_tick.o)
 .data          0x00016c70        0x0 /home/esl1-5/Desktop/ESL201000168/Assignment_11/assignment_11_bsp//libhal_bsp.a(altera_nios2_qsys_irq.o)
 .data          0x00016c70        0x0 /home/esl1-5/Desktop/ESL201000168/Assignment_11/assignment_11_bsp//libhal_bsp.a(alt_exception_entry.o)
 .data          0x00016c70        0x0 /home/esl1-5/Desktop/ESL201000168/Assignment_11/assignment_11_bsp//libhal_bsp.a(alt_find_dev.o)
 .data          0x00016c70        0x0 /home/esl1-5/Desktop/ESL201000168/Assignment_11/assignment_11_bsp//libhal_bsp.a(alt_find_file.o)
 .data          0x00016c70        0x0 /home/esl1-5/Desktop/ESL201000168/Assignment_11/assignment_11_bsp//libhal_bsp.a(alt_get_fd.o)
 .data          0x00016c70        0x0 /home/esl1-5/Desktop/ESL201000168/Assignment_11/assignment_11_bsp//libhal_bsp.a(alt_icache_flush.o)
 .data          0x00016c70        0x0 /opt/altera/13.1/nios2eds/bin/gnu/H-i686-pc-linux-gnu/bin/../lib/gcc/nios2-elf/4.7.3/../../../../../H-i686-pc-linux-gnu/nios2-elf/lib/mno-hw-mul/libc.a(lib_a-exit.o)
 .data          0x00016c70        0x0 /opt/altera/13.1/nios2eds/bin/gnu/H-i686-pc-linux-gnu/bin/../lib/gcc/nios2-elf/4.7.3/../../../../../H-i686-pc-linux-gnu/nios2-elf/lib/mno-hw-mul/libc.a(lib_a-memcmp.o)
 .data          0x00016c70        0x0 /opt/altera/13.1/nios2eds/bin/gnu/H-i686-pc-linux-gnu/bin/../lib/gcc/nios2-elf/4.7.3/../../../../../H-i686-pc-linux-gnu/nios2-elf/lib/mno-hw-mul/libc.a(lib_a-__call_atexit.o)
 .data          0x00016c70        0x0 /home/esl1-5/Desktop/ESL201000168/Assignment_11/assignment_11_bsp//libhal_bsp.a(alt_exit.o)
                0x0001ec70                _gp = ABSOLUTE ((. + 0x8000))
                0x0001ec70                PROVIDE (gp, _gp)
 *(.rwdata .rwdata.*)
 *(.sdata .sdata.* .gnu.linkonce.s.*)
 .sdata         0x00016c70       0x14 obj/default/Panmodel.o
                0x00016c70                Pan_finish_time
                0x00016c78                Pan_step_size
                0x00016c80                Pan_initialize
                0x00016c81                Pan_major
 .sdata         0x00016c84        0x8 obj/default/Pansubmod.o
                0x00016c84                Pan_number_of_inputs
                0x00016c88                Pan_number_of_outputs
 .sdata         0x00016c8c       0x14 obj/default/Tiltmodel.o
                0x00016c8c                Tilt_finish_time
                0x00016c94                Tilt_step_size
                0x00016c9c                Tilt_initialize
                0x00016c9d                Tilt_major
 .sdata         0x00016ca0        0x8 obj/default/Tiltsubmod.o
                0x00016ca0                Tilt_number_of_inputs
                0x00016ca4                Tilt_number_of_outputs
 .sdata         0x00016ca8        0x8 /opt/altera/13.1/nios2eds/bin/gnu/H-i686-pc-linux-gnu/bin/../lib/gcc/nios2-elf/4.7.3/../../../../../H-i686-pc-linux-gnu/nios2-elf/lib/mno-hw-mul/libc.a(lib_a-impure.o)
                0x00016ca8                _global_impure_ptr
                0x00016cac                _impure_ptr
 .sdata         0x00016cb0        0x4 /opt/altera/13.1/nios2eds/bin/gnu/H-i686-pc-linux-gnu/bin/../lib/gcc/nios2-elf/4.7.3/../../../../../H-i686-pc-linux-gnu/nios2-elf/lib/mno-hw-mul/libc.a(lib_a-locale.o)
                0x00016cb0                __mb_cur_max
 .sdata         0x00016cb4        0x8 /opt/altera/13.1/nios2eds/bin/gnu/H-i686-pc-linux-gnu/bin/../lib/gcc/nios2-elf/4.7.3/../../../../../H-i686-pc-linux-gnu/nios2-elf/lib/mno-hw-mul/libc.a(lib_a-mallocr.o)
                0x00016cb4                __malloc_sbrk_base
                0x00016cb8                __malloc_trim_threshold
 .sdata         0x00016cbc       0x14 /home/esl1-5/Desktop/ESL201000168/Assignment_11/assignment_11_bsp//libhal_bsp.a(alt_dev.o)
                0x00016cbc                alt_fs_list
                0x00016cc4                alt_dev_list
                0x00016ccc                alt_max_fd
 .sdata         0x00016cd0        0x4 /home/esl1-5/Desktop/ESL201000168/Assignment_11/assignment_11_bsp//libhal_bsp.a(alt_errno.o)
                0x00016cd0                alt_errno
 .sdata         0x00016cd4        0x4 /home/esl1-5/Desktop/ESL201000168/Assignment_11/assignment_11_bsp//libhal_bsp.a(alt_sbrk.o)
 .sdata         0x00016cd8        0x4 /home/esl1-5/Desktop/ESL201000168/Assignment_11/assignment_11_bsp//libhal_bsp.a(alt_irq_vars.o)
                0x00016cd8                alt_priority_mask
 .sdata         0x00016cdc        0x8 /home/esl1-5/Desktop/ESL201000168/Assignment_11/assignment_11_bsp//libhal_bsp.a(alt_tick.o)
                0x00016cdc                alt_alarm_list
 *(.sdata2 .sdata2.* .gnu.linkonce.s2.*)
                0x00016ce4                . = ALIGN (0x4)
                0x00016ce4                _edata = ABSOLUTE (.)
                0x00016ce4                PROVIDE (edata, ABSOLUTE (.))
                0x00016ce4                PROVIDE (__ram_rwdata_end, ABSOLUTE (.))
                0x00016ce4                PROVIDE (__flash_rwdata_start, LOADADDR (.rwdata))

.bss            0x0001776c      0x33c
                0x0001776c                __bss_start = ABSOLUTE (.)
                0x0001776c                PROVIDE (__sbss_start, ABSOLUTE (.))
                0x0001776c                PROVIDE (___sbss_start, ABSOLUTE (.))
 *(.dynsbss)
 *(.sbss .sbss.* .gnu.linkonce.sb.*)
 .sbss          0x0001776c       0x18 obj/default/Panmodel.o
                0x0001776c                Pan_start_time
                0x00017774                Pan_time
                0x0001777c                Pan_steps
                0x00017780                Pan_stop_simulation
 .sbss          0x00017784       0x18 obj/default/Tiltmodel.o
                0x00017784                Tilt_start_time
                0x0001778c                Tilt_time
                0x00017794                Tilt_steps
                0x00017798                Tilt_stop_simulation
 .sbss          0x0001779c        0xc /opt/altera/13.1/nios2eds/bin/gnu/H-i686-pc-linux-gnu/bin/../lib/gcc/nios2-elf/4.7.3/../../../../../H-i686-pc-linux-gnu/nios2-elf/lib/mno-hw-mul/libc.a(lib_a-locale.o)
                0x0001779c                _PathLocale
                0x000177a0                __mlocale_changed
                0x000177a4                __nlocale_changed
 .sbss          0x000177a8        0xc /opt/altera/13.1/nios2eds/bin/gnu/H-i686-pc-linux-gnu/bin/../lib/gcc/nios2-elf/4.7.3/../../../../../H-i686-pc-linux-gnu/nios2-elf/lib/mno-hw-mul/libc.a(lib_a-mallocr.o)
                0x000177a8                __malloc_max_total_mem
                0x000177ac                __malloc_max_sbrked_mem
                0x000177b0                __malloc_top_pad
 .sbss          0x000177b4        0x4 /opt/altera/13.1/nios2eds/bin/gnu/H-i686-pc-linux-gnu/bin/../lib/gcc/nios2-elf/4.7.3/../../../../../H-i686-pc-linux-gnu/nios2-elf/lib/mno-hw-mul/libc.a(lib_a-int_errno.o)
                0x000177b4                errno
 .sbss          0x000177b8        0xc /home/esl1-5/Desktop/ESL201000168/Assignment_11/assignment_11_bsp//libhal_bsp.a(alt_main.o)
                0x000177b8                alt_argc
                0x000177bc                alt_argv
                0x000177c0                alt_envp
 .sbss          0x000177c4        0x4 /home/esl1-5/Desktop/ESL201000168/Assignment_11/assignment_11_bsp//libhal_bsp.a(alt_irq_vars.o)
                0x000177c4                alt_irq_active
 .sbss          0x000177c8        0x8 /home/esl1-5/Desktop/ESL201000168/Assignment_11/assignment_11_bsp//libhal_bsp.a(alt_tick.o)
                0x000177c8                _alt_tick_rate
                0x000177cc                _alt_nticks
 *(.sbss2 .sbss2.* .gnu.linkonce.sb2.*)
 *(.scommon)
                0x000177d0                PROVIDE (__sbss_end, ABSOLUTE (.))
                0x000177d0                PROVIDE (___sbss_end, ABSOLUTE (.))
 *(.dynbss)
 *(.bss .bss.* .gnu.linkonce.b.*)
 .bss           0x000177d0        0x0 /home/esl1-5/Desktop/ESL201000168/Assignment_11/assignment_11_bsp//obj/HAL/src/crt0.o
 .bss           0x000177d0        0x0 obj/default/EulerAngles.o
 .bss           0x000177d0        0x0 obj/default/Paninteg.o
 .bss           0x000177d0        0x0 obj/default/Panmodel.o
 .bss           0x000177d0        0x0 obj/default/Pansubmod.o
 .bss           0x000177d0        0x0 obj/default/Tiltinteg.o
 .bss           0x000177d0        0x0 obj/default/Tiltmodel.o
 .bss           0x000177d0        0x0 obj/default/Tiltsubmod.o
 .bss           0x000177d0        0x0 obj/default/hello_world.o
 .bss           0x000177d0        0x0 obj/default/motionprofiles.o
 .bss           0x000177d0        0x0 obj/default/xxfuncs.o
 .bss           0x000177d0        0x0 obj/default/xxinverse.o
 .bss           0x000177d0        0x0 obj/default/xxmatrix.o
 .bss           0x000177d0        0x0 /opt/altera/13.1/nios2eds/bin/gnu/H-i686-pc-linux-gnu/bin/../lib/gcc/nios2-elf/4.7.3/mno-hw-mul/libgcc.a(_mul_sf.o)
 .bss           0x000177d0        0x0 /opt/altera/13.1/nios2eds/bin/gnu/H-i686-pc-linux-gnu/bin/../lib/gcc/nios2-elf/4.7.3/mno-hw-mul/libgcc.a(_div_sf.o)
 .bss           0x000177d0        0x0 /opt/altera/13.1/nios2eds/bin/gnu/H-i686-pc-linux-gnu/bin/../lib/gcc/nios2-elf/4.7.3/mno-hw-mul/libgcc.a(_si_to_sf.o)
 .bss           0x000177d0        0x0 /opt/altera/13.1/nios2eds/bin/gnu/H-i686-pc-linux-gnu/bin/../lib/gcc/nios2-elf/4.7.3/mno-hw-mul/libgcc.a(_sf_to_df.o)
 .bss           0x000177d0        0x0 /opt/altera/13.1/nios2eds/bin/gnu/H-i686-pc-linux-gnu/bin/../lib/gcc/nios2-elf/4.7.3/mno-hw-mul/libgcc.a(_thenan_sf.o)
 .bss           0x000177d0        0x0 /opt/altera/13.1/nios2eds/bin/gnu/H-i686-pc-linux-gnu/bin/../lib/gcc/nios2-elf/4.7.3/mno-hw-mul/libgcc.a(_addsub_df.o)
 .bss           0x000177d0        0x0 /opt/altera/13.1/nios2eds/bin/gnu/H-i686-pc-linux-gnu/bin/../lib/gcc/nios2-elf/4.7.3/mno-hw-mul/libgcc.a(_mul_df.o)
 .bss           0x000177d0        0x0 /opt/altera/13.1/nios2eds/bin/gnu/H-i686-pc-linux-gnu/bin/../lib/gcc/nios2-elf/4.7.3/mno-hw-mul/libgcc.a(_div_df.o)
 .bss           0x000177d0        0x0 /opt/altera/13.1/nios2eds/bin/gnu/H-i686-pc-linux-gnu/bin/../lib/gcc/nios2-elf/4.7.3/mno-hw-mul/libgcc.a(_gt_df.o)
 .bss           0x000177d0        0x0 /opt/altera/13.1/nios2eds/bin/gnu/H-i686-pc-linux-gnu/bin/../lib/gcc/nios2-elf/4.7.3/mno-hw-mul/libgcc.a(_ge_df.o)
 .bss           0x000177d0        0x0 /opt/altera/13.1/nios2eds/bin/gnu/H-i686-pc-linux-gnu/bin/../lib/gcc/nios2-elf/4.7.3/mno-hw-mul/libgcc.a(_lt_df.o)
 .bss           0x000177d0        0x0 /opt/altera/13.1/nios2eds/bin/gnu/H-i686-pc-linux-gnu/bin/../lib/gcc/nios2-elf/4.7.3/mno-hw-mul/libgcc.a(_si_to_df.o)
 .bss           0x000177d0        0x0 /opt/altera/13.1/nios2eds/bin/gnu/H-i686-pc-linux-gnu/bin/../lib/gcc/nios2-elf/4.7.3/mno-hw-mul/libgcc.a(_df_to_si.o)
 .bss           0x000177d0        0x0 /opt/altera/13.1/nios2eds/bin/gnu/H-i686-pc-linux-gnu/bin/../lib/gcc/nios2-elf/4.7.3/mno-hw-mul/libgcc.a(_make_df.o)
 .bss           0x000177d0        0x0 /opt/altera/13.1/nios2eds/bin/gnu/H-i686-pc-linux-gnu/bin/../lib/gcc/nios2-elf/4.7.3/mno-hw-mul/libgcc.a(_thenan_df.o)
 .bss           0x000177d0        0x0 /opt/altera/13.1/nios2eds/bin/gnu/H-i686-pc-linux-gnu/bin/../lib/gcc/nios2-elf/4.7.3/mno-hw-mul/libgcc.a(_muldi3.o)
 .bss           0x000177d0        0x0 /opt/altera/13.1/nios2eds/bin/gnu/H-i686-pc-linux-gnu/bin/../lib/gcc/nios2-elf/4.7.3/mno-hw-mul/libgcc.a(_clzsi2.o)
 .bss           0x000177d0        0x0 /opt/altera/13.1/nios2eds/bin/gnu/H-i686-pc-linux-gnu/bin/../lib/gcc/nios2-elf/4.7.3/mno-hw-mul/libgcc.a(_pack_sf.o)
 .bss           0x000177d0        0x0 /opt/altera/13.1/nios2eds/bin/gnu/H-i686-pc-linux-gnu/bin/../lib/gcc/nios2-elf/4.7.3/mno-hw-mul/libgcc.a(_unpack_sf.o)
 .bss           0x000177d0        0x0 /opt/altera/13.1/nios2eds/bin/gnu/H-i686-pc-linux-gnu/bin/../lib/gcc/nios2-elf/4.7.3/mno-hw-mul/libgcc.a(_pack_df.o)
 .bss           0x000177d0        0x0 /opt/altera/13.1/nios2eds/bin/gnu/H-i686-pc-linux-gnu/bin/../lib/gcc/nios2-elf/4.7.3/mno-hw-mul/libgcc.a(_unpack_df.o)
 .bss           0x000177d0        0x0 /opt/altera/13.1/nios2eds/bin/gnu/H-i686-pc-linux-gnu/bin/../lib/gcc/nios2-elf/4.7.3/mno-hw-mul/libgcc.a(_fpcmp_parts_df.o)
 .bss           0x000177d0        0x0 /opt/altera/13.1/nios2eds/bin/gnu/H-i686-pc-linux-gnu/bin/../lib/gcc/nios2-elf/4.7.3/mno-hw-mul/libgcc.a(lib2-mul.o)
 .bss           0x000177d0        0x0 /opt/altera/13.1/nios2eds/bin/gnu/H-i686-pc-linux-gnu/bin/../lib/gcc/nios2-elf/4.7.3/mno-hw-mul/libgcc.a(_lshrdi3.o)
 .bss           0x000177d0        0x0 /opt/altera/13.1/nios2eds/bin/gnu/H-i686-pc-linux-gnu/bin/../lib/gcc/nios2-elf/4.7.3/mno-hw-mul/libgcc.a(_ashldi3.o)
 .bss           0x000177d0        0x0 /opt/altera/13.1/nios2eds/bin/gnu/H-i686-pc-linux-gnu/bin/../lib/gcc/nios2-elf/4.7.3/mno-hw-mul/libgcc.a(_clz.o)
 .bss           0x000177d0        0x0 /opt/altera/13.1/nios2eds/bin/gnu/H-i686-pc-linux-gnu/bin/../lib/gcc/nios2-elf/4.7.3/../../../../../H-i686-pc-linux-gnu/nios2-elf/lib/mno-hw-mul/libc.a(lib_a-memset.o)
 .bss           0x000177d0        0x0 /opt/altera/13.1/nios2eds/bin/gnu/H-i686-pc-linux-gnu/bin/../lib/gcc/nios2-elf/4.7.3/../../../../../H-i686-pc-linux-gnu/nios2-elf/lib/mno-hw-mul/libc.a(lib_a-printf.o)
 .bss           0x000177d0        0x0 /opt/altera/13.1/nios2eds/bin/gnu/H-i686-pc-linux-gnu/bin/../lib/gcc/nios2-elf/4.7.3/../../../../../H-i686-pc-linux-gnu/nios2-elf/lib/mno-hw-mul/libc.a(lib_a-puts.o)
 .bss           0x000177d0        0x0 /opt/altera/13.1/nios2eds/bin/gnu/H-i686-pc-linux-gnu/bin/../lib/gcc/nios2-elf/4.7.3/../../../../../H-i686-pc-linux-gnu/nios2-elf/lib/mno-hw-mul/libc.a(lib_a-strlen.o)
 .bss           0x000177d0        0x0 /opt/altera/13.1/nios2eds/bin/gnu/H-i686-pc-linux-gnu/bin/../lib/gcc/nios2-elf/4.7.3/../../../../../H-i686-pc-linux-gnu/nios2-elf/lib/mno-hw-mul/libc.a(lib_a-vfprintf.o)
 .bss           0x000177d0        0x0 /opt/altera/13.1/nios2eds/bin/gnu/H-i686-pc-linux-gnu/bin/../lib/gcc/nios2-elf/4.7.3/../../../../../H-i686-pc-linux-gnu/nios2-elf/lib/mno-hw-mul/libc.a(lib_a-wsetup.o)
 .bss           0x000177d0        0x0 /opt/altera/13.1/nios2eds/bin/gnu/H-i686-pc-linux-gnu/bin/../lib/gcc/nios2-elf/4.7.3/../../../../../H-i686-pc-linux-gnu/nios2-elf/lib/mno-hw-mul/libc.a(lib_a-dtoa.o)
 .bss           0x000177d0        0x0 /opt/altera/13.1/nios2eds/bin/gnu/H-i686-pc-linux-gnu/bin/../lib/gcc/nios2-elf/4.7.3/../../../../../H-i686-pc-linux-gnu/nios2-elf/lib/mno-hw-mul/libc.a(lib_a-fflush.o)
 .bss           0x000177d0        0x0 /opt/altera/13.1/nios2eds/bin/gnu/H-i686-pc-linux-gnu/bin/../lib/gcc/nios2-elf/4.7.3/../../../../../H-i686-pc-linux-gnu/nios2-elf/lib/mno-hw-mul/libc.a(lib_a-findfp.o)
 .bss           0x000177d0        0x0 /opt/altera/13.1/nios2eds/bin/gnu/H-i686-pc-linux-gnu/bin/../lib/gcc/nios2-elf/4.7.3/../../../../../H-i686-pc-linux-gnu/nios2-elf/lib/mno-hw-mul/libc.a(lib_a-freer.o)
 .bss           0x000177d0        0x0 /opt/altera/13.1/nios2eds/bin/gnu/H-i686-pc-linux-gnu/bin/../lib/gcc/nios2-elf/4.7.3/../../../../../H-i686-pc-linux-gnu/nios2-elf/lib/mno-hw-mul/libc.a(lib_a-fvwrite.o)
 .bss           0x000177d0        0x0 /opt/altera/13.1/nios2eds/bin/gnu/H-i686-pc-linux-gnu/bin/../lib/gcc/nios2-elf/4.7.3/../../../../../H-i686-pc-linux-gnu/nios2-elf/lib/mno-hw-mul/libc.a(lib_a-fwalk.o)
 .bss           0x000177d0        0x0 /opt/altera/13.1/nios2eds/bin/gnu/H-i686-pc-linux-gnu/bin/../lib/gcc/nios2-elf/4.7.3/../../../../../H-i686-pc-linux-gnu/nios2-elf/lib/mno-hw-mul/libc.a(lib_a-impure.o)
 .bss           0x000177d0        0x0 /opt/altera/13.1/nios2eds/bin/gnu/H-i686-pc-linux-gnu/bin/../lib/gcc/nios2-elf/4.7.3/../../../../../H-i686-pc-linux-gnu/nios2-elf/lib/mno-hw-mul/libc.a(lib_a-locale.o)
 .bss           0x000177d0        0x0 /opt/altera/13.1/nios2eds/bin/gnu/H-i686-pc-linux-gnu/bin/../lib/gcc/nios2-elf/4.7.3/../../../../../H-i686-pc-linux-gnu/nios2-elf/lib/mno-hw-mul/libc.a(lib_a-makebuf.o)
 .bss           0x000177d0       0x28 /opt/altera/13.1/nios2eds/bin/gnu/H-i686-pc-linux-gnu/bin/../lib/gcc/nios2-elf/4.7.3/../../../../../H-i686-pc-linux-gnu/nios2-elf/lib/mno-hw-mul/libc.a(lib_a-mallocr.o)
                0x000177d0                __malloc_current_mallinfo
 .bss           0x000177f8        0x0 /opt/altera/13.1/nios2eds/bin/gnu/H-i686-pc-linux-gnu/bin/../lib/gcc/nios2-elf/4.7.3/../../../../../H-i686-pc-linux-gnu/nios2-elf/lib/mno-hw-mul/libc.a(lib_a-memchr.o)
 .bss           0x000177f8        0x0 /opt/altera/13.1/nios2eds/bin/gnu/H-i686-pc-linux-gnu/bin/../lib/gcc/nios2-elf/4.7.3/../../../../../H-i686-pc-linux-gnu/nios2-elf/lib/mno-hw-mul/libc.a(lib_a-memcpy.o)
 .bss           0x000177f8        0x0 /opt/altera/13.1/nios2eds/bin/gnu/H-i686-pc-linux-gnu/bin/../lib/gcc/nios2-elf/4.7.3/../../../../../H-i686-pc-linux-gnu/nios2-elf/lib/mno-hw-mul/libc.a(lib_a-memmove.o)
 .bss           0x000177f8        0x0 /opt/altera/13.1/nios2eds/bin/gnu/H-i686-pc-linux-gnu/bin/../lib/gcc/nios2-elf/4.7.3/../../../../../H-i686-pc-linux-gnu/nios2-elf/lib/mno-hw-mul/libc.a(lib_a-mprec.o)
 .bss           0x000177f8        0x0 /opt/altera/13.1/nios2eds/bin/gnu/H-i686-pc-linux-gnu/bin/../lib/gcc/nios2-elf/4.7.3/../../../../../H-i686-pc-linux-gnu/nios2-elf/lib/mno-hw-mul/libc.a(lib_a-reallocr.o)
 .bss           0x000177f8        0x0 /opt/altera/13.1/nios2eds/bin/gnu/H-i686-pc-linux-gnu/bin/../lib/gcc/nios2-elf/4.7.3/../../../../../H-i686-pc-linux-gnu/nios2-elf/lib/mno-hw-mul/libc.a(lib_a-s_isinfd.o)
 .bss           0x000177f8        0x0 /opt/altera/13.1/nios2eds/bin/gnu/H-i686-pc-linux-gnu/bin/../lib/gcc/nios2-elf/4.7.3/../../../../../H-i686-pc-linux-gnu/nios2-elf/lib/mno-hw-mul/libc.a(lib_a-s_isnand.o)
 .bss           0x000177f8        0x0 /opt/altera/13.1/nios2eds/bin/gnu/H-i686-pc-linux-gnu/bin/../lib/gcc/nios2-elf/4.7.3/../../../../../H-i686-pc-linux-gnu/nios2-elf/lib/mno-hw-mul/libc.a(lib_a-sbrkr.o)
 .bss           0x000177f8        0x0 /opt/altera/13.1/nios2eds/bin/gnu/H-i686-pc-linux-gnu/bin/../lib/gcc/nios2-elf/4.7.3/../../../../../H-i686-pc-linux-gnu/nios2-elf/lib/mno-hw-mul/libc.a(lib_a-stdio.o)
 .bss           0x000177f8        0x0 /opt/altera/13.1/nios2eds/bin/gnu/H-i686-pc-linux-gnu/bin/../lib/gcc/nios2-elf/4.7.3/../../../../../H-i686-pc-linux-gnu/nios2-elf/lib/mno-hw-mul/libc.a(lib_a-strcmp.o)
 .bss           0x000177f8        0x0 /opt/altera/13.1/nios2eds/bin/gnu/H-i686-pc-linux-gnu/bin/../lib/gcc/nios2-elf/4.7.3/../../../../../H-i686-pc-linux-gnu/nios2-elf/lib/mno-hw-mul/libc.a(lib_a-writer.o)
 .bss           0x000177f8        0x0 /opt/altera/13.1/nios2eds/bin/gnu/H-i686-pc-linux-gnu/bin/../lib/gcc/nios2-elf/4.7.3/../../../../../H-i686-pc-linux-gnu/nios2-elf/lib/mno-hw-mul/libc.a(lib_a-callocr.o)
 .bss           0x000177f8        0x0 /opt/altera/13.1/nios2eds/bin/gnu/H-i686-pc-linux-gnu/bin/../lib/gcc/nios2-elf/4.7.3/../../../../../H-i686-pc-linux-gnu/nios2-elf/lib/mno-hw-mul/libc.a(lib_a-closer.o)
 .bss           0x000177f8        0x0 /opt/altera/13.1/nios2eds/bin/gnu/H-i686-pc-linux-gnu/bin/../lib/gcc/nios2-elf/4.7.3/../../../../../H-i686-pc-linux-gnu/nios2-elf/lib/mno-hw-mul/libc.a(lib_a-fclose.o)
 .bss           0x000177f8        0x0 /opt/altera/13.1/nios2eds/bin/gnu/H-i686-pc-linux-gnu/bin/../lib/gcc/nios2-elf/4.7.3/../../../../../H-i686-pc-linux-gnu/nios2-elf/lib/mno-hw-mul/libc.a(lib_a-fstatr.o)
 .bss           0x000177f8        0x0 /opt/altera/13.1/nios2eds/bin/gnu/H-i686-pc-linux-gnu/bin/../lib/gcc/nios2-elf/4.7.3/../../../../../H-i686-pc-linux-gnu/nios2-elf/lib/mno-hw-mul/libc.a(lib_a-int_errno.o)
 .bss           0x000177f8        0x0 /opt/altera/13.1/nios2eds/bin/gnu/H-i686-pc-linux-gnu/bin/../lib/gcc/nios2-elf/4.7.3/../../../../../H-i686-pc-linux-gnu/nios2-elf/lib/mno-hw-mul/libc.a(lib_a-isattyr.o)
 .bss           0x000177f8        0x0 /opt/altera/13.1/nios2eds/bin/gnu/H-i686-pc-linux-gnu/bin/../lib/gcc/nios2-elf/4.7.3/../../../../../H-i686-pc-linux-gnu/nios2-elf/lib/mno-hw-mul/libc.a(lib_a-lseekr.o)
 .bss           0x000177f8        0x0 /opt/altera/13.1/nios2eds/bin/gnu/H-i686-pc-linux-gnu/bin/../lib/gcc/nios2-elf/4.7.3/../../../../../H-i686-pc-linux-gnu/nios2-elf/lib/mno-hw-mul/libc.a(lib_a-readr.o)
 .bss           0x000177f8        0x0 /opt/altera/13.1/nios2eds/bin/gnu/H-i686-pc-linux-gnu/bin/../lib/gcc/nios2-elf/4.7.3/mno-hw-mul/libgcc.a(_udivdi3.o)
 .bss           0x000177f8        0x0 /opt/altera/13.1/nios2eds/bin/gnu/H-i686-pc-linux-gnu/bin/../lib/gcc/nios2-elf/4.7.3/mno-hw-mul/libgcc.a(_umoddi3.o)
 .bss           0x000177f8        0x0 /opt/altera/13.1/nios2eds/bin/gnu/H-i686-pc-linux-gnu/bin/../lib/gcc/nios2-elf/4.7.3/mno-hw-mul/libgcc.a(_eq_df.o)
 .bss           0x000177f8        0x0 /opt/altera/13.1/nios2eds/bin/gnu/H-i686-pc-linux-gnu/bin/../lib/gcc/nios2-elf/4.7.3/mno-hw-mul/libgcc.a(_ne_df.o)
 .bss           0x000177f8        0x0 /opt/altera/13.1/nios2eds/bin/gnu/H-i686-pc-linux-gnu/bin/../lib/gcc/nios2-elf/4.7.3/mno-hw-mul/libgcc.a(_usi_to_df.o)
 .bss           0x000177f8        0x0 /opt/altera/13.1/nios2eds/bin/gnu/H-i686-pc-linux-gnu/bin/../lib/gcc/nios2-elf/4.7.3/mno-hw-mul/libgcc.a(lib2-divmod.o)
 .bss           0x000177f8        0x0 /home/esl1-5/Desktop/ESL201000168/Assignment_11/assignment_11_bsp//libhal_bsp.a(alt_close.o)
 .bss           0x000177f8        0x0 /home/esl1-5/Desktop/ESL201000168/Assignment_11/assignment_11_bsp//libhal_bsp.a(alt_dev.o)
 .bss           0x000177f8        0x0 /home/esl1-5/Desktop/ESL201000168/Assignment_11/assignment_11_bsp//libhal_bsp.a(alt_errno.o)
 .bss           0x000177f8        0x0 /home/esl1-5/Desktop/ESL201000168/Assignment_11/assignment_11_bsp//libhal_bsp.a(alt_fstat.o)
 .bss           0x000177f8        0x0 /home/esl1-5/Desktop/ESL201000168/Assignment_11/assignment_11_bsp//libhal_bsp.a(alt_isatty.o)
 .bss           0x000177f8        0x0 /home/esl1-5/Desktop/ESL201000168/Assignment_11/assignment_11_bsp//libhal_bsp.a(alt_load.o)
 .bss           0x000177f8        0x0 /home/esl1-5/Desktop/ESL201000168/Assignment_11/assignment_11_bsp//libhal_bsp.a(alt_lseek.o)
 .bss           0x000177f8        0x0 /home/esl1-5/Desktop/ESL201000168/Assignment_11/assignment_11_bsp//libhal_bsp.a(alt_main.o)
 .bss           0x000177f8        0x0 /home/esl1-5/Desktop/ESL201000168/Assignment_11/assignment_11_bsp//libhal_bsp.a(alt_malloc_lock.o)
 .bss           0x000177f8        0x0 /home/esl1-5/Desktop/ESL201000168/Assignment_11/assignment_11_bsp//libhal_bsp.a(alt_read.o)
 .bss           0x000177f8        0x0 /home/esl1-5/Desktop/ESL201000168/Assignment_11/assignment_11_bsp//libhal_bsp.a(alt_release_fd.o)
 .bss           0x000177f8        0x0 /home/esl1-5/Desktop/ESL201000168/Assignment_11/assignment_11_bsp//libhal_bsp.a(alt_sbrk.o)
 .bss           0x000177f8        0x0 /home/esl1-5/Desktop/ESL201000168/Assignment_11/assignment_11_bsp//libhal_bsp.a(alt_usleep.o)
 .bss           0x000177f8        0x0 /home/esl1-5/Desktop/ESL201000168/Assignment_11/assignment_11_bsp//libhal_bsp.a(alt_write.o)
 .bss           0x000177f8        0x0 /home/esl1-5/Desktop/ESL201000168/Assignment_11/assignment_11_bsp//libhal_bsp.a(alt_sys_init.o)
 .bss           0x000177f8        0x0 /home/esl1-5/Desktop/ESL201000168/Assignment_11/assignment_11_bsp//libhal_bsp.a(altera_avalon_jtag_uart_fd.o)
 .bss           0x000177f8        0x0 /home/esl1-5/Desktop/ESL201000168/Assignment_11/assignment_11_bsp//libhal_bsp.a(altera_avalon_jtag_uart_read.o)
 .bss           0x000177f8        0x0 /home/esl1-5/Desktop/ESL201000168/Assignment_11/assignment_11_bsp//libhal_bsp.a(altera_avalon_jtag_uart_write.o)
 .bss           0x000177f8        0x0 /home/esl1-5/Desktop/ESL201000168/Assignment_11/assignment_11_bsp//libhal_bsp.a(altera_avalon_timer_sc.o)
 .bss           0x000177f8        0x0 /home/esl1-5/Desktop/ESL201000168/Assignment_11/assignment_11_bsp//libhal_bsp.a(altera_avalon_uart_fd.o)
 .bss           0x000177f8        0x0 /home/esl1-5/Desktop/ESL201000168/Assignment_11/assignment_11_bsp//libhal_bsp.a(altera_avalon_uart_read.o)
 .bss           0x000177f8        0x0 /home/esl1-5/Desktop/ESL201000168/Assignment_11/assignment_11_bsp//libhal_bsp.a(altera_avalon_uart_write.o)
 .bss           0x000177f8        0x0 /home/esl1-5/Desktop/ESL201000168/Assignment_11/assignment_11_bsp//libhal_bsp.a(alt_busy_sleep.o)
 .bss           0x000177f8        0x0 /home/esl1-5/Desktop/ESL201000168/Assignment_11/assignment_11_bsp//libhal_bsp.a(alt_dcache_flush_all.o)
 .bss           0x000177f8        0x0 /home/esl1-5/Desktop/ESL201000168/Assignment_11/assignment_11_bsp//libhal_bsp.a(alt_dev_llist_insert.o)
 .bss           0x000177f8        0x0 /home/esl1-5/Desktop/ESL201000168/Assignment_11/assignment_11_bsp//libhal_bsp.a(alt_icache_flush_all.o)
 .bss           0x000177f8        0x0 /home/esl1-5/Desktop/ESL201000168/Assignment_11/assignment_11_bsp//libhal_bsp.a(alt_iic.o)
 .bss           0x000177f8        0x0 /home/esl1-5/Desktop/ESL201000168/Assignment_11/assignment_11_bsp//libhal_bsp.a(alt_iic_isr_register.o)
 .bss           0x000177f8        0x0 /home/esl1-5/Desktop/ESL201000168/Assignment_11/assignment_11_bsp//libhal_bsp.a(alt_io_redirect.o)
 .bss           0x000177f8        0x0 /home/esl1-5/Desktop/ESL201000168/Assignment_11/assignment_11_bsp//libhal_bsp.a(alt_irq_entry.o)
 .bss           0x000177f8        0x0 /home/esl1-5/Desktop/ESL201000168/Assignment_11/assignment_11_bsp//libhal_bsp.a(alt_irq_handler.o)
 .bss           0x000177f8        0x0 /home/esl1-5/Desktop/ESL201000168/Assignment_11/assignment_11_bsp//libhal_bsp.a(alt_irq_vars.o)
 .bss           0x000177f8        0x0 /home/esl1-5/Desktop/ESL201000168/Assignment_11/assignment_11_bsp//libhal_bsp.a(alt_open.o)
 .bss           0x000177f8        0x0 /home/esl1-5/Desktop/ESL201000168/Assignment_11/assignment_11_bsp//libhal_bsp.a(alt_tick.o)
 .bss           0x000177f8        0x0 /home/esl1-5/Desktop/ESL201000168/Assignment_11/assignment_11_bsp//libhal_bsp.a(altera_nios2_qsys_irq.o)
 .bss           0x000177f8        0x0 /home/esl1-5/Desktop/ESL201000168/Assignment_11/assignment_11_bsp//libhal_bsp.a(alt_exception_entry.o)
 .bss           0x000177f8        0x0 /home/esl1-5/Desktop/ESL201000168/Assignment_11/assignment_11_bsp//libhal_bsp.a(alt_find_dev.o)
 .bss           0x000177f8        0x0 /home/esl1-5/Desktop/ESL201000168/Assignment_11/assignment_11_bsp//libhal_bsp.a(alt_find_file.o)
 .bss           0x000177f8        0x0 /home/esl1-5/Desktop/ESL201000168/Assignment_11/assignment_11_bsp//libhal_bsp.a(alt_get_fd.o)
 .bss           0x000177f8        0x0 /home/esl1-5/Desktop/ESL201000168/Assignment_11/assignment_11_bsp//libhal_bsp.a(alt_icache_flush.o)
 .bss           0x000177f8        0x0 /opt/altera/13.1/nios2eds/bin/gnu/H-i686-pc-linux-gnu/bin/../lib/gcc/nios2-elf/4.7.3/../../../../../H-i686-pc-linux-gnu/nios2-elf/lib/mno-hw-mul/libc.a(lib_a-exit.o)
 .bss           0x000177f8        0x0 /opt/altera/13.1/nios2eds/bin/gnu/H-i686-pc-linux-gnu/bin/../lib/gcc/nios2-elf/4.7.3/../../../../../H-i686-pc-linux-gnu/nios2-elf/lib/mno-hw-mul/libc.a(lib_a-memcmp.o)
 .bss           0x000177f8        0x0 /opt/altera/13.1/nios2eds/bin/gnu/H-i686-pc-linux-gnu/bin/../lib/gcc/nios2-elf/4.7.3/../../../../../H-i686-pc-linux-gnu/nios2-elf/lib/mno-hw-mul/libc.a(lib_a-__call_atexit.o)
 .bss           0x000177f8        0x0 /home/esl1-5/Desktop/ESL201000168/Assignment_11/assignment_11_bsp//libhal_bsp.a(alt_exit.o)
 *(COMMON)
 COMMON         0x000177f8       0xd0 obj/default/Panmodel.o
                0x000177f8                Pan_V
                0x00017848                Pan_P
                0x00017880                Pan_I
                0x00017898                Pan_R
                0x000178b0                Pan_s
 COMMON         0x000178c8       0xe0 obj/default/Tiltmodel.o
                0x000178c8                Tilt_V
                0x00017928                Tilt_I
                0x00017940                Tilt_P
                0x00017978                Tilt_R
                0x00017990                Tilt_s
 COMMON         0x000179a8      0x100 /home/esl1-5/Desktop/ESL201000168/Assignment_11/assignment_11_bsp//libhal_bsp.a(alt_irq_handler.o)
                0x000179a8                alt_irq
                0x00017aa8                . = ALIGN (0x4)
                0x00017aa8                __bss_end = ABSOLUTE (.)

.onchip_mem     0x00017aa8        0x0
                0x00017aa8                PROVIDE (_alt_partition_onchip_mem_start, ABSOLUTE (.))
 *(.onchip_mem .onchip_mem. onchip_mem.*)
                0x00017aa8                . = ALIGN (0x4)
                0x00017aa8                PROVIDE (_alt_partition_onchip_mem_end, ABSOLUTE (.))
                0x00017aa8                _end = ABSOLUTE (.)
                0x00017aa8                end = ABSOLUTE (.)
                0x00017aa8                __alt_stack_base = ABSOLUTE (.)
                0x00017aa8                PROVIDE (_alt_partition_onchip_mem_load_addr, LOADADDR (.onchip_mem))

.stab
 *(.stab)

.stabstr
 *(.stabstr)

.stab.excl
 *(.stab.excl)

.stab.exclstr
 *(.stab.exclstr)

.stab.index
 *(.stab.index)

.stab.indexstr
 *(.stab.indexstr)

.comment        0x00000000       0x23
 *(.comment)
 .comment       0x00000000       0x23 obj/default/EulerAngles.o
                                 0x24 (size before relaxing)
 .comment       0x00000000       0x24 obj/default/Paninteg.o
 .comment       0x00000000       0x24 obj/default/Panmodel.o
 .comment       0x00000000       0x24 obj/default/Pansubmod.o
 .comment       0x00000000       0x24 obj/default/Tiltinteg.o
 .comment       0x00000000       0x24 obj/default/Tiltmodel.o
 .comment       0x00000000       0x24 obj/default/Tiltsubmod.o
 .comment       0x00000000       0x24 obj/default/hello_world.o
 .comment       0x00000000       0x24 obj/default/motionprofiles.o
 .comment       0x00000000       0x24 obj/default/xxfuncs.o
 .comment       0x00000000       0x24 obj/default/xxinverse.o
 .comment       0x00000000       0x24 obj/default/xxmatrix.o
 .comment       0x00000000       0x24 /opt/altera/13.1/nios2eds/bin/gnu/H-i686-pc-linux-gnu/bin/../lib/gcc/nios2-elf/4.7.3/mno-hw-mul/libgcc.a(_mul_sf.o)
 .comment       0x00000000       0x24 /opt/altera/13.1/nios2eds/bin/gnu/H-i686-pc-linux-gnu/bin/../lib/gcc/nios2-elf/4.7.3/mno-hw-mul/libgcc.a(_div_sf.o)
 .comment       0x00000000       0x24 /opt/altera/13.1/nios2eds/bin/gnu/H-i686-pc-linux-gnu/bin/../lib/gcc/nios2-elf/4.7.3/mno-hw-mul/libgcc.a(_si_to_sf.o)
 .comment       0x00000000       0x24 /opt/altera/13.1/nios2eds/bin/gnu/H-i686-pc-linux-gnu/bin/../lib/gcc/nios2-elf/4.7.3/mno-hw-mul/libgcc.a(_sf_to_df.o)
 .comment       0x00000000       0x24 /opt/altera/13.1/nios2eds/bin/gnu/H-i686-pc-linux-gnu/bin/../lib/gcc/nios2-elf/4.7.3/mno-hw-mul/libgcc.a(_thenan_sf.o)
 .comment       0x00000000       0x24 /opt/altera/13.1/nios2eds/bin/gnu/H-i686-pc-linux-gnu/bin/../lib/gcc/nios2-elf/4.7.3/mno-hw-mul/libgcc.a(_addsub_df.o)
 .comment       0x00000000       0x24 /opt/altera/13.1/nios2eds/bin/gnu/H-i686-pc-linux-gnu/bin/../lib/gcc/nios2-elf/4.7.3/mno-hw-mul/libgcc.a(_mul_df.o)
 .comment       0x00000000       0x24 /opt/altera/13.1/nios2eds/bin/gnu/H-i686-pc-linux-gnu/bin/../lib/gcc/nios2-elf/4.7.3/mno-hw-mul/libgcc.a(_div_df.o)
 .comment       0x00000000       0x24 /opt/altera/13.1/nios2eds/bin/gnu/H-i686-pc-linux-gnu/bin/../lib/gcc/nios2-elf/4.7.3/mno-hw-mul/libgcc.a(_gt_df.o)
 .comment       0x00000000       0x24 /opt/altera/13.1/nios2eds/bin/gnu/H-i686-pc-linux-gnu/bin/../lib/gcc/nios2-elf/4.7.3/mno-hw-mul/libgcc.a(_ge_df.o)
 .comment       0x00000000       0x24 /opt/altera/13.1/nios2eds/bin/gnu/H-i686-pc-linux-gnu/bin/../lib/gcc/nios2-elf/4.7.3/mno-hw-mul/libgcc.a(_lt_df.o)
 .comment       0x00000000       0x24 /opt/altera/13.1/nios2eds/bin/gnu/H-i686-pc-linux-gnu/bin/../lib/gcc/nios2-elf/4.7.3/mno-hw-mul/libgcc.a(_si_to_df.o)
 .comment       0x00000000       0x24 /opt/altera/13.1/nios2eds/bin/gnu/H-i686-pc-linux-gnu/bin/../lib/gcc/nios2-elf/4.7.3/mno-hw-mul/libgcc.a(_df_to_si.o)
 .comment       0x00000000       0x24 /opt/altera/13.1/nios2eds/bin/gnu/H-i686-pc-linux-gnu/bin/../lib/gcc/nios2-elf/4.7.3/mno-hw-mul/libgcc.a(_make_df.o)
 .comment       0x00000000       0x24 /opt/altera/13.1/nios2eds/bin/gnu/H-i686-pc-linux-gnu/bin/../lib/gcc/nios2-elf/4.7.3/mno-hw-mul/libgcc.a(_thenan_df.o)
 .comment       0x00000000       0x24 /opt/altera/13.1/nios2eds/bin/gnu/H-i686-pc-linux-gnu/bin/../lib/gcc/nios2-elf/4.7.3/mno-hw-mul/libgcc.a(_muldi3.o)
 .comment       0x00000000       0x24 /opt/altera/13.1/nios2eds/bin/gnu/H-i686-pc-linux-gnu/bin/../lib/gcc/nios2-elf/4.7.3/mno-hw-mul/libgcc.a(_clzsi2.o)
 .comment       0x00000000       0x24 /opt/altera/13.1/nios2eds/bin/gnu/H-i686-pc-linux-gnu/bin/../lib/gcc/nios2-elf/4.7.3/mno-hw-mul/libgcc.a(_pack_sf.o)
 .comment       0x00000000       0x24 /opt/altera/13.1/nios2eds/bin/gnu/H-i686-pc-linux-gnu/bin/../lib/gcc/nios2-elf/4.7.3/mno-hw-mul/libgcc.a(_unpack_sf.o)
 .comment       0x00000000       0x24 /opt/altera/13.1/nios2eds/bin/gnu/H-i686-pc-linux-gnu/bin/../lib/gcc/nios2-elf/4.7.3/mno-hw-mul/libgcc.a(_pack_df.o)
 .comment       0x00000000       0x24 /opt/altera/13.1/nios2eds/bin/gnu/H-i686-pc-linux-gnu/bin/../lib/gcc/nios2-elf/4.7.3/mno-hw-mul/libgcc.a(_unpack_df.o)
 .comment       0x00000000       0x24 /opt/altera/13.1/nios2eds/bin/gnu/H-i686-pc-linux-gnu/bin/../lib/gcc/nios2-elf/4.7.3/mno-hw-mul/libgcc.a(_fpcmp_parts_df.o)
 .comment       0x00000000       0x24 /opt/altera/13.1/nios2eds/bin/gnu/H-i686-pc-linux-gnu/bin/../lib/gcc/nios2-elf/4.7.3/mno-hw-mul/libgcc.a(lib2-mul.o)
 .comment       0x00000000       0x24 /opt/altera/13.1/nios2eds/bin/gnu/H-i686-pc-linux-gnu/bin/../lib/gcc/nios2-elf/4.7.3/mno-hw-mul/libgcc.a(_lshrdi3.o)
 .comment       0x00000000       0x24 /opt/altera/13.1/nios2eds/bin/gnu/H-i686-pc-linux-gnu/bin/../lib/gcc/nios2-elf/4.7.3/mno-hw-mul/libgcc.a(_ashldi3.o)
 .comment       0x00000000       0x24 /opt/altera/13.1/nios2eds/bin/gnu/H-i686-pc-linux-gnu/bin/../lib/gcc/nios2-elf/4.7.3/mno-hw-mul/libgcc.a(_clz.o)
 .comment       0x00000000       0x24 /opt/altera/13.1/nios2eds/bin/gnu/H-i686-pc-linux-gnu/bin/../lib/gcc/nios2-elf/4.7.3/../../../../../H-i686-pc-linux-gnu/nios2-elf/lib/mno-hw-mul/libc.a(lib_a-memset.o)
 .comment       0x00000000       0x24 /opt/altera/13.1/nios2eds/bin/gnu/H-i686-pc-linux-gnu/bin/../lib/gcc/nios2-elf/4.7.3/../../../../../H-i686-pc-linux-gnu/nios2-elf/lib/mno-hw-mul/libc.a(lib_a-printf.o)