Archive member included because of file (symbol)

/opt/altera/13.1/nios2eds/bin/gnu/H-i686-pc-linux-gnu/bin/../lib/gcc/nios2-elf/4.7.3/../../../../../H-i686-pc-linux-gnu/nios2-elf/lib/mno-hw-mul/libsmallc.a(lib_a-printf.o)
                              obj/default/hello_world.o (printf)
/opt/altera/13.1/nios2eds/bin/gnu/H-i686-pc-linux-gnu/bin/../lib/gcc/nios2-elf/4.7.3/../../../../../H-i686-pc-linux-gnu/nios2-elf/lib/mno-hw-mul/libsmallc.a(lib_a-puts.o)
                              obj/default/hello_world.o (puts)
/opt/altera/13.1/nios2eds/bin/gnu/H-i686-pc-linux-gnu/bin/../lib/gcc/nios2-elf/4.7.3/../../../../../H-i686-pc-linux-gnu/nios2-elf/lib/mno-hw-mul/libsmallc.a(lib_a-strlen.o)
                              /opt/altera/13.1/nios2eds/bin/gnu/H-i686-pc-linux-gnu/bin/../lib/gcc/nios2-elf/4.7.3/../../../../../H-i686-pc-linux-gnu/nios2-elf/lib/mno-hw-mul/libsmallc.a(lib_a-puts.o) (strlen)
/opt/altera/13.1/nios2eds/bin/gnu/H-i686-pc-linux-gnu/bin/../lib/gcc/nios2-elf/4.7.3/../../../../../H-i686-pc-linux-gnu/nios2-elf/lib/mno-hw-mul/libsmallc.a(lib_a-vfprintf.o)
                              /opt/altera/13.1/nios2eds/bin/gnu/H-i686-pc-linux-gnu/bin/../lib/gcc/nios2-elf/4.7.3/../../../../../H-i686-pc-linux-gnu/nios2-elf/lib/mno-hw-mul/libsmallc.a(lib_a-printf.o) (___vfprintf_internal_r)
/opt/altera/13.1/nios2eds/bin/gnu/H-i686-pc-linux-gnu/bin/../lib/gcc/nios2-elf/4.7.3/../../../../../H-i686-pc-linux-gnu/nios2-elf/lib/mno-hw-mul/libsmallc.a(lib_a-fvwrite_small_dev.o)
                              /opt/altera/13.1/nios2eds/bin/gnu/H-i686-pc-linux-gnu/bin/../lib/gcc/nios2-elf/4.7.3/../../../../../H-i686-pc-linux-gnu/nios2-elf/lib/mno-hw-mul/libsmallc.a(lib_a-printf.o) (__sfvwrite_small_dev)
/opt/altera/13.1/nios2eds/bin/gnu/H-i686-pc-linux-gnu/bin/../lib/gcc/nios2-elf/4.7.3/../../../../../H-i686-pc-linux-gnu/nios2-elf/lib/mno-hw-mul/libsmallc.a(lib_a-impure.o)
                              /opt/altera/13.1/nios2eds/bin/gnu/H-i686-pc-linux-gnu/bin/../lib/gcc/nios2-elf/4.7.3/../../../../../H-i686-pc-linux-gnu/nios2-elf/lib/mno-hw-mul/libsmallc.a(lib_a-printf.o) (_impure_ptr)
/opt/altera/13.1/nios2eds/bin/gnu/H-i686-pc-linux-gnu/bin/../lib/gcc/nios2-elf/4.7.3/../../../../../H-i686-pc-linux-gnu/nios2-elf/lib/mno-hw-mul/libsmallc.a(lib_a-writer.o)
                              /opt/altera/13.1/nios2eds/bin/gnu/H-i686-pc-linux-gnu/bin/../lib/gcc/nios2-elf/4.7.3/../../../../../H-i686-pc-linux-gnu/nios2-elf/lib/mno-hw-mul/libsmallc.a(lib_a-fvwrite_small_dev.o) (_write_r)
/opt/altera/13.1/nios2eds/bin/gnu/H-i686-pc-linux-gnu/bin/../lib/gcc/nios2-elf/4.7.3/../../../../../H-i686-pc-linux-gnu/nios2-elf/lib/mno-hw-mul/libsmallc.a(lib_a-int_errno.o)
                              /opt/altera/13.1/nios2eds/bin/gnu/H-i686-pc-linux-gnu/bin/../lib/gcc/nios2-elf/4.7.3/../../../../../H-i686-pc-linux-gnu/nios2-elf/lib/mno-hw-mul/libsmallc.a(lib_a-writer.o) (errno)
/opt/altera/13.1/nios2eds/bin/gnu/H-i686-pc-linux-gnu/bin/../lib/gcc/nios2-elf/4.7.3/mno-hw-mul/libgcc.a(lib2-divmod.o)
                              /opt/altera/13.1/nios2eds/bin/gnu/H-i686-pc-linux-gnu/bin/../lib/gcc/nios2-elf/4.7.3/../../../../../H-i686-pc-linux-gnu/nios2-elf/lib/mno-hw-mul/libsmallc.a(lib_a-vfprintf.o) (__udivsi3)
/opt/altera/13.1/nios2eds/bin/gnu/H-i686-pc-linux-gnu/bin/../lib/gcc/nios2-elf/4.7.3/mno-hw-mul/libgcc.a(lib2-mul.o)
                              /opt/altera/13.1/nios2eds/bin/gnu/H-i686-pc-linux-gnu/bin/../lib/gcc/nios2-elf/4.7.3/../../../../../H-i686-pc-linux-gnu/nios2-elf/lib/mno-hw-mul/libsmallc.a(lib_a-vfprintf.o) (__mulsi3)
../assignment4_bsp//libhal_bsp.a(alt_load.o)
                              ../assignment4_bsp//obj/HAL/src/crt0.o (alt_load)
../assignment4_bsp//libhal_bsp.a(alt_main.o)
                              ../assignment4_bsp//obj/HAL/src/crt0.o (alt_main)
../assignment4_bsp//libhal_bsp.a(alt_write.o)
                              /opt/altera/13.1/nios2eds/bin/gnu/H-i686-pc-linux-gnu/bin/../lib/gcc/nios2-elf/4.7.3/../../../../../H-i686-pc-linux-gnu/nios2-elf/lib/mno-hw-mul/libsmallc.a(lib_a-writer.o) (write)
../assignment4_bsp//libhal_bsp.a(alt_sys_init.o)
                              ../assignment4_bsp//libhal_bsp.a(alt_main.o) (alt_irq_init)
../assignment4_bsp//libhal_bsp.a(altera_avalon_jtag_uart_fd.o)
                              ../assignment4_bsp//libhal_bsp.a(alt_sys_init.o) (altera_avalon_jtag_uart_read_fd)
../assignment4_bsp//libhal_bsp.a(altera_avalon_jtag_uart_read.o)
                              ../assignment4_bsp//libhal_bsp.a(altera_avalon_jtag_uart_fd.o) (altera_avalon_jtag_uart_read)
../assignment4_bsp//libhal_bsp.a(altera_avalon_jtag_uart_write.o)
                              ../assignment4_bsp//libhal_bsp.a(altera_avalon_jtag_uart_fd.o) (altera_avalon_jtag_uart_write)
../assignment4_bsp//libhal_bsp.a(altera_avalon_timer_sc.o)
                              ../assignment4_bsp//libhal_bsp.a(alt_sys_init.o) (alt_avalon_timer_sc_init)
../assignment4_bsp//libhal_bsp.a(alt_close.o)
                              ../assignment4_bsp//libhal_bsp.a(alt_main.o) (close)
../assignment4_bsp//libhal_bsp.a(alt_dcache_flush_all.o)
                              ../assignment4_bsp//libhal_bsp.a(alt_load.o) (alt_dcache_flush_all)
../assignment4_bsp//libhal_bsp.a(alt_dev.o)
                              ../assignment4_bsp//libhal_bsp.a(alt_sys_init.o) (alt_dev_list)
../assignment4_bsp//libhal_bsp.a(alt_dev_llist_insert.o)
                              ../assignment4_bsp//libhal_bsp.a(alt_sys_init.o) (alt_dev_llist_insert)
../assignment4_bsp//libhal_bsp.a(alt_errno.o)
                              ../assignment4_bsp//libhal_bsp.a(alt_write.o) (alt_errno)
../assignment4_bsp//libhal_bsp.a(alt_icache_flush_all.o)
                              ../assignment4_bsp//libhal_bsp.a(alt_load.o) (alt_icache_flush_all)
../assignment4_bsp//libhal_bsp.a(alt_iic.o)
                              ../assignment4_bsp//libhal_bsp.a(altera_avalon_timer_sc.o) (alt_ic_isr_register)
../assignment4_bsp//libhal_bsp.a(alt_iic_isr_register.o)
                              ../assignment4_bsp//libhal_bsp.a(alt_iic.o) (alt_iic_isr_register)
../assignment4_bsp//libhal_bsp.a(alt_io_redirect.o)
                              ../assignment4_bsp//libhal_bsp.a(alt_main.o) (alt_io_redirect)
../assignment4_bsp//libhal_bsp.a(alt_irq_entry.o)
                              ../assignment4_bsp//libhal_bsp.a(alt_iic_isr_register.o) (alt_irq_entry)
../assignment4_bsp//libhal_bsp.a(alt_irq_handler.o)
                              ../assignment4_bsp//libhal_bsp.a(alt_iic_isr_register.o) (alt_irq)
../assignment4_bsp//libhal_bsp.a(alt_irq_vars.o)
                              ../assignment4_bsp//libhal_bsp.a(alt_iic.o) (alt_irq_active)
../assignment4_bsp//libhal_bsp.a(alt_open.o)
                              ../assignment4_bsp//libhal_bsp.a(alt_io_redirect.o) (open)
../assignment4_bsp//libhal_bsp.a(alt_release_fd.o)
                              ../assignment4_bsp//libhal_bsp.a(alt_close.o) (alt_release_fd)
../assignment4_bsp//libhal_bsp.a(alt_tick.o)
                              ../assignment4_bsp//libhal_bsp.a(altera_avalon_timer_sc.o) (_alt_tick_rate)
../assignment4_bsp//libhal_bsp.a(altera_nios2_qsys_irq.o)
                              ../assignment4_bsp//libhal_bsp.a(alt_sys_init.o) (altera_nios2_qsys_irq_init)
../assignment4_bsp//libhal_bsp.a(alt_exception_entry.o)
                              ../assignment4_bsp//libhal_bsp.a(alt_irq_entry.o) (alt_exception)
../assignment4_bsp//libhal_bsp.a(alt_find_dev.o)
                              ../assignment4_bsp//libhal_bsp.a(alt_open.o) (alt_find_dev)
../assignment4_bsp//libhal_bsp.a(alt_find_file.o)
                              ../assignment4_bsp//libhal_bsp.a(alt_open.o) (alt_find_file)
../assignment4_bsp//libhal_bsp.a(alt_get_fd.o)
                              ../assignment4_bsp//libhal_bsp.a(alt_open.o) (alt_get_fd)
../assignment4_bsp//libhal_bsp.a(alt_icache_flush.o)
                              ../assignment4_bsp//libhal_bsp.a(alt_icache_flush_all.o) (alt_icache_flush)
/opt/altera/13.1/nios2eds/bin/gnu/H-i686-pc-linux-gnu/bin/../lib/gcc/nios2-elf/4.7.3/../../../../../H-i686-pc-linux-gnu/nios2-elf/lib/mno-hw-mul/libsmallc.a(lib_a-exit.o)
                              ../assignment4_bsp//libhal_bsp.a(alt_main.o) (exit)
/opt/altera/13.1/nios2eds/bin/gnu/H-i686-pc-linux-gnu/bin/../lib/gcc/nios2-elf/4.7.3/../../../../../H-i686-pc-linux-gnu/nios2-elf/lib/mno-hw-mul/libsmallc.a(lib_a-memcmp.o)
                              ../assignment4_bsp//libhal_bsp.a(alt_find_dev.o) (memcmp)
/opt/altera/13.1/nios2eds/bin/gnu/H-i686-pc-linux-gnu/bin/../lib/gcc/nios2-elf/4.7.3/../../../../../H-i686-pc-linux-gnu/nios2-elf/lib/mno-hw-mul/libsmallc.a(lib_a-__call_atexit.o)
                              /opt/altera/13.1/nios2eds/bin/gnu/H-i686-pc-linux-gnu/bin/../lib/gcc/nios2-elf/4.7.3/../../../../../H-i686-pc-linux-gnu/nios2-elf/lib/mno-hw-mul/libsmallc.a(lib_a-exit.o) (__call_exitprocs)
../assignment4_bsp//libhal_bsp.a(alt_exit.o)
                              /opt/altera/13.1/nios2eds/bin/gnu/H-i686-pc-linux-gnu/bin/../lib/gcc/nios2-elf/4.7.3/../../../../../H-i686-pc-linux-gnu/nios2-elf/lib/mno-hw-mul/libsmallc.a(lib_a-exit.o) (_exit)

Allocating common symbols
Common symbol       size              file

alt_irq             0x100             ../assignment4_bsp//libhal_bsp.a(alt_irq_handler.o)
errno               0x4               /opt/altera/13.1/nios2eds/bin/gnu/H-i686-pc-linux-gnu/bin/../lib/gcc/nios2-elf/4.7.3/../../../../../H-i686-pc-linux-gnu/nios2-elf/lib/mno-hw-mul/libsmallc.a(lib_a-int_errno.o)

Memory Configuration

Name             Origin             Length             Attributes
reset            0x00008000         0x00000020
onchip_mem       0x00008020         0x00004fe0
*default*        0x00000000         0xffffffff

Linker script and memory map

LOAD ../assignment4_bsp//obj/HAL/src/crt0.o
LOAD obj/default/hello_world.o
LOAD /opt/altera/13.1/nios2eds/bin/gnu/H-i686-pc-linux-gnu/bin/../lib/gcc/nios2-elf/4.7.3/../../../../../H-i686-pc-linux-gnu/nios2-elf/lib/mno-hw-mul/libstdc++.a
LOAD /opt/altera/13.1/nios2eds/bin/gnu/H-i686-pc-linux-gnu/bin/../lib/gcc/nios2-elf/4.7.3/../../../../../H-i686-pc-linux-gnu/nios2-elf/lib/mno-hw-mul/libm.a
LOAD /opt/altera/13.1/nios2eds/bin/gnu/H-i686-pc-linux-gnu/bin/../lib/gcc/nios2-elf/4.7.3/mno-hw-mul/libgcc.a
START GROUP
LOAD /opt/altera/13.1/nios2eds/bin/gnu/H-i686-pc-linux-gnu/bin/../lib/gcc/nios2-elf/4.7.3/../../../../../H-i686-pc-linux-gnu/nios2-elf/lib/mno-hw-mul/libsmallc.a
LOAD /opt/altera/13.1/nios2eds/bin/gnu/H-i686-pc-linux-gnu/bin/../lib/gcc/nios2-elf/4.7.3/mno-hw-mul/libgcc.a
LOAD ../assignment4_bsp//libhal_bsp.a
END GROUP
LOAD /opt/altera/13.1/nios2eds/bin/gnu/H-i686-pc-linux-gnu/bin/../lib/gcc/nios2-elf/4.7.3/mno-hw-mul/libgcc.a
                0x00008000                __alt_mem_onchip_mem = 0x8000

.entry          0x00008000       0x20
 *(.entry)
 .entry         0x00008000       0x20 ../assignment4_bsp//obj/HAL/src/crt0.o
                0x00008000                __reset

.exceptions     0x00008020      0x198
                0x00008020                PROVIDE (__ram_exceptions_start, ABSOLUTE (.))
                0x00008020                . = ALIGN (0x20)
 *(.irq)
 *(.exceptions.entry.label)
 .exceptions.entry.label
                0x00008020        0x0 ../assignment4_bsp//libhal_bsp.a(alt_irq_entry.o)
                0x00008020                alt_irq_entry
 .exceptions.entry.label
                0x00008020        0x0 ../assignment4_bsp//libhal_bsp.a(alt_exception_entry.o)
                0x00008020                alt_exception
 *(.exceptions.entry.user)
 *(.exceptions.entry.ecc_fatal)
 *(.exceptions.entry)
 .exceptions.entry
                0x00008020       0x54 ../assignment4_bsp//libhal_bsp.a(alt_exception_entry.o)
 *(.exceptions.irqtest.user)
 *(.exceptions.irqtest)
 .exceptions.irqtest
                0x00008074       0x10 ../assignment4_bsp//libhal_bsp.a(alt_irq_entry.o)
 *(.exceptions.irqhandler.user)
 *(.exceptions.irqhandler)
 .exceptions.irqhandler
                0x00008084        0x4 ../assignment4_bsp//libhal_bsp.a(alt_irq_entry.o)
 *(.exceptions.irqreturn.user)
 *(.exceptions.irqreturn)
 .exceptions.irqreturn
                0x00008088        0x4 ../assignment4_bsp//libhal_bsp.a(alt_irq_entry.o)
 *(.exceptions.notirq.label)
 .exceptions.notirq.label
                0x0000808c        0x0 ../assignment4_bsp//libhal_bsp.a(alt_irq_entry.o)
 *(.exceptions.notirq.user)
 *(.exceptions.notirq)
 .exceptions.notirq
                0x0000808c        0x8 ../assignment4_bsp//libhal_bsp.a(alt_exception_entry.o)
 *(.exceptions.soft.user)
 *(.exceptions.soft)
 *(.exceptions.unknown.user)
 *(.exceptions.unknown)
 .exceptions.unknown
                0x00008094        0x4 ../assignment4_bsp//libhal_bsp.a(alt_exception_entry.o)
 *(.exceptions.exit.label)
 .exceptions.exit.label
                0x00008098        0x0 ../assignment4_bsp//libhal_bsp.a(alt_irq_entry.o)
 .exceptions.exit.label
                0x00008098        0x0 ../assignment4_bsp//libhal_bsp.a(alt_exception_entry.o)
 *(.exceptions.exit.user)
 *(.exceptions.exit)
 .exceptions.exit
                0x00008098       0x54 ../assignment4_bsp//libhal_bsp.a(alt_exception_entry.o)
 *(.exceptions)
 .exceptions    0x000080ec       0xcc ../assignment4_bsp//libhal_bsp.a(alt_irq_handler.o)
                0x000080ec                alt_irq_handler
                0x000081b8                PROVIDE (__ram_exceptions_end, ABSOLUTE (.))
                0x00008020                PROVIDE (__flash_exceptions_start, LOADADDR (.exceptions))

.text           0x000081b8     0x235c
                0x000081b8                PROVIDE (stext, ABSOLUTE (.))
 *(.interp)
 *(.hash)
 *(.dynsym)
 *(.dynstr)
 *(.gnu.version)
 *(.gnu.version_d)
 *(.gnu.version_r)
 *(.rel.init)
 *(.rela.init)
 *(.rel.text .rel.text.* .rel.gnu.linkonce.t.*)
 *(.rela.text .rela.text.* .rela.gnu.linkonce.t.*)
 *(.rel.fini)
 *(.rela.fini)
 *(.rel.rodata .rel.rodata.* .rel.gnu.linkonce.r.*)
 *(.rela.rodata .rela.rodata.* .rela.gnu.linkonce.r.*)
 *(.rel.data .rel.data.* .rel.gnu.linkonce.d.*)
 *(.rela.data .rela.data.* .rela.gnu.linkonce.d.*)
 *(.rel.tdata .rel.tdata.* .rel.gnu.linkonce.td.*)
 *(.rela.tdata .rela.tdata.* .rela.gnu.linkonce.td.*)
 *(.rel.tbss .rel.tbss.* .rel.gnu.linkonce.tb.*)
 *(.rela.tbss .rela.tbss.* .rela.gnu.linkonce.tb.*)
 *(.rel.ctors)
 *(.rela.ctors)
 *(.rel.dtors)
 *(.rela.dtors)
 *(.rel.got)
 *(.rela.got)
 *(.rel.sdata .rel.sdata.* .rel.gnu.linkonce.s.*)
 *(.rela.sdata .rela.sdata.* .rela.gnu.linkonce.s.*)
 *(.rel.sbss .rel.sbss.* .rel.gnu.linkonce.sb.*)
 *(.rela.sbss .rela.sbss.* .rela.gnu.linkonce.sb.*)
 *(.rel.sdata2 .rel.sdata2.* .rel.gnu.linkonce.s2.*)
 *(.rela.sdata2 .rela.sdata2.* .rela.gnu.linkonce.s2.*)
 *(.rel.sbss2 .rel.sbss2.* .rel.gnu.linkonce.sb2.*)
 *(.rela.sbss2 .rela.sbss2.* .rela.gnu.linkonce.sb2.*)
 *(.rel.bss .rel.bss.* .rel.gnu.linkonce.b.*)
 *(.rela.bss .rela.bss.* .rela.gnu.linkonce.b.*)
 *(.rel.plt)
 *(.rela.plt)
 *(.rel.dyn)
 *(.init)
 *(.plt)
 *(.text .stub .text.* .gnu.linkonce.t.*)
 .text          0x000081b8       0x3c ../assignment4_bsp//obj/HAL/src/crt0.o
                0x000081b8                _start
 .text          0x000081f4       0x54 obj/default/hello_world.o
                0x000081f4                main
 .text          0x00008248       0x88 /opt/altera/13.1/nios2eds/bin/gnu/H-i686-pc-linux-gnu/bin/../lib/gcc/nios2-elf/4.7.3/../../../../../H-i686-pc-linux-gnu/nios2-elf/lib/mno-hw-mul/libsmallc.a(lib_a-printf.o)
                0x00008248                _printf_r
                0x00008284                printf
 .text          0x000082d0       0x94 /opt/altera/13.1/nios2eds/bin/gnu/H-i686-pc-linux-gnu/bin/../lib/gcc/nios2-elf/4.7.3/../../../../../H-i686-pc-linux-gnu/nios2-elf/lib/mno-hw-mul/libsmallc.a(lib_a-puts.o)
                0x000082d0                _puts_r
                0x00008350                puts
 .text          0x00008364       0x28 /opt/altera/13.1/nios2eds/bin/gnu/H-i686-pc-linux-gnu/bin/../lib/gcc/nios2-elf/4.7.3/../../../../../H-i686-pc-linux-gnu/nios2-elf/lib/mno-hw-mul/libsmallc.a(lib_a-strlen.o)
                0x00008364                strlen
 .text          0x0000838c      0x758 /opt/altera/13.1/nios2eds/bin/gnu/H-i686-pc-linux-gnu/bin/../lib/gcc/nios2-elf/4.7.3/../../../../../H-i686-pc-linux-gnu/nios2-elf/lib/mno-hw-mul/libsmallc.a(lib_a-vfprintf.o)
                0x0000838c                ___vfprintf_internal_r
                0x00008ac0                __vfprintf_internal
 .text          0x00008ae4       0xe0 /opt/altera/13.1/nios2eds/bin/gnu/H-i686-pc-linux-gnu/bin/../lib/gcc/nios2-elf/4.7.3/../../../../../H-i686-pc-linux-gnu/nios2-elf/lib/mno-hw-mul/libsmallc.a(lib_a-fvwrite_small_dev.o)
                0x00008ae4                __sfvwrite_small_dev
 .text          0x00008bc4        0x0 /opt/altera/13.1/nios2eds/bin/gnu/H-i686-pc-linux-gnu/bin/../lib/gcc/nios2-elf/4.7.3/../../../../../H-i686-pc-linux-gnu/nios2-elf/lib/mno-hw-mul/libsmallc.a(lib_a-impure.o)
 .text          0x00008bc4       0x6c /opt/altera/13.1/nios2eds/bin/gnu/H-i686-pc-linux-gnu/bin/../lib/gcc/nios2-elf/4.7.3/../../../../../H-i686-pc-linux-gnu/nios2-elf/lib/mno-hw-mul/libsmallc.a(lib_a-writer.o)
                0x00008bc4                _write_r
 .text          0x00008c30        0x0 /opt/altera/13.1/nios2eds/bin/gnu/H-i686-pc-linux-gnu/bin/../lib/gcc/nios2-elf/4.7.3/../../../../../H-i686-pc-linux-gnu/nios2-elf/lib/mno-hw-mul/libsmallc.a(lib_a-int_errno.o)
 .text          0x00008c30      0x130 /opt/altera/13.1/nios2eds/bin/gnu/H-i686-pc-linux-gnu/bin/../lib/gcc/nios2-elf/4.7.3/mno-hw-mul/libgcc.a(lib2-divmod.o)
                0x00008ca4                __divsi3
                0x00008cf4                __modsi3
                0x00008d50                __udivsi3
                0x00008d58                __umodsi3
 .text          0x00008d60       0x28 /opt/altera/13.1/nios2eds/bin/gnu/H-i686-pc-linux-gnu/bin/../lib/gcc/nios2-elf/4.7.3/mno-hw-mul/libgcc.a(lib2-mul.o)
                0x00008d60                __mulsi3
 .text          0x00008d88       0xec ../assignment4_bsp//libhal_bsp.a(alt_load.o)
                0x00008df4                alt_load
 .text          0x00008e74       0x68 ../assignment4_bsp//libhal_bsp.a(alt_main.o)
                0x00008e74                alt_main
 .text          0x00008edc      0x140 ../assignment4_bsp//libhal_bsp.a(alt_write.o)
                0x00008f2c                write
 .text          0x0000901c       0xb8 ../assignment4_bsp//libhal_bsp.a(alt_sys_init.o)
                0x00009054                alt_irq_init
                0x00009088                alt_sys_init
 .text          0x000090d4       0xc0 ../assignment4_bsp//libhal_bsp.a(altera_avalon_jtag_uart_fd.o)
                0x000090d4                altera_avalon_jtag_uart_read_fd
                0x00009134                altera_avalon_jtag_uart_write_fd
 .text          0x00009194       0xf4 ../assignment4_bsp//libhal_bsp.a(altera_avalon_jtag_uart_read.o)
                0x00009194                altera_avalon_jtag_uart_read
 .text          0x00009288       0x98 ../assignment4_bsp//libhal_bsp.a(altera_avalon_jtag_uart_write.o)
                0x00009288                altera_avalon_jtag_uart_write
 .text          0x00009320       0xfc ../assignment4_bsp//libhal_bsp.a(altera_avalon_timer_sc.o)
                0x00009394                alt_avalon_timer_sc_init
 .text          0x0000941c      0x11c ../assignment4_bsp//libhal_bsp.a(alt_close.o)
                0x0000946c                close
 .text          0x00009538       0x1c ../assignment4_bsp//libhal_bsp.a(alt_dcache_flush_all.o)
                0x00009538                alt_dcache_flush_all
 .text          0x00009554       0x2c ../assignment4_bsp//libhal_bsp.a(alt_dev.o)
 .text          0x00009580       0xf0 ../assignment4_bsp//libhal_bsp.a(alt_dev_llist_insert.o)
                0x000095d0                alt_dev_llist_insert
 .text          0x00009670        0x0 ../assignment4_bsp//libhal_bsp.a(alt_errno.o)
 .text          0x00009670       0x30 ../assignment4_bsp//libhal_bsp.a(alt_icache_flush_all.o)
                0x00009670                alt_icache_flush_all
 .text          0x000096a0      0x1d8 ../assignment4_bsp//libhal_bsp.a(alt_iic.o)
                0x000096a0                alt_ic_isr_register
                0x000096f0                alt_ic_irq_enable
                0x0000978c                alt_ic_irq_disable
                0x0000982c                alt_ic_irq_enabled
 .text          0x00009878       0xf0 ../assignment4_bsp//libhal_bsp.a(alt_iic_isr_register.o)
                0x00009878                alt_iic_isr_register
 .text          0x00009968      0x158 ../assignment4_bsp//libhal_bsp.a(alt_io_redirect.o)
                0x00009a48                alt_io_redirect
 .text          0x00009ac0        0x0 ../assignment4_bsp//libhal_bsp.a(alt_irq_entry.o)
 .text          0x00009ac0        0x0 ../assignment4_bsp//libhal_bsp.a(alt_irq_handler.o)
 .text          0x00009ac0        0x0 ../assignment4_bsp//libhal_bsp.a(alt_irq_vars.o)
 .text          0x00009ac0      0x298 ../assignment4_bsp//libhal_bsp.a(alt_open.o)
                0x00009c00                open
 .text          0x00009d58       0x80 ../assignment4_bsp//libhal_bsp.a(alt_release_fd.o)
                0x00009d58                alt_release_fd
 .text          0x00009dd8      0x19c ../assignment4_bsp//libhal_bsp.a(alt_tick.o)
                0x00009dd8                alt_alarm_stop
                0x00009e70                alt_tick
 .text          0x00009f74       0x20 ../assignment4_bsp//libhal_bsp.a(altera_nios2_qsys_irq.o)
                0x00009f74                altera_nios2_qsys_irq_init
 .text          0x00009f94        0x0 ../assignment4_bsp//libhal_bsp.a(alt_exception_entry.o)
 .text          0x00009f94       0x90 ../assignment4_bsp//libhal_bsp.a(alt_find_dev.o)
                0x00009f94                alt_find_dev
 .text          0x0000a024      0x114 ../assignment4_bsp//libhal_bsp.a(alt_find_file.o)
                0x0000a024                alt_find_file
 .text          0x0000a138       0xd4 ../assignment4_bsp//libhal_bsp.a(alt_get_fd.o)
                0x0000a138                alt_get_fd
 .text          0x0000a20c       0x8c ../assignment4_bsp//libhal_bsp.a(alt_icache_flush.o)
                0x0000a20c                alt_icache_flush
 .text          0x0000a298       0x20 /opt/altera/13.1/nios2eds/bin/gnu/H-i686-pc-linux-gnu/bin/../lib/gcc/nios2-elf/4.7.3/../../../../../H-i686-pc-linux-gnu/nios2-elf/lib/mno-hw-mul/libsmallc.a(lib_a-exit.o)
                0x0000a298                exit
 .text          0x0000a2b8       0x48 /opt/altera/13.1/nios2eds/bin/gnu/H-i686-pc-linux-gnu/bin/../lib/gcc/nios2-elf/4.7.3/../../../../../H-i686-pc-linux-gnu/nios2-elf/lib/mno-hw-mul/libsmallc.a(lib_a-memcmp.o)
                0x0000a2b8                memcmp
 .text          0x0000a300      0x1d8 /opt/altera/13.1/nios2eds/bin/gnu/H-i686-pc-linux-gnu/bin/../lib/gcc/nios2-elf/4.7.3/../../../../../H-i686-pc-linux-gnu/nios2-elf/lib/mno-hw-mul/libsmallc.a(lib_a-__call_atexit.o)
                0x0000a300                __call_exitprocs
 .text          0x0000a4d8       0x3c ../assignment4_bsp//libhal_bsp.a(alt_exit.o)
                0x0000a4d8                _exit
 *(.gnu.warning.*)
 *(.fini)
                0x0000a514                PROVIDE (__etext, ABSOLUTE (.))
                0x0000a514                PROVIDE (_etext, ABSOLUTE (.))
                0x0000a514                PROVIDE (etext, ABSOLUTE (.))
 *(.eh_frame_hdr)
                0x0000a514                . = ALIGN (0x4)
                0x0000a514                PROVIDE (__preinit_array_start, ABSOLUTE (.))
 *(.preinit_array)
                0x0000a514                PROVIDE (__preinit_array_end, ABSOLUTE (.))
                0x0000a514                PROVIDE (__init_array_start, ABSOLUTE (.))
 *(.init_array)
                0x0000a514                PROVIDE (__init_array_end, ABSOLUTE (.))
                0x0000a514                PROVIDE (__fini_array_start, ABSOLUTE (.))
 *(.fini_array)
                0x0000a514                PROVIDE (__fini_array_end, ABSOLUTE (.))
 *(.eh_frame)
 *(.gcc_except_table .gcc_except_table.*)
 *(.dynamic)
                0x0000a514                PROVIDE (__CTOR_LIST__, ABSOLUTE (.))
 *(.ctors)
 *(SORT(.ctors.*))
                0x0000a514                PROVIDE (__CTOR_END__, ABSOLUTE (.))
                0x0000a514                PROVIDE (__DTOR_LIST__, ABSOLUTE (.))
 *(.dtors)
 *(SORT(.dtors.*))
                0x0000a514                PROVIDE (__DTOR_END__, ABSOLUTE (.))
 *(.jcr)
                0x0000a514                . = ALIGN (0x4)

.rodata         0x0000a514       0x58
                0x0000a514                PROVIDE (__ram_rodata_start, ABSOLUTE (.))
                0x0000a514                . = ALIGN (0x4)
 *(.rodata .rodata.* .gnu.linkonce.r.*)
 .rodata        0x0000a514       0x28 obj/default/hello_world.o
 .rodata.str1.4
                0x0000a53c        0x4 /opt/altera/13.1/nios2eds/bin/gnu/H-i686-pc-linux-gnu/bin/../lib/gcc/nios2-elf/4.7.3/../../../../../H-i686-pc-linux-gnu/nios2-elf/lib/mno-hw-mul/libsmallc.a(lib_a-puts.o)
 .rodata        0x0000a540       0x10 ../assignment4_bsp//libhal_bsp.a(alt_main.o)
 .rodata        0x0000a550       0x10 ../assignment4_bsp//libhal_bsp.a(alt_sys_init.o)
 .rodata        0x0000a560        0xc ../assignment4_bsp//libhal_bsp.a(alt_dev.o)
 *(.rodata1)
                0x0000a56c                . = ALIGN (0x4)
                0x0000a56c                PROVIDE (__ram_rodata_end, ABSOLUTE (.))
                0x0000a514                PROVIDE (__flash_rodata_start, LOADADDR (.rodata))

.rwdata         0x0000a56c      0x2e0 load address 0x0000a84c
                0x0000a56c                PROVIDE (__ram_rwdata_start, ABSOLUTE (.))
                0x0000a56c                . = ALIGN (0x4)
 *(.got.plt)
 *(.got)
 *(.data1)
 *(.data .data.* .gnu.linkonce.d.*)
 .data          0x0000a56c        0x0 ../assignment4_bsp//obj/HAL/src/crt0.o
 .data          0x0000a56c        0x0 obj/default/hello_world.o
 .data          0x0000a56c        0x0 /opt/altera/13.1/nios2eds/bin/gnu/H-i686-pc-linux-gnu/bin/../lib/gcc/nios2-elf/4.7.3/../../../../../H-i686-pc-linux-gnu/nios2-elf/lib/mno-hw-mul/libsmallc.a(lib_a-printf.o)
 .data          0x0000a56c        0x0 /opt/altera/13.1/nios2eds/bin/gnu/H-i686-pc-linux-gnu/bin/../lib/gcc/nios2-elf/4.7.3/../../../../../H-i686-pc-linux-gnu/nios2-elf/lib/mno-hw-mul/libsmallc.a(lib_a-puts.o)
 .data          0x0000a56c        0x0 /opt/altera/13.1/nios2eds/bin/gnu/H-i686-pc-linux-gnu/bin/../lib/gcc/nios2-elf/4.7.3/../../../../../H-i686-pc-linux-gnu/nios2-elf/lib/mno-hw-mul/libsmallc.a(lib_a-strlen.o)
 .data          0x0000a56c        0x0 /opt/altera/13.1/nios2eds/bin/gnu/H-i686-pc-linux-gnu/bin/../lib/gcc/nios2-elf/4.7.3/../../../../../H-i686-pc-linux-gnu/nios2-elf/lib/mno-hw-mul/libsmallc.a(lib_a-vfprintf.o)
 .data          0x0000a56c        0x0 /opt/altera/13.1/nios2eds/bin/gnu/H-i686-pc-linux-gnu/bin/../lib/gcc/nios2-elf/4.7.3/../../../../../H-i686-pc-linux-gnu/nios2-elf/lib/mno-hw-mul/libsmallc.a(lib_a-fvwrite_small_dev.o)
 .data          0x0000a56c       0xe0 /opt/altera/13.1/nios2eds/bin/gnu/H-i686-pc-linux-gnu/bin/../lib/gcc/nios2-elf/4.7.3/../../../../../H-i686-pc-linux-gnu/nios2-elf/lib/mno-hw-mul/libsmallc.a(lib_a-impure.o)
 .data          0x0000a64c        0x0 /opt/altera/13.1/nios2eds/bin/gnu/H-i686-pc-linux-gnu/bin/../lib/gcc/nios2-elf/4.7.3/../../../../../H-i686-pc-linux-gnu/nios2-elf/lib/mno-hw-mul/libsmallc.a(lib_a-writer.o)
 .data          0x0000a64c        0x0 /opt/altera/13.1/nios2eds/bin/gnu/H-i686-pc-linux-gnu/bin/../lib/gcc/nios2-elf/4.7.3/../../../../../H-i686-pc-linux-gnu/nios2-elf/lib/mno-hw-mul/libsmallc.a(lib_a-int_errno.o)
 .data          0x0000a64c        0x0 /opt/altera/13.1/nios2eds/bin/gnu/H-i686-pc-linux-gnu/bin/../lib/gcc/nios2-elf/4.7.3/mno-hw-mul/libgcc.a(lib2-divmod.o)
 .data          0x0000a64c        0x0 /opt/altera/13.1/nios2eds/bin/gnu/H-i686-pc-linux-gnu/bin/../lib/gcc/nios2-elf/4.7.3/mno-hw-mul/libgcc.a(lib2-mul.o)
 .data          0x0000a64c        0x0 ../assignment4_bsp//libhal_bsp.a(alt_load.o)
 .data          0x0000a64c        0x0 ../assignment4_bsp//libhal_bsp.a(alt_main.o)
 .data          0x0000a64c        0x0 ../assignment4_bsp//libhal_bsp.a(alt_write.o)
 .data          0x0000a64c       0x2c ../assignment4_bsp//libhal_bsp.a(alt_sys_init.o)
 .data          0x0000a678        0x0 ../assignment4_bsp//libhal_bsp.a(altera_avalon_jtag_uart_fd.o)
 .data          0x0000a678        0x0 ../assignment4_bsp//libhal_bsp.a(altera_avalon_jtag_uart_read.o)
 .data          0x0000a678        0x0 ../assignment4_bsp//libhal_bsp.a(altera_avalon_jtag_uart_write.o)
 .data          0x0000a678        0x0 ../assignment4_bsp//libhal_bsp.a(altera_avalon_timer_sc.o)
 .data          0x0000a678        0x0 ../assignment4_bsp//libhal_bsp.a(alt_close.o)
 .data          0x0000a678        0x0 ../assignment4_bsp//libhal_bsp.a(alt_dcache_flush_all.o)
 .data          0x0000a678      0x1a8 ../assignment4_bsp//libhal_bsp.a(alt_dev.o)
                0x0000a678                alt_dev_null
                0x0000a6a0                alt_fd_list
 .data          0x0000a820        0x0 ../assignment4_bsp//libhal_bsp.a(alt_dev_llist_insert.o)
 .data          0x0000a820        0x0 ../assignment4_bsp//libhal_bsp.a(alt_errno.o)
 .data          0x0000a820        0x0 ../assignment4_bsp//libhal_bsp.a(alt_icache_flush_all.o)
 .data          0x0000a820        0x0 ../assignment4_bsp//libhal_bsp.a(alt_iic.o)
 .data          0x0000a820        0x0 ../assignment4_bsp//libhal_bsp.a(alt_iic_isr_register.o)
 .data          0x0000a820        0x0 ../assignment4_bsp//libhal_bsp.a(alt_io_redirect.o)
 .data          0x0000a820        0x0 ../assignment4_bsp//libhal_bsp.a(alt_irq_entry.o)
 .data          0x0000a820        0x0 ../assignment4_bsp//libhal_bsp.a(alt_irq_handler.o)
 .data          0x0000a820        0x0 ../assignment4_bsp//libhal_bsp.a(alt_irq_vars.o)
 .data          0x0000a820        0x0 ../assignment4_bsp//libhal_bsp.a(alt_open.o)
 .data          0x0000a820        0x0 ../assignment4_bsp//libhal_bsp.a(alt_release_fd.o)
 .data          0x0000a820        0x0 ../assignment4_bsp//libhal_bsp.a(alt_tick.o)
 .data          0x0000a820        0x0 ../assignment4_bsp//libhal_bsp.a(altera_nios2_qsys_irq.o)
 .data          0x0000a820        0x0 ../assignment4_bsp//libhal_bsp.a(alt_exception_entry.o)
 .data          0x0000a820        0x0 ../assignment4_bsp//libhal_bsp.a(alt_find_dev.o)
 .data          0x0000a820        0x0 ../assignment4_bsp//libhal_bsp.a(alt_find_file.o)
 .data          0x0000a820        0x0 ../assignment4_bsp//libhal_bsp.a(alt_get_fd.o)
 .data          0x0000a820        0x0 ../assignment4_bsp//libhal_bsp.a(alt_icache_flush.o)
 .data          0x0000a820        0x0 /opt/altera/13.1/nios2eds/bin/gnu/H-i686-pc-linux-gnu/bin/../lib/gcc/nios2-elf/4.7.3/../../../../../H-i686-pc-linux-gnu/nios2-elf/lib/mno-hw-mul/libsmallc.a(lib_a-exit.o)
 .data          0x0000a820        0x0 /opt/altera/13.1/nios2eds/bin/gnu/H-i686-pc-linux-gnu/bin/../lib/gcc/nios2-elf/4.7.3/../../../../../H-i686-pc-linux-gnu/nios2-elf/lib/mno-hw-mul/libsmallc.a(lib_a-memcmp.o)
 .data          0x0000a820        0x0 /opt/altera/13.1/nios2eds/bin/gnu/H-i686-pc-linux-gnu/bin/../lib/gcc/nios2-elf/4.7.3/../../../../../H-i686-pc-linux-gnu/nios2-elf/lib/mno-hw-mul/libsmallc.a(lib_a-__call_atexit.o)
 .data          0x0000a820        0x0 ../assignment4_bsp//libhal_bsp.a(alt_exit.o)
                0x00012820                _gp = ABSOLUTE ((. + 0x8000))
                0x00012820                PROVIDE (gp, _gp)
 *(.rwdata .rwdata.*)
 *(.sdata .sdata.* .gnu.linkonce.s.*)
 .sdata         0x0000a820        0x8 /opt/altera/13.1/nios2eds/bin/gnu/H-i686-pc-linux-gnu/bin/../lib/gcc/nios2-elf/4.7.3/../../../../../H-i686-pc-linux-gnu/nios2-elf/lib/mno-hw-mul/libsmallc.a(lib_a-impure.o)
                0x0000a820                _global_impure_ptr
                0x0000a824                _impure_ptr
 .sdata         0x0000a828       0x14 ../assignment4_bsp//libhal_bsp.a(alt_dev.o)
                0x0000a828                alt_fs_list
                0x0000a830                alt_dev_list
                0x0000a838                alt_max_fd
 .sdata         0x0000a83c        0x4 ../assignment4_bsp//libhal_bsp.a(alt_errno.o)
                0x0000a83c                alt_errno
 .sdata         0x0000a840        0x4 ../assignment4_bsp//libhal_bsp.a(alt_irq_vars.o)
                0x0000a840                alt_priority_mask
 .sdata         0x0000a844        0x8 ../assignment4_bsp//libhal_bsp.a(alt_tick.o)
                0x0000a844                alt_alarm_list
 *(.sdata2 .sdata2.* .gnu.linkonce.s2.*)
                0x0000a84c                . = ALIGN (0x4)
                0x0000a84c                _edata = ABSOLUTE (.)
                0x0000a84c                PROVIDE (edata, ABSOLUTE (.))
                0x0000a84c                PROVIDE (__ram_rwdata_end, ABSOLUTE (.))
                0x0000a84c                PROVIDE (__flash_rwdata_start, LOADADDR (.rwdata))

.bss            0x0000ab2c      0x11c
                0x0000ab2c                __bss_start = ABSOLUTE (.)
                0x0000ab2c                PROVIDE (__sbss_start, ABSOLUTE (.))
                0x0000ab2c                PROVIDE (___sbss_start, ABSOLUTE (.))
 *(.dynsbss)
 *(.sbss .sbss.* .gnu.linkonce.sb.*)
 .sbss          0x0000ab2c        0x4 /opt/altera/13.1/nios2eds/bin/gnu/H-i686-pc-linux-gnu/bin/../lib/gcc/nios2-elf/4.7.3/../../../../../H-i686-pc-linux-gnu/nios2-elf/lib/mno-hw-mul/libsmallc.a(lib_a-int_errno.o)
                0x0000ab2c                errno
 .sbss          0x0000ab30        0xc ../assignment4_bsp//libhal_bsp.a(alt_main.o)
                0x0000ab30                alt_argc
                0x0000ab34                alt_argv
                0x0000ab38                alt_envp
 .sbss          0x0000ab3c        0x4 ../assignment4_bsp//libhal_bsp.a(alt_irq_vars.o)
                0x0000ab3c                alt_irq_active
 .sbss          0x0000ab40        0x8 ../assignment4_bsp//libhal_bsp.a(alt_tick.o)
                0x0000ab40                _alt_tick_rate
                0x0000ab44                _alt_nticks
 *(.sbss2 .sbss2.* .gnu.linkonce.sb2.*)
 *(.scommon)
                0x0000ab48                PROVIDE (__sbss_end, ABSOLUTE (.))
                0x0000ab48                PROVIDE (___sbss_end, ABSOLUTE (.))
 *(.dynbss)
 *(.bss .bss.* .gnu.linkonce.b.*)
 .bss           0x0000ab48        0x0 ../assignment4_bsp//obj/HAL/src/crt0.o
 .bss           0x0000ab48        0x0 obj/default/hello_world.o
 .bss           0x0000ab48        0x0 /opt/altera/13.1/nios2eds/bin/gnu/H-i686-pc-linux-gnu/bin/../lib/gcc/nios2-elf/4.7.3/../../../../../H-i686-pc-linux-gnu/nios2-elf/lib/mno-hw-mul/libsmallc.a(lib_a-printf.o)
 .bss           0x0000ab48        0x0 /opt/altera/13.1/nios2eds/bin/gnu/H-i686-pc-linux-gnu/bin/../lib/gcc/nios2-elf/4.7.3/../../../../../H-i686-pc-linux-gnu/nios2-elf/lib/mno-hw-mul/libsmallc.a(lib_a-puts.o)
 .bss           0x0000ab48        0x0 /opt/altera/13.1/nios2eds/bin/gnu/H-i686-pc-linux-gnu/bin/../lib/gcc/nios2-elf/4.7.3/../../../../../H-i686-pc-linux-gnu/nios2-elf/lib/mno-hw-mul/libsmallc.a(lib_a-strlen.o)
 .bss           0x0000ab48        0x0 /opt/altera/13.1/nios2eds/bin/gnu/H-i686-pc-linux-gnu/bin/../lib/gcc/nios2-elf/4.7.3/../../../../../H-i686-pc-linux-gnu/nios2-elf/lib/mno-hw-mul/libsmallc.a(lib_a-vfprintf.o)
 .bss           0x0000ab48        0x0 /opt/altera/13.1/nios2eds/bin/gnu/H-i686-pc-linux-gnu/bin/../lib/gcc/nios2-elf/4.7.3/../../../../../H-i686-pc-linux-gnu/nios2-elf/lib/mno-hw-mul/libsmallc.a(lib_a-fvwrite_small_dev.o)
 .bss           0x0000ab48        0x0 /opt/altera/13.1/nios2eds/bin/gnu/H-i686-pc-linux-gnu/bin/../lib/gcc/nios2-elf/4.7.3/../../../../../H-i686-pc-linux-gnu/nios2-elf/lib/mno-hw-mul/libsmallc.a(lib_a-impure.o)
 .bss           0x0000ab48        0x0 /opt/altera/13.1/nios2eds/bin/gnu/H-i686-pc-linux-gnu/bin/../lib/gcc/nios2-elf/4.7.3/../../../../../H-i686-pc-linux-gnu/nios2-elf/lib/mno-hw-mul/libsmallc.a(lib_a-writer.o)
 .bss           0x0000ab48        0x0 /opt/altera/13.1/nios2eds/bin/gnu/H-i686-pc-linux-gnu/bin/../lib/gcc/nios2-elf/4.7.3/../../../../../H-i686-pc-linux-gnu/nios2-elf/lib/mno-hw-mul/libsmallc.a(lib_a-int_errno.o)
 .bss           0x0000ab48        0x0 /opt/altera/13.1/nios2eds/bin/gnu/H-i686-pc-linux-gnu/bin/../lib/gcc/nios2-elf/4.7.3/mno-hw-mul/libgcc.a(lib2-divmod.o)
 .bss           0x0000ab48        0x0 /opt/altera/13.1/nios2eds/bin/gnu/H-i686-pc-linux-gnu/bin/../lib/gcc/nios2-elf/4.7.3/mno-hw-mul/libgcc.a(lib2-mul.o)
 .bss           0x0000ab48        0x0 ../assignment4_bsp//libhal_bsp.a(alt_load.o)
 .bss           0x0000ab48        0x0 ../assignment4_bsp//libhal_bsp.a(alt_main.o)
 .bss           0x0000ab48        0x0 ../assignment4_bsp//libhal_bsp.a(alt_write.o)
 .bss           0x0000ab48        0x0 ../assignment4_bsp//libhal_bsp.a(alt_sys_init.o)
 .bss           0x0000ab48        0x0 ../assignment4_bsp//libhal_bsp.a(altera_avalon_jtag_uart_fd.o)
 .bss           0x0000ab48        0x0 ../assignment4_bsp//libhal_bsp.a(altera_avalon_jtag_uart_read.o)
 .bss           0x0000ab48        0x0 ../assignment4_bsp//libhal_bsp.a(altera_avalon_jtag_uart_write.o)
 .bss           0x0000ab48        0x0 ../assignment4_bsp//libhal_bsp.a(altera_avalon_timer_sc.o)
 .bss           0x0000ab48        0x0 ../assignment4_bsp//libhal_bsp.a(alt_close.o)
 .bss           0x0000ab48        0x0 ../assignment4_bsp//libhal_bsp.a(alt_dcache_flush_all.o)
 .bss           0x0000ab48        0x0 ../assignment4_bsp//libhal_bsp.a(alt_dev.o)
 .bss           0x0000ab48        0x0 ../assignment4_bsp//libhal_bsp.a(alt_dev_llist_insert.o)
 .bss           0x0000ab48        0x0 ../assignment4_bsp//libhal_bsp.a(alt_errno.o)
 .bss           0x0000ab48        0x0 ../assignment4_bsp//libhal_bsp.a(alt_icache_flush_all.o)
 .bss           0x0000ab48        0x0 ../assignment4_bsp//libhal_bsp.a(alt_iic.o)
 .bss           0x0000ab48        0x0 ../assignment4_bsp//libhal_bsp.a(alt_iic_isr_register.o)
 .bss           0x0000ab48        0x0 ../assignment4_bsp//libhal_bsp.a(alt_io_redirect.o)
 .bss           0x0000ab48        0x0 ../assignment4_bsp//libhal_bsp.a(alt_irq_entry.o)
 .bss           0x0000ab48        0x0 ../assignment4_bsp//libhal_bsp.a(alt_irq_handler.o)
 .bss           0x0000ab48        0x0 ../assignment4_bsp//libhal_bsp.a(alt_irq_vars.o)
 .bss           0x0000ab48        0x0 ../assignment4_bsp//libhal_bsp.a(alt_open.o)
 .bss           0x0000ab48        0x0 ../assignment4_bsp//libhal_bsp.a(alt_release_fd.o)
 .bss           0x0000ab48        0x0 ../assignment4_bsp//libhal_bsp.a(alt_tick.o)
 .bss           0x0000ab48        0x0 ../assignment4_bsp//libhal_bsp.a(altera_nios2_qsys_irq.o)
 .bss           0x0000ab48        0x0 ../assignment4_bsp//libhal_bsp.a(alt_exception_entry.o)
 .bss           0x0000ab48        0x0 ../assignment4_bsp//libhal_bsp.a(alt_find_dev.o)
 .bss           0x0000ab48        0x0 ../assignment4_bsp//libhal_bsp.a(alt_find_file.o)
 .bss           0x0000ab48        0x0 ../assignment4_bsp//libhal_bsp.a(alt_get_fd.o)
 .bss           0x0000ab48        0x0 ../assignment4_bsp//libhal_bsp.a(alt_icache_flush.o)
 .bss           0x0000ab48        0x0 /opt/altera/13.1/nios2eds/bin/gnu/H-i686-pc-linux-gnu/bin/../lib/gcc/nios2-elf/4.7.3/../../../../../H-i686-pc-linux-gnu/nios2-elf/lib/mno-hw-mul/libsmallc.a(lib_a-exit.o)
 .bss           0x0000ab48        0x0 /opt/altera/13.1/nios2eds/bin/gnu/H-i686-pc-linux-gnu/bin/../lib/gcc/nios2-elf/4.7.3/../../../../../H-i686-pc-linux-gnu/nios2-elf/lib/mno-hw-mul/libsmallc.a(lib_a-memcmp.o)
 .bss           0x0000ab48        0x0 /opt/altera/13.1/nios2eds/bin/gnu/H-i686-pc-linux-gnu/bin/../lib/gcc/nios2-elf/4.7.3/../../../../../H-i686-pc-linux-gnu/nios2-elf/lib/mno-hw-mul/libsmallc.a(lib_a-__call_atexit.o)
 .bss           0x0000ab48        0x0 ../assignment4_bsp//libhal_bsp.a(alt_exit.o)
 *(COMMON)
 COMMON         0x0000ab48      0x100 ../assignment4_bsp//libhal_bsp.a(alt_irq_handler.o)
                0x0000ab48                alt_irq
                0x0000ac48                . = ALIGN (0x4)
                0x0000ac48                __bss_end = ABSOLUTE (.)

.onchip_mem     0x0000ac48        0x0
                0x0000ac48                PROVIDE (_alt_partition_onchip_mem_start, ABSOLUTE (.))
 *(.onchip_mem .onchip_mem. onchip_mem.*)
                0x0000ac48                . = ALIGN (0x4)
                0x0000ac48                PROVIDE (_alt_partition_onchip_mem_end, ABSOLUTE (.))
                0x0000ac48                _end = ABSOLUTE (.)
                0x0000ac48                end = ABSOLUTE (.)
                0x0000ac48                __alt_stack_base = ABSOLUTE (.)
                0x0000ac48                PROVIDE (_alt_partition_onchip_mem_load_addr, LOADADDR (.onchip_mem))

.stab
 *(.stab)

.stabstr
 *(.stabstr)

.stab.excl
 *(.stab.excl)

.stab.exclstr
 *(.stab.exclstr)

.stab.index
 *(.stab.index)

.stab.indexstr
 *(.stab.indexstr)

.comment        0x00000000       0x23
 *(.comment)
 .comment       0x00000000       0x23 obj/default/hello_world.o
                                 0x24 (size before relaxing)
 .comment       0x00000000       0x24 /opt/altera/13.1/nios2eds/bin/gnu/H-i686-pc-linux-gnu/bin/../lib/gcc/nios2-elf/4.7.3/../../../../../H-i686-pc-linux-gnu/nios2-elf/lib/mno-hw-mul/libsmallc.a(lib_a-printf.o)
 .comment       0x00000000       0x24 /opt/altera/13.1/nios2eds/bin/gnu/H-i686-pc-linux-gnu/bin/../lib/gcc/nios2-elf/4.7.3/../../../../../H-i686-pc-linux-gnu/nios2-elf/lib/mno-hw-mul/libsmallc.a(lib_a-puts.o)
 .comment       0x00000000       0x24 /opt/altera/13.1/nios2eds/bin/gnu/H-i686-pc-linux-gnu/bin/../lib/gcc/nios2-elf/4.7.3/../../../../../H-i686-pc-linux-gnu/nios2-elf/lib/mno-hw-mul/libsmallc.a(lib_a-strlen.o)
 .comment       0x00000000       0x24 /opt/altera/13.1/nios2eds/bin/gnu/H-i686-pc-linux-gnu/bin/../lib/gcc/nios2-elf/4.7.3/../../../../../H-i686-pc-linux-gnu/nios2-elf/lib/mno-hw-mul/libsmallc.a(lib_a-vfprintf.o)
 .comment       0x00000000       0x24 /opt/altera/13.1/nios2eds/bin/gnu/H-i686-pc-linux-gnu/bin/../lib/gcc/nios2-elf/4.7.3/../../../../../H-i686-pc-linux-gnu/nios2-elf/lib/mno-hw-mul/libsmallc.a(lib_a-fvwrite_small_dev.o)
 .comment       0x00000000       0x24 /opt/altera/13.1/nios2eds/bin/gnu/H-i686-pc-linux-gnu/bin/../lib/gcc/nios2-elf/4.7.3/../../../../../H-i686-pc-linux-gnu/nios2-elf/lib/mno-hw-mul/libsmallc.a(lib_a-impure.o)
 .comment       0x00000000       0x24 /opt/altera/13.1/nios2eds/bin/gnu/H-i686-pc-linux-gnu/bin/../lib/gcc/nios2-elf/4.7.3/../../../../../H-i686-pc-linux-gnu/nios2-elf/lib/mno-hw-mul/libsmallc.a(lib_a-writer.o)
 .comment       0x00000000       0x24 /opt/altera/13.1/nios2eds/bin/gnu/H-i686-pc-linux-gnu/bin/../lib/gcc/nios2-elf/4.7.3/../../../../../H-i686-pc-linux-gnu/nios2-elf/lib/mno-hw-mul/libsmallc.a(lib_a-int_errno.o)
 .comment       0x00000000       0x24 /opt/altera/13.1/nios2eds/bin/gnu/H-i686-pc-linux-gnu/bin/../lib/gcc/nios2-elf/4.7.3/mno-hw-mul/libgcc.a(lib2-divmod.o)
 .comment       0x00000000       0x24 /opt/altera/13.1/nios2eds/bin/gnu/H-i686-pc-linux-gnu/bin/../lib/gcc/nios2-elf/4.7.3/mno-hw-mul/libgcc.a(lib2-mul.o)
 .comment       0x00000000       0x24 ../assignment4_bsp//libhal_bsp.a(alt_load.o)
 .comment       0x00000000       0x24 ../assignment4_bsp//libhal_bsp.a(alt_main.o)
 .comment       0x00000000       0x24 ../assignment4_bsp//libhal_bsp.a(alt_write.o)
 .comment       0x00000000       0x24 ../assignment4_bsp//libhal_bsp.a(alt_sys_init.o)
 .comment       0x00000000       0x24 ../assignment4_bsp//libhal_bsp.a(altera_avalon_jtag_uart_fd.o)
 .comment       0x00000000       0x24 ../assignment4_bsp//libhal_bsp.a(altera_avalon_jtag_uart_read.o)
 .comment       0x00000000       0x24 ../assignment4_bsp//libhal_bsp.a(altera_avalon_jtag_uart_write.o)
 .comment       0x00000000       0x24 ../assignment4_bsp//libhal_bsp.a(altera_avalon_timer_sc.o)
 .comment       0x00000000       0x24 ../assignment4_bsp//libhal_bsp.a(alt_close.o)
 .comment       0x00000000       0x24 ../assignment4_bsp//libhal_bsp.a(alt_dcache_flush_all.o)
 .comment       0x00000000       0x24 ../assignment4_bsp//libhal_bsp.a(alt_dev.o)
 .comment       0x00000000       0x24 ../assignment4_bsp//libhal_bsp.a(alt_dev_llist_insert.o)
 .comment       0x00000000       0x24 ../assignment4_bsp//libhal_bsp.a(alt_errno.o)
 .comment       0x00000000       0x24 ../assignment4_bsp//libhal_bsp.a(alt_icache_flush_all.o)
 .comment       0x00000000       0x24 ../assignment4_bsp//libhal_bsp.a(alt_iic.o)
 .comment       0x00000000       0x24 ../assignment4_bsp//libhal_bsp.a(alt_iic_isr_register.o)
 .comment       0x00000000       0x24 ../assignment4_bsp//libhal_bsp.a(alt_io_redirect.o)
 .comment       0x00000000       0x24 ../assignment4_bsp//libhal_bsp.a(alt_irq_handler.o)
 .comment       0x00000000       0x24 ../assignment4_bsp//libhal_bsp.a(alt_irq_vars.o)
 .comment       0x00000000       0x24 ../assignment4_bsp//libhal_bsp.a(alt_open.o)
 .comment       0x00000000       0x24 ../assignment4_bsp//libhal_bsp.a(alt_release_fd.o)
 .comment       0x00000000       0x24 ../assignment4_bsp//libhal_bsp.a(alt_tick.o)
 .comment       0x00000000       0x24 ../assignment4_bsp//libhal_bsp.a(altera_nios2_qsys_irq.o)
 .comment       0x00000000       0x24 ../assignment4_bsp//libhal_bsp.a(alt_find_dev.o)
 .comment       0x00000000       0x24 ../assignment4_bsp//libhal_bsp.a(alt_find_file.o)
 .comment       0x00000000       0x24 ../assignment4_bsp//libhal_bsp.a(alt_get_fd.o)
 .comment       0x00000000       0x24 ../assignment4_bsp//libhal_bsp.a(alt_icache_flush.o)
 .comment       0x00000000       0x24 /opt/altera/13.1/nios2eds/bin/gnu/H-i686-pc-linux-gnu/bin/../lib/gcc/nios2-elf/4.7.3/../../../../../H-i686-pc-linux-gnu/nios2-elf/lib/mno-hw-mul/libsmallc.a(lib_a-exit.o)
 .comment       0x00000000       0x24 /opt/altera/13.1/nios2eds/bin/gnu/H-i686-pc-linux-gnu/bin/../lib/gcc/nios2-elf/4.7.3/../../../../../H-i686-pc-linux-gnu/nios2-elf/lib/mno-hw-mul/libsmallc.a(lib_a-memcmp.o)
 .comment       0x00000000       0x24 /opt/altera/13.1/nios2eds/bin/gnu/H-i686-pc-linux-gnu/bin/../lib/gcc/nios2-elf/4.7.3/../../../../../H-i686-pc-linux-gnu/nios2-elf/lib/mno-hw-mul/libsmallc.a(lib_a-__call_atexit.o)
 .comment       0x00000000       0x24 ../assignment4_bsp//libhal_bsp.a(alt_exit.o)

.debug
 *(.debug)

.line
 *(.line)

.debug_srcinfo
 *(.debug_srcinfo)

.debug_sfnames
 *(.debug_sfnames)

.debug_aranges  0x00000000      0x5b0
 *(.debug_aranges)
 .debug_aranges
                0x00000000       0x28 ../assignment4_bsp//obj/HAL/src/crt0.o
 .debug_aranges
                0x00000028       0x20 obj/default/hello_world.o
 .debug_aranges
                0x00000048       0x20 /opt/altera/13.1/nios2eds/bin/gnu/H-i686-pc-linux-gnu/bin/../lib/gcc/nios2-elf/4.7.3/../../../../../H-i686-pc-linux-gnu/nios2-elf/lib/mno-hw-mul/libsmallc.a(lib_a-printf.o)
 .debug_aranges
                0x00000068       0x20 /opt/altera/13.1/nios2eds/bin/gnu/H-i686-pc-linux-gnu/bin/../lib/gcc/nios2-elf/4.7.3/../../../../../H-i686-pc-linux-gnu/nios2-elf/lib/mno-hw-mul/libsmallc.a(lib_a-puts.o)
 .debug_aranges
                0x00000088       0x20 /opt/altera/13.1/nios2eds/bin/gnu/H-i686-pc-linux-gnu/bin/../lib/gcc/nios2-elf/4.7.3/../../../../../H-i686-pc-linux-gnu/nios2-elf/lib/mno-hw-mul/libsmallc.a(lib_a-strlen.o)
 .debug_aranges
                0x000000a8       0x20 /opt/altera/13.1/nios2eds/bin/gnu/H-i686-pc-linux-gnu/bin/../lib/gcc/nios2-elf/4.7.3/../../../../../H-i686-pc-linux-gnu/nios2-elf/lib/mno-hw-mul/libsmallc.a(lib_a-vfprintf.o)
 .debug_aranges
                0x000000c8       0x20 /opt/altera/13.1/nios2eds/bin/gnu/H-i686-pc-linux-gnu/bin/../lib/gcc/nios2-elf/4.7.3/../../../../../H-i686-pc-linux-gnu/nios2-elf/lib/mno-hw-mul/libsmallc.a(lib_a-fvwrite_small_dev.o)
 .debug_aranges
                0x000000e8       0x18 /opt/altera/13.1/nios2eds/bin/gnu/H-i686-pc-linux-gnu/bin/../lib/gcc/nios2-elf/4.7.3/../../../../../H-i686-pc-linux-gnu/nios2-elf/lib/mno-hw-mul/libsmallc.a(lib_a-impure.o)
 .debug_aranges
                0x00000100       0x20 /opt/altera/13.1/nios2eds/bin/gnu/H-i686-pc-linux-gnu/bin/../lib/gcc/nios2-elf/4.7.3/../../../../../H-i686-pc-linux-gnu/nios2-elf/lib/mno-hw-mul/libsmallc.a(lib_a-writer.o)
 .debug_aranges
                0x00000120       0x18 /opt/altera/13.1/nios2eds/bin/gnu/H-i686-pc-linux-gnu/bin/../lib/gcc/nios2-elf/4.7.3/../../../../../H-i686-pc-linux-gnu/nios2-elf/lib/mno-hw-mul/libsmallc.a(lib_a-int_errno.o)
 .debug_aranges
                0x00000138       0x20 /opt/altera/13.1/nios2eds/bin/gnu/H-i686-pc-linux-gnu/bin/../lib/gcc/nios2-elf/4.7.3/mno-hw-mul/libgcc.a(lib2-divmod.o)
 .debug_aranges
                0x00000158       0x20 /opt/altera/13.1/nios2eds/bin/gnu/H-i686-pc-linux-gnu/bin/../lib/gcc/nios2-elf/4.7.3/mno-hw-mul/libgcc.a(lib2-mul.o)
 .debug_aranges
                0x00000178       0x20 ../assignment4_bsp//libhal_bsp.a(alt_load.o)
 .debug_aranges
                0x00000198       0x20 ../assignment4_bsp//libhal_bsp.a(alt_main.o)
 .debug_aranges
                0x000001b8       0x20 ../assignment4_bsp//libhal_bsp.a(alt_write.o)
 .debug_aranges
                0x000001d8       0x20 ../assignment4_bsp//libhal_bsp.a(alt_sys_init.o)
 .debug_aranges
                0x000001f8       0x20 ../assignment4_bsp//libhal_bsp.a(altera_avalon_jtag_uart_fd.o)
 .debug_aranges
                0x00000218       0x20 ../assignment4_bsp//libhal_bsp.a(altera_avalon_jtag_uart_read.o)
 .debug_aranges
                0x00000238       0x20 ../assignment4_bsp//libhal_bsp.a(altera_avalon_jtag_uart_write.o)
 .debug_aranges
                0x00000258       0x20 ../assignment4_bsp//libhal_bsp.a(altera_avalon_timer_sc.o)
 .debug_aranges
                0x00000278       0x20 ../assignment4_bsp//libhal_bsp.a(alt_close.o)
 .debug_aranges
                0x00000298       0x20 ../assignment4_bsp//libhal_bsp.a(alt_dcache_flush_all.o)
 .debug_aranges
                0x000002b8       0x20 ../assignment4_bsp//libhal_bsp.a(alt_dev.o)
 .debug_aranges
                0x000002d8       0x20 ../assignment4_bsp//libhal_bsp.a(alt_dev_llist_insert.o)
 .debug_aranges
                0x000002f8       0x18 ../assignment4_bsp//libhal_bsp.a(alt_errno.o)
 .debug_aranges
                0x00000310       0x20 ../assignment4_bsp//libhal_bsp.a(alt_icache_flush_all.o)
 .debug_aranges
                0x00000330       0x20 ../assignment4_bsp//libhal_bsp.a(alt_iic.o)
 .debug_aranges
                0x00000350       0x20 ../assignment4_bsp//libhal_bsp.a(alt_iic_isr_register.o)
 .debug_aranges
                0x00000370       0x20 ../assignment4_bsp//libhal_bsp.a(alt_io_redirect.o)
 .debug_aranges
                0x00000390       0x30 ../assignment4_bsp//libhal_bsp.a(alt_irq_entry.o)
 .debug_aranges
                0x000003c0       0x20 ../assignment4_bsp//libhal_bsp.a(alt_irq_handler.o)
 .debug_aranges
                0x000003e0       0x18 ../assignment4_bsp//libhal_bsp.a(alt_irq_vars.o)
 .debug_aranges
                0x000003f8       0x20 ../assignment4_bsp//libhal_bsp.a(alt_open.o)
 .debug_aranges
                0x00000418       0x20 ../assignment4_bsp//libhal_bsp.a(alt_release_fd.o)
 .debug_aranges
                0x00000438       0x20 ../assignment4_bsp//libhal_bsp.a(alt_tick.o)
 .debug_aranges
                0x00000458       0x20 ../assignment4_bsp//libhal_bsp.a(altera_nios2_qsys_irq.o)
 .debug_aranges
                0x00000478       0x38 ../assignment4_bsp//libhal_bsp.a(alt_exception_entry.o)
 .debug_aranges
                0x000004b0       0x20 ../assignment4_bsp//libhal_bsp.a(alt_find_dev.o)
 .debug_aranges
                0x000004d0       0x20 ../assignment4_bsp//libhal_bsp.a(alt_find_file.o)
 .debug_aranges
                0x000004f0       0x20 ../assignment4_bsp//libhal_bsp.a(alt_get_fd.o)
 .debug_aranges
                0x00000510       0x20 ../assignment4_bsp//libhal_bsp.a(alt_icache_flush.o)
 .debug_aranges
                0x00000530       0x20 /opt/altera/13.1/nios2eds/bin/gnu/H-i686-pc-linux-gnu/bin/../lib/gcc/nios2-elf/4.7.3/../../../../../H-i686-pc-linux-gnu/nios2-elf/lib/mno-hw-mul/libsmallc.a(lib_a-exit.o)
 .debug_aranges
                0x00000550       0x20 /opt/altera/13.1/nios2eds/bin/gnu/H-i686-pc-linux-gnu/bin/../lib/gcc/nios2-elf/4.7.3/../../../../../H-i686-pc-linux-gnu/nios2-elf/lib/mno-hw-mul/libsmallc.a(lib_a-memcmp.o)
 .debug_aranges
                0x00000570       0x20 /opt/altera/13.1/nios2eds/bin/gnu/H-i686-pc-linux-gnu/bin/../lib/gcc/nios2-elf/4.7.3/../../../../../H-i686-pc-linux-gnu/nios2-elf/lib/mno-hw-mul/libsmallc.a(lib_a-__call_atexit.o)
 .debug_aranges
                0x00000590       0x20 ../assignment4_bsp//libhal_bsp.a(alt_exit.o)

.debug_pubnames
 *(.debug_pubnames)

.debug_info     0x00000000     0x80cf
 *(.debug_info .gnu.linkonce.wi.*)
 .debug_info    0x00000000       0x93 ../assignment4_bsp//obj/HAL/src/crt0.o
 .debug_info    0x00000093       0xad obj/default/hello_world.o
 .debug_info    0x00000140      0x765 /opt/altera/13.1/nios2eds/bin/gnu/H-i686-pc-linux-gnu/bin/../lib/gcc/nios2-elf/4.7.3/../../../../../H-i686-pc-linux-gnu/nios2-elf/lib/mno-hw-mul/libsmallc.a(lib_a-printf.o)
 .debug_info    0x000008a5      0x6f4 /opt/altera/13.1/nios2eds/bin/gnu/H-i686-pc-linux-gnu/bin/../lib/gcc/nios2-elf/4.7.3/../../../../../H-i686-pc-linux-gnu/nios2-elf/lib/mno-hw-mul/libsmallc.a(lib_a-puts.o)
 .debug_info    0x00000f99       0xc6 /opt/altera/13.1/nios2eds/bin/gnu/H-i686-pc-linux-gnu/bin/../lib/gcc/nios2-elf/4.7.3/../../../../../H-i686-pc-linux-gnu/nios2-elf/lib/mno-hw-mul/libsmallc.a(lib_a-strlen.o)
 .debug_info    0x0000105f      0xc69 /opt/altera/13.1/nios2eds/bin/gnu/H-i686-pc-linux-gnu/bin/../lib/gcc/nios2-elf/4.7.3/../../../../../H-i686-pc-linux-gnu/nios2-elf/lib/mno-hw-mul/libsmallc.a(lib_a-vfprintf.o)
 .debug_info    0x00001cc8      0x6d9 /opt/altera/13.1/nios2eds/bin/gnu/H-i686-pc-linux-gnu/bin/../lib/gcc/nios2-elf/4.7.3/../../../../../H-i686-pc-linux-gnu/nios2-elf/lib/mno-hw-mul/libsmallc.a(lib_a-fvwrite_small_dev.o)
 .debug_info    0x000023a1      0x631 /opt/altera/13.1/nios2eds/bin/gnu/H-i686-pc-linux-gnu/bin/../lib/gcc/nios2-elf/4.7.3/../../../../../H-i686-pc-linux-gnu/nios2-elf/lib/mno-hw-mul/libsmallc.a(lib_a-impure.o)
 .debug_info    0x000029d2      0x6cb /opt/altera/13.1/nios2eds/bin/gnu/H-i686-pc-linux-gnu/bin/../lib/gcc/nios2-elf/4.7.3/../../../../../H-i686-pc-linux-gnu/nios2-elf/lib/mno-hw-mul/libsmallc.a(lib_a-writer.o)
 .debug_info    0x0000309d       0x84 /opt/altera/13.1/nios2eds/bin/gnu/H-i686-pc-linux-gnu/bin/../lib/gcc/nios2-elf/4.7.3/../../../../../H-i686-pc-linux-gnu/nios2-elf/lib/mno-hw-mul/libsmallc.a(lib_a-int_errno.o)
 .debug_info    0x00003121      0x289 /opt/altera/13.1/nios2eds/bin/gnu/H-i686-pc-linux-gnu/bin/../lib/gcc/nios2-elf/4.7.3/mno-hw-mul/libgcc.a(lib2-divmod.o)
 .debug_info    0x000033aa       0xb8 /opt/altera/13.1/nios2eds/bin/gnu/H-i686-pc-linux-gnu/bin/../lib/gcc/nios2-elf/4.7.3/mno-hw-mul/libgcc.a(lib2-mul.o)
 .debug_info    0x00003462      0x135 ../assignment4_bsp//libhal_bsp.a(alt_load.o)
 .debug_info    0x00003597      0x139 ../assignment4_bsp//libhal_bsp.a(alt_main.o)
 .debug_info    0x000036d0      0x507 ../assignment4_bsp//libhal_bsp.a(alt_write.o)
 .debug_info    0x00003bd7      0x420 ../assignment4_bsp//libhal_bsp.a(alt_sys_init.o)
 .debug_info    0x00003ff7      0x3da ../assignment4_bsp//libhal_bsp.a(altera_avalon_jtag_uart_fd.o)
 .debug_info    0x000043d1      0x1bc ../assignment4_bsp//libhal_bsp.a(altera_avalon_jtag_uart_read.o)
 .debug_info    0x0000458d      0x19f ../assignment4_bsp//libhal_bsp.a(altera_avalon_jtag_uart_write.o)
 .debug_info    0x0000472c      0x235 ../assignment4_bsp//libhal_bsp.a(altera_avalon_timer_sc.o)
 .debug_info    0x00004961      0x350 ../assignment4_bsp//libhal_bsp.a(alt_close.o)
 .debug_info    0x00004cb1       0x90 ../assignment4_bsp//libhal_bsp.a(alt_dcache_flush_all.o)
 .debug_info    0x00004d41      0x4e3 ../assignment4_bsp//libhal_bsp.a(alt_dev.o)
 .debug_info    0x00005224      0x1b9 ../assignment4_bsp//libhal_bsp.a(alt_dev_llist_insert.o)
 .debug_info    0x000053dd       0xa3 ../assignment4_bsp//libhal_bsp.a(alt_errno.o)
 .debug_info    0x00005480       0x90 ../assignment4_bsp//libhal_bsp.a(alt_icache_flush_all.o)
 .debug_info    0x00005510      0x364 ../assignment4_bsp//libhal_bsp.a(alt_iic.o)
 .debug_info    0x00005874      0x1f6 ../assignment4_bsp//libhal_bsp.a(alt_iic_isr_register.o)
 .debug_info    0x00005a6a      0x4f0 ../assignment4_bsp//libhal_bsp.a(alt_io_redirect.o)
 .debug_info    0x00005f5a       0x9c ../assignment4_bsp//libhal_bsp.a(alt_irq_entry.o)
 .debug_info    0x00005ff6      0x190 ../assignment4_bsp//libhal_bsp.a(alt_irq_handler.o)
 .debug_info    0x00006186       0x8a ../assignment4_bsp//libhal_bsp.a(alt_irq_vars.o)
 .debug_info    0x00006210      0x3f0 ../assignment4_bsp//libhal_bsp.a(alt_open.o)
 .debug_info    0x00006600      0x2dd ../assignment4_bsp//libhal_bsp.a(alt_release_fd.o)
 .debug_info    0x000068dd      0x2b1 ../assignment4_bsp//libhal_bsp.a(alt_tick.o)
 .debug_info    0x00006b8e       0x90 ../assignment4_bsp//libhal_bsp.a(altera_nios2_qsys_irq.o)
 .debug_info    0x00006c1e       0xa2 ../assignment4_bsp//libhal_bsp.a(alt_exception_entry.o)
 .debug_info    0x00006cc0      0x30d ../assignment4_bsp//libhal_bsp.a(alt_find_dev.o)
 .debug_info    0x00006fcd      0x30c ../assignment4_bsp//libhal_bsp.a(alt_find_file.o)
 .debug_info    0x000072d9      0x339 ../assignment4_bsp//libhal_bsp.a(alt_get_fd.o)
 .debug_info    0x00007612       0xda ../assignment4_bsp//libhal_bsp.a(alt_icache_flush.o)
 .debug_info    0x000076ec       0xf8 /opt/altera/13.1/nios2eds/bin/gnu/H-i686-pc-linux-gnu/bin/../lib/gcc/nios2-elf/4.7.3/../../../../../H-i686-pc-linux-gnu/nios2-elf/lib/mno-hw-mul/libsmallc.a(lib_a-exit.o)
 .debug_info    0x000077e4       0xf1 /opt/altera/13.1/nios2eds/bin/gnu/H-i686-pc-linux-gnu/bin/../lib/gcc/nios2-elf/4.7.3/../../../../../H-i686-pc-linux-gnu/nios2-elf/lib/mno-hw-mul/libsmallc.a(lib_a-memcmp.o)
 .debug_info    0x000078d5      0x70e /opt/altera/13.1/nios2eds/bin/gnu/H-i686-pc-linux-gnu/bin/../lib/gcc/nios2-elf/4.7.3/../../../../../H-i686-pc-linux-gnu/nios2-elf/lib/mno-hw-mul/libsmallc.a(lib_a-__call_atexit.o)
 .debug_info    0x00007fe3       0xec ../assignment4_bsp//libhal_bsp.a(alt_exit.o)

.debug_abbrev   0x00000000     0x29d4
 *(.debug_abbrev)
 .debug_abbrev  0x00000000       0x12 ../assignment4_bsp//obj/HAL/src/crt0.o
 .debug_abbrev  0x00000012       0x5e obj/default/hello_world.o
 .debug_abbrev  0x00000070      0x1e2 /opt/altera/13.1/nios2eds/bin/gnu/H-i686-pc-linux-gnu/bin/../lib/gcc/nios2-elf/4.7.3/../../../../../H-i686-pc-linux-gnu/nios2-elf/lib/mno-hw-mul/libsmallc.a(lib_a-printf.o)
 .debug_abbrev  0x00000252      0x1d4 /opt/altera/13.1/nios2eds/bin/gnu/H-i686-pc-linux-gnu/bin/../lib/gcc/nios2-elf/4.7.3/../../../../../H-i686-pc-linux-gnu/nios2-elf/lib/mno-hw-mul/libsmallc.a(lib_a-puts.o)
 .debug_abbrev  0x00000426       0x7f /opt/altera/13.1/nios2eds/bin/gnu/H-i686-pc-linux-gnu/bin/../lib/gcc/nios2-elf/4.7.3/../../../../../H-i686-pc-linux-gnu/nios2-elf/lib/mno-hw-mul/libsmallc.a(lib_a-strlen.o)
 .debug_abbrev  0x000004a5      0x2db /opt/altera/13.1/nios2eds/bin/gnu/H-i686-pc-linux-gnu/bin/../lib/gcc/nios2-elf/4.7.3/../../../../../H-i686-pc-linux-gnu/nios2-elf/lib/mno-hw-mul/libsmallc.a(lib_a-vfprintf.o)
 .debug_abbrev  0x00000780      0x1a8 /opt/altera/13.1/nios2eds/bin/gnu/H-i686-pc-linux-gnu/bin/../lib/gcc/nios2-elf/4.7.3/../../../../../H-i686-pc-linux-gnu/nios2-elf/lib/mno-hw-mul/libsmallc.a(lib_a-fvwrite_small_dev.o)
 .debug_abbrev  0x00000928      0x13b /opt/altera/13.1/nios2eds/bin/gnu/H-i686-pc-linux-gnu/bin/../lib/gcc/nios2-elf/4.7.3/../../../../../H-i686-pc-linux-gnu/nios2-elf/lib/mno-hw-mul/libsmallc.a(lib_a-impure.o)
 .debug_abbrev  0x00000a63      0x199 /opt/altera/13.1/nios2eds/bin/gnu/H-i686-pc-linux-gnu/bin/../lib/gcc/nios2-elf/4.7.3/../../../../../H-i686-pc-linux-gnu/nios2-elf/lib/mno-hw-mul/libsmallc.a(lib_a-writer.o)
 .debug_abbrev  0x00000bfc       0x37 /opt/altera/13.1/nios2eds/bin/gnu/H-i686-pc-linux-gnu/bin/../lib/gcc/nios2-elf/4.7.3/../../../../../H-i686-pc-linux-gnu/nios2-elf/lib/mno-hw-mul/libsmallc.a(lib_a-int_errno.o)
 .debug_abbrev  0x00000c33      0x112 /opt/altera/13.1/nios2eds/bin/gnu/H-i686-pc-linux-gnu/bin/../lib/gcc/nios2-elf/4.7.3/mno-hw-mul/libgcc.a(lib2-divmod.o)
 .debug_abbrev  0x00000d45       0x6f /opt/altera/13.1/nios2eds/bin/gnu/H-i686-pc-linux-gnu/bin/../lib/gcc/nios2-elf/4.7.3/mno-hw-mul/libgcc.a(lib2-mul.o)
 .debug_abbrev  0x00000db4       0x9d ../assignment4_bsp//libhal_bsp.a(alt_load.o)
 .debug_abbrev  0x00000e51       0xba ../assignment4_bsp//libhal_bsp.a(alt_main.o)
 .debug_abbrev  0x00000f0b      0x133 ../assignment4_bsp//libhal_bsp.a(alt_write.o)
 .debug_abbrev  0x0000103e      0x155 ../assignment4_bsp//libhal_bsp.a(alt_sys_init.o)
 .debug_abbrev  0x00001193       0xf7 ../assignment4_bsp//libhal_bsp.a(altera_avalon_jtag_uart_fd.o)
 .debug_abbrev  0x0000128a       0xd5 ../assignment4_bsp//libhal_bsp.a(altera_avalon_jtag_uart_read.o)
 .debug_abbrev  0x0000135f       0xd5 ../assignment4_bsp//libhal_bsp.a(altera_avalon_jtag_uart_write.o)
 .debug_abbrev  0x00001434      0x155 ../assignment4_bsp//libhal_bsp.a(altera_avalon_timer_sc.o)
 .debug_abbrev  0x00001589      0x11f ../assignment4_bsp//libhal_bsp.a(alt_close.o)
 .debug_abbrev  0x000016a8       0x42 ../assignment4_bsp//libhal_bsp.a(alt_dcache_flush_all.o)
 .debug_abbrev  0x000016ea       0xd9 ../assignment4_bsp//libhal_bsp.a(alt_dev.o)
 .debug_abbrev  0x000017c3      0x114 ../assignment4_bsp//libhal_bsp.a(alt_dev_llist_insert.o)
 .debug_abbrev  0x000018d7       0x5a ../assignment4_bsp//libhal_bsp.a(alt_errno.o)
 .debug_abbrev  0x00001931       0x42 ../assignment4_bsp//libhal_bsp.a(alt_icache_flush_all.o)
 .debug_abbrev  0x00001973      0x16a ../assignment4_bsp//libhal_bsp.a(alt_iic.o)
 .debug_abbrev  0x00001add      0x169 ../assignment4_bsp//libhal_bsp.a(alt_iic_isr_register.o)
 .debug_abbrev  0x00001c46      0x114 ../assignment4_bsp//libhal_bsp.a(alt_io_redirect.o)
 .debug_abbrev  0x00001d5a       0x12 ../assignment4_bsp//libhal_bsp.a(alt_irq_entry.o)
 .debug_abbrev  0x00001d6c      0x124 ../assignment4_bsp//libhal_bsp.a(alt_irq_handler.o)
 .debug_abbrev  0x00001e90       0x40 ../assignment4_bsp//libhal_bsp.a(alt_irq_vars.o)
 .debug_abbrev  0x00001ed0      0x148 ../assignment4_bsp//libhal_bsp.a(alt_open.o)
 .debug_abbrev  0x00002018       0xde ../assignment4_bsp//libhal_bsp.a(alt_release_fd.o)
 .debug_abbrev  0x000020f6      0x15a ../assignment4_bsp//libhal_bsp.a(alt_tick.o)
 .debug_abbrev  0x00002250       0x42 ../assignment4_bsp//libhal_bsp.a(altera_nios2_qsys_irq.o)
 .debug_abbrev  0x00002292       0x12 ../assignment4_bsp//libhal_bsp.a(alt_exception_entry.o)
 .debug_abbrev  0x000022a4       0xf0 ../assignment4_bsp//libhal_bsp.a(alt_find_dev.o)
 .debug_abbrev  0x00002394       0xf0 ../assignment4_bsp//libhal_bsp.a(alt_find_file.o)
 .debug_abbrev  0x00002484      0x10d ../assignment4_bsp//libhal_bsp.a(alt_get_fd.o)
 .debug_abbrev  0x00002591       0x8c ../assignment4_bsp//libhal_bsp.a(alt_icache_flush.o)
 .debug_abbrev  0x0000261d       0xa9 /opt/altera/13.1/nios2eds/bin/gnu/H-i686-pc-linux-gnu/bin/../lib/gcc/nios2-elf/4.7.3/../../../../../H-i686-pc-linux-gnu/nios2-elf/lib/mno-hw-mul/libsmallc.a(lib_a-exit.o)
 .debug_abbrev  0x000026c6       0x7f /opt/altera/13.1/nios2eds/bin/gnu/H-i686-pc-linux-gnu/bin/../lib/gcc/nios2-elf/4.7.3/../../../../../H-i686-pc-linux-gnu/nios2-elf/lib/mno-hw-mul/libsmallc.a(lib_a-memcmp.o)
 .debug_abbrev  0x00002745      0x1e9 /opt/altera/13.1/nios2eds/bin/gnu/H-i686-pc-linux-gnu/bin/../lib/gcc/nios2-elf/4.7.3/../../../../../H-i686-pc-linux-gnu/nios2-elf/lib/mno-hw-mul/libsmallc.a(lib_a-__call_atexit.o)
 .debug_abbrev  0x0000292e       0xa6 ../assignment4_bsp//libhal_bsp.a(alt_exit.o)

.debug_line     0x00000000     0x2fdd
 *(.debug_line)
 .debug_line    0x00000000       0x6c ../assignment4_bsp//obj/HAL/src/crt0.o
 .debug_line    0x0000006c       0x72 obj/default/hello_world.o
 .debug_line    0x000000de      0x219 /opt/altera/13.1/nios2eds/bin/gnu/H-i686-pc-linux-gnu/bin/../lib/gcc/nios2-elf/4.7.3/../../../../../H-i686-pc-linux-gnu/nios2-elf/lib/mno-hw-mul/libsmallc.a(lib_a-printf.o)
 .debug_line    0x000002f7      0x212 /opt/altera/13.1/nios2eds/bin/gnu/H-i686-pc-linux-gnu/bin/../lib/gcc/nios2-elf/4.7.3/../../../../../H-i686-pc-linux-gnu/nios2-elf/lib/mno-hw-mul/libsmallc.a(lib_a-puts.o)
 .debug_line    0x00000509      0x174 /opt/altera/13.1/nios2eds/bin/gnu/H-i686-pc-linux-gnu/bin/../lib/gcc/nios2-elf/4.7.3/../../../../../H-i686-pc-linux-gnu/nios2-elf/lib/mno-hw-mul/libsmallc.a(lib_a-strlen.o)
 .debug_line    0x0000067d      0x40e /opt/altera/13.1/nios2eds/bin/gnu/H-i686-pc-linux-gnu/bin/../lib/gcc/nios2-elf/4.7.3/../../../../../H-i686-pc-linux-gnu/nios2-elf/lib/mno-hw-mul/libsmallc.a(lib_a-vfprintf.o)
 .debug_line    0x00000a8b      0x225 /opt/altera/13.1/nios2eds/bin/gnu/H-i686-pc-linux-gnu/bin/../lib/gcc/nios2-elf/4.7.3/../../../../../H-i686-pc-linux-gnu/nios2-elf/lib/mno-hw-mul/libsmallc.a(lib_a-fvwrite_small_dev.o)
 .debug_line    0x00000cb0      0x16c /opt/altera/13.1/nios2eds/bin/gnu/H-i686-pc-linux-gnu/bin/../lib/gcc/nios2-elf/4.7.3/../../../../../H-i686-pc-linux-gnu/nios2-elf/lib/mno-hw-mul/libsmallc.a(lib_a-impure.o)
 .debug_line    0x00000e1c      0x20c /opt/altera/13.1/nios2eds/bin/gnu/H-i686-pc-linux-gnu/bin/../lib/gcc/nios2-elf/4.7.3/../../../../../H-i686-pc-linux-gnu/nios2-elf/lib/mno-hw-mul/libsmallc.a(lib_a-writer.o)
 .debug_line    0x00001028       0x60 /opt/altera/13.1/nios2eds/bin/gnu/H-i686-pc-linux-gnu/bin/../lib/gcc/nios2-elf/4.7.3/../../../../../H-i686-pc-linux-gnu/nios2-elf/lib/mno-hw-mul/libsmallc.a(lib_a-int_errno.o)
 .debug_line    0x00001088       0xd6 /opt/altera/13.1/nios2eds/bin/gnu/H-i686-pc-linux-gnu/bin/../lib/gcc/nios2-elf/4.7.3/mno-hw-mul/libgcc.a(lib2-divmod.o)
 .debug_line    0x0000115e       0x80 /opt/altera/13.1/nios2eds/bin/gnu/H-i686-pc-linux-gnu/bin/../lib/gcc/nios2-elf/4.7.3/mno-hw-mul/libgcc.a(lib2-mul.o)
 .debug_line    0x000011de       0x92 ../assignment4_bsp//libhal_bsp.a(alt_load.o)
 .debug_line    0x00001270       0x9e ../assignment4_bsp//libhal_bsp.a(alt_main.o)
 .debug_line    0x0000130e      0x206 ../assignment4_bsp//libhal_bsp.a(alt_write.o)
 .debug_line    0x00001514      0x142 ../assignment4_bsp//libhal_bsp.a(alt_sys_init.o)
 .debug_line    0x00001656      0x114 ../assignment4_bsp//libhal_bsp.a(altera_avalon_jtag_uart_fd.o)
 .debug_line    0x0000176a      0x101 ../assignment4_bsp//libhal_bsp.a(altera_avalon_jtag_uart_read.o)
 .debug_line    0x0000186b       0xf8 ../assignment4_bsp//libhal_bsp.a(altera_avalon_jtag_uart_write.o)
 .debug_line    0x00001963       0xfd ../assignment4_bsp//libhal_bsp.a(altera_avalon_timer_sc.o)
 .debug_line    0x00001a60      0x18d ../assignment4_bsp//libhal_bsp.a(alt_close.o)
 .debug_line    0x00001bed       0x51 ../assignment4_bsp//libhal_bsp.a(alt_dcache_flush_all.o)
 .debug_line    0x00001c3e      0x120 ../assignment4_bsp//libhal_bsp.a(alt_dev.o)
 .debug_line    0x00001d5e       0xd0 ../assignment4_bsp//libhal_bsp.a(alt_dev_llist_insert.o)
 .debug_line    0x00001e2e       0x51 ../assignment4_bsp//libhal_bsp.a(alt_errno.o)
 .debug_line    0x00001e7f       0x50 ../assignment4_bsp//libhal_bsp.a(alt_icache_flush_all.o)
 .debug_line    0x00001ecf       0xed ../assignment4_bsp//libhal_bsp.a(alt_iic.o)
 .debug_line    0x00001fbc       0xdb ../assignment4_bsp//libhal_bsp.a(alt_iic_isr_register.o)
 .debug_line    0x00002097      0x15d ../assignment4_bsp//libhal_bsp.a(alt_io_redirect.o)
 .debug_line    0x000021f4       0x6b ../assignment4_bsp//libhal_bsp.a(alt_irq_entry.o)
 .debug_line    0x0000225f       0xae ../assignment4_bsp//libhal_bsp.a(alt_irq_handler.o)
 .debug_line    0x0000230d       0x50 ../assignment4_bsp//libhal_bsp.a(alt_irq_vars.o)
 .debug_line    0x0000235d      0x128 ../assignment4_bsp//libhal_bsp.a(alt_open.o)
 .debug_line    0x00002485       0xb0 ../assignment4_bsp//libhal_bsp.a(alt_release_fd.o)
 .debug_line    0x00002535      0x102 ../assignment4_bsp//libhal_bsp.a(alt_tick.o)
 .debug_line    0x00002637       0x51 ../assignment4_bsp//libhal_bsp.a(altera_nios2_qsys_irq.o)
 .debug_line    0x00002688       0xab ../assignment4_bsp//libhal_bsp.a(alt_exception_entry.o)
 .debug_line    0x00002733       0xb9 ../assignment4_bsp//libhal_bsp.a(alt_find_dev.o)
 .debug_line    0x000027ec       0xd5 ../assignment4_bsp//libhal_bsp.a(alt_find_file.o)
 .debug_line    0x000028c1       0xd4 ../assignment4_bsp//libhal_bsp.a(alt_get_fd.o)
 .debug_line    0x00002995       0x81 ../assignment4_bsp//libhal_bsp.a(alt_icache_flush.o)
 .debug_line    0x00002a16      0x170 /opt/altera/13.1/nios2eds/bin/gnu/H-i686-pc-linux-gnu/bin/../lib/gcc/nios2-elf/4.7.3/../../../../../H-i686-pc-linux-gnu/nios2-elf/lib/mno-hw-mul/libsmallc.a(lib_a-exit.o)
 .debug_line    0x00002b86      0x17f /opt/altera/13.1/nios2eds/bin/gnu/H-i686-pc-linux-gnu/bin/../lib/gcc/nios2-elf/4.7.3/../../../../../H-i686-pc-linux-gnu/nios2-elf/lib/mno-hw-mul/libsmallc.a(lib_a-memcmp.o)
 .debug_line    0x00002d05      0x267 /opt/altera/13.1/nios2eds/bin/gnu/H-i686-pc-linux-gnu/bin/../lib/gcc/nios2-elf/4.7.3/../../../../../H-i686-pc-linux-gnu/nios2-elf/lib/mno-hw-mul/libsmallc.a(lib_a-__call_atexit.o)
 .debug_line    0x00002f6c       0x71 ../assignment4_bsp//libhal_bsp.a(alt_exit.o)

.debug_frame    0x00000000      0x8ac
 *(.debug_frame)
 .debug_frame   0x00000000       0x2c obj/default/hello_world.o
 .debug_frame   0x0000002c       0x40 /opt/altera/13.1/nios2eds/bin/gnu/H-i686-pc-linux-gnu/bin/../lib/gcc/nios2-elf/4.7.3/../../../../../H-i686-pc-linux-gnu/nios2-elf/lib/mno-hw-mul/libsmallc.a(lib_a-printf.o)
 .debug_frame   0x0000006c       0x3c /opt/altera/13.1/nios2eds/bin/gnu/H-i686-pc-linux-gnu/bin/../lib/gcc/nios2-elf/4.7.3/../../../../../H-i686-pc-linux-gnu/nios2-elf/lib/mno-hw-mul/libsmallc.a(lib_a-puts.o)
 .debug_frame   0x000000a8       0x20 /opt/altera/13.1/nios2eds/bin/gnu/H-i686-pc-linux-gnu/bin/../lib/gcc/nios2-elf/4.7.3/../../../../../H-i686-pc-linux-gnu/nios2-elf/lib/mno-hw-mul/libsmallc.a(lib_a-strlen.o)
 .debug_frame   0x000000c8       0x4c /opt/altera/13.1/nios2eds/bin/gnu/H-i686-pc-linux-gnu/bin/../lib/gcc/nios2-elf/4.7.3/../../../../../H-i686-pc-linux-gnu/nios2-elf/lib/mno-hw-mul/libsmallc.a(lib_a-vfprintf.o)
 .debug_frame   0x00000114       0x30 /opt/altera/13.1/nios2eds/bin/gnu/H-i686-pc-linux-gnu/bin/../lib/gcc/nios2-elf/4.7.3/../../../../../H-i686-pc-linux-gnu/nios2-elf/lib/mno-hw-mul/libsmallc.a(lib_a-fvwrite_small_dev.o)
 .debug_frame   0x00000144       0x2c /opt/altera/13.1/nios2eds/bin/gnu/H-i686-pc-linux-gnu/bin/../lib/gcc/nios2-elf/4.7.3/../../../../../H-i686-pc-linux-gnu/nios2-elf/lib/mno-hw-mul/libsmallc.a(lib_a-writer.o)
 .debug_frame   0x00000170       0x70 /opt/altera/13.1/nios2eds/bin/gnu/H-i686-pc-linux-gnu/bin/../lib/gcc/nios2-elf/4.7.3/mno-hw-mul/libgcc.a(lib2-divmod.o)
 .debug_frame   0x000001e0       0x20 /opt/altera/13.1/nios2eds/bin/gnu/H-i686-pc-linux-gnu/bin/../lib/gcc/nios2-elf/4.7.3/mno-hw-mul/libgcc.a(lib2-mul.o)
 .debug_frame   0x00000200       0x48 ../assignment4_bsp//libhal_bsp.a(alt_load.o)
 .debug_frame   0x00000248       0x2c ../assignment4_bsp//libhal_bsp.a(alt_main.o)
 .debug_frame   0x00000274       0x48 ../assignment4_bsp//libhal_bsp.a(alt_write.o)
 .debug_frame   0x000002bc       0x64 ../assignment4_bsp//libhal_bsp.a(alt_sys_init.o)
 .debug_frame   0x00000320       0x48 ../assignment4_bsp//libhal_bsp.a(altera_avalon_jtag_uart_fd.o)
 .debug_frame   0x00000368       0x2c ../assignment4_bsp//libhal_bsp.a(altera_avalon_jtag_uart_read.o)
 .debug_frame   0x00000394       0x2c ../assignment4_bsp//libhal_bsp.a(altera_avalon_jtag_uart_write.o)
 .debug_frame   0x000003c0       0x48 ../assignment4_bsp//libhal_bsp.a(altera_avalon_timer_sc.o)
 .debug_frame   0x00000408       0x48 ../assignment4_bsp//libhal_bsp.a(alt_close.o)
 .debug_frame   0x00000450       0x2c ../assignment4_bsp//libhal_bsp.a(alt_dcache_flush_all.o)
 .debug_frame   0x0000047c       0x2c ../assignment4_bsp//libhal_bsp.a(alt_dev.o)
 .debug_frame   0x000004a8       0x48 ../assignment4_bsp//libhal_bsp.a(alt_dev_llist_insert.o)
 .debug_frame   0x000004f0       0x2c ../assignment4_bsp//libhal_bsp.a(alt_icache_flush_all.o)
 .debug_frame   0x0000051c       0x80 ../assignment4_bsp//libhal_bsp.a(alt_iic.o)
 .debug_frame   0x0000059c       0x2c ../assignment4_bsp//libhal_bsp.a(alt_iic_isr_register.o)
 .debug_frame   0x000005c8       0x4c ../assignment4_bsp//libhal_bsp.a(alt_io_redirect.o)
 .debug_frame   0x00000614       0x2c ../assignment4_bsp//libhal_bsp.a(alt_irq_handler.o)
 .debug_frame   0x00000640       0x68 ../assignment4_bsp//libhal_bsp.a(alt_open.o)
 .debug_frame   0x000006a8       0x30 ../assignment4_bsp//libhal_bsp.a(alt_release_fd.o)
 .debug_frame   0x000006d8       0x48 ../assignment4_bsp//libhal_bsp.a(alt_tick.o)
 .debug_frame   0x00000720       0x2c ../assignment4_bsp//libhal_bsp.a(altera_nios2_qsys_irq.o)
 .debug_frame   0x0000074c       0x2c ../assignment4_bsp//libhal_bsp.a(alt_find_dev.o)
 .debug_frame   0x00000778       0x2c ../assignment4_bsp//libhal_bsp.a(alt_find_file.o)
 .debug_frame   0x000007a4       0x30 ../assignment4_bsp//libhal_bsp.a(alt_get_fd.o)
 .debug_frame   0x000007d4       0x2c ../assignment4_bsp//libhal_bsp.a(alt_icache_flush.o)
 .debug_frame   0x00000800       0x28 /opt/altera/13.1/nios2eds/bin/gnu/H-i686-pc-linux-gnu/bin/../lib/gcc/nios2-elf/4.7.3/../../../../../H-i686-pc-linux-gnu/nios2-elf/lib/mno-hw-mul/libsmallc.a(lib_a-exit.o)
 .debug_frame   0x00000828       0x20 /opt/altera/13.1/nios2eds/bin/gnu/H-i686-pc-linux-gnu/bin/../lib/gcc/nios2-elf/4.7.3/../../../../../H-i686-pc-linux-gnu/nios2-elf/lib/mno-hw-mul/libsmallc.a(lib_a-memcmp.o)
 .debug_frame   0x00000848       0x38 /opt/altera/13.1/nios2eds/bin/gnu/H-i686-pc-linux-gnu/bin/../lib/gcc/nios2-elf/4.7.3/../../../../../H-i686-pc-linux-gnu/nios2-elf/lib/mno-hw-mul/libsmallc.a(lib_a-__call_atexit.o)
 .debug_frame   0x00000880       0x2c ../assignment4_bsp//libhal_bsp.a(alt_exit.o)

.debug_str      0x00000000     0x173b
 *(.debug_str)
 .debug_str     0x00000000       0xde obj/default/hello_world.o
                                0x11c (size before relaxing)
 .debug_str     0x000000de      0x3dd /opt/altera/13.1/nios2eds/bin/gnu/H-i686-pc-linux-gnu/bin/../lib/gcc/nios2-elf/4.7.3/../../../../../H-i686-pc-linux-gnu/nios2-elf/lib/mno-hw-mul/libsmallc.a(lib_a-printf.o)
                                0x4b5 (size before relaxing)
 .debug_str     0x000004bb       0x4f /opt/altera/13.1/nios2eds/bin/gnu/H-i686-pc-linux-gnu/bin/../lib/gcc/nios2-elf/4.7.3/../../../../../H-i686-pc-linux-gnu/nios2-elf/lib/mno-hw-mul/libsmallc.a(lib_a-puts.o)
                                0x464 (size before relaxing)
 .debug_str     0x0000050a       0xdf /opt/altera/13.1/nios2eds/bin/gnu/H-i686-pc-linux-gnu/bin/../lib/gcc/nios2-elf/4.7.3/../../../../../H-i686-pc-linux-gnu/nios2-elf/lib/mno-hw-mul/libsmallc.a(lib_a-strlen.o)
                                0x191 (size before relaxing)
 .debug_str     0x000005e9      0x196 /opt/altera/13.1/nios2eds/bin/gnu/H-i686-pc-linux-gnu/bin/../lib/gcc/nios2-elf/4.7.3/../../../../../H-i686-pc-linux-gnu/nios2-elf/lib/mno-hw-mul/libsmallc.a(lib_a-vfprintf.o)
                                0x635 (size before relaxing)
 .debug_str     0x0000077f       0x82 /opt/altera/13.1/nios2eds/bin/gnu/H-i686-pc-linux-gnu/bin/../lib/gcc/nios2-elf/4.7.3/../../../../../H-i686-pc-linux-gnu/nios2-elf/lib/mno-hw-mul/libsmallc.a(lib_a-fvwrite_small_dev.o)
                                0x490 (size before relaxing)
 .debug_str     0x00000801       0xfc /opt/altera/13.1/nios2eds/bin/gnu/H-i686-pc-linux-gnu/bin/../lib/gcc/nios2-elf/4.7.3/../../../../../H-i686-pc-linux-gnu/nios2-elf/lib/mno-hw-mul/libsmallc.a(lib_a-impure.o)
                                0x46a (size before relaxing)
 .debug_str     0x000008fd       0x3d /opt/altera/13.1/nios2eds/bin/gnu/H-i686-pc-linux-gnu/bin/../lib/gcc/nios2-elf/4.7.3/../../../../../H-i686-pc-linux-gnu/nios2-elf/lib/mno-hw-mul/libsmallc.a(lib_a-writer.o)
                                0x464 (size before relaxing)
 .debug_str     0x0000093a       0x40 /opt/altera/13.1/nios2eds/bin/gnu/H-i686-pc-linux-gnu/bin/../lib/gcc/nios2-elf/4.7.3/../../../../../H-i686-pc-linux-gnu/nios2-elf/lib/mno-hw-mul/libsmallc.a(lib_a-int_errno.o)
                                0x184 (size before relaxing)
 .debug_str     0x0000097a      0x113 /opt/altera/13.1/nios2eds/bin/gnu/H-i686-pc-linux-gnu/bin/../lib/gcc/nios2-elf/4.7.3/mno-hw-mul/libgcc.a(lib2-divmod.o)
                                0x16a (size before relaxing)
 .debug_str     0x00000a8d       0x40 /opt/altera/13.1/nios2eds/bin/gnu/H-i686-pc-linux-gnu/bin/../lib/gcc/nios2-elf/4.7.3/mno-hw-mul/libgcc.a(lib2-mul.o)
                                0x12b (size before relaxing)
 .debug_str     0x00000acd      0x150 ../assignment4_bsp//libhal_bsp.a(alt_load.o)
                                0x1ee (size before relaxing)
 .debug_str     0x00000c1d       0x70 ../assignment4_bsp//libhal_bsp.a(alt_main.o)
                                0x179 (size before relaxing)
 .debug_str     0x00000c8d      0x15f ../assignment4_bsp//libhal_bsp.a(alt_write.o)
                                0x2d4 (size before relaxing)
 .debug_str     0x00000dec      0x136 ../assignment4_bsp//libhal_bsp.a(alt_sys_init.o)
                                0x2e6 (size before relaxing)
 .debug_str     0x00000f22       0x77 ../assignment4_bsp//libhal_bsp.a(altera_avalon_jtag_uart_fd.o)
                                0x2b1 (size before relaxing)
 .debug_str     0x00000f99       0x48 ../assignment4_bsp//libhal_bsp.a(altera_avalon_jtag_uart_read.o)
                                0x1fb (size before relaxing)
 .debug_str     0x00000fe1       0x4a ../assignment4_bsp//libhal_bsp.a(altera_avalon_jtag_uart_write.o)
                                0x1f1 (size before relaxing)
 .debug_str     0x0000102b       0xb6 ../assignment4_bsp//libhal_bsp.a(altera_avalon_timer_sc.o)
                                0x227 (size before relaxing)
 .debug_str     0x000010e1       0x1b ../assignment4_bsp//libhal_bsp.a(alt_close.o)
                                0x1e7 (size before relaxing)
 .debug_str     0x000010fc       0x34 ../assignment4_bsp//libhal_bsp.a(alt_dcache_flush_all.o)
                                0x131 (size before relaxing)
 .debug_str     0x00001130       0x50 ../assignment4_bsp//libhal_bsp.a(alt_dev.o)
                                0x2e1 (size before relaxing)
 .debug_str     0x00001180       0x4b ../assignment4_bsp//libhal_bsp.a(alt_dev_llist_insert.o)
                                0x1a8 (size before relaxing)
 .debug_str     0x000011cb       0x14 ../assignment4_bsp//libhal_bsp.a(alt_errno.o)
                                0x121 (size before relaxing)
 .debug_str     0x000011df       0x34 ../assignment4_bsp//libhal_bsp.a(alt_icache_flush_all.o)
                                0x131 (size before relaxing)
 .debug_str     0x00001213       0xc4 ../assignment4_bsp//libhal_bsp.a(alt_iic.o)
                                0x21a (size before relaxing)
 .debug_str     0x000012d7       0x4c ../assignment4_bsp//libhal_bsp.a(alt_iic_isr_register.o)
                                0x1c4 (size before relaxing)
 .debug_str     0x00001323       0x56 ../assignment4_bsp//libhal_bsp.a(alt_io_redirect.o)
                                0x2f2 (size before relaxing)
 .debug_str     0x00001379       0x3a ../assignment4_bsp//libhal_bsp.a(alt_irq_handler.o)
                                0x173 (size before relaxing)
 .debug_str     0x000013b3       0x17 ../assignment4_bsp//libhal_bsp.a(alt_irq_vars.o)
                                0x122 (size before relaxing)
 .debug_str     0x000013ca       0x2f ../assignment4_bsp//libhal_bsp.a(alt_open.o)
                                0x227 (size before relaxing)
 .debug_str     0x000013f9       0x28 ../assignment4_bsp//libhal_bsp.a(alt_release_fd.o)
                                0x1bb (size before relaxing)
 .debug_str     0x00001421       0x78 ../assignment4_bsp//libhal_bsp.a(alt_tick.o)
                                0x22e (size before relaxing)
 .debug_str     0x00001499       0x3b ../assignment4_bsp//libhal_bsp.a(altera_nios2_qsys_irq.o)
                                0x138 (size before relaxing)
 .debug_str     0x000014d4       0x24 ../assignment4_bsp//libhal_bsp.a(alt_find_dev.o)
                                0x1c8 (size before relaxing)
 .debug_str     0x000014f8       0x26 ../assignment4_bsp//libhal_bsp.a(alt_find_file.o)
                                0x1d6 (size before relaxing)
 .debug_str     0x0000151e       0x30 ../assignment4_bsp//libhal_bsp.a(alt_get_fd.o)
                                0x1f8 (size before relaxing)
 .debug_str     0x0000154e       0x2c ../assignment4_bsp//libhal_bsp.a(alt_icache_flush.o)
                                0x137 (size before relaxing)
 .debug_str     0x0000157a       0xee /opt/altera/13.1/nios2eds/bin/gnu/H-i686-pc-linux-gnu/bin/../lib/gcc/nios2-elf/4.7.3/../../../../../H-i686-pc-linux-gnu/nios2-elf/lib/mno-hw-mul/libsmallc.a(lib_a-exit.o)
                                0x19c (size before relaxing)
 .debug_str     0x00001668       0x45 /opt/altera/13.1/nios2eds/bin/gnu/H-i686-pc-linux-gnu/bin/../lib/gcc/nios2-elf/4.7.3/../../../../../H-i686-pc-linux-gnu/nios2-elf/lib/mno-hw-mul/libsmallc.a(lib_a-memcmp.o)
                                0x18b (size before relaxing)
 .debug_str     0x000016ad       0x64 /opt/altera/13.1/nios2eds/bin/gnu/H-i686-pc-linux-gnu/bin/../lib/gcc/nios2-elf/4.7.3/../../../../../H-i686-pc-linux-gnu/nios2-elf/lib/mno-hw-mul/libsmallc.a(lib_a-__call_atexit.o)
                                0x495 (size before relaxing)
 .debug_str     0x00001711       0x2a ../assignment4_bsp//libhal_bsp.a(alt_exit.o)
                                0x12d (size before relaxing)

.debug_loc      0x00000000     0x1e66
 *(.debug_loc)
 .debug_loc     0x00000000       0x2c obj/default/hello_world.o
 .debug_loc     0x0000002c      0x125 /opt/altera/13.1/nios2eds/bin/gnu/H-i686-pc-linux-gnu/bin/../lib/gcc/nios2-elf/4.7.3/../../../../../H-i686-pc-linux-gnu/nios2-elf/lib/mno-hw-mul/libsmallc.a(lib_a-printf.o)
 .debug_loc     0x00000151       0xb7 /opt/altera/13.1/nios2eds/bin/gnu/H-i686-pc-linux-gnu/bin/../lib/gcc/nios2-elf/4.7.3/../../../../../H-i686-pc-linux-gnu/nios2-elf/lib/mno-hw-mul/libsmallc.a(lib_a-puts.o)
 .debug_loc     0x00000208       0x29 /opt/altera/13.1/nios2eds/bin/gnu/H-i686-pc-linux-gnu/bin/../lib/gcc/nios2-elf/4.7.3/../../../../../H-i686-pc-linux-gnu/nios2-elf/lib/mno-hw-mul/libsmallc.a(lib_a-strlen.o)
 .debug_loc     0x00000231      0xc9d /opt/altera/13.1/nios2eds/bin/gnu/H-i686-pc-linux-gnu/bin/../lib/gcc/nios2-elf/4.7.3/../../../../../H-i686-pc-linux-gnu/nios2-elf/lib/mno-hw-mul/libsmallc.a(lib_a-vfprintf.o)
 .debug_loc     0x00000ece      0x19e /opt/altera/13.1/nios2eds/bin/gnu/H-i686-pc-linux-gnu/bin/../lib/gcc/nios2-elf/4.7.3/../../../../../H-i686-pc-linux-gnu/nios2-elf/lib/mno-hw-mul/libsmallc.a(lib_a-fvwrite_small_dev.o)
 .debug_loc     0x0000106c       0xde /opt/altera/13.1/nios2eds/bin/gnu/H-i686-pc-linux-gnu/bin/../lib/gcc/nios2-elf/4.7.3/../../../../../H-i686-pc-linux-gnu/nios2-elf/lib/mno-hw-mul/libsmallc.a(lib_a-writer.o)
 .debug_loc     0x0000114a      0x338 /opt/altera/13.1/nios2eds/bin/gnu/H-i686-pc-linux-gnu/bin/../lib/gcc/nios2-elf/4.7.3/mno-hw-mul/libgcc.a(lib2-divmod.o)
 .debug_loc     0x00001482       0x93 /opt/altera/13.1/nios2eds/bin/gnu/H-i686-pc-linux-gnu/bin/../lib/gcc/nios2-elf/4.7.3/mno-hw-mul/libgcc.a(lib2-mul.o)
 .debug_loc     0x00001515       0x58 ../assignment4_bsp//libhal_bsp.a(alt_load.o)
 .debug_loc     0x0000156d       0x2c ../assignment4_bsp//libhal_bsp.a(alt_main.o)
 .debug_loc     0x00001599       0x58 ../assignment4_bsp//libhal_bsp.a(alt_write.o)
 .debug_loc     0x000015f1       0x84 ../assignment4_bsp//libhal_bsp.a(alt_sys_init.o)
 .debug_loc     0x00001675       0x58 ../assignment4_bsp//libhal_bsp.a(altera_avalon_jtag_uart_fd.o)
 .debug_loc     0x000016cd       0x2c ../assignment4_bsp//libhal_bsp.a(altera_avalon_jtag_uart_read.o)
 .debug_loc     0x000016f9       0x2c ../assignment4_bsp//libhal_bsp.a(altera_avalon_jtag_uart_write.o)
 .debug_loc     0x00001725       0x58 ../assignment4_bsp//libhal_bsp.a(altera_avalon_timer_sc.o)
 .debug_loc     0x0000177d       0x58 ../assignment4_bsp//libhal_bsp.a(alt_close.o)
 .debug_loc     0x000017d5       0x2c ../assignment4_bsp//libhal_bsp.a(alt_dcache_flush_all.o)
 .debug_loc     0x00001801       0x2c ../assignment4_bsp//libhal_bsp.a(alt_dev.o)
 .debug_loc     0x0000182d       0x58 ../assignment4_bsp//libhal_bsp.a(alt_dev_llist_insert.o)
 .debug_loc     0x00001885       0x2c ../assignment4_bsp//libhal_bsp.a(alt_icache_flush_all.o)
 .debug_loc     0x000018b1       0xb0 ../assignment4_bsp//libhal_bsp.a(alt_iic.o)
 .debug_loc     0x00001961       0x2c ../assignment4_bsp//libhal_bsp.a(alt_iic_isr_register.o)
 .debug_loc     0x0000198d       0x58 ../assignment4_bsp//libhal_bsp.a(alt_io_redirect.o)
 .debug_loc     0x000019e5       0x2c ../assignment4_bsp//libhal_bsp.a(alt_irq_handler.o)
 .debug_loc     0x00001a11       0x84 ../assignment4_bsp//libhal_bsp.a(alt_open.o)
 .debug_loc     0x00001a95       0x2c ../assignment4_bsp//libhal_bsp.a(alt_release_fd.o)
 .debug_loc     0x00001ac1       0x58 ../assignment4_bsp//libhal_bsp.a(alt_tick.o)
 .debug_loc     0x00001b19       0x2c ../assignment4_bsp//libhal_bsp.a(altera_nios2_qsys_irq.o)
 .debug_loc     0x00001b45       0x2c ../assignment4_bsp//libhal_bsp.a(alt_find_dev.o)
 .debug_loc     0x00001b71       0x2c ../assignment4_bsp//libhal_bsp.a(alt_find_file.o)
 .debug_loc     0x00001b9d       0x2c ../assignment4_bsp//libhal_bsp.a(alt_get_fd.o)
 .debug_loc     0x00001bc9       0x2c ../assignment4_bsp//libhal_bsp.a(alt_icache_flush.o)
 .debug_loc     0x00001bf5       0x3e /opt/altera/13.1/nios2eds/bin/gnu/H-i686-pc-linux-gnu/bin/../lib/gcc/nios2-elf/4.7.3/../../../../../H-i686-pc-linux-gnu/nios2-elf/lib/mno-hw-mul/libsmallc.a(lib_a-exit.o)
 .debug_loc     0x00001c33       0x6f /opt/altera/13.1/nios2eds/bin/gnu/H-i686-pc-linux-gnu/bin/../lib/gcc/nios2-elf/4.7.3/../../../../../H-i686-pc-linux-gnu/nios2-elf/lib/mno-hw-mul/libsmallc.a(lib_a-memcmp.o)
 .debug_loc     0x00001ca2      0x198 /opt/altera/13.1/nios2eds/bin/gnu/H-i686-pc-linux-gnu/bin/../lib/gcc/nios2-elf/4.7.3/../../../../../H-i686-pc-linux-gnu/nios2-elf/lib/mno-hw-mul/libsmallc.a(lib_a-__call_atexit.o)
 .debug_loc     0x00001e3a       0x2c ../assignment4_bsp//libhal_bsp.a(alt_exit.o)

.debug_macinfo
 *(.debug_macinfo)

.debug_weaknames
 *(.debug_weaknames)

.debug_funcnames
 *(.debug_funcnames)

.debug_typenames
 *(.debug_typenames)

.debug_varnames
 *(.debug_varnames)

.debug_alt_sim_info
                0x00000000       0x20
 *(.debug_alt_sim_info)
 .debug_alt_sim_info
                0x00000000       0x20 ../assignment4_bsp//obj/HAL/src/crt0.o
                0x0000d000                __alt_data_end = 0xd000
                0x0000d000                PROVIDE (__alt_stack_pointer, __alt_data_end)
                0x0000ac48                PROVIDE (__alt_stack_limit, __alt_stack_base)
                0x0000ac48                PROVIDE (__alt_heap_start, end)
                0x0000d000                PROVIDE (__alt_heap_limit, 0xd000)
OUTPUT(assignment4.elf elf32-littlenios2)

.debug_ranges   0x00000000      0x288
 .debug_ranges  0x00000000       0x20 ../assignment4_bsp//obj/HAL/src/crt0.o
 .debug_ranges  0x00000020      0x188 /opt/altera/13.1/nios2eds/bin/gnu/H-i686-pc-linux-gnu/bin/../lib/gcc/nios2-elf/4.7.3/../../../../../H-i686-pc-linux-gnu/nios2-elf/lib/mno-hw-mul/libsmallc.a(lib_a-vfprintf.o)
 .debug_ranges  0x000001a8       0x18 /opt/altera/13.1/nios2eds/bin/gnu/H-i686-pc-linux-gnu/bin/../lib/gcc/nios2-elf/4.7.3/../../../../../H-i686-pc-linux-gnu/nios2-elf/lib/mno-hw-mul/libsmallc.a(lib_a-fvwrite_small_dev.o)
 .debug_ranges  0x000001c0       0x18 ../assignment4_bsp//libhal_bsp.a(altera_avalon_jtag_uart_read.o)
 .debug_ranges  0x000001d8       0x30 ../assignment4_bsp//libhal_bsp.a(alt_iic.o)
 .debug_ranges  0x00000208       0x28 ../assignment4_bsp//libhal_bsp.a(alt_irq_entry.o)
 .debug_ranges  0x00000230       0x10 ../assignment4_bsp//libhal_bsp.a(alt_irq_handler.o)
 .debug_ranges  0x00000240       0x30 ../assignment4_bsp//libhal_bsp.a(alt_exception_entry.o)
 .debug_ranges  0x00000270       0x18 /opt/altera/13.1/nios2eds/bin/gnu/H-i686-pc-linux-gnu/bin/../lib/gcc/nios2-elf/4.7.3/../../../../../H-i686-pc-linux-gnu/nios2-elf/lib/mno-hw-mul/libsmallc.a(lib_a-__call_atexit.o)
