Archive member included because of file (symbol)

../assignment_9_bsp//libhal_bsp.a(alt_load.o)
                              ../assignment_9_bsp//obj/HAL/src/crt0.o (alt_load)
../assignment_9_bsp//libhal_bsp.a(alt_main.o)
                              ../assignment_9_bsp//obj/HAL/src/crt0.o (alt_main)
../assignment_9_bsp//libhal_bsp.a(alt_sys_init.o)
                              ../assignment_9_bsp//libhal_bsp.a(alt_main.o) (alt_irq_init)
../assignment_9_bsp//libhal_bsp.a(altera_avalon_jtag_uart_fd.o)
                              ../assignment_9_bsp//libhal_bsp.a(alt_sys_init.o) (altera_avalon_jtag_uart_read_fd)
../assignment_9_bsp//libhal_bsp.a(altera_avalon_jtag_uart_read.o)
                              ../assignment_9_bsp//libhal_bsp.a(altera_avalon_jtag_uart_fd.o) (altera_avalon_jtag_uart_read)
../assignment_9_bsp//libhal_bsp.a(altera_avalon_jtag_uart_write.o)
                              ../assignment_9_bsp//libhal_bsp.a(altera_avalon_jtag_uart_fd.o) (altera_avalon_jtag_uart_write)
../assignment_9_bsp//libhal_bsp.a(altera_avalon_timer_sc.o)
                              ../assignment_9_bsp//libhal_bsp.a(alt_sys_init.o) (alt_avalon_timer_sc_init)
../assignment_9_bsp//libhal_bsp.a(altera_avalon_uart_fd.o)
                              ../assignment_9_bsp//libhal_bsp.a(alt_sys_init.o) (altera_avalon_uart_read_fd)
../assignment_9_bsp//libhal_bsp.a(altera_avalon_uart_read.o)
                              ../assignment_9_bsp//libhal_bsp.a(altera_avalon_uart_fd.o) (altera_avalon_uart_read)
../assignment_9_bsp//libhal_bsp.a(altera_avalon_uart_write.o)
                              ../assignment_9_bsp//libhal_bsp.a(altera_avalon_uart_fd.o) (altera_avalon_uart_write)
../assignment_9_bsp//libhal_bsp.a(alt_close.o)
                              ../assignment_9_bsp//libhal_bsp.a(alt_main.o) (close)
../assignment_9_bsp//libhal_bsp.a(alt_dcache_flush_all.o)
                              ../assignment_9_bsp//libhal_bsp.a(alt_load.o) (alt_dcache_flush_all)
../assignment_9_bsp//libhal_bsp.a(alt_dev.o)
                              ../assignment_9_bsp//libhal_bsp.a(alt_sys_init.o) (alt_dev_list)
../assignment_9_bsp//libhal_bsp.a(alt_dev_llist_insert.o)
                              ../assignment_9_bsp//libhal_bsp.a(alt_sys_init.o) (alt_dev_llist_insert)
../assignment_9_bsp//libhal_bsp.a(alt_errno.o)
                              ../assignment_9_bsp//libhal_bsp.a(altera_avalon_uart_read.o) (alt_errno)
../assignment_9_bsp//libhal_bsp.a(alt_icache_flush_all.o)
                              ../assignment_9_bsp//libhal_bsp.a(alt_load.o) (alt_icache_flush_all)
../assignment_9_bsp//libhal_bsp.a(alt_iic.o)
                              ../assignment_9_bsp//libhal_bsp.a(altera_avalon_timer_sc.o) (alt_ic_isr_register)
../assignment_9_bsp//libhal_bsp.a(alt_iic_isr_register.o)
                              ../assignment_9_bsp//libhal_bsp.a(alt_iic.o) (alt_iic_isr_register)
../assignment_9_bsp//libhal_bsp.a(alt_io_redirect.o)
                              ../assignment_9_bsp//libhal_bsp.a(alt_main.o) (alt_io_redirect)
../assignment_9_bsp//libhal_bsp.a(alt_irq_entry.o)
                              ../assignment_9_bsp//libhal_bsp.a(alt_iic_isr_register.o) (alt_irq_entry)
../assignment_9_bsp//libhal_bsp.a(alt_irq_handler.o)
                              ../assignment_9_bsp//libhal_bsp.a(alt_iic_isr_register.o) (alt_irq)
../assignment_9_bsp//libhal_bsp.a(alt_irq_vars.o)
                              ../assignment_9_bsp//libhal_bsp.a(alt_iic.o) (alt_irq_active)
../assignment_9_bsp//libhal_bsp.a(alt_open.o)
                              ../assignment_9_bsp//libhal_bsp.a(alt_io_redirect.o) (open)
../assignment_9_bsp//libhal_bsp.a(alt_release_fd.o)
                              ../assignment_9_bsp//libhal_bsp.a(alt_close.o) (alt_release_fd)
../assignment_9_bsp//libhal_bsp.a(alt_tick.o)
                              ../assignment_9_bsp//libhal_bsp.a(altera_avalon_timer_sc.o) (_alt_tick_rate)
../assignment_9_bsp//libhal_bsp.a(altera_nios2_qsys_irq.o)
                              ../assignment_9_bsp//libhal_bsp.a(alt_sys_init.o) (altera_nios2_qsys_irq_init)
../assignment_9_bsp//libhal_bsp.a(alt_exception_entry.o)
                              ../assignment_9_bsp//libhal_bsp.a(alt_irq_entry.o) (alt_exception)
../assignment_9_bsp//libhal_bsp.a(alt_find_dev.o)
                              ../assignment_9_bsp//libhal_bsp.a(alt_open.o) (alt_find_dev)
../assignment_9_bsp//libhal_bsp.a(alt_find_file.o)
                              ../assignment_9_bsp//libhal_bsp.a(alt_open.o) (alt_find_file)
../assignment_9_bsp//libhal_bsp.a(alt_get_fd.o)
                              ../assignment_9_bsp//libhal_bsp.a(alt_open.o) (alt_get_fd)
../assignment_9_bsp//libhal_bsp.a(alt_icache_flush.o)
                              ../assignment_9_bsp//libhal_bsp.a(alt_icache_flush_all.o) (alt_icache_flush)
/opt/altera/13.1/nios2eds/bin/gnu/H-i686-pc-linux-gnu/bin/../lib/gcc/nios2-elf/4.7.3/../../../../../H-i686-pc-linux-gnu/nios2-elf/lib/mno-hw-mul/libsmallc.a(lib_a-exit.o)
                              ../assignment_9_bsp//libhal_bsp.a(alt_main.o) (exit)
/opt/altera/13.1/nios2eds/bin/gnu/H-i686-pc-linux-gnu/bin/../lib/gcc/nios2-elf/4.7.3/../../../../../H-i686-pc-linux-gnu/nios2-elf/lib/mno-hw-mul/libsmallc.a(lib_a-int_errno.o)
                              ../assignment_9_bsp//libhal_bsp.a(altera_avalon_uart_read.o) (errno)
/opt/altera/13.1/nios2eds/bin/gnu/H-i686-pc-linux-gnu/bin/../lib/gcc/nios2-elf/4.7.3/../../../../../H-i686-pc-linux-gnu/nios2-elf/lib/mno-hw-mul/libsmallc.a(lib_a-memcmp.o)
                              ../assignment_9_bsp//libhal_bsp.a(alt_find_dev.o) (memcmp)
/opt/altera/13.1/nios2eds/bin/gnu/H-i686-pc-linux-gnu/bin/../lib/gcc/nios2-elf/4.7.3/../../../../../H-i686-pc-linux-gnu/nios2-elf/lib/mno-hw-mul/libsmallc.a(lib_a-strlen.o)
                              ../assignment_9_bsp//libhal_bsp.a(alt_find_dev.o) (strlen)
/opt/altera/13.1/nios2eds/bin/gnu/H-i686-pc-linux-gnu/bin/../lib/gcc/nios2-elf/4.7.3/../../../../../H-i686-pc-linux-gnu/nios2-elf/lib/mno-hw-mul/libsmallc.a(lib_a-__call_atexit.o)
                              /opt/altera/13.1/nios2eds/bin/gnu/H-i686-pc-linux-gnu/bin/../lib/gcc/nios2-elf/4.7.3/../../../../../H-i686-pc-linux-gnu/nios2-elf/lib/mno-hw-mul/libsmallc.a(lib_a-exit.o) (__call_exitprocs)
/opt/altera/13.1/nios2eds/bin/gnu/H-i686-pc-linux-gnu/bin/../lib/gcc/nios2-elf/4.7.3/../../../../../H-i686-pc-linux-gnu/nios2-elf/lib/mno-hw-mul/libsmallc.a(lib_a-impure.o)
                              /opt/altera/13.1/nios2eds/bin/gnu/H-i686-pc-linux-gnu/bin/../lib/gcc/nios2-elf/4.7.3/../../../../../H-i686-pc-linux-gnu/nios2-elf/lib/mno-hw-mul/libsmallc.a(lib_a-__call_atexit.o) (_global_impure_ptr)
/opt/altera/13.1/nios2eds/bin/gnu/H-i686-pc-linux-gnu/bin/../lib/gcc/nios2-elf/4.7.3/mno-hw-mul/libgcc.a(lib2-mul.o)
                              ../assignment_9_bsp//libhal_bsp.a(alt_close.o) (__mulsi3)
../assignment_9_bsp//libhal_bsp.a(alt_exit.o)
                              /opt/altera/13.1/nios2eds/bin/gnu/H-i686-pc-linux-gnu/bin/../lib/gcc/nios2-elf/4.7.3/../../../../../H-i686-pc-linux-gnu/nios2-elf/lib/mno-hw-mul/libsmallc.a(lib_a-exit.o) (_exit)

Allocating common symbols
Common symbol       size              file

alt_irq             0x100             ../assignment_9_bsp//libhal_bsp.a(alt_irq_handler.o)
errno               0x4               /opt/altera/13.1/nios2eds/bin/gnu/H-i686-pc-linux-gnu/bin/../lib/gcc/nios2-elf/4.7.3/../../../../../H-i686-pc-linux-gnu/nios2-elf/lib/mno-hw-mul/libsmallc.a(lib_a-int_errno.o)

Memory Configuration

Name             Origin             Length             Attributes
reset            0x00008000         0x00000020
onchip_mem       0x00008020         0x00004fe0
*default*        0x00000000         0xffffffff

Linker script and memory map

LOAD ../assignment_9_bsp//obj/HAL/src/crt0.o
LOAD obj/default/hello_world.o
LOAD /opt/altera/13.1/nios2eds/bin/gnu/H-i686-pc-linux-gnu/bin/../lib/gcc/nios2-elf/4.7.3/../../../../../H-i686-pc-linux-gnu/nios2-elf/lib/mno-hw-mul/libstdc++.a
LOAD /opt/altera/13.1/nios2eds/bin/gnu/H-i686-pc-linux-gnu/bin/../lib/gcc/nios2-elf/4.7.3/../../../../../H-i686-pc-linux-gnu/nios2-elf/lib/mno-hw-mul/libm.a
LOAD /opt/altera/13.1/nios2eds/bin/gnu/H-i686-pc-linux-gnu/bin/../lib/gcc/nios2-elf/4.7.3/mno-hw-mul/libgcc.a
START GROUP
LOAD /opt/altera/13.1/nios2eds/bin/gnu/H-i686-pc-linux-gnu/bin/../lib/gcc/nios2-elf/4.7.3/../../../../../H-i686-pc-linux-gnu/nios2-elf/lib/mno-hw-mul/libsmallc.a
LOAD /opt/altera/13.1/nios2eds/bin/gnu/H-i686-pc-linux-gnu/bin/../lib/gcc/nios2-elf/4.7.3/mno-hw-mul/libgcc.a
LOAD ../assignment_9_bsp//libhal_bsp.a
END GROUP
LOAD /opt/altera/13.1/nios2eds/bin/gnu/H-i686-pc-linux-gnu/bin/../lib/gcc/nios2-elf/4.7.3/mno-hw-mul/libgcc.a
                0x00008000                __alt_mem_onchip_mem = 0x8000

.entry          0x00008000       0x20
 *(.entry)
 .entry         0x00008000       0x20 ../assignment_9_bsp//obj/HAL/src/crt0.o
                0x00008000                __reset

.exceptions     0x00008020      0x198
                0x00008020                PROVIDE (__ram_exceptions_start, ABSOLUTE (.))
                0x00008020                . = ALIGN (0x20)
 *(.irq)
 *(.exceptions.entry.label)
 .exceptions.entry.label
                0x00008020        0x0 ../assignment_9_bsp//libhal_bsp.a(alt_irq_entry.o)
                0x00008020                alt_irq_entry
 .exceptions.entry.label
                0x00008020        0x0 ../assignment_9_bsp//libhal_bsp.a(alt_exception_entry.o)
                0x00008020                alt_exception
 *(.exceptions.entry.user)
 *(.exceptions.entry.ecc_fatal)
 *(.exceptions.entry)
 .exceptions.entry
                0x00008020       0x54 ../assignment_9_bsp//libhal_bsp.a(alt_exception_entry.o)
 *(.exceptions.irqtest.user)
 *(.exceptions.irqtest)
 .exceptions.irqtest
                0x00008074       0x10 ../assignment_9_bsp//libhal_bsp.a(alt_irq_entry.o)
 *(.exceptions.irqhandler.user)
 *(.exceptions.irqhandler)
 .exceptions.irqhandler
                0x00008084        0x4 ../assignment_9_bsp//libhal_bsp.a(alt_irq_entry.o)
 *(.exceptions.irqreturn.user)
 *(.exceptions.irqreturn)
 .exceptions.irqreturn
                0x00008088        0x4 ../assignment_9_bsp//libhal_bsp.a(alt_irq_entry.o)
 *(.exceptions.notirq.label)
 .exceptions.notirq.label
                0x0000808c        0x0 ../assignment_9_bsp//libhal_bsp.a(alt_irq_entry.o)
 *(.exceptions.notirq.user)
 *(.exceptions.notirq)
 .exceptions.notirq
                0x0000808c        0x8 ../assignment_9_bsp//libhal_bsp.a(alt_exception_entry.o)
 *(.exceptions.soft.user)
 *(.exceptions.soft)
 *(.exceptions.unknown.user)
 *(.exceptions.unknown)
 .exceptions.unknown
                0x00008094        0x4 ../assignment_9_bsp//libhal_bsp.a(alt_exception_entry.o)
 *(.exceptions.exit.label)
 .exceptions.exit.label
                0x00008098        0x0 ../assignment_9_bsp//libhal_bsp.a(alt_irq_entry.o)
 .exceptions.exit.label
                0x00008098        0x0 ../assignment_9_bsp//libhal_bsp.a(alt_exception_entry.o)
 *(.exceptions.exit.user)
 *(.exceptions.exit)
 .exceptions.exit
                0x00008098       0x54 ../assignment_9_bsp//libhal_bsp.a(alt_exception_entry.o)
 *(.exceptions)
 .exceptions    0x000080ec       0xcc ../assignment_9_bsp//libhal_bsp.a(alt_irq_handler.o)
                0x000080ec                alt_irq_handler
                0x000081b8                PROVIDE (__ram_exceptions_end, ABSOLUTE (.))
                0x00008020                PROVIDE (__flash_exceptions_start, LOADADDR (.exceptions))

.text           0x000081b8     0x1ac4
                0x000081b8                PROVIDE (stext, ABSOLUTE (.))
 *(.interp)
 *(.hash)
 *(.dynsym)
 *(.dynstr)
 *(.gnu.version)
 *(.gnu.version_d)
 *(.gnu.version_r)
 *(.rel.init)
 *(.rela.init)
 *(.rel.text .rel.text.* .rel.gnu.linkonce.t.*)
 *(.rela.text .rela.text.* .rela.gnu.linkonce.t.*)
 *(.rel.fini)
 *(.rela.fini)
 *(.rel.rodata .rel.rodata.* .rel.gnu.linkonce.r.*)
 *(.rela.rodata .rela.rodata.* .rela.gnu.linkonce.r.*)
 *(.rel.data .rel.data.* .rel.gnu.linkonce.d.*)
 *(.rela.data .rela.data.* .rela.gnu.linkonce.d.*)
 *(.rel.tdata .rel.tdata.* .rel.gnu.linkonce.td.*)
 *(.rela.tdata .rela.tdata.* .rela.gnu.linkonce.td.*)
 *(.rel.tbss .rel.tbss.* .rel.gnu.linkonce.tb.*)
 *(.rela.tbss .rela.tbss.* .rela.gnu.linkonce.tb.*)
 *(.rel.ctors)
 *(.rela.ctors)
 *(.rel.dtors)
 *(.rela.dtors)
 *(.rel.got)
 *(.rela.got)
 *(.rel.sdata .rel.sdata.* .rel.gnu.linkonce.s.*)
 *(.rela.sdata .rela.sdata.* .rela.gnu.linkonce.s.*)
 *(.rel.sbss .rel.sbss.* .rel.gnu.linkonce.sb.*)
 *(.rela.sbss .rela.sbss.* .rela.gnu.linkonce.sb.*)
 *(.rel.sdata2 .rel.sdata2.* .rel.gnu.linkonce.s2.*)
 *(.rela.sdata2 .rela.sdata2.* .rela.gnu.linkonce.s2.*)
 *(.rel.sbss2 .rel.sbss2.* .rel.gnu.linkonce.sb2.*)
 *(.rela.sbss2 .rela.sbss2.* .rela.gnu.linkonce.sb2.*)
 *(.rel.bss .rel.bss.* .rel.gnu.linkonce.b.*)
 *(.rela.bss .rela.bss.* .rela.gnu.linkonce.b.*)
 *(.rel.plt)
 *(.rela.plt)
 *(.rel.dyn)
 *(.init)
 *(.plt)
 *(.text .stub .text.* .gnu.linkonce.t.*)
 .text          0x000081b8       0x3c ../assignment_9_bsp//obj/HAL/src/crt0.o
                0x000081b8                _start
 .text          0x000081f4       0xe4 obj/default/hello_world.o
                0x000081f4                uart_init
                0x00008220                uart_send_char
                0x0000826c                uart_receive_char
                0x000082ac                main
 .text          0x000082d8       0xec ../assignment_9_bsp//libhal_bsp.a(alt_load.o)
                0x00008344                alt_load
 .text          0x000083c4       0x68 ../assignment_9_bsp//libhal_bsp.a(alt_main.o)
                0x000083c4                alt_main
 .text          0x0000842c       0xc4 ../assignment_9_bsp//libhal_bsp.a(alt_sys_init.o)
                0x00008464                alt_irq_init
                0x00008498                alt_sys_init
 .text          0x000084f0       0xc0 ../assignment_9_bsp//libhal_bsp.a(altera_avalon_jtag_uart_fd.o)
                0x000084f0                altera_avalon_jtag_uart_read_fd
                0x00008550                altera_avalon_jtag_uart_write_fd
 .text          0x000085b0       0xf4 ../assignment_9_bsp//libhal_bsp.a(altera_avalon_jtag_uart_read.o)
                0x000085b0                altera_avalon_jtag_uart_read
 .text          0x000086a4       0x98 ../assignment_9_bsp//libhal_bsp.a(altera_avalon_jtag_uart_write.o)
                0x000086a4                altera_avalon_jtag_uart_write
 .text          0x0000873c       0xfc ../assignment_9_bsp//libhal_bsp.a(altera_avalon_timer_sc.o)
                0x000087b0                alt_avalon_timer_sc_init
 .text          0x00008838       0xc0 ../assignment_9_bsp//libhal_bsp.a(altera_avalon_uart_fd.o)
                0x00008838                altera_avalon_uart_read_fd
                0x00008898                altera_avalon_uart_write_fd
 .text          0x000088f8      0x110 ../assignment_9_bsp//libhal_bsp.a(altera_avalon_uart_read.o)
                0x00008948                altera_avalon_uart_read
 .text          0x00008a08      0x12c ../assignment_9_bsp//libhal_bsp.a(altera_avalon_uart_write.o)
                0x00008a58                altera_avalon_uart_write
 .text          0x00008b34      0x11c ../assignment_9_bsp//libhal_bsp.a(alt_close.o)
                0x00008b84                close
 .text          0x00008c50       0x1c ../assignment_9_bsp//libhal_bsp.a(alt_dcache_flush_all.o)
                0x00008c50                alt_dcache_flush_all
 .text          0x00008c6c       0x2c ../assignment_9_bsp//libhal_bsp.a(alt_dev.o)
 .text          0x00008c98       0xf0 ../assignment_9_bsp//libhal_bsp.a(alt_dev_llist_insert.o)
                0x00008ce8                alt_dev_llist_insert
 .text          0x00008d88        0x0 ../assignment_9_bsp//libhal_bsp.a(alt_errno.o)
 .text          0x00008d88       0x30 ../assignment_9_bsp//libhal_bsp.a(alt_icache_flush_all.o)
                0x00008d88                alt_icache_flush_all
 .text          0x00008db8      0x1d8 ../assignment_9_bsp//libhal_bsp.a(alt_iic.o)
                0x00008db8                alt_ic_isr_register
                0x00008e08                alt_ic_irq_enable
                0x00008ea4                alt_ic_irq_disable
                0x00008f44                alt_ic_irq_enabled
 .text          0x00008f90       0xf0 ../assignment_9_bsp//libhal_bsp.a(alt_iic_isr_register.o)
                0x00008f90                alt_iic_isr_register
 .text          0x00009080      0x158 ../assignment_9_bsp//libhal_bsp.a(alt_io_redirect.o)
                0x00009160                alt_io_redirect
 .text          0x000091d8        0x0 ../assignment_9_bsp//libhal_bsp.a(alt_irq_entry.o)
 .text          0x000091d8        0x0 ../assignment_9_bsp//libhal_bsp.a(alt_irq_handler.o)
 .text          0x000091d8        0x0 ../assignment_9_bsp//libhal_bsp.a(alt_irq_vars.o)
 .text          0x000091d8      0x298 ../assignment_9_bsp//libhal_bsp.a(alt_open.o)
                0x00009318                open
 .text          0x00009470       0x80 ../assignment_9_bsp//libhal_bsp.a(alt_release_fd.o)
                0x00009470                alt_release_fd
 .text          0x000094f0      0x19c ../assignment_9_bsp//libhal_bsp.a(alt_tick.o)
                0x000094f0                alt_alarm_stop
                0x00009588                alt_tick
 .text          0x0000968c       0x20 ../assignment_9_bsp//libhal_bsp.a(altera_nios2_qsys_irq.o)
                0x0000968c                altera_nios2_qsys_irq_init
 .text          0x000096ac        0x0 ../assignment_9_bsp//libhal_bsp.a(alt_exception_entry.o)
 .text          0x000096ac       0x90 ../assignment_9_bsp//libhal_bsp.a(alt_find_dev.o)
                0x000096ac                alt_find_dev
 .text          0x0000973c      0x114 ../assignment_9_bsp//libhal_bsp.a(alt_find_file.o)
                0x0000973c                alt_find_file
 .text          0x00009850       0xd4 ../assignment_9_bsp//libhal_bsp.a(alt_get_fd.o)
                0x00009850                alt_get_fd
 .text          0x00009924       0x8c ../assignment_9_bsp//libhal_bsp.a(alt_icache_flush.o)
                0x00009924                alt_icache_flush
 .text          0x000099b0       0x20 /opt/altera/13.1/nios2eds/bin/gnu/H-i686-pc-linux-gnu/bin/../lib/gcc/nios2-elf/4.7.3/../../../../../H-i686-pc-linux-gnu/nios2-elf/lib/mno-hw-mul/libsmallc.a(lib_a-exit.o)
                0x000099b0                exit
 .text          0x000099d0        0x0 /opt/altera/13.1/nios2eds/bin/gnu/H-i686-pc-linux-gnu/bin/../lib/gcc/nios2-elf/4.7.3/../../../../../H-i686-pc-linux-gnu/nios2-elf/lib/mno-hw-mul/libsmallc.a(lib_a-int_errno.o)
 .text          0x000099d0       0x48 /opt/altera/13.1/nios2eds/bin/gnu/H-i686-pc-linux-gnu/bin/../lib/gcc/nios2-elf/4.7.3/../../../../../H-i686-pc-linux-gnu/nios2-elf/lib/mno-hw-mul/libsmallc.a(lib_a-memcmp.o)
                0x000099d0                memcmp
 .text          0x00009a18       0x28 /opt/altera/13.1/nios2eds/bin/gnu/H-i686-pc-linux-gnu/bin/../lib/gcc/nios2-elf/4.7.3/../../../../../H-i686-pc-linux-gnu/nios2-elf/lib/mno-hw-mul/libsmallc.a(lib_a-strlen.o)
                0x00009a18                strlen
 .text          0x00009a40      0x1d8 /opt/altera/13.1/nios2eds/bin/gnu/H-i686-pc-linux-gnu/bin/../lib/gcc/nios2-elf/4.7.3/../../../../../H-i686-pc-linux-gnu/nios2-elf/lib/mno-hw-mul/libsmallc.a(lib_a-__call_atexit.o)
                0x00009a40                __call_exitprocs
 .text          0x00009c18        0x0 /opt/altera/13.1/nios2eds/bin/gnu/H-i686-pc-linux-gnu/bin/../lib/gcc/nios2-elf/4.7.3/../../../../../H-i686-pc-linux-gnu/nios2-elf/lib/mno-hw-mul/libsmallc.a(lib_a-impure.o)
 .text          0x00009c18       0x28 /opt/altera/13.1/nios2eds/bin/gnu/H-i686-pc-linux-gnu/bin/../lib/gcc/nios2-elf/4.7.3/mno-hw-mul/libgcc.a(lib2-mul.o)
                0x00009c18                __mulsi3
 .text          0x00009c40       0x3c ../assignment_9_bsp//libhal_bsp.a(alt_exit.o)
                0x00009c40                _exit
 *(.gnu.warning.*)
 *(.fini)
                0x00009c7c                PROVIDE (__etext, ABSOLUTE (.))
                0x00009c7c                PROVIDE (_etext, ABSOLUTE (.))
                0x00009c7c                PROVIDE (etext, ABSOLUTE (.))
 *(.eh_frame_hdr)
                0x00009c7c                . = ALIGN (0x4)
                0x00009c7c                PROVIDE (__preinit_array_start, ABSOLUTE (.))
 *(.preinit_array)
                0x00009c7c                PROVIDE (__preinit_array_end, ABSOLUTE (.))
                0x00009c7c                PROVIDE (__init_array_start, ABSOLUTE (.))
 *(.init_array)
                0x00009c7c                PROVIDE (__init_array_end, ABSOLUTE (.))
                0x00009c7c                PROVIDE (__fini_array_start, ABSOLUTE (.))
 *(.fini_array)
                0x00009c7c                PROVIDE (__fini_array_end, ABSOLUTE (.))
 *(.eh_frame)
 *(.gcc_except_table .gcc_except_table.*)
 *(.dynamic)
                0x00009c7c                PROVIDE (__CTOR_LIST__, ABSOLUTE (.))
 *(.ctors)
 *(SORT(.ctors.*))
                0x00009c7c                PROVIDE (__CTOR_END__, ABSOLUTE (.))
                0x00009c7c                PROVIDE (__DTOR_LIST__, ABSOLUTE (.))
 *(.dtors)
 *(SORT(.dtors.*))
                0x00009c7c                PROVIDE (__DTOR_END__, ABSOLUTE (.))
 *(.jcr)
                0x00009c7c                . = ALIGN (0x4)

.rodata         0x00009c7c       0x38
                0x00009c7c                PROVIDE (__ram_rodata_start, ABSOLUTE (.))
                0x00009c7c                . = ALIGN (0x4)
 *(.rodata .rodata.* .gnu.linkonce.r.*)
 .rodata        0x00009c7c       0x10 ../assignment_9_bsp//libhal_bsp.a(alt_main.o)
 .rodata        0x00009c8c       0x1c ../assignment_9_bsp//libhal_bsp.a(alt_sys_init.o)
 .rodata        0x00009ca8        0xc ../assignment_9_bsp//libhal_bsp.a(alt_dev.o)
 *(.rodata1)
                0x00009cb4                . = ALIGN (0x4)
                0x00009cb4                PROVIDE (__ram_rodata_end, ABSOLUTE (.))
                0x00009c7c                PROVIDE (__flash_rodata_start, LOADADDR (.rodata))

.rwdata         0x00009cb4      0x30c load address 0x00009fc0
                0x00009cb4                PROVIDE (__ram_rwdata_start, ABSOLUTE (.))
                0x00009cb4                . = ALIGN (0x4)
 *(.got.plt)
 *(.got)
 *(.data1)
 *(.data .data.* .gnu.linkonce.d.*)
 .data          0x00009cb4        0x0 ../assignment_9_bsp//obj/HAL/src/crt0.o
 .data          0x00009cb4        0x0 obj/default/hello_world.o
 .data          0x00009cb4        0x0 ../assignment_9_bsp//libhal_bsp.a(alt_load.o)
 .data          0x00009cb4        0x0 ../assignment_9_bsp//libhal_bsp.a(alt_main.o)
 .data          0x00009cb4       0x58 ../assignment_9_bsp//libhal_bsp.a(alt_sys_init.o)
 .data          0x00009d0c        0x0 ../assignment_9_bsp//libhal_bsp.a(altera_avalon_jtag_uart_fd.o)
 .data          0x00009d0c        0x0 ../assignment_9_bsp//libhal_bsp.a(altera_avalon_jtag_uart_read.o)
 .data          0x00009d0c        0x0 ../assignment_9_bsp//libhal_bsp.a(altera_avalon_jtag_uart_write.o)
 .data          0x00009d0c        0x0 ../assignment_9_bsp//libhal_bsp.a(altera_avalon_timer_sc.o)
 .data          0x00009d0c        0x0 ../assignment_9_bsp//libhal_bsp.a(altera_avalon_uart_fd.o)
 .data          0x00009d0c        0x0 ../assignment_9_bsp//libhal_bsp.a(altera_avalon_uart_read.o)
 .data          0x00009d0c        0x0 ../assignment_9_bsp//libhal_bsp.a(altera_avalon_uart_write.o)
 .data          0x00009d0c        0x0 ../assignment_9_bsp//libhal_bsp.a(alt_close.o)
 .data          0x00009d0c        0x0 ../assignment_9_bsp//libhal_bsp.a(alt_dcache_flush_all.o)
 .data          0x00009d0c      0x1a8 ../assignment_9_bsp//libhal_bsp.a(alt_dev.o)
                0x00009d0c                alt_dev_null
                0x00009d34                alt_fd_list
 .data          0x00009eb4        0x0 ../assignment_9_bsp//libhal_bsp.a(alt_dev_llist_insert.o)
 .data          0x00009eb4        0x0 ../assignment_9_bsp//libhal_bsp.a(alt_errno.o)
 .data          0x00009eb4        0x0 ../assignment_9_bsp//libhal_bsp.a(alt_icache_flush_all.o)
 .data          0x00009eb4        0x0 ../assignment_9_bsp//libhal_bsp.a(alt_iic.o)
 .data          0x00009eb4        0x0 ../assignment_9_bsp//libhal_bsp.a(alt_iic_isr_register.o)
 .data          0x00009eb4        0x0 ../assignment_9_bsp//libhal_bsp.a(alt_io_redirect.o)
 .data          0x00009eb4        0x0 ../assignment_9_bsp//libhal_bsp.a(alt_irq_entry.o)
 .data          0x00009eb4        0x0 ../assignment_9_bsp//libhal_bsp.a(alt_irq_handler.o)
 .data          0x00009eb4        0x0 ../assignment_9_bsp//libhal_bsp.a(alt_irq_vars.o)
 .data          0x00009eb4        0x0 ../assignment_9_bsp//libhal_bsp.a(alt_open.o)
 .data          0x00009eb4        0x0 ../assignment_9_bsp//libhal_bsp.a(alt_release_fd.o)
 .data          0x00009eb4        0x0 ../assignment_9_bsp//libhal_bsp.a(alt_tick.o)
 .data          0x00009eb4        0x0 ../assignment_9_bsp//libhal_bsp.a(altera_nios2_qsys_irq.o)
 .data          0x00009eb4        0x0 ../assignment_9_bsp//libhal_bsp.a(alt_exception_entry.o)
 .data          0x00009eb4        0x0 ../assignment_9_bsp//libhal_bsp.a(alt_find_dev.o)
 .data          0x00009eb4        0x0 ../assignment_9_bsp//libhal_bsp.a(alt_find_file.o)
 .data          0x00009eb4        0x0 ../assignment_9_bsp//libhal_bsp.a(alt_get_fd.o)
 .data          0x00009eb4        0x0 ../assignment_9_bsp//libhal_bsp.a(alt_icache_flush.o)
 .data          0x00009eb4        0x0 /opt/altera/13.1/nios2eds/bin/gnu/H-i686-pc-linux-gnu/bin/../lib/gcc/nios2-elf/4.7.3/../../../../../H-i686-pc-linux-gnu/nios2-elf/lib/mno-hw-mul/libsmallc.a(lib_a-exit.o)
 .data          0x00009eb4        0x0 /opt/altera/13.1/nios2eds/bin/gnu/H-i686-pc-linux-gnu/bin/../lib/gcc/nios2-elf/4.7.3/../../../../../H-i686-pc-linux-gnu/nios2-elf/lib/mno-hw-mul/libsmallc.a(lib_a-int_errno.o)
 .data          0x00009eb4        0x0 /opt/altera/13.1/nios2eds/bin/gnu/H-i686-pc-linux-gnu/bin/../lib/gcc/nios2-elf/4.7.3/../../../../../H-i686-pc-linux-gnu/nios2-elf/lib/mno-hw-mul/libsmallc.a(lib_a-memcmp.o)
 .data          0x00009eb4        0x0 /opt/altera/13.1/nios2eds/bin/gnu/H-i686-pc-linux-gnu/bin/../lib/gcc/nios2-elf/4.7.3/../../../../../H-i686-pc-linux-gnu/nios2-elf/lib/mno-hw-mul/libsmallc.a(lib_a-strlen.o)
 .data          0x00009eb4        0x0 /opt/altera/13.1/nios2eds/bin/gnu/H-i686-pc-linux-gnu/bin/../lib/gcc/nios2-elf/4.7.3/../../../../../H-i686-pc-linux-gnu/nios2-elf/lib/mno-hw-mul/libsmallc.a(lib_a-__call_atexit.o)
 .data          0x00009eb4       0xe0 /opt/altera/13.1/nios2eds/bin/gnu/H-i686-pc-linux-gnu/bin/../lib/gcc/nios2-elf/4.7.3/../../../../../H-i686-pc-linux-gnu/nios2-elf/lib/mno-hw-mul/libsmallc.a(lib_a-impure.o)
 .data          0x00009f94        0x0 /opt/altera/13.1/nios2eds/bin/gnu/H-i686-pc-linux-gnu/bin/../lib/gcc/nios2-elf/4.7.3/mno-hw-mul/libgcc.a(lib2-mul.o)
 .data          0x00009f94        0x0 ../assignment_9_bsp//libhal_bsp.a(alt_exit.o)
                0x00011f94                _gp = ABSOLUTE ((. + 0x8000))
                0x00011f94                PROVIDE (gp, _gp)
 *(.rwdata .rwdata.*)
 *(.sdata .sdata.* .gnu.linkonce.s.*)
 .sdata         0x00009f94       0x14 ../assignment_9_bsp//libhal_bsp.a(alt_dev.o)
                0x00009f94                alt_fs_list
                0x00009f9c                alt_dev_list
                0x00009fa4                alt_max_fd
 .sdata         0x00009fa8        0x4 ../assignment_9_bsp//libhal_bsp.a(alt_errno.o)
                0x00009fa8                alt_errno
 .sdata         0x00009fac        0x4 ../assignment_9_bsp//libhal_bsp.a(alt_irq_vars.o)
                0x00009fac                alt_priority_mask
 .sdata         0x00009fb0        0x8 ../assignment_9_bsp//libhal_bsp.a(alt_tick.o)
                0x00009fb0                alt_alarm_list
 .sdata         0x00009fb8        0x8 /opt/altera/13.1/nios2eds/bin/gnu/H-i686-pc-linux-gnu/bin/../lib/gcc/nios2-elf/4.7.3/../../../../../H-i686-pc-linux-gnu/nios2-elf/lib/mno-hw-mul/libsmallc.a(lib_a-impure.o)
                0x00009fb8                _global_impure_ptr
                0x00009fbc                _impure_ptr
 *(.sdata2 .sdata2.* .gnu.linkonce.s2.*)
                0x00009fc0                . = ALIGN (0x4)
                0x00009fc0                _edata = ABSOLUTE (.)
                0x00009fc0                PROVIDE (edata, ABSOLUTE (.))
                0x00009fc0                PROVIDE (__ram_rwdata_end, ABSOLUTE (.))
                0x00009fc0                PROVIDE (__flash_rwdata_start, LOADADDR (.rwdata))

.bss            0x0000a2cc      0x11c
                0x0000a2cc                __bss_start = ABSOLUTE (.)
                0x0000a2cc                PROVIDE (__sbss_start, ABSOLUTE (.))
                0x0000a2cc                PROVIDE (___sbss_start, ABSOLUTE (.))
 *(.dynsbss)
 *(.sbss .sbss.* .gnu.linkonce.sb.*)
 .sbss          0x0000a2cc        0xc ../assignment_9_bsp//libhal_bsp.a(alt_main.o)
                0x0000a2cc                alt_argc
                0x0000a2d0                alt_argv
                0x0000a2d4                alt_envp
 .sbss          0x0000a2d8        0x4 ../assignment_9_bsp//libhal_bsp.a(alt_irq_vars.o)
                0x0000a2d8                alt_irq_active
 .sbss          0x0000a2dc        0x8 ../assignment_9_bsp//libhal_bsp.a(alt_tick.o)
                0x0000a2dc                _alt_tick_rate
                0x0000a2e0                _alt_nticks
 .sbss          0x0000a2e4        0x4 /opt/altera/13.1/nios2eds/bin/gnu/H-i686-pc-linux-gnu/bin/../lib/gcc/nios2-elf/4.7.3/../../../../../H-i686-pc-linux-gnu/nios2-elf/lib/mno-hw-mul/libsmallc.a(lib_a-int_errno.o)
                0x0000a2e4                errno
 *(.sbss2 .sbss2.* .gnu.linkonce.sb2.*)
 *(.scommon)
                0x0000a2e8                PROVIDE (__sbss_end, ABSOLUTE (.))
                0x0000a2e8                PROVIDE (___sbss_end, ABSOLUTE (.))
 *(.dynbss)
 *(.bss .bss.* .gnu.linkonce.b.*)
 .bss           0x0000a2e8        0x0 ../assignment_9_bsp//obj/HAL/src/crt0.o
 .bss           0x0000a2e8        0x0 obj/default/hello_world.o
 .bss           0x0000a2e8        0x0 ../assignment_9_bsp//libhal_bsp.a(alt_load.o)
 .bss           0x0000a2e8        0x0 ../assignment_9_bsp//libhal_bsp.a(alt_main.o)
 .bss           0x0000a2e8        0x0 ../assignment_9_bsp//libhal_bsp.a(alt_sys_init.o)
 .bss           0x0000a2e8        0x0 ../assignment_9_bsp//libhal_bsp.a(altera_avalon_jtag_uart_fd.o)
 .bss           0x0000a2e8        0x0 ../assignment_9_bsp//libhal_bsp.a(altera_avalon_jtag_uart_read.o)
 .bss           0x0000a2e8        0x0 ../assignment_9_bsp//libhal_bsp.a(altera_avalon_jtag_uart_write.o)
 .bss           0x0000a2e8        0x0 ../assignment_9_bsp//libhal_bsp.a(altera_avalon_timer_sc.o)
 .bss           0x0000a2e8        0x0 ../assignment_9_bsp//libhal_bsp.a(altera_avalon_uart_fd.o)
 .bss           0x0000a2e8        0x0 ../assignment_9_bsp//libhal_bsp.a(altera_avalon_uart_read.o)
 .bss           0x0000a2e8        0x0 ../assignment_9_bsp//libhal_bsp.a(altera_avalon_uart_write.o)
 .bss           0x0000a2e8        0x0 ../assignment_9_bsp//libhal_bsp.a(alt_close.o)
 .bss           0x0000a2e8        0x0 ../assignment_9_bsp//libhal_bsp.a(alt_dcache_flush_all.o)
 .bss           0x0000a2e8        0x0 ../assignment_9_bsp//libhal_bsp.a(alt_dev.o)
 .bss           0x0000a2e8        0x0 ../assignment_9_bsp//libhal_bsp.a(alt_dev_llist_insert.o)
 .bss           0x0000a2e8        0x0 ../assignment_9_bsp//libhal_bsp.a(alt_errno.o)
 .bss           0x0000a2e8        0x0 ../assignment_9_bsp//libhal_bsp.a(alt_icache_flush_all.o)
 .bss           0x0000a2e8        0x0 ../assignment_9_bsp//libhal_bsp.a(alt_iic.o)
 .bss           0x0000a2e8        0x0 ../assignment_9_bsp//libhal_bsp.a(alt_iic_isr_register.o)
 .bss           0x0000a2e8        0x0 ../assignment_9_bsp//libhal_bsp.a(alt_io_redirect.o)
 .bss           0x0000a2e8        0x0 ../assignment_9_bsp//libhal_bsp.a(alt_irq_entry.o)
 .bss           0x0000a2e8        0x0 ../assignment_9_bsp//libhal_bsp.a(alt_irq_handler.o)
 .bss           0x0000a2e8        0x0 ../assignment_9_bsp//libhal_bsp.a(alt_irq_vars.o)
 .bss           0x0000a2e8        0x0 ../assignment_9_bsp//libhal_bsp.a(alt_open.o)
 .bss           0x0000a2e8        0x0 ../assignment_9_bsp//libhal_bsp.a(alt_release_fd.o)
 .bss           0x0000a2e8        0x0 ../assignment_9_bsp//libhal_bsp.a(alt_tick.o)
 .bss           0x0000a2e8        0x0 ../assignment_9_bsp//libhal_bsp.a(altera_nios2_qsys_irq.o)
 .bss           0x0000a2e8        0x0 ../assignment_9_bsp//libhal_bsp.a(alt_exception_entry.o)
 .bss           0x0000a2e8        0x0 ../assignment_9_bsp//libhal_bsp.a(alt_find_dev.o)
 .bss           0x0000a2e8        0x0 ../assignment_9_bsp//libhal_bsp.a(alt_find_file.o)
 .bss           0x0000a2e8        0x0 ../assignment_9_bsp//libhal_bsp.a(alt_get_fd.o)
 .bss           0x0000a2e8        0x0 ../assignment_9_bsp//libhal_bsp.a(alt_icache_flush.o)
 .bss           0x0000a2e8        0x0 /opt/altera/13.1/nios2eds/bin/gnu/H-i686-pc-linux-gnu/bin/../lib/gcc/nios2-elf/4.7.3/../../../../../H-i686-pc-linux-gnu/nios2-elf/lib/mno-hw-mul/libsmallc.a(lib_a-exit.o)
 .bss           0x0000a2e8        0x0 /opt/altera/13.1/nios2eds/bin/gnu/H-i686-pc-linux-gnu/bin/../lib/gcc/nios2-elf/4.7.3/../../../../../H-i686-pc-linux-gnu/nios2-elf/lib/mno-hw-mul/libsmallc.a(lib_a-int_errno.o)
 .bss           0x0000a2e8        0x0 /opt/altera/13.1/nios2eds/bin/gnu/H-i686-pc-linux-gnu/bin/../lib/gcc/nios2-elf/4.7.3/../../../../../H-i686-pc-linux-gnu/nios2-elf/lib/mno-hw-mul/libsmallc.a(lib_a-memcmp.o)
 .bss           0x0000a2e8        0x0 /opt/altera/13.1/nios2eds/bin/gnu/H-i686-pc-linux-gnu/bin/../lib/gcc/nios2-elf/4.7.3/../../../../../H-i686-pc-linux-gnu/nios2-elf/lib/mno-hw-mul/libsmallc.a(lib_a-strlen.o)
 .bss           0x0000a2e8        0x0 /opt/altera/13.1/nios2eds/bin/gnu/H-i686-pc-linux-gnu/bin/../lib/gcc/nios2-elf/4.7.3/../../../../../H-i686-pc-linux-gnu/nios2-elf/lib/mno-hw-mul/libsmallc.a(lib_a-__call_atexit.o)
 .bss           0x0000a2e8        0x0 /opt/altera/13.1/nios2eds/bin/gnu/H-i686-pc-linux-gnu/bin/../lib/gcc/nios2-elf/4.7.3/../../../../../H-i686-pc-linux-gnu/nios2-elf/lib/mno-hw-mul/libsmallc.a(lib_a-impure.o)
 .bss           0x0000a2e8        0x0 /opt/altera/13.1/nios2eds/bin/gnu/H-i686-pc-linux-gnu/bin/../lib/gcc/nios2-elf/4.7.3/mno-hw-mul/libgcc.a(lib2-mul.o)
 .bss           0x0000a2e8        0x0 ../assignment_9_bsp//libhal_bsp.a(alt_exit.o)
 *(COMMON)
 COMMON         0x0000a2e8      0x100 ../assignment_9_bsp//libhal_bsp.a(alt_irq_handler.o)
                0x0000a2e8                alt_irq
                0x0000a3e8                . = ALIGN (0x4)
                0x0000a3e8                __bss_end = ABSOLUTE (.)

.onchip_mem     0x0000a3e8        0x0
                0x0000a3e8                PROVIDE (_alt_partition_onchip_mem_start, ABSOLUTE (.))
 *(.onchip_mem .onchip_mem. onchip_mem.*)
                0x0000a3e8                . = ALIGN (0x4)
                0x0000a3e8                PROVIDE (_alt_partition_onchip_mem_end, ABSOLUTE (.))
                0x0000a3e8                _end = ABSOLUTE (.)
                0x0000a3e8                end = ABSOLUTE (.)
                0x0000a3e8                __alt_stack_base = ABSOLUTE (.)
                0x0000a3e8                PROVIDE (_alt_partition_onchip_mem_load_addr, LOADADDR (.onchip_mem))

.stab
 *(.stab)

.stabstr
 *(.stabstr)

.stab.excl
 *(.stab.excl)

.stab.exclstr
 *(.stab.exclstr)

.stab.index
 *(.stab.index)

.stab.indexstr
 *(.stab.indexstr)

.comment        0x00000000       0x23
 *(.comment)
 .comment       0x00000000       0x23 obj/default/hello_world.o
                                 0x24 (size before relaxing)
 .comment       0x00000000       0x24 ../assignment_9_bsp//libhal_bsp.a(alt_load.o)
 .comment       0x00000000       0x24 ../assignment_9_bsp//libhal_bsp.a(alt_main.o)
 .comment       0x00000000       0x24 ../assignment_9_bsp//libhal_bsp.a(alt_sys_init.o)
 .comment       0x00000000       0x24 ../assignment_9_bsp//libhal_bsp.a(altera_avalon_jtag_uart_fd.o)
 .comment       0x00000000       0x24 ../assignment_9_bsp//libhal_bsp.a(altera_avalon_jtag_uart_read.o)
 .comment       0x00000000       0x24 ../assignment_9_bsp//libhal_bsp.a(altera_avalon_jtag_uart_write.o)
 .comment       0x00000000       0x24 ../assignment_9_bsp//libhal_bsp.a(altera_avalon_timer_sc.o)
 .comment       0x00000000       0x24 ../assignment_9_bsp//libhal_bsp.a(altera_avalon_uart_fd.o)
 .comment       0x00000000       0x24 ../assignment_9_bsp//libhal_bsp.a(altera_avalon_uart_read.o)
 .comment       0x00000000       0x24 ../assignment_9_bsp//libhal_bsp.a(altera_avalon_uart_write.o)
 .comment       0x00000000       0x24 ../assignment_9_bsp//libhal_bsp.a(alt_close.o)
 .comment       0x00000000       0x24 ../assignment_9_bsp//libhal_bsp.a(alt_dcache_flush_all.o)
 .comment       0x00000000       0x24 ../assignment_9_bsp//libhal_bsp.a(alt_dev.o)
 .comment       0x00000000       0x24 ../assignment_9_bsp//libhal_bsp.a(alt_dev_llist_insert.o)
 .comment       0x00000000       0x24 ../assignment_9_bsp//libhal_bsp.a(alt_errno.o)
 .comment       0x00000000       0x24 ../assignment_9_bsp//libhal_bsp.a(alt_icache_flush_all.o)
 .comment       0x00000000       0x24 ../assignment_9_bsp//libhal_bsp.a(alt_iic.o)
 .comment       0x00000000       0x24 ../assignment_9_bsp//libhal_bsp.a(alt_iic_isr_register.o)
 .comment       0x00000000       0x24 ../assignment_9_bsp//libhal_bsp.a(alt_io_redirect.o)
 .comment       0x00000000       0x24 ../assignment_9_bsp//libhal_bsp.a(alt_irq_handler.o)
 .comment       0x00000000       0x24 ../assignment_9_bsp//libhal_bsp.a(alt_irq_vars.o)
 .comment       0x00000000       0x24 ../assignment_9_bsp//libhal_bsp.a(alt_open.o)
 .comment       0x00000000       0x24 ../assignment_9_bsp//libhal_bsp.a(alt_release_fd.o)
 .comment       0x00000000       0x24 ../assignment_9_bsp//libhal_bsp.a(alt_tick.o)
 .comment       0x00000000       0x24 ../assignment_9_bsp//libhal_bsp.a(altera_nios2_qsys_irq.o)
 .comment       0x00000000       0x24 ../assignment_9_bsp//libhal_bsp.a(alt_find_dev.o)
 .comment       0x00000000       0x24 ../assignment_9_bsp//libhal_bsp.a(alt_find_file.o)
 .comment       0x00000000       0x24 ../assignment_9_bsp//libhal_bsp.a(alt_get_fd.o)
 .comment       0x00000000       0x24 ../assignment_9_bsp//libhal_bsp.a(alt_icache_flush.o)
 .comment       0x00000000       0x24 /opt/altera/13.1/nios2eds/bin/gnu/H-i686-pc-linux-gnu/bin/../lib/gcc/nios2-elf/4.7.3/../../../../../H-i686-pc-linux-gnu/nios2-elf/lib/mno-hw-mul/libsmallc.a(lib_a-exit.o)
 .comment       0x00000000       0x24 /opt/altera/13.1/nios2eds/bin/gnu/H-i686-pc-linux-gnu/bin/../lib/gcc/nios2-elf/4.7.3/../../../../../H-i686-pc-linux-gnu/nios2-elf/lib/mno-hw-mul/libsmallc.a(lib_a-int_errno.o)
 .comment       0x00000000       0x24 /opt/altera/13.1/nios2eds/bin/gnu/H-i686-pc-linux-gnu/bin/../lib/gcc/nios2-elf/4.7.3/../../../../../H-i686-pc-linux-gnu/nios2-elf/lib/mno-hw-mul/libsmallc.a(lib_a-memcmp.o)
 .comment       0x00000000       0x24 /opt/altera/13.1/nios2eds/bin/gnu/H-i686-pc-linux-gnu/bin/../lib/gcc/nios2-elf/4.7.3/../../../../../H-i686-pc-linux-gnu/nios2-elf/lib/mno-hw-mul/libsmallc.a(lib_a-strlen.o)
 .comment       0x00000000       0x24 /opt/altera/13.1/nios2eds/bin/gnu/H-i686-pc-linux-gnu/bin/../lib/gcc/nios2-elf/4.7.3/../../../../../H-i686-pc-linux-gnu/nios2-elf/lib/mno-hw-mul/libsmallc.a(lib_a-__call_atexit.o)
 .comment       0x00000000       0x24 /opt/altera/13.1/nios2eds/bin/gnu/H-i686-pc-linux-gnu/bin/../lib/gcc/nios2-elf/4.7.3/../../../../../H-i686-pc-linux-gnu/nios2-elf/lib/mno-hw-mul/libsmallc.a(lib_a-impure.o)
 .comment       0x00000000       0x24 /opt/altera/13.1/nios2eds/bin/gnu/H-i686-pc-linux-gnu/bin/../lib/gcc/nios2-elf/4.7.3/mno-hw-mul/libgcc.a(lib2-mul.o)
 .comment       0x00000000       0x24 ../assignment_9_bsp//libhal_bsp.a(alt_exit.o)

.debug
 *(.debug)

.line
 *(.line)

.debug_srcinfo
 *(.debug_srcinfo)

.debug_sfnames
 *(.debug_sfnames)

.debug_aranges  0x00000000      0x530
 *(.debug_aranges)
 .debug_aranges
                0x00000000       0x28 ../assignment_9_bsp//obj/HAL/src/crt0.o
 .debug_aranges
                0x00000028       0x20 obj/default/hello_world.o
 .debug_aranges
                0x00000048       0x20 ../assignment_9_bsp//libhal_bsp.a(alt_load.o)
 .debug_aranges
                0x00000068       0x20 ../assignment_9_bsp//libhal_bsp.a(alt_main.o)
 .debug_aranges
                0x00000088       0x20 ../assignment_9_bsp//libhal_bsp.a(alt_sys_init.o)
 .debug_aranges
                0x000000a8       0x20 ../assignment_9_bsp//libhal_bsp.a(altera_avalon_jtag_uart_fd.o)
 .debug_aranges
                0x000000c8       0x20 ../assignment_9_bsp//libhal_bsp.a(altera_avalon_jtag_uart_read.o)
 .debug_aranges
                0x000000e8       0x20 ../assignment_9_bsp//libhal_bsp.a(altera_avalon_jtag_uart_write.o)
 .debug_aranges
                0x00000108       0x20 ../assignment_9_bsp//libhal_bsp.a(altera_avalon_timer_sc.o)
 .debug_aranges
                0x00000128       0x20 ../assignment_9_bsp//libhal_bsp.a(altera_avalon_uart_fd.o)
 .debug_aranges
                0x00000148       0x20 ../assignment_9_bsp//libhal_bsp.a(altera_avalon_uart_read.o)
 .debug_aranges
                0x00000168       0x20 ../assignment_9_bsp//libhal_bsp.a(altera_avalon_uart_write.o)
 .debug_aranges
                0x00000188       0x20 ../assignment_9_bsp//libhal_bsp.a(alt_close.o)
 .debug_aranges
                0x000001a8       0x20 ../assignment_9_bsp//libhal_bsp.a(alt_dcache_flush_all.o)
 .debug_aranges
                0x000001c8       0x20 ../assignment_9_bsp//libhal_bsp.a(alt_dev.o)
 .debug_aranges
                0x000001e8       0x20 ../assignment_9_bsp//libhal_bsp.a(alt_dev_llist_insert.o)
 .debug_aranges
                0x00000208       0x18 ../assignment_9_bsp//libhal_bsp.a(alt_errno.o)
 .debug_aranges
                0x00000220       0x20 ../assignment_9_bsp//libhal_bsp.a(alt_icache_flush_all.o)
 .debug_aranges
                0x00000240       0x20 ../assignment_9_bsp//libhal_bsp.a(alt_iic.o)
 .debug_aranges
                0x00000260       0x20 ../assignment_9_bsp//libhal_bsp.a(alt_iic_isr_register.o)
 .debug_aranges
                0x00000280       0x20 ../assignment_9_bsp//libhal_bsp.a(alt_io_redirect.o)
 .debug_aranges
                0x000002a0       0x30 ../assignment_9_bsp//libhal_bsp.a(alt_irq_entry.o)
 .debug_aranges
                0x000002d0       0x20 ../assignment_9_bsp//libhal_bsp.a(alt_irq_handler.o)
 .debug_aranges
                0x000002f0       0x18 ../assignment_9_bsp//libhal_bsp.a(alt_irq_vars.o)
 .debug_aranges
                0x00000308       0x20 ../assignment_9_bsp//libhal_bsp.a(alt_open.o)
 .debug_aranges
                0x00000328       0x20 ../assignment_9_bsp//libhal_bsp.a(alt_release_fd.o)
 .debug_aranges
                0x00000348       0x20 ../assignment_9_bsp//libhal_bsp.a(alt_tick.o)
 .debug_aranges
                0x00000368       0x20 ../assignment_9_bsp//libhal_bsp.a(altera_nios2_qsys_irq.o)
 .debug_aranges
                0x00000388       0x38 ../assignment_9_bsp//libhal_bsp.a(alt_exception_entry.o)
 .debug_aranges
                0x000003c0       0x20 ../assignment_9_bsp//libhal_bsp.a(alt_find_dev.o)
 .debug_aranges
                0x000003e0       0x20 ../assignment_9_bsp//libhal_bsp.a(alt_find_file.o)
 .debug_aranges
                0x00000400       0x20 ../assignment_9_bsp//libhal_bsp.a(alt_get_fd.o)
 .debug_aranges
                0x00000420       0x20 ../assignment_9_bsp//libhal_bsp.a(alt_icache_flush.o)
 .debug_aranges
                0x00000440       0x20 /opt/altera/13.1/nios2eds/bin/gnu/H-i686-pc-linux-gnu/bin/../lib/gcc/nios2-elf/4.7.3/../../../../../H-i686-pc-linux-gnu/nios2-elf/lib/mno-hw-mul/libsmallc.a(lib_a-exit.o)
 .debug_aranges
                0x00000460       0x18 /opt/altera/13.1/nios2eds/bin/gnu/H-i686-pc-linux-gnu/bin/../lib/gcc/nios2-elf/4.7.3/../../../../../H-i686-pc-linux-gnu/nios2-elf/lib/mno-hw-mul/libsmallc.a(lib_a-int_errno.o)
 .debug_aranges
                0x00000478       0x20 /opt/altera/13.1/nios2eds/bin/gnu/H-i686-pc-linux-gnu/bin/../lib/gcc/nios2-elf/4.7.3/../../../../../H-i686-pc-linux-gnu/nios2-elf/lib/mno-hw-mul/libsmallc.a(lib_a-memcmp.o)
 .debug_aranges
                0x00000498       0x20 /opt/altera/13.1/nios2eds/bin/gnu/H-i686-pc-linux-gnu/bin/../lib/gcc/nios2-elf/4.7.3/../../../../../H-i686-pc-linux-gnu/nios2-elf/lib/mno-hw-mul/libsmallc.a(lib_a-strlen.o)
 .debug_aranges
                0x000004b8       0x20 /opt/altera/13.1/nios2eds/bin/gnu/H-i686-pc-linux-gnu/bin/../lib/gcc/nios2-elf/4.7.3/../../../../../H-i686-pc-linux-gnu/nios2-elf/lib/mno-hw-mul/libsmallc.a(lib_a-__call_atexit.o)
 .debug_aranges
                0x000004d8       0x18 /opt/altera/13.1/nios2eds/bin/gnu/H-i686-pc-linux-gnu/bin/../lib/gcc/nios2-elf/4.7.3/../../../../../H-i686-pc-linux-gnu/nios2-elf/lib/mno-hw-mul/libsmallc.a(lib_a-impure.o)
 .debug_aranges
                0x000004f0       0x20 /opt/altera/13.1/nios2eds/bin/gnu/H-i686-pc-linux-gnu/bin/../lib/gcc/nios2-elf/4.7.3/mno-hw-mul/libgcc.a(lib2-mul.o)
 .debug_aranges
                0x00000510       0x20 ../assignment_9_bsp//libhal_bsp.a(alt_exit.o)

.debug_pubnames
 *(.debug_pubnames)

.debug_info     0x00000000     0x58db
 *(.debug_info .gnu.linkonce.wi.*)
 .debug_info    0x00000000       0x95 ../assignment_9_bsp//obj/HAL/src/crt0.o
 .debug_info    0x00000095      0x10a obj/default/hello_world.o
 .debug_info    0x0000019f      0x135 ../assignment_9_bsp//libhal_bsp.a(alt_load.o)
 .debug_info    0x000002d4      0x139 ../assignment_9_bsp//libhal_bsp.a(alt_main.o)
 .debug_info    0x0000040d      0x48b ../assignment_9_bsp//libhal_bsp.a(alt_sys_init.o)
 .debug_info    0x00000898      0x3da ../assignment_9_bsp//libhal_bsp.a(altera_avalon_jtag_uart_fd.o)
 .debug_info    0x00000c72      0x1bc ../assignment_9_bsp//libhal_bsp.a(altera_avalon_jtag_uart_read.o)
 .debug_info    0x00000e2e      0x19f ../assignment_9_bsp//libhal_bsp.a(altera_avalon_jtag_uart_write.o)
 .debug_info    0x00000fcd      0x235 ../assignment_9_bsp//libhal_bsp.a(altera_avalon_timer_sc.o)
 .debug_info    0x00001202      0x3b7 ../assignment_9_bsp//libhal_bsp.a(altera_avalon_uart_fd.o)
 .debug_info    0x000015b9      0x1b5 ../assignment_9_bsp//libhal_bsp.a(altera_avalon_uart_read.o)
 .debug_info    0x0000176e      0x1c8 ../assignment_9_bsp//libhal_bsp.a(altera_avalon_uart_write.o)
 .debug_info    0x00001936      0x350 ../assignment_9_bsp//libhal_bsp.a(alt_close.o)
 .debug_info    0x00001c86       0x90 ../assignment_9_bsp//libhal_bsp.a(alt_dcache_flush_all.o)
 .debug_info    0x00001d16      0x4e3 ../assignment_9_bsp//libhal_bsp.a(alt_dev.o)
 .debug_info    0x000021f9      0x1b9 ../assignment_9_bsp//libhal_bsp.a(alt_dev_llist_insert.o)
 .debug_info    0x000023b2       0xa3 ../assignment_9_bsp//libhal_bsp.a(alt_errno.o)
 .debug_info    0x00002455       0x90 ../assignment_9_bsp//libhal_bsp.a(alt_icache_flush_all.o)
 .debug_info    0x000024e5      0x364 ../assignment_9_bsp//libhal_bsp.a(alt_iic.o)
 .debug_info    0x00002849      0x1f6 ../assignment_9_bsp//libhal_bsp.a(alt_iic_isr_register.o)
 .debug_info    0x00002a3f      0x4f0 ../assignment_9_bsp//libhal_bsp.a(alt_io_redirect.o)
 .debug_info    0x00002f2f       0x9e ../assignment_9_bsp//libhal_bsp.a(alt_irq_entry.o)
 .debug_info    0x00002fcd      0x190 ../assignment_9_bsp//libhal_bsp.a(alt_irq_handler.o)
 .debug_info    0x0000315d       0x8a ../assignment_9_bsp//libhal_bsp.a(alt_irq_vars.o)
 .debug_info    0x000031e7      0x3f0 ../assignment_9_bsp//libhal_bsp.a(alt_open.o)
 .debug_info    0x000035d7      0x2dd ../assignment_9_bsp//libhal_bsp.a(alt_release_fd.o)
 .debug_info    0x000038b4      0x2b1 ../assignment_9_bsp//libhal_bsp.a(alt_tick.o)
 .debug_info    0x00003b65       0x90 ../assignment_9_bsp//libhal_bsp.a(altera_nios2_qsys_irq.o)
 .debug_info    0x00003bf5       0xa4 ../assignment_9_bsp//libhal_bsp.a(alt_exception_entry.o)
 .debug_info    0x00003c99      0x30d ../assignment_9_bsp//libhal_bsp.a(alt_find_dev.o)
 .debug_info    0x00003fa6      0x30c ../assignment_9_bsp//libhal_bsp.a(alt_find_file.o)
 .debug_info    0x000042b2      0x339 ../assignment_9_bsp//libhal_bsp.a(alt_get_fd.o)
 .debug_info    0x000045eb       0xda ../assignment_9_bsp//libhal_bsp.a(alt_icache_flush.o)
 .debug_info    0x000046c5       0xf8 /opt/altera/13.1/nios2eds/bin/gnu/H-i686-pc-linux-gnu/bin/../lib/gcc/nios2-elf/4.7.3/../../../../../H-i686-pc-linux-gnu/nios2-elf/lib/mno-hw-mul/libsmallc.a(lib_a-exit.o)
 .debug_info    0x000047bd       0x84 /opt/altera/13.1/nios2eds/bin/gnu/H-i686-pc-linux-gnu/bin/../lib/gcc/nios2-elf/4.7.3/../../../../../H-i686-pc-linux-gnu/nios2-elf/lib/mno-hw-mul/libsmallc.a(lib_a-int_errno.o)
 .debug_info    0x00004841       0xf1 /opt/altera/13.1/nios2eds/bin/gnu/H-i686-pc-linux-gnu/bin/../lib/gcc/nios2-elf/4.7.3/../../../../../H-i686-pc-linux-gnu/nios2-elf/lib/mno-hw-mul/libsmallc.a(lib_a-memcmp.o)
 .debug_info    0x00004932       0xc6 /opt/altera/13.1/nios2eds/bin/gnu/H-i686-pc-linux-gnu/bin/../lib/gcc/nios2-elf/4.7.3/../../../../../H-i686-pc-linux-gnu/nios2-elf/lib/mno-hw-mul/libsmallc.a(lib_a-strlen.o)
 .debug_info    0x000049f8      0x70e /opt/altera/13.1/nios2eds/bin/gnu/H-i686-pc-linux-gnu/bin/../lib/gcc/nios2-elf/4.7.3/../../../../../H-i686-pc-linux-gnu/nios2-elf/lib/mno-hw-mul/libsmallc.a(lib_a-__call_atexit.o)
 .debug_info    0x00005106      0x631 /opt/altera/13.1/nios2eds/bin/gnu/H-i686-pc-linux-gnu/bin/../lib/gcc/nios2-elf/4.7.3/../../../../../H-i686-pc-linux-gnu/nios2-elf/lib/mno-hw-mul/libsmallc.a(lib_a-impure.o)
 .debug_info    0x00005737       0xb8 /opt/altera/13.1/nios2eds/bin/gnu/H-i686-pc-linux-gnu/bin/../lib/gcc/nios2-elf/4.7.3/mno-hw-mul/libgcc.a(lib2-mul.o)
 .debug_info    0x000057ef       0xec ../assignment_9_bsp//libhal_bsp.a(alt_exit.o)

.debug_abbrev   0x00000000     0x20c6
 *(.debug_abbrev)
 .debug_abbrev  0x00000000       0x12 ../assignment_9_bsp//obj/HAL/src/crt0.o
 .debug_abbrev  0x00000012       0xbe obj/default/hello_world.o
 .debug_abbrev  0x000000d0       0x9d ../assignment_9_bsp//libhal_bsp.a(alt_load.o)
 .debug_abbrev  0x0000016d       0xba ../assignment_9_bsp//libhal_bsp.a(alt_main.o)
 .debug_abbrev  0x00000227      0x155 ../assignment_9_bsp//libhal_bsp.a(alt_sys_init.o)
 .debug_abbrev  0x0000037c       0xf7 ../assignment_9_bsp//libhal_bsp.a(altera_avalon_jtag_uart_fd.o)
 .debug_abbrev  0x00000473       0xd5 ../assignment_9_bsp//libhal_bsp.a(altera_avalon_jtag_uart_read.o)
 .debug_abbrev  0x00000548       0xd5 ../assignment_9_bsp//libhal_bsp.a(altera_avalon_jtag_uart_write.o)
 .debug_abbrev  0x0000061d      0x155 ../assignment_9_bsp//libhal_bsp.a(altera_avalon_timer_sc.o)
 .debug_abbrev  0x00000772       0xf0 ../assignment_9_bsp//libhal_bsp.a(altera_avalon_uart_fd.o)
 .debug_abbrev  0x00000862       0xd9 ../assignment_9_bsp//libhal_bsp.a(altera_avalon_uart_read.o)
 .debug_abbrev  0x0000093b       0xe0 ../assignment_9_bsp//libhal_bsp.a(altera_avalon_uart_write.o)
 .debug_abbrev  0x00000a1b      0x11f ../assignment_9_bsp//libhal_bsp.a(alt_close.o)
 .debug_abbrev  0x00000b3a       0x42 ../assignment_9_bsp//libhal_bsp.a(alt_dcache_flush_all.o)
 .debug_abbrev  0x00000b7c       0xd9 ../assignment_9_bsp//libhal_bsp.a(alt_dev.o)
 .debug_abbrev  0x00000c55      0x114 ../assignment_9_bsp//libhal_bsp.a(alt_dev_llist_insert.o)
 .debug_abbrev  0x00000d69       0x5a ../assignment_9_bsp//libhal_bsp.a(alt_errno.o)
 .debug_abbrev  0x00000dc3       0x42 ../assignment_9_bsp//libhal_bsp.a(alt_icache_flush_all.o)
 .debug_abbrev  0x00000e05      0x16a ../assignment_9_bsp//libhal_bsp.a(alt_iic.o)
 .debug_abbrev  0x00000f6f      0x169 ../assignment_9_bsp//libhal_bsp.a(alt_iic_isr_register.o)
 .debug_abbrev  0x000010d8      0x114 ../assignment_9_bsp//libhal_bsp.a(alt_io_redirect.o)
 .debug_abbrev  0x000011ec       0x12 ../assignment_9_bsp//libhal_bsp.a(alt_irq_entry.o)
 .debug_abbrev  0x000011fe      0x124 ../assignment_9_bsp//libhal_bsp.a(alt_irq_handler.o)
 .debug_abbrev  0x00001322       0x40 ../assignment_9_bsp//libhal_bsp.a(alt_irq_vars.o)
 .debug_abbrev  0x00001362      0x148 ../assignment_9_bsp//libhal_bsp.a(alt_open.o)
 .debug_abbrev  0x000014aa       0xde ../assignment_9_bsp//libhal_bsp.a(alt_release_fd.o)
 .debug_abbrev  0x00001588      0x15a ../assignment_9_bsp//libhal_bsp.a(alt_tick.o)
 .debug_abbrev  0x000016e2       0x42 ../assignment_9_bsp//libhal_bsp.a(altera_nios2_qsys_irq.o)
 .debug_abbrev  0x00001724       0x12 ../assignment_9_bsp//libhal_bsp.a(alt_exception_entry.o)
 .debug_abbrev  0x00001736       0xf0 ../assignment_9_bsp//libhal_bsp.a(alt_find_dev.o)
 .debug_abbrev  0x00001826       0xf0 ../assignment_9_bsp//libhal_bsp.a(alt_find_file.o)
 .debug_abbrev  0x00001916      0x10d ../assignment_9_bsp//libhal_bsp.a(alt_get_fd.o)
 .debug_abbrev  0x00001a23       0x8c ../assignment_9_bsp//libhal_bsp.a(alt_icache_flush.o)
 .debug_abbrev  0x00001aaf       0xa9 /opt/altera/13.1/nios2eds/bin/gnu/H-i686-pc-linux-gnu/bin/../lib/gcc/nios2-elf/4.7.3/../../../../../H-i686-pc-linux-gnu/nios2-elf/lib/mno-hw-mul/libsmallc.a(lib_a-exit.o)
 .debug_abbrev  0x00001b58       0x37 /opt/altera/13.1/nios2eds/bin/gnu/H-i686-pc-linux-gnu/bin/../lib/gcc/nios2-elf/4.7.3/../../../../../H-i686-pc-linux-gnu/nios2-elf/lib/mno-hw-mul/libsmallc.a(lib_a-int_errno.o)
 .debug_abbrev  0x00001b8f       0x7f /opt/altera/13.1/nios2eds/bin/gnu/H-i686-pc-linux-gnu/bin/../lib/gcc/nios2-elf/4.7.3/../../../../../H-i686-pc-linux-gnu/nios2-elf/lib/mno-hw-mul/libsmallc.a(lib_a-memcmp.o)
 .debug_abbrev  0x00001c0e       0x7f /opt/altera/13.1/nios2eds/bin/gnu/H-i686-pc-linux-gnu/bin/../lib/gcc/nios2-elf/4.7.3/../../../../../H-i686-pc-linux-gnu/nios2-elf/lib/mno-hw-mul/libsmallc.a(lib_a-strlen.o)
 .debug_abbrev  0x00001c8d      0x1e9 /opt/altera/13.1/nios2eds/bin/gnu/H-i686-pc-linux-gnu/bin/../lib/gcc/nios2-elf/4.7.3/../../../../../H-i686-pc-linux-gnu/nios2-elf/lib/mno-hw-mul/libsmallc.a(lib_a-__call_atexit.o)
 .debug_abbrev  0x00001e76      0x13b /opt/altera/13.1/nios2eds/bin/gnu/H-i686-pc-linux-gnu/bin/../lib/gcc/nios2-elf/4.7.3/../../../../../H-i686-pc-linux-gnu/nios2-elf/lib/mno-hw-mul/libsmallc.a(lib_a-impure.o)
 .debug_abbrev  0x00001fb1       0x6f /opt/altera/13.1/nios2eds/bin/gnu/H-i686-pc-linux-gnu/bin/../lib/gcc/nios2-elf/4.7.3/mno-hw-mul/libgcc.a(lib2-mul.o)
 .debug_abbrev  0x00002020       0xa6 ../assignment_9_bsp//libhal_bsp.a(alt_exit.o)

.debug_line     0x00000000     0x23cb
 *(.debug_line)
 .debug_line    0x00000000       0x6c ../assignment_9_bsp//obj/HAL/src/crt0.o
 .debug_line    0x0000006c       0x95 obj/default/hello_world.o
 .debug_line    0x00000101       0x92 ../assignment_9_bsp//libhal_bsp.a(alt_load.o)
 .debug_line    0x00000193       0x9e ../assignment_9_bsp//libhal_bsp.a(alt_main.o)
 .debug_line    0x00000231      0x176 ../assignment_9_bsp//libhal_bsp.a(alt_sys_init.o)
 .debug_line    0x000003a7      0x114 ../assignment_9_bsp//libhal_bsp.a(altera_avalon_jtag_uart_fd.o)
 .debug_line    0x000004bb      0x101 ../assignment_9_bsp//libhal_bsp.a(altera_avalon_jtag_uart_read.o)
 .debug_line    0x000005bc       0xf8 ../assignment_9_bsp//libhal_bsp.a(altera_avalon_jtag_uart_write.o)
 .debug_line    0x000006b4       0xfd ../assignment_9_bsp//libhal_bsp.a(altera_avalon_timer_sc.o)
 .debug_line    0x000007b1       0xe7 ../assignment_9_bsp//libhal_bsp.a(altera_avalon_uart_fd.o)
 .debug_line    0x00000898       0xf7 ../assignment_9_bsp//libhal_bsp.a(altera_avalon_uart_read.o)
 .debug_line    0x0000098f       0xff ../assignment_9_bsp//libhal_bsp.a(altera_avalon_uart_write.o)
 .debug_line    0x00000a8e      0x18d ../assignment_9_bsp//libhal_bsp.a(alt_close.o)
 .debug_line    0x00000c1b       0x51 ../assignment_9_bsp//libhal_bsp.a(alt_dcache_flush_all.o)
 .debug_line    0x00000c6c      0x120 ../assignment_9_bsp//libhal_bsp.a(alt_dev.o)
 .debug_line    0x00000d8c       0xd0 ../assignment_9_bsp//libhal_bsp.a(alt_dev_llist_insert.o)
 .debug_line    0x00000e5c       0x51 ../assignment_9_bsp//libhal_bsp.a(alt_errno.o)
 .debug_line    0x00000ead       0x50 ../assignment_9_bsp//libhal_bsp.a(alt_icache_flush_all.o)
 .debug_line    0x00000efd       0xed ../assignment_9_bsp//libhal_bsp.a(alt_iic.o)
 .debug_line    0x00000fea       0xdb ../assignment_9_bsp//libhal_bsp.a(alt_iic_isr_register.o)
 .debug_line    0x000010c5      0x15d ../assignment_9_bsp//libhal_bsp.a(alt_io_redirect.o)
 .debug_line    0x00001222       0x6b ../assignment_9_bsp//libhal_bsp.a(alt_irq_entry.o)
 .debug_line    0x0000128d       0xae ../assignment_9_bsp//libhal_bsp.a(alt_irq_handler.o)
 .debug_line    0x0000133b       0x50 ../assignment_9_bsp//libhal_bsp.a(alt_irq_vars.o)
 .debug_line    0x0000138b      0x128 ../assignment_9_bsp//libhal_bsp.a(alt_open.o)
 .debug_line    0x000014b3       0xb0 ../assignment_9_bsp//libhal_bsp.a(alt_release_fd.o)
 .debug_line    0x00001563      0x102 ../assignment_9_bsp//libhal_bsp.a(alt_tick.o)
 .debug_line    0x00001665       0x51 ../assignment_9_bsp//libhal_bsp.a(altera_nios2_qsys_irq.o)
 .debug_line    0x000016b6       0xab ../assignment_9_bsp//libhal_bsp.a(alt_exception_entry.o)
 .debug_line    0x00001761       0xb9 ../assignment_9_bsp//libhal_bsp.a(alt_find_dev.o)
 .debug_line    0x0000181a       0xd5 ../assignment_9_bsp//libhal_bsp.a(alt_find_file.o)
 .debug_line    0x000018ef       0xd4 ../assignment_9_bsp//libhal_bsp.a(alt_get_fd.o)
 .debug_line    0x000019c3       0x81 ../assignment_9_bsp//libhal_bsp.a(alt_icache_flush.o)
 .debug_line    0x00001a44      0x170 /opt/altera/13.1/nios2eds/bin/gnu/H-i686-pc-linux-gnu/bin/../lib/gcc/nios2-elf/4.7.3/../../../../../H-i686-pc-linux-gnu/nios2-elf/lib/mno-hw-mul/libsmallc.a(lib_a-exit.o)
 .debug_line    0x00001bb4       0x60 /opt/altera/13.1/nios2eds/bin/gnu/H-i686-pc-linux-gnu/bin/../lib/gcc/nios2-elf/4.7.3/../../../../../H-i686-pc-linux-gnu/nios2-elf/lib/mno-hw-mul/libsmallc.a(lib_a-int_errno.o)
 .debug_line    0x00001c14      0x17f /opt/altera/13.1/nios2eds/bin/gnu/H-i686-pc-linux-gnu/bin/../lib/gcc/nios2-elf/4.7.3/../../../../../H-i686-pc-linux-gnu/nios2-elf/lib/mno-hw-mul/libsmallc.a(lib_a-memcmp.o)
 .debug_line    0x00001d93      0x174 /opt/altera/13.1/nios2eds/bin/gnu/H-i686-pc-linux-gnu/bin/../lib/gcc/nios2-elf/4.7.3/../../../../../H-i686-pc-linux-gnu/nios2-elf/lib/mno-hw-mul/libsmallc.a(lib_a-strlen.o)
 .debug_line    0x00001f07      0x267 /opt/altera/13.1/nios2eds/bin/gnu/H-i686-pc-linux-gnu/bin/../lib/gcc/nios2-elf/4.7.3/../../../../../H-i686-pc-linux-gnu/nios2-elf/lib/mno-hw-mul/libsmallc.a(lib_a-__call_atexit.o)
 .debug_line    0x0000216e      0x16c /opt/altera/13.1/nios2eds/bin/gnu/H-i686-pc-linux-gnu/bin/../lib/gcc/nios2-elf/4.7.3/../../../../../H-i686-pc-linux-gnu/nios2-elf/lib/mno-hw-mul/libsmallc.a(lib_a-impure.o)
 .debug_line    0x000022da       0x80 /opt/altera/13.1/nios2eds/bin/gnu/H-i686-pc-linux-gnu/bin/../lib/gcc/nios2-elf/4.7.3/mno-hw-mul/libgcc.a(lib2-mul.o)
 .debug_line    0x0000235a       0x71 ../assignment_9_bsp//libhal_bsp.a(alt_exit.o)

.debug_frame    0x00000000      0x7fc
 *(.debug_frame)
 .debug_frame   0x00000000       0x80 obj/default/hello_world.o
 .debug_frame   0x00000080       0x48 ../assignment_9_bsp//libhal_bsp.a(alt_load.o)
 .debug_frame   0x000000c8       0x2c ../assignment_9_bsp//libhal_bsp.a(alt_main.o)
 .debug_frame   0x000000f4       0x64 ../assignment_9_bsp//libhal_bsp.a(alt_sys_init.o)
 .debug_frame   0x00000158       0x48 ../assignment_9_bsp//libhal_bsp.a(altera_avalon_jtag_uart_fd.o)
 .debug_frame   0x000001a0       0x2c ../assignment_9_bsp//libhal_bsp.a(altera_avalon_jtag_uart_read.o)
 .debug_frame   0x000001cc       0x2c ../assignment_9_bsp//libhal_bsp.a(altera_avalon_jtag_uart_write.o)
 .debug_frame   0x000001f8       0x48 ../assignment_9_bsp//libhal_bsp.a(altera_avalon_timer_sc.o)
 .debug_frame   0x00000240       0x48 ../assignment_9_bsp//libhal_bsp.a(altera_avalon_uart_fd.o)
 .debug_frame   0x00000288       0x48 ../assignment_9_bsp//libhal_bsp.a(altera_avalon_uart_read.o)
 .debug_frame   0x000002d0       0x48 ../assignment_9_bsp//libhal_bsp.a(altera_avalon_uart_write.o)
 .debug_frame   0x00000318       0x48 ../assignment_9_bsp//libhal_bsp.a(alt_close.o)
 .debug_frame   0x00000360       0x2c ../assignment_9_bsp//libhal_bsp.a(alt_dcache_flush_all.o)
 .debug_frame   0x0000038c       0x2c ../assignment_9_bsp//libhal_bsp.a(alt_dev.o)
 .debug_frame   0x000003b8       0x48 ../assignment_9_bsp//libhal_bsp.a(alt_dev_llist_insert.o)
 .debug_frame   0x00000400       0x2c ../assignment_9_bsp//libhal_bsp.a(alt_icache_flush_all.o)
 .debug_frame   0x0000042c       0x80 ../assignment_9_bsp//libhal_bsp.a(alt_iic.o)
 .debug_frame   0x000004ac       0x2c ../assignment_9_bsp//libhal_bsp.a(alt_iic_isr_register.o)
 .debug_frame   0x000004d8       0x4c ../assignment_9_bsp//libhal_bsp.a(alt_io_redirect.o)
 .debug_frame   0x00000524       0x2c ../assignment_9_bsp//libhal_bsp.a(alt_irq_handler.o)
 .debug_frame   0x00000550       0x68 ../assignment_9_bsp//libhal_bsp.a(alt_open.o)
 .debug_frame   0x000005b8       0x30 ../assignment_9_bsp//libhal_bsp.a(alt_release_fd.o)
 .debug_frame   0x000005e8       0x48 ../assignment_9_bsp//libhal_bsp.a(alt_tick.o)
 .debug_frame   0x00000630       0x2c ../assignment_9_bsp//libhal_bsp.a(altera_nios2_qsys_irq.o)
 .debug_frame   0x0000065c       0x2c ../assignment_9_bsp//libhal_bsp.a(alt_find_dev.o)
 .debug_frame   0x00000688       0x2c ../assignment_9_bsp//libhal_bsp.a(alt_find_file.o)
 .debug_frame   0x000006b4       0x30 ../assignment_9_bsp//libhal_bsp.a(alt_get_fd.o)
 .debug_frame   0x000006e4       0x2c ../assignment_9_bsp//libhal_bsp.a(alt_icache_flush.o)
 .debug_frame   0x00000710       0x28 /opt/altera/13.1/nios2eds/bin/gnu/H-i686-pc-linux-gnu/bin/../lib/gcc/nios2-elf/4.7.3/../../../../../H-i686-pc-linux-gnu/nios2-elf/lib/mno-hw-mul/libsmallc.a(lib_a-exit.o)
 .debug_frame   0x00000738       0x20 /opt/altera/13.1/nios2eds/bin/gnu/H-i686-pc-linux-gnu/bin/../lib/gcc/nios2-elf/4.7.3/../../../../../H-i686-pc-linux-gnu/nios2-elf/lib/mno-hw-mul/libsmallc.a(lib_a-memcmp.o)
 .debug_frame   0x00000758       0x20 /opt/altera/13.1/nios2eds/bin/gnu/H-i686-pc-linux-gnu/bin/../lib/gcc/nios2-elf/4.7.3/../../../../../H-i686-pc-linux-gnu/nios2-elf/lib/mno-hw-mul/libsmallc.a(lib_a-strlen.o)
 .debug_frame   0x00000778       0x38 /opt/altera/13.1/nios2eds/bin/gnu/H-i686-pc-linux-gnu/bin/../lib/gcc/nios2-elf/4.7.3/../../../../../H-i686-pc-linux-gnu/nios2-elf/lib/mno-hw-mul/libsmallc.a(lib_a-__call_atexit.o)
 .debug_frame   0x000007b0       0x20 /opt/altera/13.1/nios2eds/bin/gnu/H-i686-pc-linux-gnu/bin/../lib/gcc/nios2-elf/4.7.3/mno-hw-mul/libgcc.a(lib2-mul.o)
 .debug_frame   0x000007d0       0x2c ../assignment_9_bsp//libhal_bsp.a(alt_exit.o)

.debug_str      0x00000000     0x1448
 *(.debug_str)
 .debug_str     0x00000000      0x102 obj/default/hello_world.o
                                0x140 (size before relaxing)
 .debug_str     0x00000102      0x152 ../assignment_9_bsp//libhal_bsp.a(alt_load.o)
                                0x1f0 (size before relaxing)
 .debug_str     0x00000254       0x70 ../assignment_9_bsp//libhal_bsp.a(alt_main.o)
                                0x17b (size before relaxing)
 .debug_str     0x000002c4      0x1f3 ../assignment_9_bsp//libhal_bsp.a(alt_sys_init.o)
                                0x353 (size before relaxing)
 .debug_str     0x000004b7       0x77 ../assignment_9_bsp//libhal_bsp.a(altera_avalon_jtag_uart_fd.o)
                                0x2b3 (size before relaxing)
 .debug_str     0x0000052e       0x48 ../assignment_9_bsp//libhal_bsp.a(altera_avalon_jtag_uart_read.o)
                                0x1fd (size before relaxing)
 .debug_str     0x00000576       0x4a ../assignment_9_bsp//libhal_bsp.a(altera_avalon_jtag_uart_write.o)
                                0x1f3 (size before relaxing)
 .debug_str     0x000005c0       0xb6 ../assignment_9_bsp//libhal_bsp.a(altera_avalon_timer_sc.o)
                                0x229 (size before relaxing)
 .debug_str     0x00000676       0x5b ../assignment_9_bsp//libhal_bsp.a(altera_avalon_uart_fd.o)
                                0x276 (size before relaxing)
 .debug_str     0x000006d1       0x63 ../assignment_9_bsp//libhal_bsp.a(altera_avalon_uart_read.o)
                                0x1df (size before relaxing)
 .debug_str     0x00000734       0x40 ../assignment_9_bsp//libhal_bsp.a(altera_avalon_uart_write.o)
                                0x1e7 (size before relaxing)
 .debug_str     0x00000774       0x2c ../assignment_9_bsp//libhal_bsp.a(alt_close.o)
                                0x1e9 (size before relaxing)
 .debug_str     0x000007a0       0x34 ../assignment_9_bsp//libhal_bsp.a(alt_dcache_flush_all.o)
                                0x133 (size before relaxing)
 .debug_str     0x000007d4      0x120 ../assignment_9_bsp//libhal_bsp.a(alt_dev.o)
                                0x2e3 (size before relaxing)
 .debug_str     0x000008f4       0x4b ../assignment_9_bsp//libhal_bsp.a(alt_dev_llist_insert.o)
                                0x1aa (size before relaxing)
 .debug_str     0x0000093f       0x14 ../assignment_9_bsp//libhal_bsp.a(alt_errno.o)
                                0x123 (size before relaxing)
 .debug_str     0x00000953       0x34 ../assignment_9_bsp//libhal_bsp.a(alt_icache_flush_all.o)
                                0x133 (size before relaxing)
 .debug_str     0x00000987       0xbd ../assignment_9_bsp//libhal_bsp.a(alt_iic.o)
                                0x21c (size before relaxing)
 .debug_str     0x00000a44       0x4c ../assignment_9_bsp//libhal_bsp.a(alt_iic_isr_register.o)
                                0x1c6 (size before relaxing)
 .debug_str     0x00000a90       0x56 ../assignment_9_bsp//libhal_bsp.a(alt_io_redirect.o)
                                0x2f4 (size before relaxing)
 .debug_str     0x00000ae6       0x3a ../assignment_9_bsp//libhal_bsp.a(alt_irq_handler.o)
                                0x175 (size before relaxing)
 .debug_str     0x00000b20       0x17 ../assignment_9_bsp//libhal_bsp.a(alt_irq_vars.o)
                                0x124 (size before relaxing)
 .debug_str     0x00000b37       0x2f ../assignment_9_bsp//libhal_bsp.a(alt_open.o)
                                0x229 (size before relaxing)
 .debug_str     0x00000b66       0x28 ../assignment_9_bsp//libhal_bsp.a(alt_release_fd.o)
                                0x1bd (size before relaxing)
 .debug_str     0x00000b8e       0x78 ../assignment_9_bsp//libhal_bsp.a(alt_tick.o)
                                0x230 (size before relaxing)
 .debug_str     0x00000c06       0x3b ../assignment_9_bsp//libhal_bsp.a(altera_nios2_qsys_irq.o)
                                0x13a (size before relaxing)
 .debug_str     0x00000c41       0x24 ../assignment_9_bsp//libhal_bsp.a(alt_find_dev.o)
                                0x1ca (size before relaxing)
 .debug_str     0x00000c65       0x26 ../assignment_9_bsp//libhal_bsp.a(alt_find_file.o)
                                0x1d8 (size before relaxing)
 .debug_str     0x00000c8b       0x30 ../assignment_9_bsp//libhal_bsp.a(alt_get_fd.o)
                                0x1fa (size before relaxing)
 .debug_str     0x00000cbb       0x2c ../assignment_9_bsp//libhal_bsp.a(alt_icache_flush.o)
                                0x139 (size before relaxing)
 .debug_str     0x00000ce7       0xee /opt/altera/13.1/nios2eds/bin/gnu/H-i686-pc-linux-gnu/bin/../lib/gcc/nios2-elf/4.7.3/../../../../../H-i686-pc-linux-gnu/nios2-elf/lib/mno-hw-mul/libsmallc.a(lib_a-exit.o)
                                0x19c (size before relaxing)
 .debug_str     0x00000dd5       0xe0 /opt/altera/13.1/nios2eds/bin/gnu/H-i686-pc-linux-gnu/bin/../lib/gcc/nios2-elf/4.7.3/../../../../../H-i686-pc-linux-gnu/nios2-elf/lib/mno-hw-mul/libsmallc.a(lib_a-int_errno.o)
                                0x184 (size before relaxing)
 .debug_str     0x00000eb5       0xed /opt/altera/13.1/nios2eds/bin/gnu/H-i686-pc-linux-gnu/bin/../lib/gcc/nios2-elf/4.7.3/../../../../../H-i686-pc-linux-gnu/nios2-elf/lib/mno-hw-mul/libsmallc.a(lib_a-memcmp.o)
                                0x18b (size before relaxing)
 .debug_str     0x00000fa2       0x45 /opt/altera/13.1/nios2eds/bin/gnu/H-i686-pc-linux-gnu/bin/../lib/gcc/nios2-elf/4.7.3/../../../../../H-i686-pc-linux-gnu/nios2-elf/lib/mno-hw-mul/libsmallc.a(lib_a-strlen.o)
                                0x191 (size before relaxing)
 .debug_str     0x00000fe7      0x31a /opt/altera/13.1/nios2eds/bin/gnu/H-i686-pc-linux-gnu/bin/../lib/gcc/nios2-elf/4.7.3/../../../../../H-i686-pc-linux-gnu/nios2-elf/lib/mno-hw-mul/libsmallc.a(lib_a-__call_atexit.o)
                                0x495 (size before relaxing)
 .debug_str     0x00001301       0x49 /opt/altera/13.1/nios2eds/bin/gnu/H-i686-pc-linux-gnu/bin/../lib/gcc/nios2-elf/4.7.3/../../../../../H-i686-pc-linux-gnu/nios2-elf/lib/mno-hw-mul/libsmallc.a(lib_a-impure.o)
                                0x46a (size before relaxing)
 .debug_str     0x0000134a       0xd4 /opt/altera/13.1/nios2eds/bin/gnu/H-i686-pc-linux-gnu/bin/../lib/gcc/nios2-elf/4.7.3/mno-hw-mul/libgcc.a(lib2-mul.o)
                                0x12b (size before relaxing)
 .debug_str     0x0000141e       0x2a ../assignment_9_bsp//libhal_bsp.a(alt_exit.o)
                                0x12f (size before relaxing)

.debug_loc      0x00000000      0xb6d
 *(.debug_loc)
 .debug_loc     0x00000000       0xb0 obj/default/hello_world.o
 .debug_loc     0x000000b0       0x58 ../assignment_9_bsp//libhal_bsp.a(alt_load.o)
 .debug_loc     0x00000108       0x2c ../assignment_9_bsp//libhal_bsp.a(alt_main.o)
 .debug_loc     0x00000134       0x84 ../assignment_9_bsp//libhal_bsp.a(alt_sys_init.o)
 .debug_loc     0x000001b8       0x58 ../assignment_9_bsp//libhal_bsp.a(altera_avalon_jtag_uart_fd.o)
 .debug_loc     0x00000210       0x2c ../assignment_9_bsp//libhal_bsp.a(altera_avalon_jtag_uart_read.o)
 .debug_loc     0x0000023c       0x2c ../assignment_9_bsp//libhal_bsp.a(altera_avalon_jtag_uart_write.o)
 .debug_loc     0x00000268       0x58 ../assignment_9_bsp//libhal_bsp.a(altera_avalon_timer_sc.o)
 .debug_loc     0x000002c0       0x58 ../assignment_9_bsp//libhal_bsp.a(altera_avalon_uart_fd.o)
 .debug_loc     0x00000318       0x58 ../assignment_9_bsp//libhal_bsp.a(altera_avalon_uart_read.o)
 .debug_loc     0x00000370       0x58 ../assignment_9_bsp//libhal_bsp.a(altera_avalon_uart_write.o)
 .debug_loc     0x000003c8       0x58 ../assignment_9_bsp//libhal_bsp.a(alt_close.o)
 .debug_loc     0x00000420       0x2c ../assignment_9_bsp//libhal_bsp.a(alt_dcache_flush_all.o)
 .debug_loc     0x0000044c       0x2c ../assignment_9_bsp//libhal_bsp.a(alt_dev.o)
 .debug_loc     0x00000478       0x58 ../assignment_9_bsp//libhal_bsp.a(alt_dev_llist_insert.o)
 .debug_loc     0x000004d0       0x2c ../assignment_9_bsp//libhal_bsp.a(alt_icache_flush_all.o)
 .debug_loc     0x000004fc       0xb0 ../assignment_9_bsp//libhal_bsp.a(alt_iic.o)
 .debug_loc     0x000005ac       0x2c ../assignment_9_bsp//libhal_bsp.a(alt_iic_isr_register.o)
 .debug_loc     0x000005d8       0x58 ../assignment_9_bsp//libhal_bsp.a(alt_io_redirect.o)
 .debug_loc     0x00000630       0x2c ../assignment_9_bsp//libhal_bsp.a(alt_irq_handler.o)
 .debug_loc     0x0000065c       0x84 ../assignment_9_bsp//libhal_bsp.a(alt_open.o)
 .debug_loc     0x000006e0       0x2c ../assignment_9_bsp//libhal_bsp.a(alt_release_fd.o)
 .debug_loc     0x0000070c       0x58 ../assignment_9_bsp//libhal_bsp.a(alt_tick.o)
 .debug_loc     0x00000764       0x2c ../assignment_9_bsp//libhal_bsp.a(altera_nios2_qsys_irq.o)
 .debug_loc     0x00000790       0x2c ../assignment_9_bsp//libhal_bsp.a(alt_find_dev.o)
 .debug_loc     0x000007bc       0x2c ../assignment_9_bsp//libhal_bsp.a(alt_find_file.o)
 .debug_loc     0x000007e8       0x2c ../assignment_9_bsp//libhal_bsp.a(alt_get_fd.o)
 .debug_loc     0x00000814       0x2c ../assignment_9_bsp//libhal_bsp.a(alt_icache_flush.o)
 .debug_loc     0x00000840       0x3e /opt/altera/13.1/nios2eds/bin/gnu/H-i686-pc-linux-gnu/bin/../lib/gcc/nios2-elf/4.7.3/../../../../../H-i686-pc-linux-gnu/nios2-elf/lib/mno-hw-mul/libsmallc.a(lib_a-exit.o)
 .debug_loc     0x0000087e       0x6f /opt/altera/13.1/nios2eds/bin/gnu/H-i686-pc-linux-gnu/bin/../lib/gcc/nios2-elf/4.7.3/../../../../../H-i686-pc-linux-gnu/nios2-elf/lib/mno-hw-mul/libsmallc.a(lib_a-memcmp.o)
 .debug_loc     0x000008ed       0x29 /opt/altera/13.1/nios2eds/bin/gnu/H-i686-pc-linux-gnu/bin/../lib/gcc/nios2-elf/4.7.3/../../../../../H-i686-pc-linux-gnu/nios2-elf/lib/mno-hw-mul/libsmallc.a(lib_a-strlen.o)
 .debug_loc     0x00000916      0x198 /opt/altera/13.1/nios2eds/bin/gnu/H-i686-pc-linux-gnu/bin/../lib/gcc/nios2-elf/4.7.3/../../../../../H-i686-pc-linux-gnu/nios2-elf/lib/mno-hw-mul/libsmallc.a(lib_a-__call_atexit.o)
 .debug_loc     0x00000aae       0x93 /opt/altera/13.1/nios2eds/bin/gnu/H-i686-pc-linux-gnu/bin/../lib/gcc/nios2-elf/4.7.3/mno-hw-mul/libgcc.a(lib2-mul.o)
 .debug_loc     0x00000b41       0x2c ../assignment_9_bsp//libhal_bsp.a(alt_exit.o)

.debug_macinfo
 *(.debug_macinfo)

.debug_weaknames
 *(.debug_weaknames)

.debug_funcnames
 *(.debug_funcnames)

.debug_typenames
 *(.debug_typenames)

.debug_varnames
 *(.debug_varnames)

.debug_alt_sim_info
                0x00000000       0x20
 *(.debug_alt_sim_info)
 .debug_alt_sim_info
                0x00000000       0x20 ../assignment_9_bsp//obj/HAL/src/crt0.o
                0x0000d000                __alt_data_end = 0xd000
                0x0000d000                PROVIDE (__alt_stack_pointer, __alt_data_end)
                0x0000a3e8                PROVIDE (__alt_stack_limit, __alt_stack_base)
                0x0000a3e8                PROVIDE (__alt_heap_start, end)
                0x0000d000                PROVIDE (__alt_heap_limit, 0xd000)
OUTPUT(assignment_9.elf elf32-littlenios2)

.debug_ranges   0x00000000       0xe8
 .debug_ranges  0x00000000       0x20 ../assignment_9_bsp//obj/HAL/src/crt0.o
 .debug_ranges  0x00000020       0x18 ../assignment_9_bsp//libhal_bsp.a(altera_avalon_jtag_uart_read.o)
 .debug_ranges  0x00000038       0x30 ../assignment_9_bsp//libhal_bsp.a(alt_iic.o)
 .debug_ranges  0x00000068       0x28 ../assignment_9_bsp//libhal_bsp.a(alt_irq_entry.o)
 .debug_ranges  0x00000090       0x10 ../assignment_9_bsp//libhal_bsp.a(alt_irq_handler.o)
 .debug_ranges  0x000000a0       0x30 ../assignment_9_bsp//libhal_bsp.a(alt_exception_entry.o)
 .debug_ranges  0x000000d0       0x18 /opt/altera/13.1/nios2eds/bin/gnu/H-i686-pc-linux-gnu/bin/../lib/gcc/nios2-elf/4.7.3/../../../../../H-i686-pc-linux-gnu/nios2-elf/lib/mno-hw-mul/libsmallc.a(lib_a-__call_atexit.o)
